Loading MAD22 MIPGAN_II dataset arrays...
Held-out split is the 20% MIPGAN_II morph split.
Train morphs: 393
Test morphs : 98
Forward degradation: criminal -> morph
Sampling: starts from morph and moves toward criminal with TACOS correction
Epoch 001 | train_loss: 0.8370 | test_diffusion_l1: 0.7980
  Saved new best checkpoint.
Epoch 002 | train_loss: 0.7749 | test_diffusion_l1: 0.7633
  Saved new best checkpoint.
Epoch 003 | train_loss: 0.7335 | test_diffusion_l1: 0.7357
  Saved new best checkpoint.
Epoch 004 | train_loss: 0.6926 | test_diffusion_l1: 0.6952
  Saved new best checkpoint.
Epoch 005 | train_loss: 0.6535 | test_diffusion_l1: 0.6611
  Saved new best checkpoint.
Epoch 006 | train_loss: 0.6216 | test_diffusion_l1: 0.6349
  Saved new best checkpoint.
Epoch 007 | train_loss: 0.5850 | test_diffusion_l1: 0.6131
  Saved new best checkpoint.
Epoch 008 | train_loss: 0.5525 | test_diffusion_l1: 0.5810
  Saved new best checkpoint.
Epoch 009 | train_loss: 0.5223 | test_diffusion_l1: 0.5682
  Saved new best checkpoint.
Epoch 010 | train_loss: 0.4902 | test_diffusion_l1: 0.5535 | test_one_shot_l1: 0.6926 | test_iterative_tacos_l1: 0.6812
  Saved new best checkpoint.
Epoch 011 | train_loss: 0.4677 | test_diffusion_l1: 0.5318
  Saved new best checkpoint.
Epoch 012 | train_loss: 0.4368 | test_diffusion_l1: 0.5056
  Saved new best checkpoint.
Epoch 013 | train_loss: 0.4177 | test_diffusion_l1: 0.5045
  Saved new best checkpoint.
Epoch 014 | train_loss: 0.3952 | test_diffusion_l1: 0.4744
  Saved new best checkpoint.
Epoch 015 | train_loss: 0.3711 | test_diffusion_l1: 0.4763
Epoch 016 | train_loss: 0.3562 | test_diffusion_l1: 0.4449
  Saved new best checkpoint.
Epoch 017 | train_loss: 0.3338 | test_diffusion_l1: 0.4390
  Saved new best checkpoint.
Epoch 018 | train_loss: 0.3216 | test_diffusion_l1: 0.4357
  Saved new best checkpoint.
Epoch 019 | train_loss: 0.3037 | test_diffusion_l1: 0.4259
  Saved new best checkpoint.
Epoch 020 | train_loss: 0.2870 | test_diffusion_l1: 0.4361 | test_one_shot_l1: 0.6383 | test_iterative_tacos_l1: 0.6189
Epoch 021 | train_loss: 0.2684 | test_diffusion_l1: 0.3982
  Saved new best checkpoint.
Epoch 022 | train_loss: 0.2570 | test_diffusion_l1: 0.3786
  Saved new best checkpoint.
Epoch 023 | train_loss: 0.2448 | test_diffusion_l1: 0.3763
  Saved new best checkpoint.
Epoch 024 | train_loss: 0.2338 | test_diffusion_l1: 0.3862
Epoch 025 | train_loss: 0.2304 | test_diffusion_l1: 0.3677
  Saved new best checkpoint.
Epoch 026 | train_loss: 0.2114 | test_diffusion_l1: 0.3792
Epoch 027 | train_loss: 0.2082 | test_diffusion_l1: 0.3660
  Saved new best checkpoint.
Epoch 028 | train_loss: 0.1927 | test_diffusion_l1: 0.3278
  Saved new best checkpoint.
Epoch 029 | train_loss: 0.1809 | test_diffusion_l1: 0.3260
  Saved new best checkpoint.
Epoch 030 | train_loss: 0.1740 | test_diffusion_l1: 0.3313 | test_one_shot_l1: 0.6136 | test_iterative_tacos_l1: 0.5918
Epoch 031 | train_loss: 0.1682 | test_diffusion_l1: 0.3342
Epoch 032 | train_loss: 0.1634 | test_diffusion_l1: 0.3102
  Saved new best checkpoint.
Epoch 033 | train_loss: 0.1576 | test_diffusion_l1: 0.3280
Epoch 034 | train_loss: 0.1522 | test_diffusion_l1: 0.3387
Epoch 035 | train_loss: 0.1444 | test_diffusion_l1: 0.2859
  Saved new best checkpoint.
Epoch 036 | train_loss: 0.1399 | test_diffusion_l1: 0.3109
Epoch 037 | train_loss: 0.1331 | test_diffusion_l1: 0.3175
Epoch 038 | train_loss: 0.1269 | test_diffusion_l1: 0.3223
Epoch 039 | train_loss: 0.1215 | test_diffusion_l1: 0.3115
Epoch 040 | train_loss: 0.1183 | test_diffusion_l1: 0.2931 | test_one_shot_l1: 0.5750 | test_iterative_tacos_l1: 0.5483
Epoch 041 | train_loss: 0.1143 | test_diffusion_l1: 0.2875
Epoch 042 | train_loss: 0.1107 | test_diffusion_l1: 0.2939
Epoch 043 | train_loss: 0.1105 | test_diffusion_l1: 0.2967
Epoch 044 | train_loss: 0.1038 | test_diffusion_l1: 0.3048
Epoch 045 | train_loss: 0.1030 | test_diffusion_l1: 0.3063
Epoch 046 | train_loss: 0.0993 | test_diffusion_l1: 0.3022
Epoch 047 | train_loss: 0.0941 | test_diffusion_l1: 0.2977
Epoch 048 | train_loss: 0.0937 | test_diffusion_l1: 0.2970
Epoch 049 | train_loss: 0.0959 | test_diffusion_l1: 0.2803
  Saved new best checkpoint.
Epoch 050 | train_loss: 0.0908 | test_diffusion_l1: 0.2826 | test_one_shot_l1: 0.5587 | test_iterative_tacos_l1: 0.5334
Epoch 051 | train_loss: 0.0879 | test_diffusion_l1: 0.3100
Epoch 052 | train_loss: 0.0855 | test_diffusion_l1: 0.2820
Epoch 053 | train_loss: 0.0843 | test_diffusion_l1: 0.3131
Epoch 054 | train_loss: 0.0814 | test_diffusion_l1: 0.2816
Epoch 055 | train_loss: 0.0809 | test_diffusion_l1: 0.2675
  Saved new best checkpoint.
Epoch 056 | train_loss: 0.0764 | test_diffusion_l1: 0.2814
Epoch 057 | train_loss: 0.0786 | test_diffusion_l1: 0.2742
Epoch 058 | train_loss: 0.0738 | test_diffusion_l1: 0.2753
Epoch 059 | train_loss: 0.0725 | test_diffusion_l1: 0.2495
  Saved new best checkpoint.
Epoch 060 | train_loss: 0.0703 | test_diffusion_l1: 0.2732 | test_one_shot_l1: 0.5485 | test_iterative_tacos_l1: 0.5224
Epoch 061 | train_loss: 0.0679 | test_diffusion_l1: 0.2722
Epoch 062 | train_loss: 0.0663 | test_diffusion_l1: 0.2903
Epoch 063 | train_loss: 0.0670 | test_diffusion_l1: 0.2735
Epoch 064 | train_loss: 0.0653 | test_diffusion_l1: 0.2812
Epoch 065 | train_loss: 0.0642 | test_diffusion_l1: 0.2615
Epoch 066 | train_loss: 0.0628 | test_diffusion_l1: 0.2585
Epoch 067 | train_loss: 0.0638 | test_diffusion_l1: 0.2568
Epoch 068 | train_loss: 0.0617 | test_diffusion_l1: 0.2534
Epoch 069 | train_loss: 0.0611 | test_diffusion_l1: 0.2854
Epoch 070 | train_loss: 0.0600 | test_diffusion_l1: 0.2491 | test_one_shot_l1: 0.5378 | test_iterative_tacos_l1: 0.5092
  Saved new best checkpoint.
Epoch 071 | train_loss: 0.0580 | test_diffusion_l1: 0.2692
Epoch 072 | train_loss: 0.0576 | test_diffusion_l1: 0.2821
Epoch 073 | train_loss: 0.0569 | test_diffusion_l1: 0.2416
  Saved new best checkpoint.
Epoch 074 | train_loss: 0.0564 | test_diffusion_l1: 0.2461
Epoch 075 | train_loss: 0.0558 | test_diffusion_l1: 0.2546
Epoch 076 | train_loss: 0.0551 | test_diffusion_l1: 0.2468
Epoch 077 | train_loss: 0.0543 | test_diffusion_l1: 0.2549
Epoch 078 | train_loss: 0.0547 | test_diffusion_l1: 0.2538
Epoch 079 | train_loss: 0.0528 | test_diffusion_l1: 0.2607
Epoch 080 | train_loss: 0.0533 | test_diffusion_l1: 0.2525 | test_one_shot_l1: 0.5354 | test_iterative_tacos_l1: 0.5073
Epoch 081 | train_loss: 0.0512 | test_diffusion_l1: 0.2567
Epoch 082 | train_loss: 0.0526 | test_diffusion_l1: 0.2681
Epoch 083 | train_loss: 0.0503 | test_diffusion_l1: 0.2567
Epoch 084 | train_loss: 0.0516 | test_diffusion_l1: 0.2327
  Saved new best checkpoint.
Epoch 085 | train_loss: 0.0501 | test_diffusion_l1: 0.2639
Epoch 086 | train_loss: 0.0516 | test_diffusion_l1: 0.2792
Epoch 087 | train_loss: 0.0485 | test_diffusion_l1: 0.2535
Epoch 088 | train_loss: 0.0489 | test_diffusion_l1: 0.2258
  Saved new best checkpoint.
Epoch 089 | train_loss: 0.0475 | test_diffusion_l1: 0.2338
Epoch 090 | train_loss: 0.0469 | test_diffusion_l1: 0.2583 | test_one_shot_l1: 0.5295 | test_iterative_tacos_l1: 0.5005
Epoch 091 | train_loss: 0.0485 | test_diffusion_l1: 0.2411
Epoch 092 | train_loss: 0.0460 | test_diffusion_l1: 0.2554
Epoch 093 | train_loss: 0.0465 | test_diffusion_l1: 0.2492
Epoch 094 | train_loss: 0.0462 | test_diffusion_l1: 0.2399
Epoch 095 | train_loss: 0.0448 | test_diffusion_l1: 0.2431
Epoch 096 | train_loss: 0.0440 | test_diffusion_l1: 0.2811
Epoch 097 | train_loss: 0.0437 | test_diffusion_l1: 0.2492
Epoch 098 | train_loss: 0.0429 | test_diffusion_l1: 0.2476
Epoch 099 | train_loss: 0.0422 | test_diffusion_l1: 0.2454
Epoch 100 | train_loss: 0.0426 | test_diffusion_l1: 0.2471 | test_one_shot_l1: 0.5234 | test_iterative_tacos_l1: 0.4928
Epoch 101 | train_loss: 0.0412 | test_diffusion_l1: 0.2537
Epoch 102 | train_loss: 0.0434 | test_diffusion_l1: 0.2537
Epoch 103 | train_loss: 0.0411 | test_diffusion_l1: 0.2391
Epoch 104 | train_loss: 0.0412 | test_diffusion_l1: 0.2448
Epoch 105 | train_loss: 0.0393 | test_diffusion_l1: 0.2513
Epoch 106 | train_loss: 0.0389 | test_diffusion_l1: 0.2326
Epoch 107 | train_loss: 0.0379 | test_diffusion_l1: 0.2270
Epoch 108 | train_loss: 0.0395 | test_diffusion_l1: 0.2340
Epoch 109 | train_loss: 0.0386 | test_diffusion_l1: 0.2460
Epoch 110 | train_loss: 0.0383 | test_diffusion_l1: 0.2363 | test_one_shot_l1: 0.5160 | test_iterative_tacos_l1: 0.4857
Epoch 111 | train_loss: 0.0377 | test_diffusion_l1: 0.2461
Epoch 112 | train_loss: 0.0377 | test_diffusion_l1: 0.2349
Epoch 113 | train_loss: 0.0375 | test_diffusion_l1: 0.2465
Epoch 114 | train_loss: 0.0367 | test_diffusion_l1: 0.2083
  Saved new best checkpoint.
Epoch 115 | train_loss: 0.0372 | test_diffusion_l1: 0.2317
Epoch 116 | train_loss: 0.0387 | test_diffusion_l1: 0.2433
Epoch 117 | train_loss: 0.0371 | test_diffusion_l1: 0.2364
Epoch 118 | train_loss: 0.0371 | test_diffusion_l1: 0.2260
Epoch 119 | train_loss: 0.0373 | test_diffusion_l1: 0.2282
Epoch 120 | train_loss: 0.0354 | test_diffusion_l1: 0.2563 | test_one_shot_l1: 0.5182 | test_iterative_tacos_l1: 0.4886
Epoch 121 | train_loss: 0.0359 | test_diffusion_l1: 0.2483
Epoch 122 | train_loss: 0.0351 | test_diffusion_l1: 0.2284
Epoch 123 | train_loss: 0.0358 | test_diffusion_l1: 0.2283
Epoch 124 | train_loss: 0.0345 | test_diffusion_l1: 0.2328
Epoch 125 | train_loss: 0.0350 | test_diffusion_l1: 0.2214
Epoch 126 | train_loss: 0.0355 | test_diffusion_l1: 0.2451
Epoch 127 | train_loss: 0.0345 | test_diffusion_l1: 0.2459
Epoch 128 | train_loss: 0.0338 | test_diffusion_l1: 0.2392
Epoch 129 | train_loss: 0.0338 | test_diffusion_l1: 0.2424
Epoch 130 | train_loss: 0.0342 | test_diffusion_l1: 0.2447 | test_one_shot_l1: 0.5170 | test_iterative_tacos_l1: 0.4872
Epoch 131 | train_loss: 0.0351 | test_diffusion_l1: 0.2421
Epoch 132 | train_loss: 0.0339 | test_diffusion_l1: 0.2345
Epoch 133 | train_loss: 0.0367 | test_diffusion_l1: 0.2301
Epoch 134 | train_loss: 0.0367 | test_diffusion_l1: 0.2383
Epoch 135 | train_loss: 0.0360 | test_diffusion_l1: 0.2348
Epoch 136 | train_loss: 0.0350 | test_diffusion_l1: 0.2584
Epoch 137 | train_loss: 0.0360 | test_diffusion_l1: 0.2217
Epoch 138 | train_loss: 0.0355 | test_diffusion_l1: 0.2352
Epoch 139 | train_loss: 0.0341 | test_diffusion_l1: 0.2318
Epoch 140 | train_loss: 0.0348 | test_diffusion_l1: 0.2347 | test_one_shot_l1: 0.5170 | test_iterative_tacos_l1: 0.4901
Epoch 141 | train_loss: 0.0360 | test_diffusion_l1: 0.2205
Epoch 142 | train_loss: 0.0360 | test_diffusion_l1: 0.2299
Epoch 143 | train_loss: 0.0347 | test_diffusion_l1: 0.2164
Epoch 144 | train_loss: 0.0336 | test_diffusion_l1: 0.2254
Epoch 145 | train_loss: 0.0345 | test_diffusion_l1: 0.2223
Epoch 146 | train_loss: 0.0343 | test_diffusion_l1: 0.2250
Epoch 147 | train_loss: 0.0336 | test_diffusion_l1: 0.2343
Epoch 148 | train_loss: 0.0322 | test_diffusion_l1: 0.2308
Epoch 149 | train_loss: 0.0334 | test_diffusion_l1: 0.2275
Epoch 150 | train_loss: 0.0346 | test_diffusion_l1: 0.2298 | test_one_shot_l1: 0.5153 | test_iterative_tacos_l1: 0.4871
Epoch 151 | train_loss: 0.0346 | test_diffusion_l1: 0.2202
Epoch 152 | train_loss: 0.0348 | test_diffusion_l1: 0.2262
Epoch 153 | train_loss: 0.0337 | test_diffusion_l1: 0.2201
Epoch 154 | train_loss: 0.0324 | test_diffusion_l1: 0.2345
Epoch 155 | train_loss: 0.0309 | test_diffusion_l1: 0.2569
Epoch 156 | train_loss: 0.0320 | test_diffusion_l1: 0.2200
Epoch 157 | train_loss: 0.0307 | test_diffusion_l1: 0.2570
Epoch 158 | train_loss: 0.0302 | test_diffusion_l1: 0.2285
Epoch 159 | train_loss: 0.0310 | test_diffusion_l1: 0.2157
Epoch 160 | train_loss: 0.0307 | test_diffusion_l1: 0.2342 | test_one_shot_l1: 0.5088 | test_iterative_tacos_l1: 0.4795
Epoch 161 | train_loss: 0.0292 | test_diffusion_l1: 0.2481
Epoch 162 | train_loss: 0.0290 | test_diffusion_l1: 0.2262
Epoch 163 | train_loss: 0.0289 | test_diffusion_l1: 0.2477
Epoch 164 | train_loss: 0.0283 | test_diffusion_l1: 0.2267
Epoch 165 | train_loss: 0.0287 | test_diffusion_l1: 0.2173
Epoch 166 | train_loss: 0.0289 | test_diffusion_l1: 0.2108
Epoch 167 | train_loss: 0.0284 | test_diffusion_l1: 0.2130
Epoch 168 | train_loss: 0.0281 | test_diffusion_l1: 0.2193
Epoch 169 | train_loss: 0.0288 | test_diffusion_l1: 0.2192
Epoch 170 | train_loss: 0.0276 | test_diffusion_l1: 0.2276 | test_one_shot_l1: 0.5066 | test_iterative_tacos_l1: 0.4757
Epoch 171 | train_loss: 0.0279 | test_diffusion_l1: 0.2163
Epoch 172 | train_loss: 0.0274 | test_diffusion_l1: 0.2404
Epoch 173 | train_loss: 0.0276 | test_diffusion_l1: 0.2372
Epoch 174 | train_loss: 0.0274 | test_diffusion_l1: 0.2121
Epoch 175 | train_loss: 0.0282 | test_diffusion_l1: 0.2305
Epoch 176 | train_loss: 0.0280 | test_diffusion_l1: 0.2345
Epoch 177 | train_loss: 0.0281 | test_diffusion_l1: 0.2309
Epoch 178 | train_loss: 0.0279 | test_diffusion_l1: 0.2288
Epoch 179 | train_loss: 0.0276 | test_diffusion_l1: 0.2304
Epoch 180 | train_loss: 0.0278 | test_diffusion_l1: 0.2137 | test_one_shot_l1: 0.5057 | test_iterative_tacos_l1: 0.4751
Epoch 181 | train_loss: 0.0274 | test_diffusion_l1: 0.2315
Epoch 182 | train_loss: 0.0268 | test_diffusion_l1: 0.2023
  Saved new best checkpoint.
Epoch 183 | train_loss: 0.0271 | test_diffusion_l1: 0.2048
Epoch 184 | train_loss: 0.0267 | test_diffusion_l1: 0.2107
Epoch 185 | train_loss: 0.0276 | test_diffusion_l1: 0.2239
Epoch 186 | train_loss: 0.0260 | test_diffusion_l1: 0.2292
Epoch 187 | train_loss: 0.0267 | test_diffusion_l1: 0.2381
Epoch 188 | train_loss: 0.0255 | test_diffusion_l1: 0.2320
Epoch 189 | train_loss: 0.0258 | test_diffusion_l1: 0.2458
Epoch 190 | train_loss: 0.0253 | test_diffusion_l1: 0.2135 | test_one_shot_l1: 0.5023 | test_iterative_tacos_l1: 0.4707
Epoch 191 | train_loss: 0.0255 | test_diffusion_l1: 0.2165
Epoch 192 | train_loss: 0.0247 | test_diffusion_l1: 0.2262
Epoch 193 | train_loss: 0.0252 | test_diffusion_l1: 0.2349
Epoch 194 | train_loss: 0.0262 | test_diffusion_l1: 0.2239
Epoch 195 | train_loss: 0.0257 | test_diffusion_l1: 0.2325
Epoch 196 | train_loss: 0.0252 | test_diffusion_l1: 0.2307
Epoch 197 | train_loss: 0.0255 | test_diffusion_l1: 0.2153
Epoch 198 | train_loss: 0.0254 | test_diffusion_l1: 0.2182
Epoch 199 | train_loss: 0.0263 | test_diffusion_l1: 0.2138
Epoch 200 | train_loss: 0.0278 | test_diffusion_l1: 0.2333 | test_one_shot_l1: 0.5036 | test_iterative_tacos_l1: 0.4737

--- MIPGAN_II MORPH-ANCHORED TACOS EVALUATION (ONE_SHOT) ---
Dataset                                      : MAD22 MIPGAN_II
Split                                        : held-out 20% morph split
Task                                         : morph + accomplice -> criminal
Degradation                                  : criminal-to-morph interpolation
Sampling                                     : starts from morph with TACOS correction
Number of evaluated morphs                   : 98
Criminal L1 Distance                         : 0.504017
Criminal Cosine Sim                          : 0.728085
Criminal %S, pred closer than morph          : 98.98%
Criminal % improved over original morph      : 100.00%
Mean cosine gain over original morph         : 0.649319


--- MIPGAN_II MORPH-ANCHORED TACOS EVALUATION (ITERATIVE) ---
Dataset                                      : MAD22 MIPGAN_II
Split                                        : held-out 20% morph split
Task                                         : morph + accomplice -> criminal
Degradation                                  : criminal-to-morph interpolation
Sampling                                     : starts from morph with TACOS correction
Number of evaluated morphs                   : 98
Criminal L1 Distance                         : 0.471542
Criminal Cosine Sim                          : 0.743983
Criminal %S, pred closer than morph          : 98.98%
Criminal % improved over original morph      : 97.96%
Mean cosine gain over original morph         : 0.665217

