Epoch 1 | Train Loss: 1.6326 | Val Cheap Loss: 1.3777 | Val Cheap Cosine Sim: 0.5743
Epoch 2 | Train Loss: 1.2292 | Val Cheap Loss: 1.1235 | Val Cheap Cosine Sim: 0.6802
Epoch 3 | Train Loss: 1.0920 | Val Cheap Loss: 1.0668 | Val Cheap Cosine Sim: 0.7000
Epoch 4 | Train Loss: 1.0554 | Val Cheap Loss: 1.0447 | Val Cheap Cosine Sim: 0.7056
Epoch 5 | Train Loss: 1.0309 | Val Cheap Loss: 1.0280 | Val Cheap Cosine Sim: 0.7130
Epoch 6 | Train Loss: 1.0140 | Val Cheap Loss: 1.0133 | Val Cheap Cosine Sim: 0.7169
Epoch 7 | Train Loss: 0.9954 | Val Cheap Loss: 0.9967 | Val Cheap Cosine Sim: 0.7218
Epoch 8 | Train Loss: 0.9792 | Val Cheap Loss: 0.9935 | Val Cheap Cosine Sim: 0.7194
Epoch 9 | Train Loss: 0.9643 | Val Cheap Loss: 0.9761 | Val Cheap Cosine Sim: 0.7272
Epoch 10 | Train Loss: 0.9487 | Val Cheap Loss: 0.9631 | Val Cheap Cosine Sim: 0.7271
Epoch 11 | Train Loss: 0.9342 | Val Cheap Loss: 0.9528 | Val Cheap Cosine Sim: 0.7322
Epoch 12 | Train Loss: 0.9207 | Val Cheap Loss: 0.9466 | Val Cheap Cosine Sim: 0.7338
Epoch 13 | Train Loss: 0.9069 | Val Cheap Loss: 0.9378 | Val Cheap Cosine Sim: 0.7362
Epoch 14 | Train Loss: 0.8966 | Val Cheap Loss: 0.9441 | Val Cheap Cosine Sim: 0.7348
 EarlyStopping Counter: 1 out of 20
Epoch 15 | Train Loss: 0.8854 | Val Cheap Loss: 0.9209 | Val Cheap Cosine Sim: 0.7405
Epoch 16 | Train Loss: 0.8733 | Val Cheap Loss: 0.9266 | Val Cheap Cosine Sim: 0.7413
 EarlyStopping Counter: 1 out of 20
Epoch 17 | Train Loss: 0.8657 | Val Cheap Loss: 0.9215 | Val Cheap Cosine Sim: 0.7418
 EarlyStopping Counter: 2 out of 20
Epoch 18 | Train Loss: 0.8545 | Val Cheap Loss: 0.9174 | Val Cheap Cosine Sim: 0.7432
Epoch 19 | Train Loss: 0.8453 | Val Cheap Loss: 0.9056 | Val Cheap Cosine Sim: 0.7436
Epoch 20 | Train Loss: 0.8360 | Val Cheap Loss: 0.9030 | Val Cheap Cosine Sim: 0.7448
Epoch 21 | Train Loss: 0.8291 | Val Cheap Loss: 0.9008 | Val Cheap Cosine Sim: 0.7450
Epoch 22 | Train Loss: 0.8219 | Val Cheap Loss: 0.8992 | Val Cheap Cosine Sim: 0.7470
Epoch 23 | Train Loss: 0.8130 | Val Cheap Loss: 0.8988 | Val Cheap Cosine Sim: 0.7461
Epoch 24 | Train Loss: 0.8047 | Val Cheap Loss: 0.8975 | Val Cheap Cosine Sim: 0.7478
Epoch 25 | Train Loss: 0.7965 | Val Cheap Loss: 0.9012 | Val Cheap Cosine Sim: 0.7451 | Val TACOs MSE: 1.0953
 EarlyStopping Counter: 1 out of 20
Epoch 26 | Train Loss: 0.7940 | Val Cheap Loss: 0.8870 | Val Cheap Cosine Sim: 0.7492
Epoch 27 | Train Loss: 0.7845 | Val Cheap Loss: 0.8963 | Val Cheap Cosine Sim: 0.7474
 EarlyStopping Counter: 1 out of 20
Epoch 28 | Train Loss: 0.7796 | Val Cheap Loss: 0.8884 | Val Cheap Cosine Sim: 0.7473
 EarlyStopping Counter: 2 out of 20
Epoch 29 | Train Loss: 0.7725 | Val Cheap Loss: 0.8973 | Val Cheap Cosine Sim: 0.7473
 EarlyStopping Counter: 3 out of 20
Epoch 30 | Train Loss: 0.7656 | Val Cheap Loss: 0.8878 | Val Cheap Cosine Sim: 0.7477
 EarlyStopping Counter: 4 out of 20
Epoch 31 | Train Loss: 0.7611 | Val Cheap Loss: 0.8863 | Val Cheap Cosine Sim: 0.7501
Epoch 32 | Train Loss: 0.7547 | Val Cheap Loss: 0.8851 | Val Cheap Cosine Sim: 0.7488
Epoch 33 | Train Loss: 0.7501 | Val Cheap Loss: 0.8776 | Val Cheap Cosine Sim: 0.7509
Epoch 34 | Train Loss: 0.7448 | Val Cheap Loss: 0.8880 | Val Cheap Cosine Sim: 0.7524
 EarlyStopping Counter: 1 out of 20
Epoch 35 | Train Loss: 0.7383 | Val Cheap Loss: 0.8984 | Val Cheap Cosine Sim: 0.7514
 EarlyStopping Counter: 2 out of 20
Epoch 36 | Train Loss: 0.7370 | Val Cheap Loss: 0.8880 | Val Cheap Cosine Sim: 0.7483
 EarlyStopping Counter: 3 out of 20
Epoch 37 | Train Loss: 0.7296 | Val Cheap Loss: 0.8855 | Val Cheap Cosine Sim: 0.7533
 EarlyStopping Counter: 4 out of 20
Epoch 38 | Train Loss: 0.7251 | Val Cheap Loss: 0.8974 | Val Cheap Cosine Sim: 0.7513
 EarlyStopping Counter: 5 out of 20
Epoch 39 | Train Loss: 0.7196 | Val Cheap Loss: 0.8855 | Val Cheap Cosine Sim: 0.7485
 EarlyStopping Counter: 6 out of 20
Epoch 40 | Train Loss: 0.7172 | Val Cheap Loss: 0.8849 | Val Cheap Cosine Sim: 0.7532
 EarlyStopping Counter: 7 out of 20
Epoch 41 | Train Loss: 0.7132 | Val Cheap Loss: 0.8869 | Val Cheap Cosine Sim: 0.7522
 EarlyStopping Counter: 8 out of 20
Epoch 42 | Train Loss: 0.7070 | Val Cheap Loss: 0.9024 | Val Cheap Cosine Sim: 0.7516
 EarlyStopping Counter: 9 out of 20
Epoch 43 | Train Loss: 0.7046 | Val Cheap Loss: 0.8877 | Val Cheap Cosine Sim: 0.7511
 EarlyStopping Counter: 10 out of 20
Epoch 44 | Train Loss: 0.6990 | Val Cheap Loss: 0.8964 | Val Cheap Cosine Sim: 0.7520
 EarlyStopping Counter: 11 out of 20
Epoch 45 | Train Loss: 0.6967 | Val Cheap Loss: 0.8946 | Val Cheap Cosine Sim: 0.7490
 EarlyStopping Counter: 12 out of 20
Epoch 46 | Train Loss: 0.6921 | Val Cheap Loss: 0.8980 | Val Cheap Cosine Sim: 0.7509
 EarlyStopping Counter: 13 out of 20
Epoch 47 | Train Loss: 0.6881 | Val Cheap Loss: 0.8904 | Val Cheap Cosine Sim: 0.7510
 EarlyStopping Counter: 14 out of 20
Epoch 48 | Train Loss: 0.6855 | Val Cheap Loss: 0.8998 | Val Cheap Cosine Sim: 0.7508
 EarlyStopping Counter: 15 out of 20
Epoch 49 | Train Loss: 0.6808 | Val Cheap Loss: 0.9017 | Val Cheap Cosine Sim: 0.7512
 EarlyStopping Counter: 16 out of 20
Epoch 50 | Train Loss: 0.6770 | Val Cheap Loss: 0.8889 | Val Cheap Cosine Sim: 0.7535 | Val TACOs MSE: 1.0565
 EarlyStopping Counter: 17 out of 20
Epoch 51 | Train Loss: 0.6755 | Val Cheap Loss: 0.8993 | Val Cheap Cosine Sim: 0.7510
 EarlyStopping Counter: 18 out of 20
Epoch 52 | Train Loss: 0.6697 | Val Cheap Loss: 0.9004 | Val Cheap Cosine Sim: 0.7508
 EarlyStopping Counter: 19 out of 20
Epoch 53 | Train Loss: 0.6667 | Val Cheap Loss: 0.9112 | Val Cheap Cosine Sim: 0.7539
 EarlyStopping Counter: 20 out of 20

[EARLY STOPPING TRIGGERED] Validation profile plateaued for 20 epochs. Terminating run.

--- Evaluation Results: ONE_SHOT ---
Run Name: arcface_sorted_pc1
Sorted via ArcFace PC Component Index: 1
----------------------------------------
[1. Prediction to Ground-Truth Alignment]
  - Embedding 1 -> MSE Distance: 0.496581 | Cosine Similarity: 0.737637
  - Embedding 2 -> MSE Distance: 0.496581 | Cosine Similarity: 0.720526

[2. Proximity to True Average Mixture (c)]
  - Predicted 1 to c -> MSE Distance: 0.281798 | Cosine Similarity: 0.825354
  - Baseline GT 1 to c -> MSE Distance: 0.464507 | Cosine Similarity: 0.731004
  - Predicted 2 to c -> MSE Distance: 0.281798 | Cosine Similarity: 0.797292
  - Baseline GT 2 to c -> MSE Distance: 0.464507 | Cosine Similarity: 0.731004

[3. Predicted Outputs Inter-Relationship / Spread]
  - Inter-Predicted (p1 vs p2) -> MSE: 1.127192 | Cosine Similarity: 0.325105
  - Inter-Ground-Truth (z1 vs z2) -> MSE: 1.858027 | Cosine Similarity: 0.070986

[4. Success Rate of Reversal (%S)]
  - Embedding 1 -> %S1: 34.40%
  - Embedding 2 -> %S2: 36.70%
  - Combined Total -> %S: 35.55%


--- Evaluation Results: ITERATIVE (Stride: 1) ---
Run Name: arcface_sorted_pc1
Sorted via ArcFace PC Component Index: 1
----------------------------------------
[1. Prediction to Ground-Truth Alignment]
  - Embedding 1 -> MSE Distance: 0.537912 | Cosine Similarity: 0.738661
  - Embedding 2 -> MSE Distance: 0.537912 | Cosine Similarity: 0.684733

[2. Proximity to True Average Mixture (c)]
  - Predicted 1 to c -> MSE Distance: 0.315695 | Cosine Similarity: 0.846638
  - Baseline GT 1 to c -> MSE Distance: 0.464507 | Cosine Similarity: 0.731004
  - Predicted 2 to c -> MSE Distance: 0.315695 | Cosine Similarity: 0.741828
  - Baseline GT 2 to c -> MSE Distance: 0.464507 | Cosine Similarity: 0.731004

[3. Predicted Outputs Inter-Relationship / Spread]
  - Inter-Predicted (p1 vs p2) -> MSE: 1.262779 | Cosine Similarity: 0.279243
  - Inter-Ground-Truth (z1 vs z2) -> MSE: 1.858027 | Cosine Similarity: 0.070986

[4. Success Rate of Reversal (%S)]
  - Embedding 1 -> %S1: 28.70%
  - Embedding 2 -> %S2: 46.60%
  - Combined Total -> %S: 37.65%

