Epoch 1 | Train Loss: 1.3485 | Val Cheap Loss: 1.1849 | Val Last-T Loss: 1.1785
Epoch 2 | Train Loss: 1.1366 | Val Cheap Loss: 1.1061 | Val Last-T Loss: 1.1528
Epoch 3 | Train Loss: 1.0965 | Val Cheap Loss: 1.0941 | Val Last-T Loss: 1.1451
Epoch 4 | Train Loss: 1.0836 | Val Cheap Loss: 1.0856 | Val Last-T Loss: 1.1388
Epoch 5 | Train Loss: 1.0758 | Val Cheap Loss: 1.0798 | Val Last-T Loss: 1.1327
Epoch 6 | Train Loss: 1.0686 | Val Cheap Loss: 1.0763 | Val Last-T Loss: 1.1258
Epoch 7 | Train Loss: 1.0624 | Val Cheap Loss: 1.0642 | Val Last-T Loss: 1.1167
Epoch 8 | Train Loss: 1.0555 | Val Cheap Loss: 1.0591 | Val Last-T Loss: 1.1131
Epoch 9 | Train Loss: 1.0504 | Val Cheap Loss: 1.0584 | Val Last-T Loss: 1.1051
Epoch 10 | Train Loss: 1.0439 | Val Cheap Loss: 1.0511 | Val Last-T Loss: 1.0976
Epoch 11 | Train Loss: 1.0387 | Val Cheap Loss: 1.0482 | Val Last-T Loss: 1.0934
Epoch 12 | Train Loss: 1.0329 | Val Cheap Loss: 1.0531 | Val Last-T Loss: 1.0927
Epoch 13 | Train Loss: 1.0289 | Val Cheap Loss: 1.0414 | Val Last-T Loss: 1.0845
Epoch 14 | Train Loss: 1.0234 | Val Cheap Loss: 1.0407 | Val Last-T Loss: 1.0830
Epoch 15 | Train Loss: 1.0188 | Val Cheap Loss: 1.0360 | Val Last-T Loss: 1.0775
Epoch 16 | Train Loss: 1.0139 | Val Cheap Loss: 1.0350 | Val Last-T Loss: 1.0734
Epoch 17 | Train Loss: 1.0094 | Val Cheap Loss: 1.0329 | Val Last-T Loss: 1.0695
Epoch 18 | Train Loss: 1.0055 | Val Cheap Loss: 1.0315 | Val Last-T Loss: 1.0691
Epoch 19 | Train Loss: 1.0019 | Val Cheap Loss: 1.0322 | Val Last-T Loss: 1.0694
Epoch 20 | Train Loss: 0.9983 | Val Cheap Loss: 1.0249 | Val Last-T Loss: 1.0619
Epoch 21 | Train Loss: 0.9947 | Val Cheap Loss: 1.0244 | Val Last-T Loss: 1.0616
Epoch 22 | Train Loss: 0.9902 | Val Cheap Loss: 1.0221 | Val Last-T Loss: 1.0574
Epoch 23 | Train Loss: 0.9868 | Val Cheap Loss: 1.0240 | Val Last-T Loss: 1.0577
Epoch 24 | Train Loss: 0.9831 | Val Cheap Loss: 1.0240 | Val Last-T Loss: 1.0548
Epoch 25 | Train Loss: 0.9800 | Val Cheap Loss: 1.0231 | Val Last-T Loss: 1.0541 | Val TACOs L1: 1.0724
Epoch 26 | Train Loss: 0.9776 | Val Cheap Loss: 1.0274 | Val Last-T Loss: 1.0532
Epoch 27 | Train Loss: 0.9743 | Val Cheap Loss: 1.0192 | Val Last-T Loss: 1.0493
Epoch 28 | Train Loss: 0.9714 | Val Cheap Loss: 1.0198 | Val Last-T Loss: 1.0449
Epoch 29 | Train Loss: 0.9684 | Val Cheap Loss: 1.0190 | Val Last-T Loss: 1.0464
Epoch 30 | Train Loss: 0.9657 | Val Cheap Loss: 1.0170 | Val Last-T Loss: 1.0443
Epoch 31 | Train Loss: 0.9622 | Val Cheap Loss: 1.0192 | Val Last-T Loss: 1.0446
Epoch 32 | Train Loss: 0.9598 | Val Cheap Loss: 1.0164 | Val Last-T Loss: 1.0421
Epoch 33 | Train Loss: 0.9569 | Val Cheap Loss: 1.0157 | Val Last-T Loss: 1.0399
Epoch 34 | Train Loss: 0.9543 | Val Cheap Loss: 1.0194 | Val Last-T Loss: 1.0387
Epoch 35 | Train Loss: 0.9526 | Val Cheap Loss: 1.0202 | Val Last-T Loss: 1.0370
Epoch 36 | Train Loss: 0.9499 | Val Cheap Loss: 1.0177 | Val Last-T Loss: 1.0380
Epoch 37 | Train Loss: 0.9487 | Val Cheap Loss: 1.0156 | Val Last-T Loss: 1.0357
Epoch 38 | Train Loss: 0.9455 | Val Cheap Loss: 1.0142 | Val Last-T Loss: 1.0341
Epoch 39 | Train Loss: 0.9434 | Val Cheap Loss: 1.0174 | Val Last-T Loss: 1.0356
Epoch 40 | Train Loss: 0.9407 | Val Cheap Loss: 1.0153 | Val Last-T Loss: 1.0325
Epoch 41 | Train Loss: 0.9389 | Val Cheap Loss: 1.0156 | Val Last-T Loss: 1.0338
Epoch 42 | Train Loss: 0.9365 | Val Cheap Loss: 1.0186 | Val Last-T Loss: 1.0314
Epoch 43 | Train Loss: 0.9346 | Val Cheap Loss: 1.0128 | Val Last-T Loss: 1.0305
Epoch 44 | Train Loss: 0.9327 | Val Cheap Loss: 1.0161 | Val Last-T Loss: 1.0284
Epoch 45 | Train Loss: 0.9310 | Val Cheap Loss: 1.0167 | Val Last-T Loss: 1.0294
Epoch 46 | Train Loss: 0.9288 | Val Cheap Loss: 1.0138 | Val Last-T Loss: 1.0266
Epoch 47 | Train Loss: 0.9264 | Val Cheap Loss: 1.0163 | Val Last-T Loss: 1.0289
Epoch 48 | Train Loss: 0.9251 | Val Cheap Loss: 1.0140 | Val Last-T Loss: 1.0273
Epoch 49 | Train Loss: 0.9230 | Val Cheap Loss: 1.0171 | Val Last-T Loss: 1.0278
Epoch 50 | Train Loss: 0.9206 | Val Cheap Loss: 1.0165 | Val Last-T Loss: 1.0256 | Val TACOs L1: 1.0460
Epoch 51 | Train Loss: 0.9184 | Val Cheap Loss: 1.0158 | Val Last-T Loss: 1.0270
Epoch 52 | Train Loss: 0.9172 | Val Cheap Loss: 1.0158 | Val Last-T Loss: 1.0241
Epoch 53 | Train Loss: 0.9154 | Val Cheap Loss: 1.0175 | Val Last-T Loss: 1.0241
Epoch 54 | Train Loss: 0.9141 | Val Cheap Loss: 1.0172 | Val Last-T Loss: 1.0238
Epoch 55 | Train Loss: 0.9120 | Val Cheap Loss: 1.0167 | Val Last-T Loss: 1.0257
Epoch 56 | Train Loss: 0.9109 | Val Cheap Loss: 1.0161 | Val Last-T Loss: 1.0271
Epoch 57 | Train Loss: 0.9086 | Val Cheap Loss: 1.0201 | Val Last-T Loss: 1.0227
Epoch 58 | Train Loss: 0.9075 | Val Cheap Loss: 1.0198 | Val Last-T Loss: 1.0239
Epoch 59 | Train Loss: 0.9062 | Val Cheap Loss: 1.0206 | Val Last-T Loss: 1.0222
Epoch 60 | Train Loss: 0.9047 | Val Cheap Loss: 1.0201 | Val Last-T Loss: 1.0216
Epoch 61 | Train Loss: 0.9032 | Val Cheap Loss: 1.0251 | Val Last-T Loss: 1.0245
Epoch 62 | Train Loss: 0.9008 | Val Cheap Loss: 1.0237 | Val Last-T Loss: 1.0226
Epoch 63 | Train Loss: 0.8996 | Val Cheap Loss: 1.0210 | Val Last-T Loss: 1.0228
Epoch 64 | Train Loss: 0.8974 | Val Cheap Loss: 1.0214 | Val Last-T Loss: 1.0221
Epoch 65 | Train Loss: 0.8963 | Val Cheap Loss: 1.0232 | Val Last-T Loss: 1.0206
Epoch 66 | Train Loss: 0.8947 | Val Cheap Loss: 1.0243 | Val Last-T Loss: 1.0202
Epoch 67 | Train Loss: 0.8942 | Val Cheap Loss: 1.0257 | Val Last-T Loss: 1.0198
Epoch 68 | Train Loss: 0.8920 | Val Cheap Loss: 1.0232 | Val Last-T Loss: 1.0195
Epoch 69 | Train Loss: 0.8909 | Val Cheap Loss: 1.0235 | Val Last-T Loss: 1.0196
Epoch 70 | Train Loss: 0.8899 | Val Cheap Loss: 1.0215 | Val Last-T Loss: 1.0187
Epoch 71 | Train Loss: 0.8881 | Val Cheap Loss: 1.0232 | Val Last-T Loss: 1.0188
Epoch 72 | Train Loss: 0.8868 | Val Cheap Loss: 1.0266 | Val Last-T Loss: 1.0174
Epoch 73 | Train Loss: 0.8851 | Val Cheap Loss: 1.0238 | Val Last-T Loss: 1.0168
Epoch 74 | Train Loss: 0.8842 | Val Cheap Loss: 1.0231 | Val Last-T Loss: 1.0186
Epoch 75 | Train Loss: 0.8834 | Val Cheap Loss: 1.0261 | Val Last-T Loss: 1.0206 | Val TACOs L1: 1.0469
Epoch 76 | Train Loss: 0.8817 | Val Cheap Loss: 1.0279 | Val Last-T Loss: 1.0204
Epoch 77 | Train Loss: 0.8805 | Val Cheap Loss: 1.0260 | Val Last-T Loss: 1.0177
Epoch 78 | Train Loss: 0.8789 | Val Cheap Loss: 1.0245 | Val Last-T Loss: 1.0165
Epoch 79 | Train Loss: 0.8775 | Val Cheap Loss: 1.0310 | Val Last-T Loss: 1.0194
Epoch 80 | Train Loss: 0.8765 | Val Cheap Loss: 1.0300 | Val Last-T Loss: 1.0168
Epoch 81 | Train Loss: 0.8755 | Val Cheap Loss: 1.0287 | Val Last-T Loss: 1.0195
Epoch 82 | Train Loss: 0.8741 | Val Cheap Loss: 1.0284 | Val Last-T Loss: 1.0186
Epoch 83 | Train Loss: 0.8728 | Val Cheap Loss: 1.0301 | Val Last-T Loss: 1.0184
Epoch 84 | Train Loss: 0.8719 | Val Cheap Loss: 1.0332 | Val Last-T Loss: 1.0182
Epoch 85 | Train Loss: 0.8708 | Val Cheap Loss: 1.0273 | Val Last-T Loss: 1.0203
Epoch 86 | Train Loss: 0.8697 | Val Cheap Loss: 1.0329 | Val Last-T Loss: 1.0209
Epoch 87 | Train Loss: 0.8689 | Val Cheap Loss: 1.0367 | Val Last-T Loss: 1.0192
Epoch 88 | Train Loss: 0.8672 | Val Cheap Loss: 1.0312 | Val Last-T Loss: 1.0186
Epoch 89 | Train Loss: 0.8657 | Val Cheap Loss: 1.0360 | Val Last-T Loss: 1.0173
Epoch 90 | Train Loss: 0.8647 | Val Cheap Loss: 1.0337 | Val Last-T Loss: 1.0146
Epoch 91 | Train Loss: 0.8637 | Val Cheap Loss: 1.0344 | Val Last-T Loss: 1.0194
Epoch 92 | Train Loss: 0.8638 | Val Cheap Loss: 1.0358 | Val Last-T Loss: 1.0174
Epoch 93 | Train Loss: 0.8624 | Val Cheap Loss: 1.0329 | Val Last-T Loss: 1.0172
Epoch 94 | Train Loss: 0.8609 | Val Cheap Loss: 1.0352 | Val Last-T Loss: 1.0168
Epoch 95 | Train Loss: 0.8595 | Val Cheap Loss: 1.0418 | Val Last-T Loss: 1.0207
Epoch 96 | Train Loss: 0.8586 | Val Cheap Loss: 1.0363 | Val Last-T Loss: 1.0168
Epoch 97 | Train Loss: 0.8578 | Val Cheap Loss: 1.0368 | Val Last-T Loss: 1.0166
Epoch 98 | Train Loss: 0.8563 | Val Cheap Loss: 1.0395 | Val Last-T Loss: 1.0186
Epoch 99 | Train Loss: 0.8550 | Val Cheap Loss: 1.0373 | Val Last-T Loss: 1.0167
Epoch 100 | Train Loss: 0.8545 | Val Cheap Loss: 1.0440 | Val Last-T Loss: 1.0188 | Val TACOs L1: 1.0494
Epoch 101 | Train Loss: 0.8540 | Val Cheap Loss: 1.0349 | Val Last-T Loss: 1.0142
Epoch 102 | Train Loss: 0.8520 | Val Cheap Loss: 1.0390 | Val Last-T Loss: 1.0168
Epoch 103 | Train Loss: 0.8515 | Val Cheap Loss: 1.0385 | Val Last-T Loss: 1.0163
Epoch 104 | Train Loss: 0.8504 | Val Cheap Loss: 1.0374 | Val Last-T Loss: 1.0156
Epoch 105 | Train Loss: 0.8496 | Val Cheap Loss: 1.0397 | Val Last-T Loss: 1.0167
Epoch 106 | Train Loss: 0.8486 | Val Cheap Loss: 1.0442 | Val Last-T Loss: 1.0156
Epoch 107 | Train Loss: 0.8473 | Val Cheap Loss: 1.0416 | Val Last-T Loss: 1.0163
Epoch 108 | Train Loss: 0.8475 | Val Cheap Loss: 1.0420 | Val Last-T Loss: 1.0170
Epoch 109 | Train Loss: 0.8457 | Val Cheap Loss: 1.0428 | Val Last-T Loss: 1.0169
Epoch 110 | Train Loss: 0.8451 | Val Cheap Loss: 1.0414 | Val Last-T Loss: 1.0169
Epoch 111 | Train Loss: 0.8435 | Val Cheap Loss: 1.0436 | Val Last-T Loss: 1.0173
Epoch 112 | Train Loss: 0.8433 | Val Cheap Loss: 1.0460 | Val Last-T Loss: 1.0170
Epoch 113 | Train Loss: 0.8422 | Val Cheap Loss: 1.0444 | Val Last-T Loss: 1.0189
Epoch 114 | Train Loss: 0.8415 | Val Cheap Loss: 1.0454 | Val Last-T Loss: 1.0198
Epoch 115 | Train Loss: 0.8401 | Val Cheap Loss: 1.0448 | Val Last-T Loss: 1.0171
Epoch 116 | Train Loss: 0.8391 | Val Cheap Loss: 1.0460 | Val Last-T Loss: 1.0175
Epoch 117 | Train Loss: 0.8379 | Val Cheap Loss: 1.0510 | Val Last-T Loss: 1.0196
Epoch 118 | Train Loss: 0.8379 | Val Cheap Loss: 1.0434 | Val Last-T Loss: 1.0181
Epoch 119 | Train Loss: 0.8375 | Val Cheap Loss: 1.0496 | Val Last-T Loss: 1.0205
Epoch 120 | Train Loss: 0.8358 | Val Cheap Loss: 1.0491 | Val Last-T Loss: 1.0189
Epoch 121 | Train Loss: 0.8360 | Val Cheap Loss: 1.0507 | Val Last-T Loss: 1.0190
Epoch 122 | Train Loss: 0.8344 | Val Cheap Loss: 1.0433 | Val Last-T Loss: 1.0154
Epoch 123 | Train Loss: 0.8334 | Val Cheap Loss: 1.0517 | Val Last-T Loss: 1.0165
Epoch 124 | Train Loss: 0.8329 | Val Cheap Loss: 1.0483 | Val Last-T Loss: 1.0172
Epoch 125 | Train Loss: 0.8318 | Val Cheap Loss: 1.0453 | Val Last-T Loss: 1.0168 | Val TACOs L1: 1.0455
Epoch 126 | Train Loss: 0.8305 | Val Cheap Loss: 1.0494 | Val Last-T Loss: 1.0147
Epoch 127 | Train Loss: 0.8297 | Val Cheap Loss: 1.0513 | Val Last-T Loss: 1.0154
Epoch 128 | Train Loss: 0.8289 | Val Cheap Loss: 1.0484 | Val Last-T Loss: 1.0148
Epoch 129 | Train Loss: 0.8285 | Val Cheap Loss: 1.0506 | Val Last-T Loss: 1.0181
Epoch 130 | Train Loss: 0.8275 | Val Cheap Loss: 1.0535 | Val Last-T Loss: 1.0189
Epoch 131 | Train Loss: 0.8271 | Val Cheap Loss: 1.0479 | Val Last-T Loss: 1.0177
Epoch 132 | Train Loss: 0.8264 | Val Cheap Loss: 1.0538 | Val Last-T Loss: 1.0183
Epoch 133 | Train Loss: 0.8254 | Val Cheap Loss: 1.0578 | Val Last-T Loss: 1.0189
Epoch 134 | Train Loss: 0.8243 | Val Cheap Loss: 1.0533 | Val Last-T Loss: 1.0160
Epoch 135 | Train Loss: 0.8236 | Val Cheap Loss: 1.0497 | Val Last-T Loss: 1.0190
Epoch 136 | Train Loss: 0.8232 | Val Cheap Loss: 1.0555 | Val Last-T Loss: 1.0195
Epoch 137 | Train Loss: 0.8222 | Val Cheap Loss: 1.0556 | Val Last-T Loss: 1.0200
Epoch 138 | Train Loss: 0.8217 | Val Cheap Loss: 1.0573 | Val Last-T Loss: 1.0217
Epoch 139 | Train Loss: 0.8210 | Val Cheap Loss: 1.0577 | Val Last-T Loss: 1.0205
Epoch 140 | Train Loss: 0.8198 | Val Cheap Loss: 1.0601 | Val Last-T Loss: 1.0209
Epoch 141 | Train Loss: 0.8190 | Val Cheap Loss: 1.0543 | Val Last-T Loss: 1.0164
Epoch 142 | Train Loss: 0.8191 | Val Cheap Loss: 1.0559 | Val Last-T Loss: 1.0157
Epoch 143 | Train Loss: 0.8173 | Val Cheap Loss: 1.0589 | Val Last-T Loss: 1.0183
Epoch 144 | Train Loss: 0.8165 | Val Cheap Loss: 1.0550 | Val Last-T Loss: 1.0168
Epoch 145 | Train Loss: 0.8157 | Val Cheap Loss: 1.0518 | Val Last-T Loss: 1.0154
Epoch 146 | Train Loss: 0.8150 | Val Cheap Loss: 1.0637 | Val Last-T Loss: 1.0197
Epoch 147 | Train Loss: 0.8144 | Val Cheap Loss: 1.0614 | Val Last-T Loss: 1.0182
Epoch 148 | Train Loss: 0.8152 | Val Cheap Loss: 1.0561 | Val Last-T Loss: 1.0176
Epoch 149 | Train Loss: 0.8138 | Val Cheap Loss: 1.0566 | Val Last-T Loss: 1.0166
Epoch 150 | Train Loss: 0.8131 | Val Cheap Loss: 1.0591 | Val Last-T Loss: 1.0179 | Val TACOs L1: 1.0502

--- Evaluation Results: ONE_SHOT ---
Run Name: diffae_baseline
----------------------------------------
[1. Prediction to Ground-Truth Alignment]
  - Embedding 1 -> L1 Distance: 0.513099 | Cosine Similarity: 0.759606
  - Embedding 2 -> L1 Distance: 0.513099 | Cosine Similarity: 0.759315

[2. Proximity to True Average Mixture (c)]
  - Predicted 1 to c -> L1 Distance: 0.246623 | Cosine Similarity: 0.910884
  - Baseline GT 1 to c -> L1 Distance: 0.562880 | Cosine Similarity: 0.704848
  - Predicted 2 to c -> L1 Distance: 0.246623 | Cosine Similarity: 0.910221
  - Baseline GT 2 to c -> L1 Distance: 0.562880 | Cosine Similarity: 0.704571

[3. Predicted Outputs Inter-Relationship / Spread]
  - Inter-Predicted (p1 vs p2) -> L1: 0.493246 | Cosine Similarity: 0.662686
  - Inter-Ground-Truth (z1 vs z2) -> L1: 1.125759 | Cosine Similarity: -0.002203


--- Evaluation Results: ITERATIVE ---
Run Name: diffae_baseline
----------------------------------------
[1. Prediction to Ground-Truth Alignment]
  - Embedding 1 -> L1 Distance: 0.526556 | Cosine Similarity: 0.748014
  - Embedding 2 -> L1 Distance: 0.526556 | Cosine Similarity: 0.747723

[2. Proximity to True Average Mixture (c)]
  - Predicted 1 to c -> L1 Distance: 0.268924 | Cosine Similarity: 0.901478
  - Baseline GT 1 to c -> L1 Distance: 0.562880 | Cosine Similarity: 0.704848
  - Predicted 2 to c -> L1 Distance: 0.268924 | Cosine Similarity: 0.901799
  - Baseline GT 2 to c -> L1 Distance: 0.562880 | Cosine Similarity: 0.704571

[3. Predicted Outputs Inter-Relationship / Spread]
  - Inter-Predicted (p1 vs p2) -> L1: 0.537849 | Cosine Similarity: 0.635849
  - Inter-Ground-Truth (z1 vs z2) -> L1: 1.125759 | Cosine Similarity: -0.002203

