Loading evaluation pairs from: /nas-ctm01/homes/dacordeiro/Face-DM/arcface_embeddings/Face-DM/ffhq256_deepface_arcface_retinaface_l2norm_test_pairs.npy
Initializing model architecture & loading weights...
Running one-shot un-morphing predictions across all pairs...
Evaluating nearest neighbor gallery lookups...

==========================================================
      COLD DIFFUSION DEMORPH IDENTITY RETRIEVAL REPORT     
==========================================================
Run Target Architecture Name: arcface_baseline_mse_scaled_spreadLoss0.1_new
Evaluation Dataset Volume:   1000 Pairs (2,000 Vector Elements)
Gallery Search Space Scope:  1000 Unique Target Identities
----------------------------------------------------------

[1. ELEMENT-LEVEL IDENTIFICATION ACCURACY (RANK-1)]
  - Target Identity A Correct Matches:    1000/1000 (100.00%)
  - Target Identity B Correct Matches:    1000/1000 (100.00% if formatting matches)
  - Target Identity B Correct Matches:    1000/1000 (100.00%)
  - Combined Vector Success Rate:         2000/2000 (100.00%)

[2. PAIR-LEVEL RESOLUTION SUCCESS PROFILE]
  - Complete Resolution (Both Found):     1000/1000 (100.00%)
  - Partial Resolution (At Least One):    1000/1000 (100.00%)
  - Failed Resolution (Neither Found):    0/1000 (0.00%)

Interpretation Note:
A 'Complete Resolution' indicates that for a given morphed face matrix, the
one-shot network outputs map uniquely back to their respective original source profiles
with zero identification collisions across the test identity gallery space.

[SUCCESS] Rank-1 identity retrieval summary exported to: experiments/arcface_baseline_mse_scaled_spreadLoss0.1_new/identity_retrieval_report.txt
