Loading ArcFace embeddings...
--> Saved new best checkpoint based on Cheap Val to experiments/asymmetric_z1_alpha_55_real/checkpoints/best.pt
Epoch 1 | Train L1: 0.4244 | Val Cheap L1: 0.3238
--> Saved new best checkpoint based on Cheap Val to experiments/asymmetric_z1_alpha_55_real/checkpoints/best.pt
Epoch 2 | Train L1: 0.3168 | Val Cheap L1: 0.3156
--> Saved new best checkpoint based on Cheap Val to experiments/asymmetric_z1_alpha_55_real/checkpoints/best.pt
Epoch 3 | Train L1: 0.3106 | Val Cheap L1: 0.3156
--> Saved new best checkpoint based on Cheap Val to experiments/asymmetric_z1_alpha_55_real/checkpoints/best.pt
Epoch 4 | Train L1: 0.3070 | Val Cheap L1: 0.3057
Epoch 5 | Train L1: 0.3026 | Val Cheap L1: 0.3064 | Val TACOs L1: 0.4352
--> Saved new best checkpoint based on Cheap Val to experiments/asymmetric_z1_alpha_55_real/checkpoints/best.pt
Epoch 6 | Train L1: 0.2988 | Val Cheap L1: 0.3004
--> Saved new best checkpoint based on Cheap Val to experiments/asymmetric_z1_alpha_55_real/checkpoints/best.pt
Epoch 7 | Train L1: 0.2953 | Val Cheap L1: 0.2953
Epoch 8 | Train L1: 0.2917 | Val Cheap L1: 0.2980
--> Saved new best checkpoint based on Cheap Val to experiments/asymmetric_z1_alpha_55_real/checkpoints/best.pt
Epoch 9 | Train L1: 0.2886 | Val Cheap L1: 0.2939
--> Saved new best checkpoint based on Cheap Val to experiments/asymmetric_z1_alpha_55_real/checkpoints/best.pt
Epoch 10 | Train L1: 0.2852 | Val Cheap L1: 0.2893 | Val TACOs L1: 0.4209
Epoch 11 | Train L1: 0.2827 | Val Cheap L1: 0.2897
--> Saved new best checkpoint based on Cheap Val to experiments/asymmetric_z1_alpha_55_real/checkpoints/best.pt
Epoch 12 | Train L1: 0.2802 | Val Cheap L1: 0.2889
--> Saved new best checkpoint based on Cheap Val to experiments/asymmetric_z1_alpha_55_real/checkpoints/best.pt
Epoch 13 | Train L1: 0.2780 | Val Cheap L1: 0.2882
--> Saved new best checkpoint based on Cheap Val to experiments/asymmetric_z1_alpha_55_real/checkpoints/best.pt
Epoch 14 | Train L1: 0.2760 | Val Cheap L1: 0.2877
--> Saved new best checkpoint based on Cheap Val to experiments/asymmetric_z1_alpha_55_real/checkpoints/best.pt
Epoch 15 | Train L1: 0.2743 | Val Cheap L1: 0.2852 | Val TACOs L1: 0.4172
--> Saved new best checkpoint based on Cheap Val to experiments/asymmetric_z1_alpha_55_real/checkpoints/best.pt
Epoch 16 | Train L1: 0.2724 | Val Cheap L1: 0.2813
Epoch 17 | Train L1: 0.2710 | Val Cheap L1: 0.2835
Epoch 18 | Train L1: 0.2695 | Val Cheap L1: 0.2822
Epoch 19 | Train L1: 0.2674 | Val Cheap L1: 0.2843
Epoch 20 | Train L1: 0.2660 | Val Cheap L1: 0.2821 | Val TACOs L1: 0.4154
Epoch 21 | Train L1: 0.2645 | Val Cheap L1: 0.2821
--> Saved new best checkpoint based on Cheap Val to experiments/asymmetric_z1_alpha_55_real/checkpoints/best.pt
Epoch 22 | Train L1: 0.2630 | Val Cheap L1: 0.2785
Epoch 23 | Train L1: 0.2616 | Val Cheap L1: 0.2803
Epoch 24 | Train L1: 0.2601 | Val Cheap L1: 0.2810
Epoch 25 | Train L1: 0.2588 | Val Cheap L1: 0.2800 | Val TACOs L1: 0.4143
Epoch 26 | Train L1: 0.2578 | Val Cheap L1: 0.2794
--> Saved new best checkpoint based on Cheap Val to experiments/asymmetric_z1_alpha_55_real/checkpoints/best.pt
Epoch 27 | Train L1: 0.2569 | Val Cheap L1: 0.2761
Epoch 28 | Train L1: 0.2560 | Val Cheap L1: 0.2770
Epoch 29 | Train L1: 0.2546 | Val Cheap L1: 0.2777
Epoch 30 | Train L1: 0.2536 | Val Cheap L1: 0.2774 | Val TACOs L1: 0.4095
--> Saved new best checkpoint based on Cheap Val to experiments/asymmetric_z1_alpha_55_real/checkpoints/best.pt
Epoch 31 | Train L1: 0.2521 | Val Cheap L1: 0.2752
Epoch 32 | Train L1: 0.2516 | Val Cheap L1: 0.2782
Epoch 33 | Train L1: 0.2508 | Val Cheap L1: 0.2777
Epoch 34 | Train L1: 0.2499 | Val Cheap L1: 0.2775
--> Saved new best checkpoint based on Cheap Val to experiments/asymmetric_z1_alpha_55_real/checkpoints/best.pt
Epoch 35 | Train L1: 0.2488 | Val Cheap L1: 0.2752 | Val TACOs L1: 0.4104
Epoch 36 | Train L1: 0.2483 | Val Cheap L1: 0.2758
--> Saved new best checkpoint based on Cheap Val to experiments/asymmetric_z1_alpha_55_real/checkpoints/best.pt
Epoch 37 | Train L1: 0.2475 | Val Cheap L1: 0.2746
Epoch 38 | Train L1: 0.2469 | Val Cheap L1: 0.2750
Epoch 39 | Train L1: 0.2462 | Val Cheap L1: 0.2781
Epoch 40 | Train L1: 0.2457 | Val Cheap L1: 0.2777 | Val TACOs L1: 0.4102
Epoch 41 | Train L1: 0.2453 | Val Cheap L1: 0.2771
Epoch 42 | Train L1: 0.2447 | Val Cheap L1: 0.2758
Epoch 43 | Train L1: 0.2444 | Val Cheap L1: 0.2779
Epoch 44 | Train L1: 0.2444 | Val Cheap L1: 0.2754
Epoch 45 | Train L1: 0.2439 | Val Cheap L1: 0.2762 | Val TACOs L1: 0.4091
Epoch 46 | Train L1: 0.2436 | Val Cheap L1: 0.2778
Epoch 47 | Train L1: 0.2435 | Val Cheap L1: 0.2756
Epoch 48 | Train L1: 0.2437 | Val Cheap L1: 0.2754
Epoch 49 | Train L1: 0.2432 | Val Cheap L1: 0.2760
Epoch 50 | Train L1: 0.2433 | Val Cheap L1: 0.2786 | Val TACOs L1: 0.4090
Loading ArcFace embeddings for one_shot evaluation...
Loading weights from experiments/asymmetric_z1_alpha_55_real/checkpoints/best.pt...

--- Evaluation Results (Dominant z1 Target Tracking): ONE_SHOT ---
Run Name: asymmetric_z1_alpha_55_real
Validation Pairs: 10,000
Terminal Alpha Config: 0.55
----------------------------------------
L1 Distance (Scaled space): 0.453406
L1 Distance (Raw ArcFace):  0.021009
Cosine Similarity:          0.808223

Saved evaluation results to experiments/asymmetric_z1_alpha_55_real/eval_one_shot.txt
Loading ArcFace embeddings for iterative evaluation...
Loading weights from experiments/asymmetric_z1_alpha_55_real/checkpoints/best.pt...

--- Evaluation Results (Dominant z1 Target Tracking): ITERATIVE ---
Run Name: asymmetric_z1_alpha_55_real
Validation Pairs: 10,000
Terminal Alpha Config: 0.55
----------------------------------------
L1 Distance (Scaled space): 0.408896
L1 Distance (Raw ArcFace):  0.017957
Cosine Similarity:          0.855983

Saved evaluation results to experiments/asymmetric_z1_alpha_55_real/eval_iterative.txt
