Loading dataset from /nas-ctm01/homes/dacordeiro/Face-DM/morphed_dataset/train_morphs.npz...
Loading dataset from /nas-ctm01/homes/dacordeiro/Face-DM/morphed_dataset/val_morphs.npz...
--> Saved new best checkpoint based on Cheap Val to experiments/coupled_arcface_img/checkpoints/best.pt
Epoch 1 | Train L1: 0.6199 | Val Cheap L1: 0.4911
--> Saved new best checkpoint based on Cheap Val to experiments/coupled_arcface_img/checkpoints/best.pt
Epoch 2 | Train L1: 0.4157 | Val Cheap L1: 0.3887
--> Saved new best checkpoint based on Cheap Val to experiments/coupled_arcface_img/checkpoints/best.pt
Epoch 3 | Train L1: 0.3369 | Val Cheap L1: 0.3560
--> Saved new best checkpoint based on Cheap Val to experiments/coupled_arcface_img/checkpoints/best.pt
Epoch 4 | Train L1: 0.2976 | Val Cheap L1: 0.3025
--> Saved new best checkpoint based on Cheap Val to experiments/coupled_arcface_img/checkpoints/best.pt
Epoch 5 | Train L1: 0.2721 | Val Cheap L1: 0.2760 | Val TACOs L1: 0.7647
--> Saved new best checkpoint based on Cheap Val to experiments/coupled_arcface_img/checkpoints/best.pt
Epoch 6 | Train L1: 0.2494 | Val Cheap L1: 0.2613
Epoch 7 | Train L1: 0.2382 | Val Cheap L1: 0.2859
Epoch 8 | Train L1: 0.2273 | Val Cheap L1: 0.2665
--> Saved new best checkpoint based on Cheap Val to experiments/coupled_arcface_img/checkpoints/best.pt
Epoch 9 | Train L1: 0.2202 | Val Cheap L1: 0.2413
--> Saved new best checkpoint based on Cheap Val to experiments/coupled_arcface_img/checkpoints/best.pt
Epoch 10 | Train L1: 0.2084 | Val Cheap L1: 0.2216 | Val TACOs L1: 0.7687
Epoch 11 | Train L1: 0.2018 | Val Cheap L1: 0.2332
Epoch 12 | Train L1: 0.1974 | Val Cheap L1: 0.2220
Epoch 13 | Train L1: 0.1918 | Val Cheap L1: 0.2238
Epoch 14 | Train L1: 0.1891 | Val Cheap L1: 0.2524
--> Saved new best checkpoint based on Cheap Val to experiments/coupled_arcface_img/checkpoints/best.pt
Epoch 15 | Train L1: 0.1868 | Val Cheap L1: 0.1997 | Val TACOs L1: 0.7828
--> Saved new best checkpoint based on Cheap Val to experiments/coupled_arcface_img/checkpoints/best.pt
Epoch 16 | Train L1: 0.1809 | Val Cheap L1: 0.1986
--> Saved new best checkpoint based on Cheap Val to experiments/coupled_arcface_img/checkpoints/best.pt
Epoch 17 | Train L1: 0.1788 | Val Cheap L1: 0.1935
--> Saved new best checkpoint based on Cheap Val to experiments/coupled_arcface_img/checkpoints/best.pt
Epoch 18 | Train L1: 0.1758 | Val Cheap L1: 0.1909
Epoch 19 | Train L1: 0.1733 | Val Cheap L1: 0.2101
--> Saved new best checkpoint based on Cheap Val to experiments/coupled_arcface_img/checkpoints/best.pt
Epoch 20 | Train L1: 0.1724 | Val Cheap L1: 0.1811 | Val TACOs L1: 0.7709
Epoch 21 | Train L1: 0.1704 | Val Cheap L1: 0.2085
Epoch 22 | Train L1: 0.1688 | Val Cheap L1: 0.2023
Epoch 23 | Train L1: 0.1666 | Val Cheap L1: 0.1960
Epoch 24 | Train L1: 0.1642 | Val Cheap L1: 0.1868
Epoch 25 | Train L1: 0.1630 | Val Cheap L1: 0.1820 | Val TACOs L1: 0.7697
Epoch 26 | Train L1: 0.1608 | Val Cheap L1: 0.1987
--> Saved new best checkpoint based on Cheap Val to experiments/coupled_arcface_img/checkpoints/best.pt
Epoch 27 | Train L1: 0.1602 | Val Cheap L1: 0.1726
Epoch 28 | Train L1: 0.1587 | Val Cheap L1: 0.1774
Epoch 29 | Train L1: 0.1569 | Val Cheap L1: 0.1937
Epoch 30 | Train L1: 0.1571 | Val Cheap L1: 0.1884 | Val TACOs L1: 0.8142
Epoch 31 | Train L1: 0.1564 | Val Cheap L1: 0.1757
Epoch 32 | Train L1: 0.1533 | Val Cheap L1: 0.1921
Epoch 33 | Train L1: 0.1540 | Val Cheap L1: 0.1743
Epoch 34 | Train L1: 0.1520 | Val Cheap L1: 0.1974
Epoch 35 | Train L1: 0.1524 | Val Cheap L1: 0.1907 | Val TACOs L1: 0.8238
Epoch 36 | Train L1: 0.1510 | Val Cheap L1: 0.1737
--> Saved new best checkpoint based on Cheap Val to experiments/coupled_arcface_img/checkpoints/best.pt
Epoch 37 | Train L1: 0.1480 | Val Cheap L1: 0.1718
Epoch 38 | Train L1: 0.1473 | Val Cheap L1: 0.1760
--> Saved new best checkpoint based on Cheap Val to experiments/coupled_arcface_img/checkpoints/best.pt
Epoch 39 | Train L1: 0.1476 | Val Cheap L1: 0.1672
Epoch 40 | Train L1: 0.1455 | Val Cheap L1: 0.1806 | Val TACOs L1: 0.8117
Epoch 41 | Train L1: 0.1456 | Val Cheap L1: 0.2075
Epoch 42 | Train L1: 0.1481 | Val Cheap L1: 0.1705
Epoch 43 | Train L1: 0.1445 | Val Cheap L1: 0.1976
--> Saved new best checkpoint based on Cheap Val to experiments/coupled_arcface_img/checkpoints/best.pt
Epoch 44 | Train L1: 0.1453 | Val Cheap L1: 0.1604
Epoch 45 | Train L1: 0.1412 | Val Cheap L1: 0.2041 | Val TACOs L1: 0.8584
Epoch 46 | Train L1: 0.1427 | Val Cheap L1: 0.1634
--> Saved new best checkpoint based on Cheap Val to experiments/coupled_arcface_img/checkpoints/best.pt
Epoch 47 | Train L1: 0.1406 | Val Cheap L1: 0.1584
Epoch 48 | Train L1: 0.1382 | Val Cheap L1: 0.1599
Epoch 49 | Train L1: 0.1392 | Val Cheap L1: 0.1778
Epoch 50 | Train L1: 0.1401 | Val Cheap L1: 0.1639 | Val TACOs L1: 0.7781
Loading dataset from /nas-ctm01/homes/dacordeiro/Face-DM/morphed_dataset/val_morphs.npz...
Loading weights from experiments/coupled_arcface_img/checkpoints/best.pt...

--- Evaluation Results (Coupled Model): ONE_SHOT ---
Run Name: coupled_arcface_img
Validation Pairs: 7000
----------------------------------------
Total Shared L1 Distance (Scaled space): 0.723505
Target z1 L1 Distance (Raw ArcFace):     0.034364
Target z2 L1 Distance (Raw ArcFace):     0.040750
Target z1 Cosine Similarity:             0.507541
Target z2 Cosine Similarity:             0.312030

Loading dataset from /nas-ctm01/homes/dacordeiro/Face-DM/morphed_dataset/val_morphs.npz...
Loading weights from experiments/coupled_arcface_img/checkpoints/best.pt...

--- Evaluation Results (Coupled Model): ITERATIVE ---
Run Name: coupled_arcface_img
Validation Pairs: 7000
----------------------------------------
Total Shared L1 Distance (Scaled space): 0.772671
Target z1 L1 Distance (Raw ArcFace):     0.035737
Target z2 L1 Distance (Raw ArcFace):     0.041888
Target z1 Cosine Similarity:             0.468586
Target z2 Cosine Similarity:             0.273679

