Loaded train split: 63000 embeddings, 1000000 random pairs
Loaded val split: 7000 embeddings, 100000 deterministic pairs
Loaded val split: 7000 embeddings, 100000 deterministic pairs

--- Iterative Evaluation (Validation Set) ---
Predicted Clean L1: 0.54247802
Predicted Clean Cosine Similarity: 0.74266922
Extracted Other L1: 0.54247802
Extracted Other Cosine Similarity: 0.73391312
Permutation-Invariant Pair L1: 0.54247802
Permutation-Invariant Pair Cosine Similarity: 0.73829114

Saved evaluation embeddings for visual decoding to: experiments/avg_diffae_pit_l1cos1.0_10ts_constLR/results/decode_pair_data.pt
Loaded val split: 7000 embeddings, 100000 deterministic pairs

--- One-Shot Evaluation (Validation Set) ---
Predicted Clean L1: 0.52725655
Predicted Clean Cosine Similarity: 0.74180758
Extracted Other L1: 0.52725655
Extracted Other Cosine Similarity: 0.75106025
Permutation-Invariant Pair L1: 0.52725655
Permutation-Invariant Pair Cosine Similarity: 0.74643391

[1;34mwandb[0m: 
[1;34mwandb[0m: 🚀 View run [33mavg_diffae_pit_l1cos1.0_10ts_constLR[0m at: [34mhttps://wandb.ai/davcordeiro03-inesc-tec/Face-DM/runs/0jujngyg[0m
[1;34mwandb[0m: Find logs at: [1;35mwandb/run-20260510_104052-0jujngyg/logs[0m
