Loaded train split: 63000 embeddings, 1000000 random pairs
Loaded val split: 7000 embeddings, 100000 deterministic pairs
Loaded val split: 7000 embeddings, 100000 deterministic pairs

--- Iterative Evaluation (Validation Set) ---
Predicted Clean L1: 0.54687703
Predicted Clean Cosine Similarity: 0.73845422
Extracted Other L1: 0.54687703
Extracted Other Cosine Similarity: 0.72696495
Permutation-Invariant Pair L1: 0.54687703
Permutation-Invariant Pair Cosine Similarity: 0.73270953

Saved evaluation embeddings for visual decoding to: experiments/avg_diffae_pit_l1cos1.0_10ts_20ep/results/decode_pair_data.pt
Loaded val split: 7000 embeddings, 100000 deterministic pairs

--- One-Shot Evaluation (Validation Set) ---
Predicted Clean L1: 0.53087968
Predicted Clean Cosine Similarity: 0.73770022
Extracted Other L1: 0.53087968
Extracted Other Cosine Similarity: 0.74711102
Permutation-Invariant Pair L1: 0.53087968
Permutation-Invariant Pair Cosine Similarity: 0.74240565

[1;34mwandb[0m: 
[1;34mwandb[0m: 🚀 View run [33mavg_diffae_pit_l1cos1.0_10ts_20ep[0m at: [34mhttps://wandb.ai/davcordeiro03-inesc-tec/Face-DM/runs/rug3k65o[0m
[1;34mwandb[0m: Find logs at: [1;35mwandb/run-20260510_102033-rug3k65o/logs[0m
