Size of train: 7189 source images, 25000 pairs
Size of test: 1000 source images, 1000 pairs
Size of test: 1000 source images, 1000 pairs
Setting up [LPIPS] perceptual loss: trunk [alex], v[0.1], spatial [off]
Loading model from: /nas-ctm01/homes/dacordeiro/.conda/envs/test/lib/python3.10/site-packages/lpips/weights/v0.1/alex.pth

--- Iterative Evaluation Metrics (Entire Validation Set) ---
SSIM Bright: 0.6768
SSIM Dark: 0.6047
PSNR Bright: 18.6957
PSNR Dark: 18.6799
LPIPS Bright: 0.1591
LPIPS Dark: 0.1913

Size of test: 1000 source images, 1000 pairs
Setting up [LPIPS] perceptual loss: trunk [alex], v[0.1], spatial [off]
Loading model from: /nas-ctm01/homes/dacordeiro/.conda/envs/test/lib/python3.10/site-packages/lpips/weights/v0.1/alex.pth

--- One-Shot Evaluation Metrics (Entire Validation Set) ---
SSIM Bright: 0.6810
SSIM Dark: 0.6247
PSNR Bright: 18.7994
PSNR Dark: 18.7992
LPIPS Bright: 0.1625
LPIPS Dark: 0.1716

[1;34mwandb[0m: 
[1;34mwandb[0m: 🚀 View run [33mflowers_baseline_varPres[0m at: [34mhttps://wandb.ai/davcordeiro03-inesc-tec/Face-DM/runs/3a8ulpq1[0m
[1;34mwandb[0m: Find logs at: [1;35mwandb/run-20260605_140932-3a8ulpq1/logs[0m
