Epoch 1 | Train Loss: 1.6445 | Val Cheap Loss: 1.3249 | Val Cheap Cosine Sim: 0.5770
Epoch 2 | Train Loss: 1.2383 | Val Cheap Loss: 1.0958 | Val Cheap Cosine Sim: 0.6552
Epoch 3 | Train Loss: 1.1358 | Val Cheap Loss: 1.0540 | Val Cheap Cosine Sim: 0.6679
Epoch 4 | Train Loss: 1.1039 | Val Cheap Loss: 1.0329 | Val Cheap Cosine Sim: 0.6746
Epoch 5 | Train Loss: 1.0855 | Val Cheap Loss: 1.0109 | Val Cheap Cosine Sim: 0.6803
Epoch 6 | Train Loss: 1.0607 | Val Cheap Loss: 1.0113 | Val Cheap Cosine Sim: 0.6776
 EarlyStopping Counter: 1 out of 20
Epoch 7 | Train Loss: 1.0370 | Val Cheap Loss: 0.9808 | Val Cheap Cosine Sim: 0.6877
Epoch 8 | Train Loss: 1.0149 | Val Cheap Loss: 0.9778 | Val Cheap Cosine Sim: 0.6862
Epoch 9 | Train Loss: 0.9945 | Val Cheap Loss: 0.9607 | Val Cheap Cosine Sim: 0.6940
Epoch 10 | Train Loss: 0.9758 | Val Cheap Loss: 0.9341 | Val Cheap Cosine Sim: 0.7046
Epoch 11 | Train Loss: 0.9592 | Val Cheap Loss: 0.9236 | Val Cheap Cosine Sim: 0.7089
Epoch 12 | Train Loss: 0.9450 | Val Cheap Loss: 0.9226 | Val Cheap Cosine Sim: 0.7117
Epoch 13 | Train Loss: 0.9336 | Val Cheap Loss: 0.9078 | Val Cheap Cosine Sim: 0.7157
Epoch 14 | Train Loss: 0.9206 | Val Cheap Loss: 0.8917 | Val Cheap Cosine Sim: 0.7231
Epoch 15 | Train Loss: 0.9064 | Val Cheap Loss: 0.8911 | Val Cheap Cosine Sim: 0.7241
Epoch 16 | Train Loss: 0.8971 | Val Cheap Loss: 0.8896 | Val Cheap Cosine Sim: 0.7243
Epoch 17 | Train Loss: 0.8869 | Val Cheap Loss: 0.8856 | Val Cheap Cosine Sim: 0.7269
Epoch 18 | Train Loss: 0.8779 | Val Cheap Loss: 0.8777 | Val Cheap Cosine Sim: 0.7293
Epoch 19 | Train Loss: 0.8684 | Val Cheap Loss: 0.8716 | Val Cheap Cosine Sim: 0.7325
Epoch 20 | Train Loss: 0.8610 | Val Cheap Loss: 0.8596 | Val Cheap Cosine Sim: 0.7365
Epoch 21 | Train Loss: 0.8527 | Val Cheap Loss: 0.8667 | Val Cheap Cosine Sim: 0.7320
 EarlyStopping Counter: 1 out of 20
Epoch 22 | Train Loss: 0.8446 | Val Cheap Loss: 0.8533 | Val Cheap Cosine Sim: 0.7391
Epoch 23 | Train Loss: 0.8385 | Val Cheap Loss: 0.8496 | Val Cheap Cosine Sim: 0.7407
Epoch 24 | Train Loss: 0.8340 | Val Cheap Loss: 0.8434 | Val Cheap Cosine Sim: 0.7438
Epoch 25 | Train Loss: 0.8256 | Val Cheap Loss: 0.8342 | Val Cheap Cosine Sim: 0.7470 | Val TACOs MSE: 1.1428
Epoch 26 | Train Loss: 0.8194 | Val Cheap Loss: 0.8404 | Val Cheap Cosine Sim: 0.7423
 EarlyStopping Counter: 1 out of 20
Epoch 27 | Train Loss: 0.8130 | Val Cheap Loss: 0.8404 | Val Cheap Cosine Sim: 0.7454
 EarlyStopping Counter: 2 out of 20
Epoch 28 | Train Loss: 0.8072 | Val Cheap Loss: 0.8343 | Val Cheap Cosine Sim: 0.7456
 EarlyStopping Counter: 3 out of 20
Epoch 29 | Train Loss: 0.8024 | Val Cheap Loss: 0.8290 | Val Cheap Cosine Sim: 0.7480
Epoch 30 | Train Loss: 0.7996 | Val Cheap Loss: 0.8203 | Val Cheap Cosine Sim: 0.7522
Epoch 31 | Train Loss: 0.7918 | Val Cheap Loss: 0.8235 | Val Cheap Cosine Sim: 0.7526
 EarlyStopping Counter: 1 out of 20
Epoch 32 | Train Loss: 0.7894 | Val Cheap Loss: 0.8208 | Val Cheap Cosine Sim: 0.7520
 EarlyStopping Counter: 2 out of 20
Epoch 33 | Train Loss: 0.7828 | Val Cheap Loss: 0.8157 | Val Cheap Cosine Sim: 0.7560
Epoch 34 | Train Loss: 0.7807 | Val Cheap Loss: 0.8157 | Val Cheap Cosine Sim: 0.7551
Epoch 35 | Train Loss: 0.7743 | Val Cheap Loss: 0.8161 | Val Cheap Cosine Sim: 0.7553
 EarlyStopping Counter: 1 out of 20
Epoch 36 | Train Loss: 0.7703 | Val Cheap Loss: 0.8205 | Val Cheap Cosine Sim: 0.7526
 EarlyStopping Counter: 2 out of 20
Epoch 37 | Train Loss: 0.7685 | Val Cheap Loss: 0.8149 | Val Cheap Cosine Sim: 0.7557
Epoch 38 | Train Loss: 0.7646 | Val Cheap Loss: 0.7998 | Val Cheap Cosine Sim: 0.7598
Epoch 39 | Train Loss: 0.7586 | Val Cheap Loss: 0.8129 | Val Cheap Cosine Sim: 0.7548
 EarlyStopping Counter: 1 out of 20
Epoch 40 | Train Loss: 0.7559 | Val Cheap Loss: 0.8080 | Val Cheap Cosine Sim: 0.7580
 EarlyStopping Counter: 2 out of 20
Epoch 41 | Train Loss: 0.7522 | Val Cheap Loss: 0.8005 | Val Cheap Cosine Sim: 0.7603
 EarlyStopping Counter: 3 out of 20
Epoch 42 | Train Loss: 0.7492 | Val Cheap Loss: 0.8132 | Val Cheap Cosine Sim: 0.7554
 EarlyStopping Counter: 4 out of 20
Epoch 43 | Train Loss: 0.7454 | Val Cheap Loss: 0.7982 | Val Cheap Cosine Sim: 0.7618
Epoch 44 | Train Loss: 0.7421 | Val Cheap Loss: 0.7949 | Val Cheap Cosine Sim: 0.7642
Epoch 45 | Train Loss: 0.7381 | Val Cheap Loss: 0.8073 | Val Cheap Cosine Sim: 0.7589
 EarlyStopping Counter: 1 out of 20
Epoch 46 | Train Loss: 0.7371 | Val Cheap Loss: 0.7927 | Val Cheap Cosine Sim: 0.7639
Epoch 47 | Train Loss: 0.7333 | Val Cheap Loss: 0.7984 | Val Cheap Cosine Sim: 0.7606
 EarlyStopping Counter: 1 out of 20
Epoch 48 | Train Loss: 0.7304 | Val Cheap Loss: 0.7943 | Val Cheap Cosine Sim: 0.7621
 EarlyStopping Counter: 2 out of 20
Epoch 49 | Train Loss: 0.7279 | Val Cheap Loss: 0.7908 | Val Cheap Cosine Sim: 0.7649
Epoch 50 | Train Loss: 0.7240 | Val Cheap Loss: 0.7931 | Val Cheap Cosine Sim: 0.7640 | Val TACOs MSE: 0.9612
 EarlyStopping Counter: 1 out of 20
Epoch 51 | Train Loss: 0.7218 | Val Cheap Loss: 0.7821 | Val Cheap Cosine Sim: 0.7676
Epoch 52 | Train Loss: 0.7187 | Val Cheap Loss: 0.7871 | Val Cheap Cosine Sim: 0.7687
 EarlyStopping Counter: 1 out of 20
Epoch 53 | Train Loss: 0.7170 | Val Cheap Loss: 0.7888 | Val Cheap Cosine Sim: 0.7649
 EarlyStopping Counter: 2 out of 20
Epoch 54 | Train Loss: 0.7137 | Val Cheap Loss: 0.7873 | Val Cheap Cosine Sim: 0.7652
 EarlyStopping Counter: 3 out of 20
Epoch 55 | Train Loss: 0.7118 | Val Cheap Loss: 0.7861 | Val Cheap Cosine Sim: 0.7654
 EarlyStopping Counter: 4 out of 20
Epoch 56 | Train Loss: 0.7075 | Val Cheap Loss: 0.7856 | Val Cheap Cosine Sim: 0.7690
 EarlyStopping Counter: 5 out of 20
Epoch 57 | Train Loss: 0.7083 | Val Cheap Loss: 0.7867 | Val Cheap Cosine Sim: 0.7679
 EarlyStopping Counter: 6 out of 20
Epoch 58 | Train Loss: 0.7032 | Val Cheap Loss: 0.7859 | Val Cheap Cosine Sim: 0.7678
 EarlyStopping Counter: 7 out of 20
Epoch 59 | Train Loss: 0.7018 | Val Cheap Loss: 0.7881 | Val Cheap Cosine Sim: 0.7657
 EarlyStopping Counter: 8 out of 20
Epoch 60 | Train Loss: 0.6996 | Val Cheap Loss: 0.7791 | Val Cheap Cosine Sim: 0.7698
Epoch 61 | Train Loss: 0.6976 | Val Cheap Loss: 0.7797 | Val Cheap Cosine Sim: 0.7709
 EarlyStopping Counter: 1 out of 20
Epoch 62 | Train Loss: 0.6945 | Val Cheap Loss: 0.7904 | Val Cheap Cosine Sim: 0.7666
 EarlyStopping Counter: 2 out of 20
Epoch 63 | Train Loss: 0.6925 | Val Cheap Loss: 0.7808 | Val Cheap Cosine Sim: 0.7713
 EarlyStopping Counter: 3 out of 20
Epoch 64 | Train Loss: 0.6898 | Val Cheap Loss: 0.7838 | Val Cheap Cosine Sim: 0.7687
 EarlyStopping Counter: 4 out of 20
Epoch 65 | Train Loss: 0.6874 | Val Cheap Loss: 0.7872 | Val Cheap Cosine Sim: 0.7666
 EarlyStopping Counter: 5 out of 20
Epoch 66 | Train Loss: 0.6866 | Val Cheap Loss: 0.7711 | Val Cheap Cosine Sim: 0.7731
Epoch 67 | Train Loss: 0.6838 | Val Cheap Loss: 0.7852 | Val Cheap Cosine Sim: 0.7690
 EarlyStopping Counter: 1 out of 20
Epoch 68 | Train Loss: 0.6828 | Val Cheap Loss: 0.7869 | Val Cheap Cosine Sim: 0.7691
 EarlyStopping Counter: 2 out of 20
Epoch 69 | Train Loss: 0.6805 | Val Cheap Loss: 0.7760 | Val Cheap Cosine Sim: 0.7713
 EarlyStopping Counter: 3 out of 20
Epoch 70 | Train Loss: 0.6791 | Val Cheap Loss: 0.7840 | Val Cheap Cosine Sim: 0.7696
 EarlyStopping Counter: 4 out of 20
Epoch 71 | Train Loss: 0.6754 | Val Cheap Loss: 0.7777 | Val Cheap Cosine Sim: 0.7722
 EarlyStopping Counter: 5 out of 20
Epoch 72 | Train Loss: 0.6749 | Val Cheap Loss: 0.7821 | Val Cheap Cosine Sim: 0.7702
 EarlyStopping Counter: 6 out of 20
Epoch 73 | Train Loss: 0.6719 | Val Cheap Loss: 0.7715 | Val Cheap Cosine Sim: 0.7748
 EarlyStopping Counter: 7 out of 20
Epoch 74 | Train Loss: 0.6704 | Val Cheap Loss: 0.7694 | Val Cheap Cosine Sim: 0.7742
Epoch 75 | Train Loss: 0.6686 | Val Cheap Loss: 0.7776 | Val Cheap Cosine Sim: 0.7727 | Val TACOs MSE: 0.8833
 EarlyStopping Counter: 1 out of 20
Epoch 76 | Train Loss: 0.6670 | Val Cheap Loss: 0.7813 | Val Cheap Cosine Sim: 0.7708
 EarlyStopping Counter: 2 out of 20
Epoch 77 | Train Loss: 0.6646 | Val Cheap Loss: 0.7866 | Val Cheap Cosine Sim: 0.7683
 EarlyStopping Counter: 3 out of 20
Epoch 78 | Train Loss: 0.6635 | Val Cheap Loss: 0.7755 | Val Cheap Cosine Sim: 0.7728
 EarlyStopping Counter: 4 out of 20
Epoch 79 | Train Loss: 0.6612 | Val Cheap Loss: 0.7695 | Val Cheap Cosine Sim: 0.7752
 EarlyStopping Counter: 5 out of 20
Epoch 80 | Train Loss: 0.6599 | Val Cheap Loss: 0.7744 | Val Cheap Cosine Sim: 0.7737
 EarlyStopping Counter: 6 out of 20
Epoch 81 | Train Loss: 0.6582 | Val Cheap Loss: 0.7764 | Val Cheap Cosine Sim: 0.7731
 EarlyStopping Counter: 7 out of 20
Epoch 82 | Train Loss: 0.6569 | Val Cheap Loss: 0.7737 | Val Cheap Cosine Sim: 0.7745
 EarlyStopping Counter: 8 out of 20
Epoch 83 | Train Loss: 0.6548 | Val Cheap Loss: 0.7810 | Val Cheap Cosine Sim: 0.7727
 EarlyStopping Counter: 9 out of 20
Epoch 84 | Train Loss: 0.6533 | Val Cheap Loss: 0.7689 | Val Cheap Cosine Sim: 0.7755
Epoch 85 | Train Loss: 0.6515 | Val Cheap Loss: 0.7857 | Val Cheap Cosine Sim: 0.7704
 EarlyStopping Counter: 1 out of 20
Epoch 86 | Train Loss: 0.6518 | Val Cheap Loss: 0.7721 | Val Cheap Cosine Sim: 0.7755
 EarlyStopping Counter: 2 out of 20
Epoch 87 | Train Loss: 0.6483 | Val Cheap Loss: 0.7779 | Val Cheap Cosine Sim: 0.7734
 EarlyStopping Counter: 3 out of 20
Epoch 88 | Train Loss: 0.6461 | Val Cheap Loss: 0.7669 | Val Cheap Cosine Sim: 0.7775
Epoch 89 | Train Loss: 0.6465 | Val Cheap Loss: 0.7731 | Val Cheap Cosine Sim: 0.7748
 EarlyStopping Counter: 1 out of 20
Epoch 90 | Train Loss: 0.6441 | Val Cheap Loss: 0.7677 | Val Cheap Cosine Sim: 0.7755
 EarlyStopping Counter: 2 out of 20
Epoch 91 | Train Loss: 0.6434 | Val Cheap Loss: 0.7767 | Val Cheap Cosine Sim: 0.7739
 EarlyStopping Counter: 3 out of 20
Epoch 92 | Train Loss: 0.6397 | Val Cheap Loss: 0.7638 | Val Cheap Cosine Sim: 0.7774
Epoch 93 | Train Loss: 0.6397 | Val Cheap Loss: 0.7788 | Val Cheap Cosine Sim: 0.7740
 EarlyStopping Counter: 1 out of 20
Epoch 94 | Train Loss: 0.6393 | Val Cheap Loss: 0.7653 | Val Cheap Cosine Sim: 0.7797
 EarlyStopping Counter: 2 out of 20
Epoch 95 | Train Loss: 0.6361 | Val Cheap Loss: 0.7614 | Val Cheap Cosine Sim: 0.7796
Epoch 96 | Train Loss: 0.6346 | Val Cheap Loss: 0.7731 | Val Cheap Cosine Sim: 0.7742
 EarlyStopping Counter: 1 out of 20
Epoch 97 | Train Loss: 0.6344 | Val Cheap Loss: 0.7668 | Val Cheap Cosine Sim: 0.7787
 EarlyStopping Counter: 2 out of 20
Epoch 98 | Train Loss: 0.6332 | Val Cheap Loss: 0.7738 | Val Cheap Cosine Sim: 0.7780
 EarlyStopping Counter: 3 out of 20
Epoch 99 | Train Loss: 0.6313 | Val Cheap Loss: 0.7773 | Val Cheap Cosine Sim: 0.7755
 EarlyStopping Counter: 4 out of 20
Epoch 100 | Train Loss: 0.6290 | Val Cheap Loss: 0.7713 | Val Cheap Cosine Sim: 0.7777 | Val TACOs MSE: 0.8425
 EarlyStopping Counter: 5 out of 20
Epoch 101 | Train Loss: 0.6301 | Val Cheap Loss: 0.7718 | Val Cheap Cosine Sim: 0.7770
 EarlyStopping Counter: 6 out of 20
Epoch 102 | Train Loss: 0.6276 | Val Cheap Loss: 0.7649 | Val Cheap Cosine Sim: 0.7796
 EarlyStopping Counter: 7 out of 20
Epoch 103 | Train Loss: 0.6248 | Val Cheap Loss: 0.7704 | Val Cheap Cosine Sim: 0.7779
 EarlyStopping Counter: 8 out of 20
Epoch 104 | Train Loss: 0.6250 | Val Cheap Loss: 0.7770 | Val Cheap Cosine Sim: 0.7743
 EarlyStopping Counter: 9 out of 20
Epoch 105 | Train Loss: 0.6249 | Val Cheap Loss: 0.7670 | Val Cheap Cosine Sim: 0.7786
 EarlyStopping Counter: 10 out of 20
Epoch 106 | Train Loss: 0.6220 | Val Cheap Loss: 0.7709 | Val Cheap Cosine Sim: 0.7766
 EarlyStopping Counter: 11 out of 20
Epoch 107 | Train Loss: 0.6209 | Val Cheap Loss: 0.7792 | Val Cheap Cosine Sim: 0.7744
 EarlyStopping Counter: 12 out of 20
Epoch 108 | Train Loss: 0.6198 | Val Cheap Loss: 0.7661 | Val Cheap Cosine Sim: 0.7793
 EarlyStopping Counter: 13 out of 20
Epoch 109 | Train Loss: 0.6183 | Val Cheap Loss: 0.7678 | Val Cheap Cosine Sim: 0.7788
 EarlyStopping Counter: 14 out of 20
Epoch 110 | Train Loss: 0.6176 | Val Cheap Loss: 0.7694 | Val Cheap Cosine Sim: 0.7792
 EarlyStopping Counter: 15 out of 20
Epoch 111 | Train Loss: 0.6162 | Val Cheap Loss: 0.7665 | Val Cheap Cosine Sim: 0.7799
 EarlyStopping Counter: 16 out of 20
Epoch 112 | Train Loss: 0.6144 | Val Cheap Loss: 0.7652 | Val Cheap Cosine Sim: 0.7803
 EarlyStopping Counter: 17 out of 20
Epoch 113 | Train Loss: 0.6141 | Val Cheap Loss: 0.7730 | Val Cheap Cosine Sim: 0.7784
 EarlyStopping Counter: 18 out of 20
Epoch 114 | Train Loss: 0.6116 | Val Cheap Loss: 0.7721 | Val Cheap Cosine Sim: 0.7782
 EarlyStopping Counter: 19 out of 20
Epoch 115 | Train Loss: 0.6106 | Val Cheap Loss: 0.7799 | Val Cheap Cosine Sim: 0.7763
 EarlyStopping Counter: 20 out of 20

[EARLY STOPPING TRIGGERED] Validation profile plateaued for 20 epochs. Terminating run.

--- Evaluation Results: ONE_SHOT ---
Run Name: arcface_baseline_mse_scaled_spreadLoss0.1_new
----------------------------------------
[1. Prediction to Ground-Truth Alignment]
  - Embedding 1 -> MSE Distance: 0.346097 | Cosine Similarity: 0.818444
  - Embedding 2 -> MSE Distance: 0.346097 | Cosine Similarity: 0.818378

[2. Proximity to True Average Mixture (c)]
  - Predicted 1 to c -> MSE Distance: 0.363906 | Cosine Similarity: 0.772602
  - Baseline GT 1 to c -> MSE Distance: 0.464507 | Cosine Similarity: 0.731004
  - Predicted 2 to c -> MSE Distance: 0.363906 | Cosine Similarity: 0.771242
  - Baseline GT 2 to c -> MSE Distance: 0.464507 | Cosine Similarity: 0.731004

[3. Predicted Outputs Inter-Relationship / Spread]
  - Inter-Predicted (p1 vs p2) -> MSE: 1.455624 | Cosine Similarity: 0.197424
  - Inter-Ground-Truth (z1 vs z2) -> MSE: 1.858027 | Cosine Similarity: 0.070986

[4. Success Rate of Reversal (%S)]
  - Embedding 1 -> %S1: 75.50%
  - Embedding 2 -> %S2: 74.80%
  - Combined Total -> %S: 75.15%


--- Evaluation Results: ITERATIVE ---
Run Name: arcface_baseline_mse_scaled_spreadLoss0.1_new
----------------------------------------
[1. Prediction to Ground-Truth Alignment]
  - Embedding 1 -> MSE Distance: 0.416254 | Cosine Similarity: 0.781957
  - Embedding 2 -> MSE Distance: 0.416254 | Cosine Similarity: 0.780789

[2. Proximity to True Average Mixture (c)]
  - Predicted 1 to c -> MSE Distance: 0.318752 | Cosine Similarity: 0.794547
  - Baseline GT 1 to c -> MSE Distance: 0.464507 | Cosine Similarity: 0.731004
  - Predicted 2 to c -> MSE Distance: 0.318752 | Cosine Similarity: 0.792210
  - Baseline GT 2 to c -> MSE Distance: 0.464507 | Cosine Similarity: 0.731004

[3. Predicted Outputs Inter-Relationship / Spread]
  - Inter-Predicted (p1 vs p2) -> MSE: 1.275007 | Cosine Similarity: 0.284567
  - Inter-Ground-Truth (z1 vs z2) -> MSE: 1.858027 | Cosine Similarity: 0.070986

[4. Success Rate of Reversal (%S)]
  - Embedding 1 -> %S1: 53.20%
  - Embedding 2 -> %S2: 53.70%
  - Combined Total -> %S: 53.45%

