Loading ArcFace embeddings...
--> Saved new best checkpoint based on Cheap Val to experiments/avg_arcface_50_50_pit_real/checkpoints/best.pt
Epoch 1 | Train L1: 0.4531 | Val Cheap L1: 0.3469
--> Saved new best checkpoint based on Cheap Val to experiments/avg_arcface_50_50_pit_real/checkpoints/best.pt
Epoch 2 | Train L1: 0.3434 | Val Cheap L1: 0.3394
--> Saved new best checkpoint based on Cheap Val to experiments/avg_arcface_50_50_pit_real/checkpoints/best.pt
Epoch 3 | Train L1: 0.3364 | Val Cheap L1: 0.3383
--> Saved new best checkpoint based on Cheap Val to experiments/avg_arcface_50_50_pit_real/checkpoints/best.pt
Epoch 4 | Train L1: 0.3301 | Val Cheap L1: 0.3312
--> Saved new best checkpoint based on Cheap Val to experiments/avg_arcface_50_50_pit_real/checkpoints/best.pt
Epoch 5 | Train L1: 0.3239 | Val Cheap L1: 0.3223 | Val TACOs L1: 0.5094
--> Saved new best checkpoint based on Cheap Val to experiments/avg_arcface_50_50_pit_real/checkpoints/best.pt
Epoch 6 | Train L1: 0.3178 | Val Cheap L1: 0.3189
--> Saved new best checkpoint based on Cheap Val to experiments/avg_arcface_50_50_pit_real/checkpoints/best.pt
Epoch 7 | Train L1: 0.3128 | Val Cheap L1: 0.3134
--> Saved new best checkpoint based on Cheap Val to experiments/avg_arcface_50_50_pit_real/checkpoints/best.pt
Epoch 8 | Train L1: 0.3074 | Val Cheap L1: 0.3125
--> Saved new best checkpoint based on Cheap Val to experiments/avg_arcface_50_50_pit_real/checkpoints/best.pt
Epoch 9 | Train L1: 0.3035 | Val Cheap L1: 0.3103
Epoch 10 | Train L1: 0.3006 | Val Cheap L1: 0.3105 | Val TACOs L1: 0.4721
--> Saved new best checkpoint based on Cheap Val to experiments/avg_arcface_50_50_pit_real/checkpoints/best.pt
Epoch 11 | Train L1: 0.2978 | Val Cheap L1: 0.3031
Epoch 12 | Train L1: 0.2954 | Val Cheap L1: 0.3049
--> Saved new best checkpoint based on Cheap Val to experiments/avg_arcface_50_50_pit_real/checkpoints/best.pt
Epoch 13 | Train L1: 0.2931 | Val Cheap L1: 0.3019
--> Saved new best checkpoint based on Cheap Val to experiments/avg_arcface_50_50_pit_real/checkpoints/best.pt
Epoch 14 | Train L1: 0.2912 | Val Cheap L1: 0.3014
--> Saved new best checkpoint based on Cheap Val to experiments/avg_arcface_50_50_pit_real/checkpoints/best.pt
Epoch 15 | Train L1: 0.2889 | Val Cheap L1: 0.2990 | Val TACOs L1: 0.4605
--> Saved new best checkpoint based on Cheap Val to experiments/avg_arcface_50_50_pit_real/checkpoints/best.pt
Epoch 16 | Train L1: 0.2867 | Val Cheap L1: 0.2990
--> Saved new best checkpoint based on Cheap Val to experiments/avg_arcface_50_50_pit_real/checkpoints/best.pt
Epoch 17 | Train L1: 0.2851 | Val Cheap L1: 0.2957
Epoch 18 | Train L1: 0.2838 | Val Cheap L1: 0.2957
--> Saved new best checkpoint based on Cheap Val to experiments/avg_arcface_50_50_pit_real/checkpoints/best.pt
Epoch 19 | Train L1: 0.2820 | Val Cheap L1: 0.2948
--> Saved new best checkpoint based on Cheap Val to experiments/avg_arcface_50_50_pit_real/checkpoints/best.pt
Epoch 20 | Train L1: 0.2812 | Val Cheap L1: 0.2925 | Val TACOs L1: 0.4517
Epoch 21 | Train L1: 0.2797 | Val Cheap L1: 0.2948
Epoch 22 | Train L1: 0.2779 | Val Cheap L1: 0.2943
Epoch 23 | Train L1: 0.2768 | Val Cheap L1: 0.2934
--> Saved new best checkpoint based on Cheap Val to experiments/avg_arcface_50_50_pit_real/checkpoints/best.pt
Epoch 24 | Train L1: 0.2760 | Val Cheap L1: 0.2921
--> Saved new best checkpoint based on Cheap Val to experiments/avg_arcface_50_50_pit_real/checkpoints/best.pt
Epoch 25 | Train L1: 0.2749 | Val Cheap L1: 0.2903 | Val TACOs L1: 0.4466
Epoch 26 | Train L1: 0.2738 | Val Cheap L1: 0.2934
Epoch 27 | Train L1: 0.2728 | Val Cheap L1: 0.2925
Epoch 28 | Train L1: 0.2726 | Val Cheap L1: 0.2925
--> Saved new best checkpoint based on Cheap Val to experiments/avg_arcface_50_50_pit_real/checkpoints/best.pt
Epoch 29 | Train L1: 0.2713 | Val Cheap L1: 0.2888
Epoch 30 | Train L1: 0.2699 | Val Cheap L1: 0.2908 | Val TACOs L1: 0.4419
Epoch 31 | Train L1: 0.2690 | Val Cheap L1: 0.2900
Epoch 32 | Train L1: 0.2682 | Val Cheap L1: 0.2905
Epoch 33 | Train L1: 0.2671 | Val Cheap L1: 0.2922
--> Saved new best checkpoint based on Cheap Val to experiments/avg_arcface_50_50_pit_real/checkpoints/best.pt
Epoch 34 | Train L1: 0.2666 | Val Cheap L1: 0.2882
--> Saved new best checkpoint based on Cheap Val to experiments/avg_arcface_50_50_pit_real/checkpoints/best.pt
Epoch 35 | Train L1: 0.2655 | Val Cheap L1: 0.2868 | Val TACOs L1: 0.4357
Epoch 36 | Train L1: 0.2647 | Val Cheap L1: 0.2909
Epoch 37 | Train L1: 0.2641 | Val Cheap L1: 0.2870
Epoch 38 | Train L1: 0.2628 | Val Cheap L1: 0.2871
Epoch 39 | Train L1: 0.2624 | Val Cheap L1: 0.2890
Epoch 40 | Train L1: 0.2628 | Val Cheap L1: 0.2888 | Val TACOs L1: 0.4377
Epoch 41 | Train L1: 0.2619 | Val Cheap L1: 0.2878
Epoch 42 | Train L1: 0.2611 | Val Cheap L1: 0.2889
--> Saved new best checkpoint based on Cheap Val to experiments/avg_arcface_50_50_pit_real/checkpoints/best.pt
Epoch 43 | Train L1: 0.2605 | Val Cheap L1: 0.2851
Epoch 44 | Train L1: 0.2591 | Val Cheap L1: 0.2874
Epoch 45 | Train L1: 0.2582 | Val Cheap L1: 0.2869 | Val TACOs L1: 0.4338
Epoch 46 | Train L1: 0.2576 | Val Cheap L1: 0.2868
Epoch 47 | Train L1: 0.2577 | Val Cheap L1: 0.2856
Epoch 48 | Train L1: 0.2570 | Val Cheap L1: 0.2871
Epoch 49 | Train L1: 0.2564 | Val Cheap L1: 0.2884
Epoch 50 | Train L1: 0.2558 | Val Cheap L1: 0.2876 | Val TACOs L1: 0.4318
Loading ArcFace embeddings for one_shot evaluation...
Loading weights from experiments/avg_arcface_50_50_pit_real/checkpoints/best.pt...

--- Evaluation Results (Permutation Invariant & Spherical TACOs): ONE_SHOT ---
Run Name: avg_arcface_50_50_pit_real
Validation Pairs: 10,000
----------------------------------------
L1 Distance (Scaled space): 0.422879
L1 Distance (Raw ArcFace):  0.019454
Cosine Similarity:          0.840598

Saved evaluation results to experiments/avg_arcface_50_50_pit_real/eval_one_shot.txt
Loading ArcFace embeddings for iterative evaluation...
Loading weights from experiments/avg_arcface_50_50_pit_real/checkpoints/best.pt...

--- Evaluation Results (Permutation Invariant & Spherical TACOs): ITERATIVE ---
Run Name: avg_arcface_50_50_pit_real
Validation Pairs: 10,000
----------------------------------------
L1 Distance (Scaled space): 0.434170
L1 Distance (Raw ArcFace):  0.019792
Cosine Similarity:          0.834994

Saved evaluation results to experiments/avg_arcface_50_50_pit_real/eval_iterative.txt
