Size of test: 1000 source images, 1000 pairs
Setting up [LPIPS] perceptual loss: trunk [alex], v[0.1], spatial [off]
Loading model from: /nas-ctm01/homes/dacordeiro/.conda/envs/test/lib/python3.10/site-packages/lpips/weights/v0.1/alex.pth

>>> Launching Brightness Delta vs Separation Correlation Study...
=========================================================================
        COLD DIFFUSION IDENTITY SEPARATION CORRELATION REPORT
=========================================================================

Target Experiment Split: Validation / Test Set
Total Image Pairs Evaluated: 1000
Observed Brightness Deltas: Min 0.06 to Max 133.30

-------------------------------------------------------------------------
1. LINEAR CORRELATION ANALYSIS (Pearson r Coefficients)
-------------------------------------------------------------------------
Interpretation Guide:
  - Positive r for SSIM/PSNR means wider brightness gaps yield higher generation quality.
  - Negative r for LPIPS/Swaps means wider brightness gaps reduce perceptual error/swapping.

  Brightness Delta vs SSIM Bright  : +0.3850
  Brightness Delta vs SSIM Dark    : +0.2205
  Brightness Delta vs PSNR Bright  : +0.3610
  Brightness Delta vs PSNR Dark    : +0.3630
  Brightness Delta vs LPIPS Bright : -0.2165
  Brightness Delta vs LPIPS Dark   : -0.1854
  Brightness Delta vs Swap Rate    : -0.3570

-------------------------------------------------------------------------
2. STRATIFIED QUARTILE ANALYSIS (Dataset Split into 4 Equal-Sized Bins)
-------------------------------------------------------------------------

BIN 1 | Brightness Difference Range: [0.06 to 14.65] (Samples = 250)
  -> Average Brightness Delta : 6.92
  -> Identity Swap Rate       : 35.20%
  -> SSIM Reconstructed (B/D) : 0.7621 / 0.7522
  -> PSNR Reconstructed (B/D) : 20.33 dB / 20.32 dB
  -> LPIPS Distances    (B/D) : 0.0676 / 0.0726

BIN 2 | Brightness Difference Range: [14.65 to 31.60] (Samples = 250)
  -> Average Brightness Delta : 22.79
  -> Identity Swap Rate       : 13.20%
  -> SSIM Reconstructed (B/D) : 0.8017 / 0.7714
  -> PSNR Reconstructed (B/D) : 21.55 dB / 21.54 dB
  -> LPIPS Distances    (B/D) : 0.0552 / 0.0655

BIN 3 | Brightness Difference Range: [31.60 to 52.07] (Samples = 250)
  -> Average Brightness Delta : 41.57
  -> Identity Swap Rate       : 1.20%
  -> SSIM Reconstructed (B/D) : 0.8324 / 0.7881
  -> PSNR Reconstructed (B/D) : 22.73 dB / 22.72 dB
  -> LPIPS Distances    (B/D) : 0.0450 / 0.0595

BIN 4 | Brightness Difference Range: [52.07 to 133.30] (Samples = 250)
  -> Average Brightness Delta : 72.26
  -> Identity Swap Rate       : 0.40%
  -> SSIM Reconstructed (B/D) : 0.8483 / 0.7990
  -> PSNR Reconstructed (B/D) : 23.27 dB / 23.26 dB
  -> LPIPS Distances    (B/D) : 0.0451 / 0.0556

>>> Statistical analysis report successfully dumped to: experiments/faces_dual_iso/results/brightness_separation_analysis.txt

