Epoch 1 | Train Loss: 1.3337 | Val Cheap Loss: 1.1618 | Val Last-T Loss: 1.2174
Epoch 2 | Train Loss: 1.1193 | Val Cheap Loss: 1.0933 | Val Last-T Loss: 1.1673
Epoch 3 | Train Loss: 1.0864 | Val Cheap Loss: 1.0805 | Val Last-T Loss: 1.1537
Epoch 4 | Train Loss: 1.0734 | Val Cheap Loss: 1.0776 | Val Last-T Loss: 1.1488
Epoch 5 | Train Loss: 1.0650 | Val Cheap Loss: 1.0665 | Val Last-T Loss: 1.1387
Epoch 6 | Train Loss: 1.0564 | Val Cheap Loss: 1.0599 | Val Last-T Loss: 1.1334
Epoch 7 | Train Loss: 1.0482 | Val Cheap Loss: 1.0551 | Val Last-T Loss: 1.1281
Epoch 8 | Train Loss: 1.0400 | Val Cheap Loss: 1.0518 | Val Last-T Loss: 1.1227
Epoch 9 | Train Loss: 1.0322 | Val Cheap Loss: 1.0506 | Val Last-T Loss: 1.1204
Epoch 10 | Train Loss: 1.0252 | Val Cheap Loss: 1.0448 | Val Last-T Loss: 1.1185
Epoch 11 | Train Loss: 1.0182 | Val Cheap Loss: 1.0411 | Val Last-T Loss: 1.1112
Epoch 12 | Train Loss: 1.0113 | Val Cheap Loss: 1.0425 | Val Last-T Loss: 1.1117
 EarlyStopping Counter: 1 out of 20
Epoch 13 | Train Loss: 1.0050 | Val Cheap Loss: 1.0431 | Val Last-T Loss: 1.1091
 EarlyStopping Counter: 2 out of 20
Epoch 14 | Train Loss: 0.9988 | Val Cheap Loss: 1.0448 | Val Last-T Loss: 1.1075
 EarlyStopping Counter: 3 out of 20
Epoch 15 | Train Loss: 0.9935 | Val Cheap Loss: 1.0396 | Val Last-T Loss: 1.1027
Epoch 16 | Train Loss: 0.9876 | Val Cheap Loss: 1.0388 | Val Last-T Loss: 1.1009
Epoch 17 | Train Loss: 0.9819 | Val Cheap Loss: 1.0399 | Val Last-T Loss: 1.0999
 EarlyStopping Counter: 1 out of 20
Epoch 18 | Train Loss: 0.9777 | Val Cheap Loss: 1.0373 | Val Last-T Loss: 1.0958
Epoch 19 | Train Loss: 0.9724 | Val Cheap Loss: 1.0374 | Val Last-T Loss: 1.0961
 EarlyStopping Counter: 1 out of 20
Epoch 20 | Train Loss: 0.9678 | Val Cheap Loss: 1.0437 | Val Last-T Loss: 1.0976
 EarlyStopping Counter: 2 out of 20
Epoch 21 | Train Loss: 0.9639 | Val Cheap Loss: 1.0392 | Val Last-T Loss: 1.0930
 EarlyStopping Counter: 3 out of 20
Epoch 22 | Train Loss: 0.9589 | Val Cheap Loss: 1.0390 | Val Last-T Loss: 1.0915
 EarlyStopping Counter: 4 out of 20
Epoch 23 | Train Loss: 0.9549 | Val Cheap Loss: 1.0384 | Val Last-T Loss: 1.0917
 EarlyStopping Counter: 5 out of 20
Epoch 24 | Train Loss: 0.9507 | Val Cheap Loss: 1.0437 | Val Last-T Loss: 1.0918
 EarlyStopping Counter: 6 out of 20
Epoch 25 | Train Loss: 0.9470 | Val Cheap Loss: 1.0435 | Val Last-T Loss: 1.0923 | Val TACOs L1: 1.0851
 EarlyStopping Counter: 7 out of 20
Epoch 26 | Train Loss: 0.9431 | Val Cheap Loss: 1.0437 | Val Last-T Loss: 1.0920
 EarlyStopping Counter: 8 out of 20
Epoch 27 | Train Loss: 0.9395 | Val Cheap Loss: 1.0430 | Val Last-T Loss: 1.0907
 EarlyStopping Counter: 9 out of 20
Epoch 28 | Train Loss: 0.9356 | Val Cheap Loss: 1.0540 | Val Last-T Loss: 1.0929
 EarlyStopping Counter: 10 out of 20
Epoch 29 | Train Loss: 0.9329 | Val Cheap Loss: 1.0468 | Val Last-T Loss: 1.0872
 EarlyStopping Counter: 11 out of 20
Epoch 30 | Train Loss: 0.9285 | Val Cheap Loss: 1.0505 | Val Last-T Loss: 1.0881
 EarlyStopping Counter: 12 out of 20
Epoch 31 | Train Loss: 0.9252 | Val Cheap Loss: 1.0567 | Val Last-T Loss: 1.0893
 EarlyStopping Counter: 13 out of 20
Epoch 32 | Train Loss: 0.9225 | Val Cheap Loss: 1.0483 | Val Last-T Loss: 1.0891
 EarlyStopping Counter: 14 out of 20
Epoch 33 | Train Loss: 0.9192 | Val Cheap Loss: 1.0538 | Val Last-T Loss: 1.0879
 EarlyStopping Counter: 15 out of 20
Epoch 34 | Train Loss: 0.9164 | Val Cheap Loss: 1.0519 | Val Last-T Loss: 1.0863
 EarlyStopping Counter: 16 out of 20
Epoch 35 | Train Loss: 0.9131 | Val Cheap Loss: 1.0505 | Val Last-T Loss: 1.0854
 EarlyStopping Counter: 17 out of 20
Epoch 36 | Train Loss: 0.9103 | Val Cheap Loss: 1.0609 | Val Last-T Loss: 1.0873
 EarlyStopping Counter: 18 out of 20
Epoch 37 | Train Loss: 0.9073 | Val Cheap Loss: 1.0571 | Val Last-T Loss: 1.0882
 EarlyStopping Counter: 19 out of 20
Epoch 38 | Train Loss: 0.9049 | Val Cheap Loss: 1.0616 | Val Last-T Loss: 1.0824
 EarlyStopping Counter: 20 out of 20

[EARLY STOPPING TRIGGERED] Validation profile plateaued. Terminating run.

--- Evaluation Results: ONE_SHOT ---
Run Name: diffae_sorted_pc2
Sorted via PC Component Index: 2
----------------------------------------
[1. Prediction to Ground-Truth Alignment]
  - Embedding 1 -> L1 Distance: 0.621034 | Cosine Similarity: 0.624332
  - Embedding 2 -> L1 Distance: 0.621034 | Cosine Similarity: 0.634311

[2. Proximity to True Average Mixture (c)]
  - Predicted 1 to c -> L1 Distance: 0.266177 | Cosine Similarity: 0.901018
  - Baseline GT 1 to c -> L1 Distance: 0.562880 | Cosine Similarity: 0.697402
  - Predicted 2 to c -> L1 Distance: 0.266177 | Cosine Similarity: 0.891323
  - Baseline GT 2 to c -> L1 Distance: 0.562880 | Cosine Similarity: 0.712017

[3. Predicted Outputs Inter-Relationship / Spread]
  - Inter-Predicted (p1 vs p2) -> L1: 0.532355 | Cosine Similarity: 0.622560
  - Inter-Ground-Truth (z1 vs z2) -> L1: 1.125759 | Cosine Similarity: -0.002203


--- Evaluation Results: ITERATIVE ---
Run Name: diffae_sorted_pc2
Sorted via PC Component Index: 2
----------------------------------------
[1. Prediction to Ground-Truth Alignment]
  - Embedding 1 -> L1 Distance: 0.644219 | Cosine Similarity: 0.605665
  - Embedding 2 -> L1 Distance: 0.644219 | Cosine Similarity: 0.607416

[2. Proximity to True Average Mixture (c)]
  - Predicted 1 to c -> L1 Distance: 0.316239 | Cosine Similarity: 0.889407
  - Baseline GT 1 to c -> L1 Distance: 0.562880 | Cosine Similarity: 0.697402
  - Predicted 2 to c -> L1 Distance: 0.316239 | Cosine Similarity: 0.851822
  - Baseline GT 2 to c -> L1 Distance: 0.562880 | Cosine Similarity: 0.712017

[3. Predicted Outputs Inter-Relationship / Spread]
  - Inter-Predicted (p1 vs p2) -> L1: 0.632478 | Cosine Similarity: 0.534743
  - Inter-Ground-Truth (z1 vs z2) -> L1: 1.125759 | Cosine Similarity: -0.002203

