--- Initializing Data Loaders on cuda ---
Epoch 01/50 | Train MSE: 0.002625 | Val MSE: 0.002237
Epoch 02/50 | Train MSE: 0.002148 | Val MSE: 0.002028
Epoch 03/50 | Train MSE: 0.001988 | Val MSE: 0.001912
Epoch 04/50 | Train MSE: 0.001877 | Val MSE: 0.001822
Epoch 05/50 | Train MSE: 0.001792 | Val MSE: 0.001759
Epoch 06/50 | Train MSE: 0.001732 | Val MSE: 0.001717
Epoch 07/50 | Train MSE: 0.001686 | Val MSE: 0.001685
Epoch 08/50 | Train MSE: 0.001649 | Val MSE: 0.001660
Epoch 09/50 | Train MSE: 0.001619 | Val MSE: 0.001641
Epoch 10/50 | Train MSE: 0.001592 | Val MSE: 0.001626
Epoch 11/50 | Train MSE: 0.001570 | Val MSE: 0.001612
Epoch 12/50 | Train MSE: 0.001549 | Val MSE: 0.001601
Epoch 13/50 | Train MSE: 0.001531 | Val MSE: 0.001592
Epoch 14/50 | Train MSE: 0.001513 | Val MSE: 0.001584
Epoch 15/50 | Train MSE: 0.001498 | Val MSE: 0.001577
Epoch 16/50 | Train MSE: 0.001484 | Val MSE: 0.001572
Epoch 17/50 | Train MSE: 0.001471 | Val MSE: 0.001567
Epoch 18/50 | Train MSE: 0.001459 | Val MSE: 0.001563
Epoch 19/50 | Train MSE: 0.001447 | Val MSE: 0.001560
Epoch 20/50 | Train MSE: 0.001437 | Val MSE: 0.001557
Epoch 21/50 | Train MSE: 0.001426 | Val MSE: 0.001554
Epoch 22/50 | Train MSE: 0.001416 | Val MSE: 0.001552
Epoch 23/50 | Train MSE: 0.001407 | Val MSE: 0.001550
Epoch 24/50 | Train MSE: 0.001398 | Val MSE: 0.001549
Epoch 25/50 | Train MSE: 0.001390 | Val MSE: 0.001549
Epoch 26/50 | Train MSE: 0.001381 | Val MSE: 0.001548
Epoch 27/50 | Train MSE: 0.001373 | Val MSE: 0.001547
Epoch 28/50 | Train MSE: 0.001366 | Val MSE: 0.001547
Epoch 29/50 | Train MSE: 0.001359 | Val MSE: 0.001546
Epoch 30/50 | Train MSE: 0.001353 | Val MSE: 0.001546
Epoch 31/50 | Train MSE: 0.001346 | Val MSE: 0.001547
Epoch 32/50 | Train MSE: 0.001339 | Val MSE: 0.001546
Epoch 33/50 | Train MSE: 0.001332 | Val MSE: 0.001547
Epoch 34/50 | Train MSE: 0.001326 | Val MSE: 0.001547
Epoch 35/50 | Train MSE: 0.001321 | Val MSE: 0.001547
Epoch 36/50 | Train MSE: 0.001315 | Val MSE: 0.001548
Epoch 37/50 | Train MSE: 0.001309 | Val MSE: 0.001549
Epoch 38/50 | Train MSE: 0.001304 | Val MSE: 0.001549
Epoch 39/50 | Train MSE: 0.001299 | Val MSE: 0.001551
Epoch 40/50 | Train MSE: 0.001294 | Val MSE: 0.001550
Epoch 41/50 | Train MSE: 0.001289 | Val MSE: 0.001551
Epoch 42/50 | Train MSE: 0.001285 | Val MSE: 0.001553
Epoch 43/50 | Train MSE: 0.001279 | Val MSE: 0.001555
Epoch 44/50 | Train MSE: 0.001274 | Val MSE: 0.001556
Epoch 45/50 | Train MSE: 0.001270 | Val MSE: 0.001557
Epoch 46/50 | Train MSE: 0.001265 | Val MSE: 0.001557
Epoch 47/50 | Train MSE: 0.001260 | Val MSE: 0.001559
Epoch 48/50 | Train MSE: 0.001256 | Val MSE: 0.001560
Epoch 49/50 | Train MSE: 0.001253 | Val MSE: 0.001561
Epoch 50/50 | Train MSE: 0.001248 | Val MSE: 0.001562

--- Training Complete in 1.09 minutes ---

--- Running Final Evaluation on Isolated Test Set ---
====================================================
           LATENT MAPPER EVALUATION REPORT          
====================================================

Model Architecture: MLP (512 -> 1024 -> 1024 -> 512)
Normalization:      Input Z-Score | Output L2 Normalization
Loss Function:      Mean Squared Error (MSE)
Test Set Size:      7000 samples

--- METRICS ---
Average Cosine Similarity:  0.6056 (Closer to 1.0 is better)
Minimum Cosine Similarity:  -0.0184 (Worst-case translation)
Average Mean Squared Error: 0.001541 (Closer to 0.0 is better)

====================================================

[SUCCESS] Report saved to: evaluation_report_mse.txt
