Epoch 1 | Train Loss: 1.6297 | Val Cheap Loss: 1.3309 | Val Cheap Cosine Sim: 0.5777
Epoch 2 | Train Loss: 1.1729 | Val Cheap Loss: 1.0522 | Val Cheap Cosine Sim: 0.6789
Epoch 3 | Train Loss: 1.0155 | Val Cheap Loss: 0.9855 | Val Cheap Cosine Sim: 0.7014
Epoch 4 | Train Loss: 0.9799 | Val Cheap Loss: 0.9769 | Val Cheap Cosine Sim: 0.7046
Epoch 5 | Train Loss: 0.9651 | Val Cheap Loss: 0.9721 | Val Cheap Cosine Sim: 0.7054
Epoch 6 | Train Loss: 0.9553 | Val Cheap Loss: 0.9567 | Val Cheap Cosine Sim: 0.7096
Epoch 7 | Train Loss: 0.9464 | Val Cheap Loss: 0.9496 | Val Cheap Cosine Sim: 0.7124
Epoch 8 | Train Loss: 0.9361 | Val Cheap Loss: 0.9372 | Val Cheap Cosine Sim: 0.7149
Epoch 9 | Train Loss: 0.9266 | Val Cheap Loss: 0.9214 | Val Cheap Cosine Sim: 0.7205
Epoch 10 | Train Loss: 0.9133 | Val Cheap Loss: 0.9172 | Val Cheap Cosine Sim: 0.7202
Epoch 11 | Train Loss: 0.9039 | Val Cheap Loss: 0.9151 | Val Cheap Cosine Sim: 0.7179
Epoch 12 | Train Loss: 0.8887 | Val Cheap Loss: 0.8924 | Val Cheap Cosine Sim: 0.7262
Epoch 13 | Train Loss: 0.8794 | Val Cheap Loss: 0.8908 | Val Cheap Cosine Sim: 0.7258
Epoch 14 | Train Loss: 0.8683 | Val Cheap Loss: 0.8741 | Val Cheap Cosine Sim: 0.7325
Epoch 15 | Train Loss: 0.8563 | Val Cheap Loss: 0.8678 | Val Cheap Cosine Sim: 0.7326
Epoch 16 | Train Loss: 0.8474 | Val Cheap Loss: 0.8568 | Val Cheap Cosine Sim: 0.7387
Epoch 17 | Train Loss: 0.8383 | Val Cheap Loss: 0.8580 | Val Cheap Cosine Sim: 0.7373
 EarlyStopping Counter: 1 out of 20
Epoch 18 | Train Loss: 0.8292 | Val Cheap Loss: 0.8466 | Val Cheap Cosine Sim: 0.7394
Epoch 19 | Train Loss: 0.8224 | Val Cheap Loss: 0.8389 | Val Cheap Cosine Sim: 0.7430
Epoch 20 | Train Loss: 0.8146 | Val Cheap Loss: 0.8339 | Val Cheap Cosine Sim: 0.7444
Epoch 21 | Train Loss: 0.8066 | Val Cheap Loss: 0.8343 | Val Cheap Cosine Sim: 0.7454
 EarlyStopping Counter: 1 out of 20
Epoch 22 | Train Loss: 0.8002 | Val Cheap Loss: 0.8275 | Val Cheap Cosine Sim: 0.7470
Epoch 23 | Train Loss: 0.7938 | Val Cheap Loss: 0.8343 | Val Cheap Cosine Sim: 0.7419
 EarlyStopping Counter: 1 out of 20
Epoch 24 | Train Loss: 0.7874 | Val Cheap Loss: 0.8225 | Val Cheap Cosine Sim: 0.7487
Epoch 25 | Train Loss: 0.7822 | Val Cheap Loss: 0.8160 | Val Cheap Cosine Sim: 0.7513 | Val TACOs MSE: 0.9781
Epoch 26 | Train Loss: 0.7785 | Val Cheap Loss: 0.8148 | Val Cheap Cosine Sim: 0.7511
Epoch 27 | Train Loss: 0.7712 | Val Cheap Loss: 0.8043 | Val Cheap Cosine Sim: 0.7558
Epoch 28 | Train Loss: 0.7686 | Val Cheap Loss: 0.8065 | Val Cheap Cosine Sim: 0.7539
 EarlyStopping Counter: 1 out of 20
Epoch 29 | Train Loss: 0.7620 | Val Cheap Loss: 0.8107 | Val Cheap Cosine Sim: 0.7538
 EarlyStopping Counter: 2 out of 20
Epoch 30 | Train Loss: 0.7574 | Val Cheap Loss: 0.7901 | Val Cheap Cosine Sim: 0.7608
Epoch 31 | Train Loss: 0.7533 | Val Cheap Loss: 0.7989 | Val Cheap Cosine Sim: 0.7573
 EarlyStopping Counter: 1 out of 20
Epoch 32 | Train Loss: 0.7477 | Val Cheap Loss: 0.8031 | Val Cheap Cosine Sim: 0.7541
 EarlyStopping Counter: 2 out of 20
Epoch 33 | Train Loss: 0.7453 | Val Cheap Loss: 0.7860 | Val Cheap Cosine Sim: 0.7616
Epoch 34 | Train Loss: 0.7407 | Val Cheap Loss: 0.7960 | Val Cheap Cosine Sim: 0.7583
 EarlyStopping Counter: 1 out of 20
Epoch 35 | Train Loss: 0.7363 | Val Cheap Loss: 0.7921 | Val Cheap Cosine Sim: 0.7596
 EarlyStopping Counter: 2 out of 20
Epoch 36 | Train Loss: 0.7328 | Val Cheap Loss: 0.7853 | Val Cheap Cosine Sim: 0.7614
Epoch 37 | Train Loss: 0.7286 | Val Cheap Loss: 0.7828 | Val Cheap Cosine Sim: 0.7636
Epoch 38 | Train Loss: 0.7253 | Val Cheap Loss: 0.7770 | Val Cheap Cosine Sim: 0.7649
Epoch 39 | Train Loss: 0.7222 | Val Cheap Loss: 0.7844 | Val Cheap Cosine Sim: 0.7619
 EarlyStopping Counter: 1 out of 20
Epoch 40 | Train Loss: 0.7195 | Val Cheap Loss: 0.7780 | Val Cheap Cosine Sim: 0.7643
 EarlyStopping Counter: 2 out of 20
Epoch 41 | Train Loss: 0.7153 | Val Cheap Loss: 0.7783 | Val Cheap Cosine Sim: 0.7650
 EarlyStopping Counter: 3 out of 20
Epoch 42 | Train Loss: 0.7116 | Val Cheap Loss: 0.7727 | Val Cheap Cosine Sim: 0.7679
Epoch 43 | Train Loss: 0.7100 | Val Cheap Loss: 0.7764 | Val Cheap Cosine Sim: 0.7665
 EarlyStopping Counter: 1 out of 20
Epoch 44 | Train Loss: 0.7069 | Val Cheap Loss: 0.7681 | Val Cheap Cosine Sim: 0.7701
Epoch 45 | Train Loss: 0.7036 | Val Cheap Loss: 0.7731 | Val Cheap Cosine Sim: 0.7665
 EarlyStopping Counter: 1 out of 20
Epoch 46 | Train Loss: 0.7016 | Val Cheap Loss: 0.7671 | Val Cheap Cosine Sim: 0.7696
Epoch 47 | Train Loss: 0.6982 | Val Cheap Loss: 0.7815 | Val Cheap Cosine Sim: 0.7636
 EarlyStopping Counter: 1 out of 20
Epoch 48 | Train Loss: 0.6961 | Val Cheap Loss: 0.7638 | Val Cheap Cosine Sim: 0.7697
Epoch 49 | Train Loss: 0.6930 | Val Cheap Loss: 0.7541 | Val Cheap Cosine Sim: 0.7749
Epoch 50 | Train Loss: 0.6888 | Val Cheap Loss: 0.7672 | Val Cheap Cosine Sim: 0.7682 | Val TACOs MSE: 0.9171
 EarlyStopping Counter: 1 out of 20
Epoch 51 | Train Loss: 0.6887 | Val Cheap Loss: 0.7675 | Val Cheap Cosine Sim: 0.7689
 EarlyStopping Counter: 2 out of 20
Epoch 52 | Train Loss: 0.6853 | Val Cheap Loss: 0.7707 | Val Cheap Cosine Sim: 0.7677
 EarlyStopping Counter: 3 out of 20
Epoch 53 | Train Loss: 0.6841 | Val Cheap Loss: 0.7538 | Val Cheap Cosine Sim: 0.7743
Epoch 54 | Train Loss: 0.6799 | Val Cheap Loss: 0.7567 | Val Cheap Cosine Sim: 0.7740
 EarlyStopping Counter: 1 out of 20
Epoch 55 | Train Loss: 0.6773 | Val Cheap Loss: 0.7616 | Val Cheap Cosine Sim: 0.7720
 EarlyStopping Counter: 2 out of 20
Epoch 56 | Train Loss: 0.6759 | Val Cheap Loss: 0.7586 | Val Cheap Cosine Sim: 0.7734
 EarlyStopping Counter: 3 out of 20
Epoch 57 | Train Loss: 0.6738 | Val Cheap Loss: 0.7673 | Val Cheap Cosine Sim: 0.7697
 EarlyStopping Counter: 4 out of 20
Epoch 58 | Train Loss: 0.6704 | Val Cheap Loss: 0.7525 | Val Cheap Cosine Sim: 0.7750
Epoch 59 | Train Loss: 0.6691 | Val Cheap Loss: 0.7553 | Val Cheap Cosine Sim: 0.7736
 EarlyStopping Counter: 1 out of 20
Epoch 60 | Train Loss: 0.6667 | Val Cheap Loss: 0.7586 | Val Cheap Cosine Sim: 0.7732
 EarlyStopping Counter: 2 out of 20
Epoch 61 | Train Loss: 0.6649 | Val Cheap Loss: 0.7538 | Val Cheap Cosine Sim: 0.7754
 EarlyStopping Counter: 3 out of 20
Epoch 62 | Train Loss: 0.6632 | Val Cheap Loss: 0.7487 | Val Cheap Cosine Sim: 0.7770
Epoch 63 | Train Loss: 0.6602 | Val Cheap Loss: 0.7595 | Val Cheap Cosine Sim: 0.7715
 EarlyStopping Counter: 1 out of 20
Epoch 64 | Train Loss: 0.6592 | Val Cheap Loss: 0.7493 | Val Cheap Cosine Sim: 0.7769
 EarlyStopping Counter: 2 out of 20
Epoch 65 | Train Loss: 0.6577 | Val Cheap Loss: 0.7632 | Val Cheap Cosine Sim: 0.7707
 EarlyStopping Counter: 3 out of 20
Epoch 66 | Train Loss: 0.6549 | Val Cheap Loss: 0.7494 | Val Cheap Cosine Sim: 0.7763
 EarlyStopping Counter: 4 out of 20
Epoch 67 | Train Loss: 0.6544 | Val Cheap Loss: 0.7524 | Val Cheap Cosine Sim: 0.7761
 EarlyStopping Counter: 5 out of 20
Epoch 68 | Train Loss: 0.6495 | Val Cheap Loss: 0.7535 | Val Cheap Cosine Sim: 0.7758
 EarlyStopping Counter: 6 out of 20
Epoch 69 | Train Loss: 0.6506 | Val Cheap Loss: 0.7446 | Val Cheap Cosine Sim: 0.7783
Epoch 70 | Train Loss: 0.6471 | Val Cheap Loss: 0.7536 | Val Cheap Cosine Sim: 0.7760
 EarlyStopping Counter: 1 out of 20
Epoch 71 | Train Loss: 0.6470 | Val Cheap Loss: 0.7623 | Val Cheap Cosine Sim: 0.7718
 EarlyStopping Counter: 2 out of 20
Epoch 72 | Train Loss: 0.6435 | Val Cheap Loss: 0.7424 | Val Cheap Cosine Sim: 0.7808
Epoch 73 | Train Loss: 0.6427 | Val Cheap Loss: 0.7492 | Val Cheap Cosine Sim: 0.7775
 EarlyStopping Counter: 1 out of 20
Epoch 74 | Train Loss: 0.6417 | Val Cheap Loss: 0.7427 | Val Cheap Cosine Sim: 0.7801
 EarlyStopping Counter: 2 out of 20
Epoch 75 | Train Loss: 0.6389 | Val Cheap Loss: 0.7484 | Val Cheap Cosine Sim: 0.7773 | Val TACOs MSE: 0.8808
 EarlyStopping Counter: 3 out of 20
Epoch 76 | Train Loss: 0.6376 | Val Cheap Loss: 0.7450 | Val Cheap Cosine Sim: 0.7793
 EarlyStopping Counter: 4 out of 20
Epoch 77 | Train Loss: 0.6359 | Val Cheap Loss: 0.7442 | Val Cheap Cosine Sim: 0.7789
 EarlyStopping Counter: 5 out of 20
Epoch 78 | Train Loss: 0.6344 | Val Cheap Loss: 0.7496 | Val Cheap Cosine Sim: 0.7781
 EarlyStopping Counter: 6 out of 20
Epoch 79 | Train Loss: 0.6327 | Val Cheap Loss: 0.7465 | Val Cheap Cosine Sim: 0.7786
 EarlyStopping Counter: 7 out of 20
Epoch 80 | Train Loss: 0.6318 | Val Cheap Loss: 0.7459 | Val Cheap Cosine Sim: 0.7790
 EarlyStopping Counter: 8 out of 20
Epoch 81 | Train Loss: 0.6294 | Val Cheap Loss: 0.7408 | Val Cheap Cosine Sim: 0.7792
Epoch 82 | Train Loss: 0.6276 | Val Cheap Loss: 0.7538 | Val Cheap Cosine Sim: 0.7764
 EarlyStopping Counter: 1 out of 20
Epoch 83 | Train Loss: 0.6260 | Val Cheap Loss: 0.7449 | Val Cheap Cosine Sim: 0.7784
 EarlyStopping Counter: 2 out of 20
Epoch 84 | Train Loss: 0.6251 | Val Cheap Loss: 0.7485 | Val Cheap Cosine Sim: 0.7793
 EarlyStopping Counter: 3 out of 20
Epoch 85 | Train Loss: 0.6244 | Val Cheap Loss: 0.7438 | Val Cheap Cosine Sim: 0.7804
 EarlyStopping Counter: 4 out of 20
Epoch 86 | Train Loss: 0.6214 | Val Cheap Loss: 0.7418 | Val Cheap Cosine Sim: 0.7799
 EarlyStopping Counter: 5 out of 20
Epoch 87 | Train Loss: 0.6215 | Val Cheap Loss: 0.7448 | Val Cheap Cosine Sim: 0.7794
 EarlyStopping Counter: 6 out of 20
Epoch 88 | Train Loss: 0.6191 | Val Cheap Loss: 0.7376 | Val Cheap Cosine Sim: 0.7825
Epoch 89 | Train Loss: 0.6180 | Val Cheap Loss: 0.7400 | Val Cheap Cosine Sim: 0.7815
 EarlyStopping Counter: 1 out of 20
Epoch 90 | Train Loss: 0.6167 | Val Cheap Loss: 0.7415 | Val Cheap Cosine Sim: 0.7822
 EarlyStopping Counter: 2 out of 20
Epoch 91 | Train Loss: 0.6149 | Val Cheap Loss: 0.7465 | Val Cheap Cosine Sim: 0.7795
 EarlyStopping Counter: 3 out of 20
Epoch 92 | Train Loss: 0.6141 | Val Cheap Loss: 0.7565 | Val Cheap Cosine Sim: 0.7767
 EarlyStopping Counter: 4 out of 20
Epoch 93 | Train Loss: 0.6136 | Val Cheap Loss: 0.7441 | Val Cheap Cosine Sim: 0.7803
 EarlyStopping Counter: 5 out of 20
Epoch 94 | Train Loss: 0.6111 | Val Cheap Loss: 0.7415 | Val Cheap Cosine Sim: 0.7813
 EarlyStopping Counter: 6 out of 20
Epoch 95 | Train Loss: 0.6097 | Val Cheap Loss: 0.7476 | Val Cheap Cosine Sim: 0.7792
 EarlyStopping Counter: 7 out of 20
Epoch 96 | Train Loss: 0.6087 | Val Cheap Loss: 0.7442 | Val Cheap Cosine Sim: 0.7820
 EarlyStopping Counter: 8 out of 20
Epoch 97 | Train Loss: 0.6077 | Val Cheap Loss: 0.7399 | Val Cheap Cosine Sim: 0.7831
 EarlyStopping Counter: 9 out of 20
Epoch 98 | Train Loss: 0.6064 | Val Cheap Loss: 0.7427 | Val Cheap Cosine Sim: 0.7808
 EarlyStopping Counter: 10 out of 20
Epoch 99 | Train Loss: 0.6048 | Val Cheap Loss: 0.7456 | Val Cheap Cosine Sim: 0.7811
 EarlyStopping Counter: 11 out of 20
Epoch 100 | Train Loss: 0.6039 | Val Cheap Loss: 0.7496 | Val Cheap Cosine Sim: 0.7788 | Val TACOs MSE: 0.8583
 EarlyStopping Counter: 12 out of 20
Epoch 101 | Train Loss: 0.6033 | Val Cheap Loss: 0.7426 | Val Cheap Cosine Sim: 0.7801
 EarlyStopping Counter: 13 out of 20
Epoch 102 | Train Loss: 0.6007 | Val Cheap Loss: 0.7421 | Val Cheap Cosine Sim: 0.7816
 EarlyStopping Counter: 14 out of 20
Epoch 103 | Train Loss: 0.6002 | Val Cheap Loss: 0.7466 | Val Cheap Cosine Sim: 0.7804
 EarlyStopping Counter: 15 out of 20
Epoch 104 | Train Loss: 0.5994 | Val Cheap Loss: 0.7494 | Val Cheap Cosine Sim: 0.7789
 EarlyStopping Counter: 16 out of 20
Epoch 105 | Train Loss: 0.5989 | Val Cheap Loss: 0.7303 | Val Cheap Cosine Sim: 0.7867
Epoch 106 | Train Loss: 0.5949 | Val Cheap Loss: 0.7506 | Val Cheap Cosine Sim: 0.7789
 EarlyStopping Counter: 1 out of 20
Epoch 107 | Train Loss: 0.5956 | Val Cheap Loss: 0.7513 | Val Cheap Cosine Sim: 0.7792
 EarlyStopping Counter: 2 out of 20
Epoch 108 | Train Loss: 0.5947 | Val Cheap Loss: 0.7433 | Val Cheap Cosine Sim: 0.7807
 EarlyStopping Counter: 3 out of 20
Epoch 109 | Train Loss: 0.5935 | Val Cheap Loss: 0.7398 | Val Cheap Cosine Sim: 0.7834
 EarlyStopping Counter: 4 out of 20
Epoch 110 | Train Loss: 0.5911 | Val Cheap Loss: 0.7391 | Val Cheap Cosine Sim: 0.7838
 EarlyStopping Counter: 5 out of 20
Epoch 111 | Train Loss: 0.5916 | Val Cheap Loss: 0.7439 | Val Cheap Cosine Sim: 0.7830
 EarlyStopping Counter: 6 out of 20
Epoch 112 | Train Loss: 0.5895 | Val Cheap Loss: 0.7390 | Val Cheap Cosine Sim: 0.7843
 EarlyStopping Counter: 7 out of 20
Epoch 113 | Train Loss: 0.5882 | Val Cheap Loss: 0.7471 | Val Cheap Cosine Sim: 0.7814
 EarlyStopping Counter: 8 out of 20
Epoch 114 | Train Loss: 0.5885 | Val Cheap Loss: 0.7323 | Val Cheap Cosine Sim: 0.7875
 EarlyStopping Counter: 9 out of 20
Epoch 115 | Train Loss: 0.5858 | Val Cheap Loss: 0.7329 | Val Cheap Cosine Sim: 0.7856
 EarlyStopping Counter: 10 out of 20
Epoch 116 | Train Loss: 0.5865 | Val Cheap Loss: 0.7376 | Val Cheap Cosine Sim: 0.7842
 EarlyStopping Counter: 11 out of 20
Epoch 117 | Train Loss: 0.5835 | Val Cheap Loss: 0.7445 | Val Cheap Cosine Sim: 0.7827
 EarlyStopping Counter: 12 out of 20
Epoch 118 | Train Loss: 0.5827 | Val Cheap Loss: 0.7388 | Val Cheap Cosine Sim: 0.7829
 EarlyStopping Counter: 13 out of 20
Epoch 119 | Train Loss: 0.5828 | Val Cheap Loss: 0.7414 | Val Cheap Cosine Sim: 0.7831
 EarlyStopping Counter: 14 out of 20
Epoch 120 | Train Loss: 0.5809 | Val Cheap Loss: 0.7492 | Val Cheap Cosine Sim: 0.7809
 EarlyStopping Counter: 15 out of 20
Epoch 121 | Train Loss: 0.5811 | Val Cheap Loss: 0.7302 | Val Cheap Cosine Sim: 0.7883
Epoch 122 | Train Loss: 0.5793 | Val Cheap Loss: 0.7422 | Val Cheap Cosine Sim: 0.7841
 EarlyStopping Counter: 1 out of 20
Epoch 123 | Train Loss: 0.5783 | Val Cheap Loss: 0.7467 | Val Cheap Cosine Sim: 0.7824
 EarlyStopping Counter: 2 out of 20
Epoch 124 | Train Loss: 0.5774 | Val Cheap Loss: 0.7380 | Val Cheap Cosine Sim: 0.7852
 EarlyStopping Counter: 3 out of 20
Epoch 125 | Train Loss: 0.5766 | Val Cheap Loss: 0.7461 | Val Cheap Cosine Sim: 0.7830 | Val TACOs MSE: 0.8300
 EarlyStopping Counter: 4 out of 20
Epoch 126 | Train Loss: 0.5754 | Val Cheap Loss: 0.7387 | Val Cheap Cosine Sim: 0.7849
 EarlyStopping Counter: 5 out of 20
Epoch 127 | Train Loss: 0.5754 | Val Cheap Loss: 0.7503 | Val Cheap Cosine Sim: 0.7809
 EarlyStopping Counter: 6 out of 20
Epoch 128 | Train Loss: 0.5735 | Val Cheap Loss: 0.7334 | Val Cheap Cosine Sim: 0.7857
 EarlyStopping Counter: 7 out of 20
Epoch 129 | Train Loss: 0.5714 | Val Cheap Loss: 0.7432 | Val Cheap Cosine Sim: 0.7831
 EarlyStopping Counter: 8 out of 20
Epoch 130 | Train Loss: 0.5730 | Val Cheap Loss: 0.7399 | Val Cheap Cosine Sim: 0.7840
 EarlyStopping Counter: 9 out of 20
Epoch 131 | Train Loss: 0.5714 | Val Cheap Loss: 0.7319 | Val Cheap Cosine Sim: 0.7876
 EarlyStopping Counter: 10 out of 20
Epoch 132 | Train Loss: 0.5686 | Val Cheap Loss: 0.7442 | Val Cheap Cosine Sim: 0.7823
 EarlyStopping Counter: 11 out of 20
Epoch 133 | Train Loss: 0.5695 | Val Cheap Loss: 0.7227 | Val Cheap Cosine Sim: 0.7912
Epoch 134 | Train Loss: 0.5674 | Val Cheap Loss: 0.7423 | Val Cheap Cosine Sim: 0.7848
 EarlyStopping Counter: 1 out of 20
Epoch 135 | Train Loss: 0.5674 | Val Cheap Loss: 0.7400 | Val Cheap Cosine Sim: 0.7841
 EarlyStopping Counter: 2 out of 20
Epoch 136 | Train Loss: 0.5662 | Val Cheap Loss: 0.7389 | Val Cheap Cosine Sim: 0.7853
 EarlyStopping Counter: 3 out of 20
Epoch 137 | Train Loss: 0.5639 | Val Cheap Loss: 0.7491 | Val Cheap Cosine Sim: 0.7823
 EarlyStopping Counter: 4 out of 20
Epoch 138 | Train Loss: 0.5655 | Val Cheap Loss: 0.7416 | Val Cheap Cosine Sim: 0.7839
 EarlyStopping Counter: 5 out of 20
Epoch 139 | Train Loss: 0.5626 | Val Cheap Loss: 0.7452 | Val Cheap Cosine Sim: 0.7841
 EarlyStopping Counter: 6 out of 20
Epoch 140 | Train Loss: 0.5625 | Val Cheap Loss: 0.7488 | Val Cheap Cosine Sim: 0.7838
 EarlyStopping Counter: 7 out of 20
Epoch 141 | Train Loss: 0.5607 | Val Cheap Loss: 0.7471 | Val Cheap Cosine Sim: 0.7833
 EarlyStopping Counter: 8 out of 20
Epoch 142 | Train Loss: 0.5611 | Val Cheap Loss: 0.7443 | Val Cheap Cosine Sim: 0.7841
 EarlyStopping Counter: 9 out of 20
Epoch 143 | Train Loss: 0.5596 | Val Cheap Loss: 0.7388 | Val Cheap Cosine Sim: 0.7866
 EarlyStopping Counter: 10 out of 20
Epoch 144 | Train Loss: 0.5605 | Val Cheap Loss: 0.7384 | Val Cheap Cosine Sim: 0.7862
 EarlyStopping Counter: 11 out of 20
Epoch 145 | Train Loss: 0.5580 | Val Cheap Loss: 0.7489 | Val Cheap Cosine Sim: 0.7830
 EarlyStopping Counter: 12 out of 20
Epoch 146 | Train Loss: 0.5568 | Val Cheap Loss: 0.7376 | Val Cheap Cosine Sim: 0.7862
 EarlyStopping Counter: 13 out of 20
Epoch 147 | Train Loss: 0.5568 | Val Cheap Loss: 0.7324 | Val Cheap Cosine Sim: 0.7881
 EarlyStopping Counter: 14 out of 20
Epoch 148 | Train Loss: 0.5550 | Val Cheap Loss: 0.7336 | Val Cheap Cosine Sim: 0.7872
 EarlyStopping Counter: 15 out of 20
Epoch 149 | Train Loss: 0.5549 | Val Cheap Loss: 0.7396 | Val Cheap Cosine Sim: 0.7866
 EarlyStopping Counter: 16 out of 20
Epoch 150 | Train Loss: 0.5542 | Val Cheap Loss: 0.7413 | Val Cheap Cosine Sim: 0.7850 | Val TACOs MSE: 0.8028
 EarlyStopping Counter: 17 out of 20

--- Evaluation Results: ONE_SHOT ---
Run Name: arcface_baseline_mse_scaled_spreadLossLast
----------------------------------------
[1. Prediction to Ground-Truth Alignment]
  - Embedding 1 -> MSE Distance: 0.454139 | Cosine Similarity: 0.773565
  - Embedding 2 -> MSE Distance: 0.454139 | Cosine Similarity: 0.772992

[2. Proximity to True Average Mixture (c)]
  - Predicted 1 to c -> MSE Distance: 0.452813 | Cosine Similarity: 0.733226
  - Baseline GT 1 to c -> MSE Distance: 0.464507 | Cosine Similarity: 0.731004
  - Predicted 2 to c -> MSE Distance: 0.452813 | Cosine Similarity: 0.731919
  - Baseline GT 2 to c -> MSE Distance: 0.464507 | Cosine Similarity: 0.731004

[3. Predicted Outputs Inter-Relationship / Spread]
  - Inter-Predicted (p1 vs p2) -> MSE: 1.811252 | Cosine Similarity: 0.086928
  - Inter-Ground-Truth (z1 vs z2) -> MSE: 1.858027 | Cosine Similarity: 0.070986

[4. Success Rate of Reversal (%S)]
  - Embedding 1 -> %S1: 67.50%
  - Embedding 2 -> %S2: 68.90%
  - Combined Total -> %S: 68.20%


--- Evaluation Results: ITERATIVE (Stride: 1) ---
Run Name: arcface_baseline_mse_scaled_spreadLossLast
----------------------------------------
[1. Prediction to Ground-Truth Alignment]
  - Embedding 1 -> MSE Distance: 0.433623 | Cosine Similarity: 0.767421
  - Embedding 2 -> MSE Distance: 0.433623 | Cosine Similarity: 0.767763

[2. Proximity to True Average Mixture (c)]
  - Predicted 1 to c -> MSE Distance: 0.224462 | Cosine Similarity: 0.847465
  - Baseline GT 1 to c -> MSE Distance: 0.464507 | Cosine Similarity: 0.731004
  - Predicted 2 to c -> MSE Distance: 0.224462 | Cosine Similarity: 0.847245
  - Baseline GT 2 to c -> MSE Distance: 0.464507 | Cosine Similarity: 0.731004

[3. Predicted Outputs Inter-Relationship / Spread]
  - Inter-Predicted (p1 vs p2) -> MSE: 0.897847 | Cosine Similarity: 0.459666
  - Inter-Ground-Truth (z1 vs z2) -> MSE: 1.858027 | Cosine Similarity: 0.070986

[4. Success Rate of Reversal (%S)]
  - Embedding 1 -> %S1: 32.00%
  - Embedding 2 -> %S2: 31.40%
  - Combined Total -> %S: 31.70%

