--- Initializing Data Loaders on cuda ---
Epoch 001/100 | LR: 1.00e-04 | Train MSE: 0.002652 | Val MSE: 0.002241
Epoch 002/100 | LR: 1.00e-04 | Train MSE: 0.002181 | Val MSE: 0.002008
Epoch 003/100 | LR: 9.99e-05 | Train MSE: 0.002001 | Val MSE: 0.001871
Epoch 004/100 | LR: 9.98e-05 | Train MSE: 0.001883 | Val MSE: 0.001783
Epoch 005/100 | LR: 9.96e-05 | Train MSE: 0.001803 | Val MSE: 0.001728
Epoch 006/100 | LR: 9.94e-05 | Train MSE: 0.001746 | Val MSE: 0.001689
Epoch 007/100 | LR: 9.91e-05 | Train MSE: 0.001703 | Val MSE: 0.001659
Epoch 008/100 | LR: 9.88e-05 | Train MSE: 0.001667 | Val MSE: 0.001637
Epoch 009/100 | LR: 9.84e-05 | Train MSE: 0.001635 | Val MSE: 0.001617
Epoch 010/100 | LR: 9.80e-05 | Train MSE: 0.001611 | Val MSE: 0.001603
Epoch 011/100 | LR: 9.76e-05 | Train MSE: 0.001589 | Val MSE: 0.001590
Epoch 012/100 | LR: 9.70e-05 | Train MSE: 0.001569 | Val MSE: 0.001578
Epoch 013/100 | LR: 9.65e-05 | Train MSE: 0.001550 | Val MSE: 0.001569
Epoch 014/100 | LR: 9.59e-05 | Train MSE: 0.001534 | Val MSE: 0.001561
Epoch 015/100 | LR: 9.52e-05 | Train MSE: 0.001519 | Val MSE: 0.001555
Epoch 016/100 | LR: 9.46e-05 | Train MSE: 0.001505 | Val MSE: 0.001548
Epoch 017/100 | LR: 9.38e-05 | Train MSE: 0.001493 | Val MSE: 0.001544
Epoch 018/100 | LR: 9.30e-05 | Train MSE: 0.001480 | Val MSE: 0.001539
Epoch 019/100 | LR: 9.22e-05 | Train MSE: 0.001469 | Val MSE: 0.001536
Epoch 020/100 | LR: 9.14e-05 | Train MSE: 0.001459 | Val MSE: 0.001532
Epoch 021/100 | LR: 9.05e-05 | Train MSE: 0.001448 | Val MSE: 0.001531
Epoch 022/100 | LR: 8.95e-05 | Train MSE: 0.001439 | Val MSE: 0.001527
Epoch 023/100 | LR: 8.85e-05 | Train MSE: 0.001430 | Val MSE: 0.001525
Epoch 024/100 | LR: 8.75e-05 | Train MSE: 0.001421 | Val MSE: 0.001524
Epoch 025/100 | LR: 8.64e-05 | Train MSE: 0.001414 | Val MSE: 0.001523
Epoch 026/100 | LR: 8.54e-05 | Train MSE: 0.001406 | Val MSE: 0.001521
Epoch 027/100 | LR: 8.42e-05 | Train MSE: 0.001397 | Val MSE: 0.001519
Epoch 028/100 | LR: 8.31e-05 | Train MSE: 0.001390 | Val MSE: 0.001519
Epoch 029/100 | LR: 8.19e-05 | Train MSE: 0.001383 | Val MSE: 0.001518
Epoch 030/100 | LR: 8.06e-05 | Train MSE: 0.001376 | Val MSE: 0.001517
Epoch 031/100 | LR: 7.94e-05 | Train MSE: 0.001370 | Val MSE: 0.001516
Epoch 032/100 | LR: 7.81e-05 | Train MSE: 0.001365 | Val MSE: 0.001515
Epoch 033/100 | LR: 7.68e-05 | Train MSE: 0.001358 | Val MSE: 0.001515
Epoch 034/100 | LR: 7.55e-05 | Train MSE: 0.001352 | Val MSE: 0.001515
Epoch 035/100 | LR: 7.41e-05 | Train MSE: 0.001346 | Val MSE: 0.001514
Epoch 036/100 | LR: 7.27e-05 | Train MSE: 0.001340 | Val MSE: 0.001514
Epoch 037/100 | LR: 7.13e-05 | Train MSE: 0.001335 | Val MSE: 0.001514
Epoch 038/100 | LR: 6.99e-05 | Train MSE: 0.001329 | Val MSE: 0.001515
Epoch 039/100 | LR: 6.84e-05 | Train MSE: 0.001324 | Val MSE: 0.001514
Epoch 040/100 | LR: 6.69e-05 | Train MSE: 0.001320 | Val MSE: 0.001514
Epoch 041/100 | LR: 6.55e-05 | Train MSE: 0.001316 | Val MSE: 0.001515
Epoch 042/100 | LR: 6.39e-05 | Train MSE: 0.001311 | Val MSE: 0.001513
Epoch 043/100 | LR: 6.24e-05 | Train MSE: 0.001306 | Val MSE: 0.001514
Epoch 044/100 | LR: 6.09e-05 | Train MSE: 0.001302 | Val MSE: 0.001514
Epoch 045/100 | LR: 5.94e-05 | Train MSE: 0.001297 | Val MSE: 0.001515
Epoch 046/100 | LR: 5.78e-05 | Train MSE: 0.001294 | Val MSE: 0.001514
Epoch 047/100 | LR: 5.63e-05 | Train MSE: 0.001290 | Val MSE: 0.001515
Epoch 048/100 | LR: 5.47e-05 | Train MSE: 0.001286 | Val MSE: 0.001515
Epoch 049/100 | LR: 5.31e-05 | Train MSE: 0.001282 | Val MSE: 0.001516
Epoch 050/100 | LR: 5.16e-05 | Train MSE: 0.001279 | Val MSE: 0.001515
Epoch 051/100 | LR: 5.00e-05 | Train MSE: 0.001276 | Val MSE: 0.001516
Epoch 052/100 | LR: 4.84e-05 | Train MSE: 0.001271 | Val MSE: 0.001517
Epoch 053/100 | LR: 4.69e-05 | Train MSE: 0.001268 | Val MSE: 0.001516
Epoch 054/100 | LR: 4.53e-05 | Train MSE: 0.001265 | Val MSE: 0.001517
Epoch 055/100 | LR: 4.37e-05 | Train MSE: 0.001262 | Val MSE: 0.001517
Epoch 056/100 | LR: 4.22e-05 | Train MSE: 0.001259 | Val MSE: 0.001517
Epoch 057/100 | LR: 4.06e-05 | Train MSE: 0.001257 | Val MSE: 0.001518
Epoch 058/100 | LR: 3.91e-05 | Train MSE: 0.001254 | Val MSE: 0.001518
Epoch 059/100 | LR: 3.76e-05 | Train MSE: 0.001251 | Val MSE: 0.001518
Epoch 060/100 | LR: 3.61e-05 | Train MSE: 0.001248 | Val MSE: 0.001519
Epoch 061/100 | LR: 3.45e-05 | Train MSE: 0.001245 | Val MSE: 0.001519
Epoch 062/100 | LR: 3.31e-05 | Train MSE: 0.001244 | Val MSE: 0.001518
Epoch 063/100 | LR: 3.16e-05 | Train MSE: 0.001240 | Val MSE: 0.001519
Epoch 064/100 | LR: 3.01e-05 | Train MSE: 0.001239 | Val MSE: 0.001520
Epoch 065/100 | LR: 2.87e-05 | Train MSE: 0.001238 | Val MSE: 0.001520
Epoch 066/100 | LR: 2.73e-05 | Train MSE: 0.001236 | Val MSE: 0.001520
Epoch 067/100 | LR: 2.59e-05 | Train MSE: 0.001233 | Val MSE: 0.001521
Epoch 068/100 | LR: 2.45e-05 | Train MSE: 0.001230 | Val MSE: 0.001520
Epoch 069/100 | LR: 2.32e-05 | Train MSE: 0.001230 | Val MSE: 0.001520
Epoch 070/100 | LR: 2.19e-05 | Train MSE: 0.001227 | Val MSE: 0.001521
Epoch 071/100 | LR: 2.06e-05 | Train MSE: 0.001227 | Val MSE: 0.001520
Epoch 072/100 | LR: 1.94e-05 | Train MSE: 0.001224 | Val MSE: 0.001521
Epoch 073/100 | LR: 1.81e-05 | Train MSE: 0.001224 | Val MSE: 0.001521
Epoch 074/100 | LR: 1.69e-05 | Train MSE: 0.001222 | Val MSE: 0.001521
Epoch 075/100 | LR: 1.58e-05 | Train MSE: 0.001220 | Val MSE: 0.001521
Epoch 076/100 | LR: 1.46e-05 | Train MSE: 0.001219 | Val MSE: 0.001521
Epoch 077/100 | LR: 1.36e-05 | Train MSE: 0.001218 | Val MSE: 0.001521
Epoch 078/100 | LR: 1.25e-05 | Train MSE: 0.001218 | Val MSE: 0.001522
Epoch 079/100 | LR: 1.15e-05 | Train MSE: 0.001216 | Val MSE: 0.001522
Epoch 080/100 | LR: 1.05e-05 | Train MSE: 0.001215 | Val MSE: 0.001522
Epoch 081/100 | LR: 9.55e-06 | Train MSE: 0.001215 | Val MSE: 0.001522
Epoch 082/100 | LR: 8.65e-06 | Train MSE: 0.001213 | Val MSE: 0.001522
Epoch 083/100 | LR: 7.78e-06 | Train MSE: 0.001213 | Val MSE: 0.001522
Epoch 084/100 | LR: 6.96e-06 | Train MSE: 0.001212 | Val MSE: 0.001523
Epoch 085/100 | LR: 6.18e-06 | Train MSE: 0.001212 | Val MSE: 0.001523
Epoch 086/100 | LR: 5.45e-06 | Train MSE: 0.001211 | Val MSE: 0.001523
Epoch 087/100 | LR: 4.76e-06 | Train MSE: 0.001211 | Val MSE: 0.001523
Epoch 088/100 | LR: 4.11e-06 | Train MSE: 0.001210 | Val MSE: 0.001523
Epoch 089/100 | LR: 3.51e-06 | Train MSE: 0.001209 | Val MSE: 0.001522
Epoch 090/100 | LR: 2.96e-06 | Train MSE: 0.001209 | Val MSE: 0.001523
Epoch 091/100 | LR: 2.45e-06 | Train MSE: 0.001209 | Val MSE: 0.001523
Epoch 092/100 | LR: 1.99e-06 | Train MSE: 0.001208 | Val MSE: 0.001523
Epoch 093/100 | LR: 1.57e-06 | Train MSE: 0.001208 | Val MSE: 0.001523
Epoch 094/100 | LR: 1.20e-06 | Train MSE: 0.001208 | Val MSE: 0.001523
Epoch 095/100 | LR: 8.86e-07 | Train MSE: 0.001207 | Val MSE: 0.001523
Epoch 096/100 | LR: 6.16e-07 | Train MSE: 0.001207 | Val MSE: 0.001523
Epoch 097/100 | LR: 3.94e-07 | Train MSE: 0.001208 | Val MSE: 0.001523
Epoch 098/100 | LR: 2.22e-07 | Train MSE: 0.001207 | Val MSE: 0.001523
Epoch 099/100 | LR: 9.87e-08 | Train MSE: 0.001207 | Val MSE: 0.001523
Epoch 100/100 | LR: 2.47e-08 | Train MSE: 0.001206 | Val MSE: 0.001523

--- Training Complete in 2.38 minutes ---

--- Running Final Evaluation on Isolated Test Set ---
====================================================
           LATENT MAPPER EVALUATION REPORT          
====================================================

Model Architecture: MLP (512 -> 1024 -> 1024 -> 1024 -> 512)
Normalization:      Input Z-Score | Output L2 Normalization
Regularization:     Dropout 0.15 | Weight Decay 1e-3 | Cosine Annealing (100 Epochs)
Loss Function:      Mean Squared Error (MSE)
Test Set Size:      7000 samples

--- METRICS ---
Average Cosine Similarity:  0.6133 (Closer to 1.0 is better)
Minimum Cosine Similarity:  0.0130 (Worst-case translation)
Average Mean Squared Error: 0.001511 (Closer to 0.0 is better)

====================================================

[SUCCESS] Report saved to: evaluation_report_mse_high_capacity.txt
