====================================================================================================
Precomputing DiffAE attribute scores: Smiling and Young
====================================================================================================
Base z_sem:          /nas-ctm01/homes/dacordeiro/Face-DM/diffae_embeddings/ffhq256_diffae_zsem.npy
Classifier ckpt:     /nas-ctm01/homes/dacordeiro/Face-DM/ffhq256_autoenc_cls/last.ckpt
Latent stats:        None
Device:              cuda
Batch size:          8192
Use EMA classifier:  False
Overwrite:           False
====================================================================================================
Loading classifier checkpoint:
  /nas-ctm01/homes/dacordeiro/Face-DM/ffhq256_autoenc_cls/last.ckpt
Found conds_mean and conds_std inside the classifier checkpoint.

Processing split:
  /nas-ctm01/homes/dacordeiro/Face-DM/diffae_embeddings/ffhq256_diffae_zsem_train.npy
Shape: (56000, 512)
Attributes: Smiling, Young

Saved train score files:
  smiling_logit: /nas-ctm01/homes/dacordeiro/Face-DM/diffae_embeddings/ffhq256_diffae_zsem_train_smiling_logit.npy
  smiling_prob: /nas-ctm01/homes/dacordeiro/Face-DM/diffae_embeddings/ffhq256_diffae_zsem_train_smiling_prob.npy
  young_logit: /nas-ctm01/homes/dacordeiro/Face-DM/diffae_embeddings/ffhq256_diffae_zsem_train_young_logit.npy
  young_prob: /nas-ctm01/homes/dacordeiro/Face-DM/diffae_embeddings/ffhq256_diffae_zsem_train_young_prob.npy
  combined_npz: /nas-ctm01/homes/dacordeiro/Face-DM/diffae_embeddings/ffhq256_diffae_zsem_train_attribute_scores_smiling_young.npz

Processing split:
  /nas-ctm01/homes/dacordeiro/Face-DM/diffae_embeddings/ffhq256_diffae_zsem_val.npy
Shape: (7000, 512)
Attributes: Smiling, Young

Saved val score files:
  smiling_logit: /nas-ctm01/homes/dacordeiro/Face-DM/diffae_embeddings/ffhq256_diffae_zsem_val_smiling_logit.npy
  smiling_prob: /nas-ctm01/homes/dacordeiro/Face-DM/diffae_embeddings/ffhq256_diffae_zsem_val_smiling_prob.npy
  young_logit: /nas-ctm01/homes/dacordeiro/Face-DM/diffae_embeddings/ffhq256_diffae_zsem_val_young_logit.npy
  young_prob: /nas-ctm01/homes/dacordeiro/Face-DM/diffae_embeddings/ffhq256_diffae_zsem_val_young_prob.npy
  combined_npz: /nas-ctm01/homes/dacordeiro/Face-DM/diffae_embeddings/ffhq256_diffae_zsem_val_attribute_scores_smiling_young.npz

Processing split:
  /nas-ctm01/homes/dacordeiro/Face-DM/diffae_embeddings/ffhq256_diffae_zsem_test.npy
Shape: (7000, 512)
Attributes: Smiling, Young

Saved test score files:
  smiling_logit: /nas-ctm01/homes/dacordeiro/Face-DM/diffae_embeddings/ffhq256_diffae_zsem_test_smiling_logit.npy
  smiling_prob: /nas-ctm01/homes/dacordeiro/Face-DM/diffae_embeddings/ffhq256_diffae_zsem_test_smiling_prob.npy
  young_logit: /nas-ctm01/homes/dacordeiro/Face-DM/diffae_embeddings/ffhq256_diffae_zsem_test_young_logit.npy
  young_prob: /nas-ctm01/homes/dacordeiro/Face-DM/diffae_embeddings/ffhq256_diffae_zsem_test_young_prob.npy
  combined_npz: /nas-ctm01/homes/dacordeiro/Face-DM/diffae_embeddings/ffhq256_diffae_zsem_test_attribute_scores_smiling_young.npz

====================================================================================================
Done. Summary saved to:
  /nas-ctm01/homes/dacordeiro/Face-DM/diffae_embeddings/ffhq256_diffae_zsem_attribute_scores_smiling_young_summary.txt
====================================================================================================
