Size of train: 29000 source images, 30000 pairs
Size of test: 1000 source images, 1000 pairs
Size of test: 1000 source images, 1000 pairs
Setting up [LPIPS] perceptual loss: trunk [alex], v[0.1], spatial [off]
Loading model from: /nas-ctm01/homes/dacordeiro/.conda/envs/test/lib/python3.10/site-packages/lpips/weights/v0.1/alex.pth

--- Iterative Evaluation Metrics (Entire Validation Set) ---
Total Evaluated: 1000
LPIPS Alignment Swap Rate: 12.50%
SSIM Bright: 0.8111
SSIM Dark: 0.7777
PSNR Bright: 21.9713
PSNR Dark: 21.9608
LPIPS Bright: 0.0532
LPIPS Dark: 0.0633

Size of test: 1000 source images, 1000 pairs
Setting up [LPIPS] perceptual loss: trunk [alex], v[0.1], spatial [off]
Loading model from: /nas-ctm01/homes/dacordeiro/.conda/envs/test/lib/python3.10/site-packages/lpips/weights/v0.1/alex.pth

--- One-Shot Evaluation Metrics (Entire Validation Set) ---
Total Evaluated: 1000
LPIPS Alignment Swap Rate: 11.50%
SSIM Bright: 0.7943
SSIM Dark: 0.7652
PSNR Bright: 21.5522
PSNR Dark: 21.5524
LPIPS Bright: 0.0597
LPIPS Dark: 0.0648

[1;34mwandb[0m: 
[1;34mwandb[0m: 🚀 View run [33mfaces_dual_iso[0m at: [34mhttps://wandb.ai/davcordeiro03-inesc-tec/Face-DM/runs/7psbtzkh[0m
[1;34mwandb[0m: Find logs at: [1;35mwandb/run-20260606_104518-7psbtzkh/logs[0m
