Epoch 1 | Train Loss: 1.6039 | Val Cheap Loss: 1.3135 | Val Cheap Cosine Sim: 0.5784
Epoch 2 | Train Loss: 1.1659 | Val Cheap Loss: 1.0766 | Val Cheap Cosine Sim: 0.6599
Epoch 3 | Train Loss: 1.0468 | Val Cheap Loss: 1.0413 | Val Cheap Cosine Sim: 0.6636
Epoch 4 | Train Loss: 1.0173 | Val Cheap Loss: 1.0013 | Val Cheap Cosine Sim: 0.6717
Epoch 5 | Train Loss: 0.9914 | Val Cheap Loss: 0.9783 | Val Cheap Cosine Sim: 0.6749
Epoch 6 | Train Loss: 0.9692 | Val Cheap Loss: 0.9665 | Val Cheap Cosine Sim: 0.6786
Epoch 7 | Train Loss: 0.9531 | Val Cheap Loss: 0.9682 | Val Cheap Cosine Sim: 0.6750
 EarlyStopping Counter: 1 out of 20
Epoch 8 | Train Loss: 0.9403 | Val Cheap Loss: 0.9321 | Val Cheap Cosine Sim: 0.6920
Epoch 9 | Train Loss: 0.9352 | Val Cheap Loss: 0.9243 | Val Cheap Cosine Sim: 0.6926
Epoch 10 | Train Loss: 0.9215 | Val Cheap Loss: 0.9241 | Val Cheap Cosine Sim: 0.6911
Epoch 11 | Train Loss: 0.9103 | Val Cheap Loss: 0.9185 | Val Cheap Cosine Sim: 0.6972
Epoch 12 | Train Loss: 0.9024 | Val Cheap Loss: 0.9052 | Val Cheap Cosine Sim: 0.6992
Epoch 13 | Train Loss: 0.8931 | Val Cheap Loss: 0.9034 | Val Cheap Cosine Sim: 0.6992
Epoch 14 | Train Loss: 0.8852 | Val Cheap Loss: 0.8952 | Val Cheap Cosine Sim: 0.7023
Epoch 15 | Train Loss: 0.8790 | Val Cheap Loss: 0.8892 | Val Cheap Cosine Sim: 0.7051
Epoch 16 | Train Loss: 0.8708 | Val Cheap Loss: 0.8853 | Val Cheap Cosine Sim: 0.7080
Epoch 17 | Train Loss: 0.8644 | Val Cheap Loss: 0.8851 | Val Cheap Cosine Sim: 0.7068
Epoch 18 | Train Loss: 0.8568 | Val Cheap Loss: 0.8824 | Val Cheap Cosine Sim: 0.7082
Epoch 19 | Train Loss: 0.8495 | Val Cheap Loss: 0.8810 | Val Cheap Cosine Sim: 0.7102
Epoch 20 | Train Loss: 0.8460 | Val Cheap Loss: 0.8725 | Val Cheap Cosine Sim: 0.7121
Epoch 21 | Train Loss: 0.8398 | Val Cheap Loss: 0.8675 | Val Cheap Cosine Sim: 0.7167
Epoch 22 | Train Loss: 0.8330 | Val Cheap Loss: 0.8661 | Val Cheap Cosine Sim: 0.7152
Epoch 23 | Train Loss: 0.8280 | Val Cheap Loss: 0.8656 | Val Cheap Cosine Sim: 0.7157
Epoch 24 | Train Loss: 0.8222 | Val Cheap Loss: 0.8594 | Val Cheap Cosine Sim: 0.7185
Epoch 25 | Train Loss: 0.8179 | Val Cheap Loss: 0.8554 | Val Cheap Cosine Sim: 0.7205 | Val TACOs MSE: 1.4887
Epoch 26 | Train Loss: 0.8119 | Val Cheap Loss: 0.8588 | Val Cheap Cosine Sim: 0.7177
 EarlyStopping Counter: 1 out of 20
Epoch 27 | Train Loss: 0.8090 | Val Cheap Loss: 0.8471 | Val Cheap Cosine Sim: 0.7220
Epoch 28 | Train Loss: 0.8039 | Val Cheap Loss: 0.8571 | Val Cheap Cosine Sim: 0.7197
 EarlyStopping Counter: 1 out of 20
Epoch 29 | Train Loss: 0.7997 | Val Cheap Loss: 0.8487 | Val Cheap Cosine Sim: 0.7231
 EarlyStopping Counter: 2 out of 20
Epoch 30 | Train Loss: 0.7949 | Val Cheap Loss: 0.8524 | Val Cheap Cosine Sim: 0.7231
 EarlyStopping Counter: 3 out of 20
Epoch 31 | Train Loss: 0.7917 | Val Cheap Loss: 0.8542 | Val Cheap Cosine Sim: 0.7229
 EarlyStopping Counter: 4 out of 20
Epoch 32 | Train Loss: 0.7863 | Val Cheap Loss: 0.8449 | Val Cheap Cosine Sim: 0.7239
Epoch 33 | Train Loss: 0.7827 | Val Cheap Loss: 0.8509 | Val Cheap Cosine Sim: 0.7244
 EarlyStopping Counter: 1 out of 20
Epoch 34 | Train Loss: 0.7795 | Val Cheap Loss: 0.8453 | Val Cheap Cosine Sim: 0.7247
 EarlyStopping Counter: 2 out of 20
Epoch 35 | Train Loss: 0.7746 | Val Cheap Loss: 0.8426 | Val Cheap Cosine Sim: 0.7261
Epoch 36 | Train Loss: 0.7724 | Val Cheap Loss: 0.8477 | Val Cheap Cosine Sim: 0.7245
 EarlyStopping Counter: 1 out of 20
Epoch 37 | Train Loss: 0.7695 | Val Cheap Loss: 0.8480 | Val Cheap Cosine Sim: 0.7263
 EarlyStopping Counter: 2 out of 20
Epoch 38 | Train Loss: 0.7647 | Val Cheap Loss: 0.8277 | Val Cheap Cosine Sim: 0.7349
Epoch 39 | Train Loss: 0.7617 | Val Cheap Loss: 0.8453 | Val Cheap Cosine Sim: 0.7258
 EarlyStopping Counter: 1 out of 20
Epoch 40 | Train Loss: 0.7582 | Val Cheap Loss: 0.8400 | Val Cheap Cosine Sim: 0.7314
 EarlyStopping Counter: 2 out of 20
Epoch 41 | Train Loss: 0.7557 | Val Cheap Loss: 0.8386 | Val Cheap Cosine Sim: 0.7294
 EarlyStopping Counter: 3 out of 20
Epoch 42 | Train Loss: 0.7521 | Val Cheap Loss: 0.8364 | Val Cheap Cosine Sim: 0.7307
 EarlyStopping Counter: 4 out of 20
Epoch 43 | Train Loss: 0.7499 | Val Cheap Loss: 0.8397 | Val Cheap Cosine Sim: 0.7297
 EarlyStopping Counter: 5 out of 20
Epoch 44 | Train Loss: 0.7466 | Val Cheap Loss: 0.8418 | Val Cheap Cosine Sim: 0.7307
 EarlyStopping Counter: 6 out of 20
Epoch 45 | Train Loss: 0.7445 | Val Cheap Loss: 0.8458 | Val Cheap Cosine Sim: 0.7277
 EarlyStopping Counter: 7 out of 20
Epoch 46 | Train Loss: 0.7409 | Val Cheap Loss: 0.8299 | Val Cheap Cosine Sim: 0.7355
 EarlyStopping Counter: 8 out of 20
Epoch 47 | Train Loss: 0.7389 | Val Cheap Loss: 0.8489 | Val Cheap Cosine Sim: 0.7277
 EarlyStopping Counter: 9 out of 20
Epoch 48 | Train Loss: 0.7351 | Val Cheap Loss: 0.8430 | Val Cheap Cosine Sim: 0.7322
 EarlyStopping Counter: 10 out of 20
Epoch 49 | Train Loss: 0.7334 | Val Cheap Loss: 0.8444 | Val Cheap Cosine Sim: 0.7322
 EarlyStopping Counter: 11 out of 20
Epoch 50 | Train Loss: 0.7308 | Val Cheap Loss: 0.8425 | Val Cheap Cosine Sim: 0.7318 | Val TACOs MSE: 1.1778
 EarlyStopping Counter: 12 out of 20
Epoch 51 | Train Loss: 0.7277 | Val Cheap Loss: 0.8383 | Val Cheap Cosine Sim: 0.7325
 EarlyStopping Counter: 13 out of 20
Epoch 52 | Train Loss: 0.7259 | Val Cheap Loss: 0.8468 | Val Cheap Cosine Sim: 0.7304
 EarlyStopping Counter: 14 out of 20
Epoch 53 | Train Loss: 0.7221 | Val Cheap Loss: 0.8413 | Val Cheap Cosine Sim: 0.7347
 EarlyStopping Counter: 15 out of 20
Epoch 54 | Train Loss: 0.7221 | Val Cheap Loss: 0.8434 | Val Cheap Cosine Sim: 0.7315
 EarlyStopping Counter: 16 out of 20
Epoch 55 | Train Loss: 0.7180 | Val Cheap Loss: 0.8535 | Val Cheap Cosine Sim: 0.7294
 EarlyStopping Counter: 17 out of 20
Epoch 56 | Train Loss: 0.7164 | Val Cheap Loss: 0.8387 | Val Cheap Cosine Sim: 0.7358
 EarlyStopping Counter: 18 out of 20
Epoch 57 | Train Loss: 0.7146 | Val Cheap Loss: 0.8519 | Val Cheap Cosine Sim: 0.7305
 EarlyStopping Counter: 19 out of 20
Epoch 58 | Train Loss: 0.7109 | Val Cheap Loss: 0.8410 | Val Cheap Cosine Sim: 0.7365
 EarlyStopping Counter: 20 out of 20

[EARLY STOPPING TRIGGERED] Validation profile plateaued for 20 epochs. Terminating run.

--- Evaluation Results: ONE_SHOT ---
Run Name: arcface_baseline_mse_scaled_slerp
----------------------------------------
[1. Prediction to Ground-Truth Alignment]
  - Embedding 1 -> MSE Distance: 0.354088 | Cosine Similarity: 0.803278
  - Embedding 2 -> MSE Distance: 0.354088 | Cosine Similarity: 0.803278

[2. Proximity to True Average Mixture (c)]
  - Predicted 1 to c -> MSE Distance: 0.149992 | Cosine Similarity: 0.883821
  - Baseline GT 1 to c -> MSE Distance: 0.464507 | Cosine Similarity: 0.731004
  - Predicted 2 to c -> MSE Distance: 0.149992 | Cosine Similarity: 0.883821
  - Baseline GT 2 to c -> MSE Distance: 0.464507 | Cosine Similarity: 0.731004

[3. Predicted Outputs Inter-Relationship / Spread]
  - Inter-Predicted (p1 vs p2) -> MSE: 0.589209 | Cosine Similarity: 0.567305
  - Inter-Ground-Truth (z1 vs z2) -> MSE: 1.858027 | Cosine Similarity: 0.070986

[4. Success Rate of Reversal (%S)]
  - Embedding 1 -> %S1: 22.90%
  - Embedding 2 -> %S2: 22.90%
  - Combined Total -> %S: 22.90%


--- Evaluation Results: ITERATIVE ---
Run Name: arcface_baseline_mse_scaled_slerp
----------------------------------------
[1. Prediction to Ground-Truth Alignment]
  - Embedding 1 -> MSE Distance: 0.645162 | Cosine Similarity: 0.565158
  - Embedding 2 -> MSE Distance: 0.645162 | Cosine Similarity: 0.565158

[2. Proximity to True Average Mixture (c)]
  - Predicted 1 to c -> MSE Distance: 0.357653 | Cosine Similarity: 0.623362
  - Baseline GT 1 to c -> MSE Distance: 0.464507 | Cosine Similarity: 0.731004
  - Predicted 2 to c -> MSE Distance: 0.357653 | Cosine Similarity: 0.623362
  - Baseline GT 2 to c -> MSE Distance: 0.464507 | Cosine Similarity: 0.731004

[3. Predicted Outputs Inter-Relationship / Spread]
  - Inter-Predicted (p1 vs p2) -> MSE: 0.558281 | Cosine Similarity: -0.092409
  - Inter-Ground-Truth (z1 vs z2) -> MSE: 1.858027 | Cosine Similarity: 0.070986

[4. Success Rate of Reversal (%S)]
  - Embedding 1 -> %S1: 13.20%
  - Embedding 2 -> %S2: 13.20%
  - Combined Total -> %S: 13.20%

