Epoch 1 | Train Loss: 0.6120 | Val Cheap Loss: 0.4776
Epoch 2 | Train Loss: 0.4332 | Val Cheap Loss: 0.4107
Epoch 3 | Train Loss: 0.3991 | Val Cheap Loss: 0.3972
Epoch 4 | Train Loss: 0.3908 | Val Cheap Loss: 0.3882
Epoch 5 | Train Loss: 0.3880 | Val Cheap Loss: 0.3890 | Val TACOs L1: 1.1464
Epoch 6 | Train Loss: 0.3864 | Val Cheap Loss: 0.3868
Epoch 7 | Train Loss: 0.3852 | Val Cheap Loss: 0.3880
Epoch 8 | Train Loss: 0.3842 | Val Cheap Loss: 0.3847
Epoch 9 | Train Loss: 0.3837 | Val Cheap Loss: 0.3822
Epoch 10 | Train Loss: 0.3830 | Val Cheap Loss: 0.3824 | Val TACOs L1: 1.1382
Epoch 11 | Train Loss: 0.3818 | Val Cheap Loss: 0.3818
Epoch 12 | Train Loss: 0.3802 | Val Cheap Loss: 0.3855
Epoch 13 | Train Loss: 0.3780 | Val Cheap Loss: 0.3807
Epoch 14 | Train Loss: 0.3767 | Val Cheap Loss: 0.3796
Epoch 15 | Train Loss: 0.3745 | Val Cheap Loss: 0.3795 | Val TACOs L1: 1.1224
Epoch 16 | Train Loss: 0.3724 | Val Cheap Loss: 0.3790
Epoch 17 | Train Loss: 0.3711 | Val Cheap Loss: 0.3752
Epoch 18 | Train Loss: 0.3689 | Val Cheap Loss: 0.3762
Epoch 19 | Train Loss: 0.3677 | Val Cheap Loss: 0.3747
Epoch 20 | Train Loss: 0.3661 | Val Cheap Loss: 0.3734 | Val TACOs L1: 1.1006
Epoch 21 | Train Loss: 0.3644 | Val Cheap Loss: 0.3708
Epoch 22 | Train Loss: 0.3625 | Val Cheap Loss: 0.3726
Epoch 23 | Train Loss: 0.3610 | Val Cheap Loss: 0.3718
Epoch 24 | Train Loss: 0.3599 | Val Cheap Loss: 0.3686
Epoch 25 | Train Loss: 0.3586 | Val Cheap Loss: 0.3713 | Val TACOs L1: 1.0845
Epoch 26 | Train Loss: 0.3571 | Val Cheap Loss: 0.3693
Epoch 27 | Train Loss: 0.3562 | Val Cheap Loss: 0.3700
Epoch 28 | Train Loss: 0.3548 | Val Cheap Loss: 0.3692
Epoch 29 | Train Loss: 0.3534 | Val Cheap Loss: 0.3679
Epoch 30 | Train Loss: 0.3527 | Val Cheap Loss: 0.3677 | Val TACOs L1: 1.0762
Epoch 31 | Train Loss: 0.3515 | Val Cheap Loss: 0.3667
Epoch 32 | Train Loss: 0.3506 | Val Cheap Loss: 0.3678
Epoch 33 | Train Loss: 0.3494 | Val Cheap Loss: 0.3658
Epoch 34 | Train Loss: 0.3485 | Val Cheap Loss: 0.3707
Epoch 35 | Train Loss: 0.3480 | Val Cheap Loss: 0.3662 | Val TACOs L1: 1.0718
Epoch 36 | Train Loss: 0.3467 | Val Cheap Loss: 0.3672
Epoch 37 | Train Loss: 0.3456 | Val Cheap Loss: 0.3661
Epoch 38 | Train Loss: 0.3450 | Val Cheap Loss: 0.3665
Epoch 39 | Train Loss: 0.3439 | Val Cheap Loss: 0.3687
Epoch 40 | Train Loss: 0.3434 | Val Cheap Loss: 0.3673 | Val TACOs L1: 1.0666
Epoch 41 | Train Loss: 0.3423 | Val Cheap Loss: 0.3648
Epoch 42 | Train Loss: 0.3416 | Val Cheap Loss: 0.3688
Epoch 43 | Train Loss: 0.3409 | Val Cheap Loss: 0.3683
Epoch 44 | Train Loss: 0.3398 | Val Cheap Loss: 0.3665
Epoch 45 | Train Loss: 0.3394 | Val Cheap Loss: 0.3681 | Val TACOs L1: 1.0647
Epoch 46 | Train Loss: 0.3384 | Val Cheap Loss: 0.3666
Epoch 47 | Train Loss: 0.3377 | Val Cheap Loss: 0.3688
Epoch 48 | Train Loss: 0.3374 | Val Cheap Loss: 0.3689
Epoch 49 | Train Loss: 0.3363 | Val Cheap Loss: 0.3661
Epoch 50 | Train Loss: 0.3357 | Val Cheap Loss: 0.3682 | Val TACOs L1: 1.0596

--- Evaluation Results: ONE_SHOT ---
Run Name: diffae_vp_pit
----------------------------------------
Base Reference Angular Properties:
  - CosSim(True Baseline z1, True Baseline z2): 0.000302
  - CosSim(True Baseline z1, Average mixture c): 0.705793
  - CosSim(True Baseline z2, Average mixture c): 0.705320

[Embedding 1 Performance Alignment]
  - L1 Distance:                       0.516593
  - Cosine Similarity to Target:       0.756889

[Embedding 2 Performance Alignment]
  - L1 Distance:                       0.516593
  - Cosine Similarity to Target:       0.756449

Generated Outputs Inter-Relationship:
  - CosSim(Aligned Pred z1, Aligned Pred z2):  0.684953


--- Evaluation Results: ITERATIVE ---
Run Name: diffae_vp_pit
----------------------------------------
Base Reference Angular Properties:
  - CosSim(True Baseline z1, True Baseline z2): 0.000302
  - CosSim(True Baseline z1, Average mixture c): 0.705793
  - CosSim(True Baseline z2, Average mixture c): 0.705320

[Embedding 1 Performance Alignment]
  - L1 Distance:                       0.530932
  - Cosine Similarity to Target:       0.746243

[Embedding 2 Performance Alignment]
  - L1 Distance:                       0.530932
  - Cosine Similarity to Target:       0.745886

Generated Outputs Inter-Relationship:
  - CosSim(Aligned Pred z1, Aligned Pred z2):  0.701622

