Size of test: 1000 source images, 1000 pairs
Setting up [LPIPS] perceptual loss: trunk [alex], v[0.1], spatial [off]
Loading model from: /nas-ctm01/homes/dacordeiro/.conda/envs/test/lib/python3.10/site-packages/lpips/weights/v0.1/alex.pth

--- Iterative Evaluation Metrics (Entire Validation Set) ---
Total Evaluated: 1000
LPIPS Alignment Swap Rate: 13.60%
SSIM Bright: 0.7967
SSIM Dark: 0.7579
PSNR Bright: 21.3723
PSNR Dark: 21.3584
LPIPS Bright: 0.0581
LPIPS Dark: 0.0702
Success Rate Bright (%S): 98.30%
Success Rate Dark (%S): 96.40%

Size of test: 1000 source images, 1000 pairs
Setting up [LPIPS] perceptual loss: trunk [alex], v[0.1], spatial [off]
Loading model from: /nas-ctm01/homes/dacordeiro/.conda/envs/test/lib/python3.10/site-packages/lpips/weights/v0.1/alex.pth

--- One-Shot Evaluation Metrics (Entire Validation Set) ---
Total Evaluated: 1000
LPIPS Alignment Swap Rate: 10.40%
SSIM Bright: 0.7810
SSIM Dark: 0.7468
PSNR Bright: 21.0105
PSNR Dark: 21.0123
LPIPS Bright: 0.0645
LPIPS Dark: 0.0695
Success Rate Bright (%S): 98.00%
Success Rate Dark (%S): 97.00%

