Size of train: 29000 source images, 30000 pairs
Size of test: 1000 source images, 1000 pairs
Size of test: 1000 source images, 1000 pairs
Setting up [LPIPS] perceptual loss: trunk [alex], v[0.1], spatial [off]
Loading model from: /nas-ctm01/homes/dacordeiro/.conda/envs/test/lib/python3.10/site-packages/lpips/weights/v0.1/alex.pth

--- Iterative Evaluation Metrics (Entire Validation Set) ---
Total Evaluated: 1000
LPIPS Alignment Swap Rate: 53.10%
SSIM Bright: 0.7030
SSIM Dark: 0.7018
PSNR Bright: 18.9629
PSNR Dark: 18.9608
LPIPS Bright: 0.0911
LPIPS Dark: 0.0896

Size of test: 1000 source images, 1000 pairs
Setting up [LPIPS] perceptual loss: trunk [alex], v[0.1], spatial [off]
Loading model from: /nas-ctm01/homes/dacordeiro/.conda/envs/test/lib/python3.10/site-packages/lpips/weights/v0.1/alex.pth

--- One-Shot Evaluation Metrics (Entire Validation Set) ---
Total Evaluated: 1000
LPIPS Alignment Swap Rate: 52.90%
SSIM Bright: 0.7063
SSIM Dark: 0.7041
PSNR Bright: 19.0729
PSNR Dark: 19.0686
LPIPS Bright: 0.0902
LPIPS Dark: 0.0885

[1;34mwandb[0m: 
[1;34mwandb[0m: 🚀 View run [33mfaces_dual_pit[0m at: [34mhttps://wandb.ai/davcordeiro03-inesc-tec/Face-DM/runs/u9d1gqhr[0m
[1;34mwandb[0m: Find logs at: [1;35mwandb/run-20260607_181644-u9d1gqhr/logs[0m
