Loading ArcFace embeddings...
--> Saved new best checkpoint based on Cheap Val to experiments/angular_ortho_loss_run_20ts/checkpoints/best.pt
Epoch 1 | Train Loss: 0.3036 | Val Cheap Loss: 0.2008
--> Saved new best checkpoint based on Cheap Val to experiments/angular_ortho_loss_run_20ts/checkpoints/best.pt
Epoch 2 | Train Loss: 0.1908 | Val Cheap Loss: 0.1837
--> Saved new best checkpoint based on Cheap Val to experiments/angular_ortho_loss_run_20ts/checkpoints/best.pt
Epoch 3 | Train Loss: 0.1772 | Val Cheap Loss: 0.1795
--> Saved new best checkpoint based on Cheap Val to experiments/angular_ortho_loss_run_20ts/checkpoints/best.pt
Epoch 4 | Train Loss: 0.1655 | Val Cheap Loss: 0.1638
--> Saved new best checkpoint based on Cheap Val to experiments/angular_ortho_loss_run_20ts/checkpoints/best.pt
Epoch 5 | Train Loss: 0.1546 | Val Cheap Loss: 0.1559 | Val TACOs Cos: 0.7235
--> Saved new best checkpoint based on Cheap Val to experiments/angular_ortho_loss_run_20ts/checkpoints/best.pt
Epoch 6 | Train Loss: 0.1469 | Val Cheap Loss: 0.1526
--> Saved new best checkpoint based on Cheap Val to experiments/angular_ortho_loss_run_20ts/checkpoints/best.pt
Epoch 7 | Train Loss: 0.1417 | Val Cheap Loss: 0.1434
--> Saved new best checkpoint based on Cheap Val to experiments/angular_ortho_loss_run_20ts/checkpoints/best.pt
Epoch 8 | Train Loss: 0.1356 | Val Cheap Loss: 0.1386
--> Saved new best checkpoint based on Cheap Val to experiments/angular_ortho_loss_run_20ts/checkpoints/best.pt
Epoch 9 | Train Loss: 0.1315 | Val Cheap Loss: 0.1376
--> Saved new best checkpoint based on Cheap Val to experiments/angular_ortho_loss_run_20ts/checkpoints/best.pt
Epoch 10 | Train Loss: 0.1287 | Val Cheap Loss: 0.1314 | Val TACOs Cos: 0.7582
--> Saved new best checkpoint based on Cheap Val to experiments/angular_ortho_loss_run_20ts/checkpoints/best.pt
Epoch 11 | Train Loss: 0.1255 | Val Cheap Loss: 0.1304
--> Saved new best checkpoint based on Cheap Val to experiments/angular_ortho_loss_run_20ts/checkpoints/best.pt
Epoch 12 | Train Loss: 0.1228 | Val Cheap Loss: 0.1289
--> Saved new best checkpoint based on Cheap Val to experiments/angular_ortho_loss_run_20ts/checkpoints/best.pt
Epoch 13 | Train Loss: 0.1215 | Val Cheap Loss: 0.1278
--> Saved new best checkpoint based on Cheap Val to experiments/angular_ortho_loss_run_20ts/checkpoints/best.pt
Epoch 14 | Train Loss: 0.1184 | Val Cheap Loss: 0.1267
--> Saved new best checkpoint based on Cheap Val to experiments/angular_ortho_loss_run_20ts/checkpoints/best.pt
Epoch 15 | Train Loss: 0.1175 | Val Cheap Loss: 0.1239 | Val TACOs Cos: 0.7716
--> Saved new best checkpoint based on Cheap Val to experiments/angular_ortho_loss_run_20ts/checkpoints/best.pt
Epoch 16 | Train Loss: 0.1149 | Val Cheap Loss: 0.1239
--> Saved new best checkpoint based on Cheap Val to experiments/angular_ortho_loss_run_20ts/checkpoints/best.pt
Epoch 17 | Train Loss: 0.1138 | Val Cheap Loss: 0.1219
Epoch 18 | Train Loss: 0.1125 | Val Cheap Loss: 0.1220
--> Saved new best checkpoint based on Cheap Val to experiments/angular_ortho_loss_run_20ts/checkpoints/best.pt
Epoch 19 | Train Loss: 0.1123 | Val Cheap Loss: 0.1198
--> Saved new best checkpoint based on Cheap Val to experiments/angular_ortho_loss_run_20ts/checkpoints/best.pt
Epoch 20 | Train Loss: 0.1102 | Val Cheap Loss: 0.1195 | Val TACOs Cos: 0.7802
Epoch 21 | Train Loss: 0.1080 | Val Cheap Loss: 0.1204
--> Saved new best checkpoint based on Cheap Val to experiments/angular_ortho_loss_run_20ts/checkpoints/best.pt
Epoch 22 | Train Loss: 0.1081 | Val Cheap Loss: 0.1182
--> Saved new best checkpoint based on Cheap Val to experiments/angular_ortho_loss_run_20ts/checkpoints/best.pt
Epoch 23 | Train Loss: 0.1070 | Val Cheap Loss: 0.1171
Epoch 24 | Train Loss: 0.1053 | Val Cheap Loss: 0.1177
--> Saved new best checkpoint based on Cheap Val to experiments/angular_ortho_loss_run_20ts/checkpoints/best.pt
Epoch 25 | Train Loss: 0.1056 | Val Cheap Loss: 0.1151 | Val TACOs Cos: 0.7856
Epoch 26 | Train Loss: 0.1043 | Val Cheap Loss: 0.1160
--> Saved new best checkpoint based on Cheap Val to experiments/angular_ortho_loss_run_20ts/checkpoints/best.pt
Epoch 27 | Train Loss: 0.1038 | Val Cheap Loss: 0.1138
--> Saved new best checkpoint based on Cheap Val to experiments/angular_ortho_loss_run_20ts/checkpoints/best.pt
Epoch 28 | Train Loss: 0.1018 | Val Cheap Loss: 0.1121
Epoch 29 | Train Loss: 0.1012 | Val Cheap Loss: 0.1155
Epoch 30 | Train Loss: 0.1001 | Val Cheap Loss: 0.1236 | Val TACOs Cos: 0.7861
Epoch 31 | Train Loss: 0.1035 | Val Cheap Loss: 0.1144
Epoch 32 | Train Loss: 0.1001 | Val Cheap Loss: 0.1147
--> Saved new best checkpoint based on Cheap Val to experiments/angular_ortho_loss_run_20ts/checkpoints/best.pt
Epoch 33 | Train Loss: 0.0996 | Val Cheap Loss: 0.1120
Epoch 34 | Train Loss: 0.0977 | Val Cheap Loss: 0.1139
--> Saved new best checkpoint based on Cheap Val to experiments/angular_ortho_loss_run_20ts/checkpoints/best.pt
Epoch 35 | Train Loss: 0.0972 | Val Cheap Loss: 0.1081 | Val TACOs Cos: 0.8004
Epoch 36 | Train Loss: 0.0957 | Val Cheap Loss: 0.1104
Epoch 37 | Train Loss: 0.0957 | Val Cheap Loss: 0.1109
Epoch 38 | Train Loss: 0.0963 | Val Cheap Loss: 0.1095
Epoch 39 | Train Loss: 0.0953 | Val Cheap Loss: 0.1102
Epoch 40 | Train Loss: 0.0939 | Val Cheap Loss: 0.1088 | Val TACOs Cos: 0.8033
Epoch 41 | Train Loss: 0.0940 | Val Cheap Loss: 0.1096
Epoch 42 | Train Loss: 0.0930 | Val Cheap Loss: 0.1094
Epoch 43 | Train Loss: 0.0920 | Val Cheap Loss: 0.1085
--> Saved new best checkpoint based on Cheap Val to experiments/angular_ortho_loss_run_20ts/checkpoints/best.pt
Epoch 44 | Train Loss: 0.0924 | Val Cheap Loss: 0.1080
Epoch 45 | Train Loss: 0.0908 | Val Cheap Loss: 0.1081 | Val TACOs Cos: 0.8021
--> Saved new best checkpoint based on Cheap Val to experiments/angular_ortho_loss_run_20ts/checkpoints/best.pt
Epoch 46 | Train Loss: 0.0911 | Val Cheap Loss: 0.1077
Epoch 47 | Train Loss: 0.0903 | Val Cheap Loss: 0.1092
Epoch 48 | Train Loss: 0.0918 | Val Cheap Loss: 0.1095
Epoch 49 | Train Loss: 0.0914 | Val Cheap Loss: 0.1084
--> Saved new best checkpoint based on Cheap Val to experiments/angular_ortho_loss_run_20ts/checkpoints/best.pt
Epoch 50 | Train Loss: 0.0901 | Val Cheap Loss: 0.1076 | Val TACOs Cos: 0.8055
Loading ArcFace embeddings for one_shot evaluation...
Loading weights from experiments/angular_ortho_loss_run_20ts/checkpoints/best.pt...

==================================================
DIFFAE/ARCFACE DEMORPH EVALUATION REPORT (ONE_SHOT)
==================================================
Run Name:         angular_ortho_loss_run_20ts
Validation Pairs: 10,000
Target Space:     ArcFace 512-D (L2-Normalized Base)
--------------------------------------------------

1. GROUND TRUTH Z1 RECONSTRUCTION
--------------------------------------------------
  - L1 Distance (Scaled space): 0.493529
  - L1 Distance (Raw ArcFace):  0.021146
  - Cosine Similarity vs Z1:    0.810422

2. GROUND TRUTH Z2 RECONSTRUCTION
--------------------------------------------------
  - L1 Distance (Scaled space): 0.493523
  - L1 Distance (Raw ArcFace):  0.021146
  - Cosine Similarity vs Z2:    0.810422

3. GEOMETRIC ALIGNMENT & ORTHOGONALITY COMPARISON
--------------------------------------------------
  - Baseline Cosine Sim (True Z1 vs True Z2):  0.069538
  - Generated Cosine Sim (Pred_Z1 vs Pred_Z2): 0.137877

  Interpretation:
  The Baseline metric proves how uncorrelated the target parents naturally
  are (expecting ~0.0673 based on global dataset tests). For a perfect
  separation, the Generated Cosine Similarity should converge closely to
  or match that exact baseline window.
==================================================

Saved evaluation results to experiments/angular_ortho_loss_run_20ts/eval_one_shot.txt
Loading ArcFace embeddings for iterative evaluation...
Loading weights from experiments/angular_ortho_loss_run_20ts/checkpoints/best.pt...

==================================================
DIFFAE/ARCFACE DEMORPH EVALUATION REPORT (ITERATIVE)
==================================================
Run Name:         angular_ortho_loss_run_20ts
Validation Pairs: 10,000
Target Space:     ArcFace 512-D (L2-Normalized Base)
--------------------------------------------------

1. GROUND TRUTH Z1 RECONSTRUCTION
--------------------------------------------------
  - L1 Distance (Scaled space): 0.585905
  - L1 Distance (Raw ArcFace):  0.021442
  - Cosine Similarity vs Z1:    0.805458

2. GROUND TRUTH Z2 RECONSTRUCTION
--------------------------------------------------
  - L1 Distance (Scaled space): 0.585831
  - L1 Distance (Raw ArcFace):  0.021444
  - Cosine Similarity vs Z2:    0.805458

3. GEOMETRIC ALIGNMENT & ORTHOGONALITY COMPARISON
--------------------------------------------------
  - Baseline Cosine Sim (True Z1 vs True Z2):  0.069538
  - Generated Cosine Sim (Pred_Z1 vs Pred_Z2): 0.169315

  Interpretation:
  The Baseline metric proves how uncorrelated the target parents naturally
  are (expecting ~0.0673 based on global dataset tests). For a perfect
  separation, the Generated Cosine Similarity should converge closely to
  or match that exact baseline window.
==================================================

Saved evaluation results to experiments/angular_ortho_loss_run_20ts/eval_iterative.txt
