Loading datasets into memory...
Epoch 1 | Train Loss: 0.4937 | Val Loss: 0.3948 | A->B: 0.1205 | B->A: 0.6692 
Epoch 2 | Train Loss: 0.3504 | Val Loss: 0.3145 | A->B: 0.1008 | B->A: 0.5282 
Epoch 3 | Train Loss: 0.2833 | Val Loss: 0.2627 | A->B: 0.0746 | B->A: 0.4509 
Epoch 4 | Train Loss: 0.2384 | Val Loss: 0.2229 | A->B: 0.0618 | B->A: 0.3840 
Epoch 5 | Train Loss: 0.2124 | Val Loss: 0.2060 | A->B: 0.0513 | B->A: 0.3606 
Epoch 6 | Train Loss: 0.1945 | Val Loss: 0.1888 | A->B: 0.0541 | B->A: 0.3235 
Epoch 7 | Train Loss: 0.1783 | Val Loss: 0.1860 | A->B: 0.0712 | B->A: 0.3008 
Epoch 8 | Train Loss: 0.1770 | Val Loss: 0.1833 | A->B: 0.0372 | B->A: 0.3294 
Epoch 9 | Train Loss: 0.1705 | Val Loss: 0.1750 | A->B: 0.0311 | B->A: 0.3189 
Epoch 10 | Train Loss: 0.1610 | Val Loss: 0.1702 | A->B: 0.0549 | B->A: 0.2855 
Epoch 11 | Train Loss: 0.1538 | Val Loss: 0.1530 | A->B: 0.0291 | B->A: 0.2768 
Epoch 12 | Train Loss: 0.1448 | Val Loss: 0.1484 | A->B: 0.0287 | B->A: 0.2681 
Epoch 13 | Train Loss: 0.1463 | Val Loss: 0.1583 | A->B: 0.0404 | B->A: 0.2761 
Epoch 14 | Train Loss: 0.1443 | Val Loss: 0.1405 | A->B: 0.0250 | B->A: 0.2560 
Epoch 15 | Train Loss: 0.1357 | Val Loss: 0.1425 | A->B: 0.0342 | B->A: 0.2508 
Epoch 16 | Train Loss: 0.1322 | Val Loss: 0.1363 | A->B: 0.0328 | B->A: 0.2397 
Epoch 17 | Train Loss: 0.1296 | Val Loss: 0.1355 | A->B: 0.0299 | B->A: 0.2411 
Epoch 18 | Train Loss: 0.1292 | Val Loss: 0.1286 | A->B: 0.0200 | B->A: 0.2373 
Epoch 19 | Train Loss: 0.1237 | Val Loss: 0.1331 | A->B: 0.0257 | B->A: 0.2404 
Epoch 20 | Train Loss: 0.1235 | Val Loss: 0.1289 | A->B: 0.0245 | B->A: 0.2333 
Epoch 21 | Train Loss: 0.1212 | Val Loss: 0.1264 | A->B: 0.0250 | B->A: 0.2279 
Epoch 22 | Train Loss: 0.1172 | Val Loss: 0.1278 | A->B: 0.0183 | B->A: 0.2373 
Epoch 23 | Train Loss: 0.1146 | Val Loss: 0.1275 | A->B: 0.0332 | B->A: 0.2219 
Epoch 24 | Train Loss: 0.1181 | Val Loss: 0.1302 | A->B: 0.0397 | B->A: 0.2207 
Epoch 25 | Train Loss: 0.1173 | Val Loss: 0.1210 | A->B: 0.0188 | B->A: 0.2233 | Sample L1: 0.1987 | Sample A->B: 0.0443 | Sample B->A: 0.3531
Epoch 26 | Train Loss: 0.1120 | Val Loss: 0.1220 | A->B: 0.0136 | B->A: 0.2304 
Epoch 27 | Train Loss: 0.1081 | Val Loss: 0.1182 | A->B: 0.0153 | B->A: 0.2211 
Epoch 28 | Train Loss: 0.1086 | Val Loss: 0.1117 | A->B: 0.0158 | B->A: 0.2077 
Epoch 29 | Train Loss: 0.1064 | Val Loss: 0.1130 | A->B: 0.0184 | B->A: 0.2077 
Epoch 30 | Train Loss: 0.1037 | Val Loss: 0.1121 | A->B: 0.0147 | B->A: 0.2094 
Epoch 31 | Train Loss: 0.1059 | Val Loss: 0.1168 | A->B: 0.0159 | B->A: 0.2177 
Epoch 32 | Train Loss: 0.1026 | Val Loss: 0.1132 | A->B: 0.0150 | B->A: 0.2114 
Epoch 33 | Train Loss: 0.1024 | Val Loss: 0.1118 | A->B: 0.0192 | B->A: 0.2044 
Epoch 34 | Train Loss: 0.0998 | Val Loss: 0.1113 | A->B: 0.0177 | B->A: 0.2050 
Epoch 35 | Train Loss: 0.0985 | Val Loss: 0.1131 | A->B: 0.0204 | B->A: 0.2057 
Epoch 36 | Train Loss: 0.0976 | Val Loss: 0.1074 | A->B: 0.0148 | B->A: 0.2000 
Epoch 37 | Train Loss: 0.1002 | Val Loss: 0.1090 | A->B: 0.0171 | B->A: 0.2010 
Epoch 38 | Train Loss: 0.0983 | Val Loss: 0.1035 | A->B: 0.0125 | B->A: 0.1945 
Epoch 39 | Train Loss: 0.0959 | Val Loss: 0.1007 | A->B: 0.0118 | B->A: 0.1896 
Epoch 40 | Train Loss: 0.0930 | Val Loss: 0.1031 | A->B: 0.0158 | B->A: 0.1903 
Epoch 41 | Train Loss: 0.0945 | Val Loss: 0.1037 | A->B: 0.0162 | B->A: 0.1913 
Epoch 42 | Train Loss: 0.0902 | Val Loss: 0.1024 | A->B: 0.0101 | B->A: 0.1948 
Epoch 43 | Train Loss: 0.0919 | Val Loss: 0.1047 | A->B: 0.0200 | B->A: 0.1893 
Epoch 44 | Train Loss: 0.0895 | Val Loss: 0.0975 | A->B: 0.0099 | B->A: 0.1852 
Epoch 45 | Train Loss: 0.0878 | Val Loss: 0.1039 | A->B: 0.0165 | B->A: 0.1914 
Epoch 46 | Train Loss: 0.0888 | Val Loss: 0.0992 | A->B: 0.0120 | B->A: 0.1864 
Epoch 47 | Train Loss: 0.0898 | Val Loss: 0.1004 | A->B: 0.0115 | B->A: 0.1893 
Epoch 48 | Train Loss: 0.0866 | Val Loss: 0.1027 | A->B: 0.0108 | B->A: 0.1947 
Epoch 49 | Train Loss: 0.0882 | Val Loss: 0.1001 | A->B: 0.0095 | B->A: 0.1906 
Epoch 50 | Train Loss: 0.0882 | Val Loss: 0.0993 | A->B: 0.0186 | B->A: 0.1801 | Sample L1: 0.1817 | Sample A->B: 0.0927 | Sample B->A: 0.2706
Epoch 51 | Train Loss: 0.0864 | Val Loss: 0.0973 | A->B: 0.0105 | B->A: 0.1841 
Epoch 52 | Train Loss: 0.0839 | Val Loss: 0.0975 | A->B: 0.0104 | B->A: 0.1846 
Epoch 53 | Train Loss: 0.0864 | Val Loss: 0.0948 | A->B: 0.0105 | B->A: 0.1791 
Epoch 54 | Train Loss: 0.0817 | Val Loss: 0.0969 | A->B: 0.0080 | B->A: 0.1857 
Epoch 55 | Train Loss: 0.0845 | Val Loss: 0.0993 | A->B: 0.0140 | B->A: 0.1846 
Epoch 56 | Train Loss: 0.0814 | Val Loss: 0.0972 | A->B: 0.0126 | B->A: 0.1818 
Epoch 57 | Train Loss: 0.0833 | Val Loss: 0.0942 | A->B: 0.0128 | B->A: 0.1756 
Epoch 58 | Train Loss: 0.0824 | Val Loss: 0.0952 | A->B: 0.0114 | B->A: 0.1790 
Epoch 59 | Train Loss: 0.0797 | Val Loss: 0.0919 | A->B: 0.0093 | B->A: 0.1745 
Epoch 60 | Train Loss: 0.0798 | Val Loss: 0.0968 | A->B: 0.0173 | B->A: 0.1764 
Epoch 61 | Train Loss: 0.0791 | Val Loss: 0.0933 | A->B: 0.0166 | B->A: 0.1700 
Epoch 62 | Train Loss: 0.0791 | Val Loss: 0.0944 | A->B: 0.0099 | B->A: 0.1790 
Epoch 63 | Train Loss: 0.0777 | Val Loss: 0.0937 | A->B: 0.0121 | B->A: 0.1752 
Epoch 64 | Train Loss: 0.0783 | Val Loss: 0.0928 | A->B: 0.0106 | B->A: 0.1751 
Epoch 65 | Train Loss: 0.0762 | Val Loss: 0.0960 | A->B: 0.0077 | B->A: 0.1844 
Epoch 66 | Train Loss: 0.0789 | Val Loss: 0.0983 | A->B: 0.0188 | B->A: 0.1778 
Epoch 67 | Train Loss: 0.0787 | Val Loss: 0.0923 | A->B: 0.0111 | B->A: 0.1734 
Epoch 68 | Train Loss: 0.0776 | Val Loss: 0.0934 | A->B: 0.0085 | B->A: 0.1783 
Epoch 69 | Train Loss: 0.0734 | Val Loss: 0.0892 | A->B: 0.0082 | B->A: 0.1702 
Epoch 70 | Train Loss: 0.0746 | Val Loss: 0.0907 | A->B: 0.0104 | B->A: 0.1711 
Epoch 71 | Train Loss: 0.0738 | Val Loss: 0.0906 | A->B: 0.0084 | B->A: 0.1728 
Epoch 72 | Train Loss: 0.0720 | Val Loss: 0.0879 | A->B: 0.0081 | B->A: 0.1677 
Epoch 73 | Train Loss: 0.0742 | Val Loss: 0.0888 | A->B: 0.0111 | B->A: 0.1666 
Epoch 74 | Train Loss: 0.0729 | Val Loss: 0.0894 | A->B: 0.0106 | B->A: 0.1682 
Epoch 75 | Train Loss: 0.0713 | Val Loss: 0.0858 | A->B: 0.0073 | B->A: 0.1643 | Sample L1: 0.1368 | Sample A->B: 0.0092 | Sample B->A: 0.2644
Epoch 76 | Train Loss: 0.0713 | Val Loss: 0.0891 | A->B: 0.0108 | B->A: 0.1674 
Epoch 77 | Train Loss: 0.0715 | Val Loss: 0.0922 | A->B: 0.0173 | B->A: 0.1672 
Epoch 78 | Train Loss: 0.0719 | Val Loss: 0.0876 | A->B: 0.0104 | B->A: 0.1648 
Epoch 79 | Train Loss: 0.0702 | Val Loss: 0.0854 | A->B: 0.0076 | B->A: 0.1632 
Epoch 80 | Train Loss: 0.0690 | Val Loss: 0.0855 | A->B: 0.0083 | B->A: 0.1628 
Epoch 81 | Train Loss: 0.0682 | Val Loss: 0.0891 | A->B: 0.0082 | B->A: 0.1700 
Epoch 82 | Train Loss: 0.0704 | Val Loss: 0.0863 | A->B: 0.0082 | B->A: 0.1643 
Epoch 83 | Train Loss: 0.0684 | Val Loss: 0.0876 | A->B: 0.0096 | B->A: 0.1655 
Epoch 84 | Train Loss: 0.0670 | Val Loss: 0.0867 | A->B: 0.0113 | B->A: 0.1621 
Epoch 85 | Train Loss: 0.0672 | Val Loss: 0.0856 | A->B: 0.0069 | B->A: 0.1642 
Epoch 86 | Train Loss: 0.0666 | Val Loss: 0.0902 | A->B: 0.0156 | B->A: 0.1647 
Epoch 87 | Train Loss: 0.0675 | Val Loss: 0.0837 | A->B: 0.0077 | B->A: 0.1598 
Epoch 88 | Train Loss: 0.0666 | Val Loss: 0.0852 | A->B: 0.0096 | B->A: 0.1607 
Epoch 89 | Train Loss: 0.0653 | Val Loss: 0.0871 | A->B: 0.0103 | B->A: 0.1639 
Epoch 90 | Train Loss: 0.0636 | Val Loss: 0.0829 | A->B: 0.0085 | B->A: 0.1573 
Epoch 91 | Train Loss: 0.0639 | Val Loss: 0.0853 | A->B: 0.0075 | B->A: 0.1632 
Epoch 92 | Train Loss: 0.0638 | Val Loss: 0.0837 | A->B: 0.0100 | B->A: 0.1574 
Epoch 93 | Train Loss: 0.0655 | Val Loss: 0.0850 | A->B: 0.0084 | B->A: 0.1616 
Epoch 94 | Train Loss: 0.0648 | Val Loss: 0.0879 | A->B: 0.0070 | B->A: 0.1688 
Epoch 95 | Train Loss: 0.0678 | Val Loss: 0.0828 | A->B: 0.0078 | B->A: 0.1579 
Epoch 96 | Train Loss: 0.0671 | Val Loss: 0.0840 | A->B: 0.0105 | B->A: 0.1574 
Epoch 97 | Train Loss: 0.0632 | Val Loss: 0.0875 | A->B: 0.0107 | B->A: 0.1642 
Epoch 98 | Train Loss: 0.0649 | Val Loss: 0.0832 | A->B: 0.0102 | B->A: 0.1562 
Epoch 99 | Train Loss: 0.0656 | Val Loss: 0.0822 | A->B: 0.0111 | B->A: 0.1534 
Epoch 100 | Train Loss: 0.0626 | Val Loss: 0.0803 | A->B: 0.0069 | B->A: 0.1537 | Sample L1: 0.1264 | Sample A->B: 0.0085 | Sample B->A: 0.2444
Epoch 101 | Train Loss: 0.0602 | Val Loss: 0.0804 | A->B: 0.0084 | B->A: 0.1525 
Epoch 102 | Train Loss: 0.0615 | Val Loss: 0.0832 | A->B: 0.0078 | B->A: 0.1585 
Epoch 103 | Train Loss: 0.0606 | Val Loss: 0.0814 | A->B: 0.0066 | B->A: 0.1562 
Epoch 104 | Train Loss: 0.0603 | Val Loss: 0.0827 | A->B: 0.0109 | B->A: 0.1546 
Epoch 105 | Train Loss: 0.0622 | Val Loss: 0.0827 | A->B: 0.0085 | B->A: 0.1569 
Epoch 106 | Train Loss: 0.0596 | Val Loss: 0.0846 | A->B: 0.0130 | B->A: 0.1563 
Epoch 107 | Train Loss: 0.0607 | Val Loss: 0.0801 | A->B: 0.0081 | B->A: 0.1521 
Epoch 108 | Train Loss: 0.0589 | Val Loss: 0.0813 | A->B: 0.0072 | B->A: 0.1554 
Epoch 109 | Train Loss: 0.0584 | Val Loss: 0.0803 | A->B: 0.0082 | B->A: 0.1524 
Epoch 110 | Train Loss: 0.0577 | Val Loss: 0.0818 | A->B: 0.0069 | B->A: 0.1567 
Epoch 111 | Train Loss: 0.0579 | Val Loss: 0.0827 | A->B: 0.0113 | B->A: 0.1541 
Epoch 112 | Train Loss: 0.0584 | Val Loss: 0.0777 | A->B: 0.0067 | B->A: 0.1487 
Epoch 113 | Train Loss: 0.0588 | Val Loss: 0.0791 | A->B: 0.0076 | B->A: 0.1505 
Epoch 114 | Train Loss: 0.0577 | Val Loss: 0.0788 | A->B: 0.0082 | B->A: 0.1494 
Epoch 115 | Train Loss: 0.0560 | Val Loss: 0.0803 | A->B: 0.0062 | B->A: 0.1544 
Epoch 116 | Train Loss: 0.0566 | Val Loss: 0.0803 | A->B: 0.0064 | B->A: 0.1543 
Epoch 117 | Train Loss: 0.0556 | Val Loss: 0.0774 | A->B: 0.0082 | B->A: 0.1466 
Epoch 118 | Train Loss: 0.0567 | Val Loss: 0.0800 | A->B: 0.0094 | B->A: 0.1507 
Epoch 119 | Train Loss: 0.0555 | Val Loss: 0.0782 | A->B: 0.0072 | B->A: 0.1492 
Epoch 120 | Train Loss: 0.0555 | Val Loss: 0.0802 | A->B: 0.0098 | B->A: 0.1506 
Epoch 121 | Train Loss: 0.0566 | Val Loss: 0.0790 | A->B: 0.0078 | B->A: 0.1502 
Epoch 122 | Train Loss: 0.0576 | Val Loss: 0.0813 | A->B: 0.0064 | B->A: 0.1562 
Epoch 123 | Train Loss: 0.0553 | Val Loss: 0.0768 | A->B: 0.0078 | B->A: 0.1457 
Epoch 124 | Train Loss: 0.0548 | Val Loss: 0.0768 | A->B: 0.0065 | B->A: 0.1471 
Epoch 125 | Train Loss: 0.0550 | Val Loss: 0.0775 | A->B: 0.0066 | B->A: 0.1484 | Sample L1: 0.1259 | Sample A->B: 0.0131 | Sample B->A: 0.2387
Epoch 126 | Train Loss: 0.0566 | Val Loss: 0.0815 | A->B: 0.0080 | B->A: 0.1551 
Epoch 127 | Train Loss: 0.0562 | Val Loss: 0.0786 | A->B: 0.0073 | B->A: 0.1499 
Epoch 128 | Train Loss: 0.0549 | Val Loss: 0.0797 | A->B: 0.0078 | B->A: 0.1515 
Epoch 129 | Train Loss: 0.0551 | Val Loss: 0.0777 | A->B: 0.0057 | B->A: 0.1496 
Epoch 130 | Train Loss: 0.0525 | Val Loss: 0.0771 | A->B: 0.0077 | B->A: 0.1465 
Epoch 131 | Train Loss: 0.0538 | Val Loss: 0.0780 | A->B: 0.0058 | B->A: 0.1501 
Epoch 132 | Train Loss: 0.0529 | Val Loss: 0.0761 | A->B: 0.0061 | B->A: 0.1461 
Epoch 133 | Train Loss: 0.0522 | Val Loss: 0.0783 | A->B: 0.0084 | B->A: 0.1482 
Epoch 134 | Train Loss: 0.0542 | Val Loss: 0.0776 | A->B: 0.0065 | B->A: 0.1487 
Epoch 135 | Train Loss: 0.0540 | Val Loss: 0.0763 | A->B: 0.0068 | B->A: 0.1458 
Epoch 136 | Train Loss: 0.0523 | Val Loss: 0.0780 | A->B: 0.0086 | B->A: 0.1473 
Epoch 137 | Train Loss: 0.0542 | Val Loss: 0.0788 | A->B: 0.0089 | B->A: 0.1487 
Epoch 138 | Train Loss: 0.0521 | Val Loss: 0.0762 | A->B: 0.0069 | B->A: 0.1454 
Epoch 139 | Train Loss: 0.0544 | Val Loss: 0.0777 | A->B: 0.0065 | B->A: 0.1490 
Epoch 140 | Train Loss: 0.0558 | Val Loss: 0.0782 | A->B: 0.0069 | B->A: 0.1495 
Epoch 141 | Train Loss: 0.0527 | Val Loss: 0.0765 | A->B: 0.0076 | B->A: 0.1454 
Epoch 142 | Train Loss: 0.0520 | Val Loss: 0.0735 | A->B: 0.0054 | B->A: 0.1416 
Epoch 143 | Train Loss: 0.0497 | Val Loss: 0.0776 | A->B: 0.0063 | B->A: 0.1489 
Epoch 144 | Train Loss: 0.0488 | Val Loss: 0.0746 | A->B: 0.0054 | B->A: 0.1439 
Epoch 145 | Train Loss: 0.0483 | Val Loss: 0.0741 | A->B: 0.0065 | B->A: 0.1417 
Epoch 146 | Train Loss: 0.0519 | Val Loss: 0.0744 | A->B: 0.0073 | B->A: 0.1415 
Epoch 147 | Train Loss: 0.0503 | Val Loss: 0.0750 | A->B: 0.0077 | B->A: 0.1424 
Epoch 148 | Train Loss: 0.0496 | Val Loss: 0.0755 | A->B: 0.0059 | B->A: 0.1450 
Epoch 149 | Train Loss: 0.0479 | Val Loss: 0.0756 | A->B: 0.0069 | B->A: 0.1444 
Epoch 150 | Train Loss: 0.0490 | Val Loss: 0.0748 | A->B: 0.0064 | B->A: 0.1433 | Sample L1: 0.1174 | Sample A->B: 0.0095 | Sample B->A: 0.2253

--- CONDITIONAL EVALUATION (ONE_SHOT) ---
Condition A -> Recover B L1 Distance : 0.265755
Condition A -> Recover B Cosine Sim  : 0.980422
Condition A -> Recover B %S1         : 100.00%
Condition B -> Recover A L1 Distance : 0.354473
Condition B -> Recover A Cosine Sim  : 0.904639
Condition B -> Recover A %S2         : 100.00%
Mean Conditional L1 Distance         : 0.310114
Mean Conditional Cosine Sim          : 0.942530
Combined Total %S                    : 100.00%


--- CONDITIONAL EVALUATION (ITERATIVE) ---
Condition A -> Recover B L1 Distance : 0.813462
Condition A -> Recover B Cosine Sim  : 0.190834
Condition A -> Recover B %S1         : 19.50%
Condition B -> Recover A L1 Distance : 0.402001
Condition B -> Recover A Cosine Sim  : 0.783743
Condition B -> Recover A %S2         : 82.40%
Mean Conditional L1 Distance         : 0.607731
Mean Conditional Cosine Sim          : 0.487288
Combined Total %S                    : 50.95%

