Loading ArcFace embeddings...
--> Saved best checkpoint to experiments/oneshot_arcface_real/checkpoints/best.pt
Epoch 1 | Train Loss: 1.4848 | Val Loss: 1.2526
--> Saved best checkpoint to experiments/oneshot_arcface_real/checkpoints/best.pt
Epoch 2 | Train Loss: 1.1602 | Val Loss: 1.0991
--> Saved best checkpoint to experiments/oneshot_arcface_real/checkpoints/best.pt
Epoch 3 | Train Loss: 1.0778 | Val Loss: 1.0646
--> Saved best checkpoint to experiments/oneshot_arcface_real/checkpoints/best.pt
Epoch 4 | Train Loss: 1.0519 | Val Loss: 1.0423
--> Saved best checkpoint to experiments/oneshot_arcface_real/checkpoints/best.pt
Epoch 5 | Train Loss: 1.0392 | Val Loss: 1.0389
--> Saved best checkpoint to experiments/oneshot_arcface_real/checkpoints/best.pt
Epoch 6 | Train Loss: 1.0308 | Val Loss: 1.0275
--> Saved best checkpoint to experiments/oneshot_arcface_real/checkpoints/best.pt
Epoch 7 | Train Loss: 1.0226 | Val Loss: 1.0230
--> Saved best checkpoint to experiments/oneshot_arcface_real/checkpoints/best.pt
Epoch 8 | Train Loss: 1.0167 | Val Loss: 1.0154
--> Saved best checkpoint to experiments/oneshot_arcface_real/checkpoints/best.pt
Epoch 9 | Train Loss: 1.0104 | Val Loss: 1.0143
--> Saved best checkpoint to experiments/oneshot_arcface_real/checkpoints/best.pt
Epoch 10 | Train Loss: 1.0047 | Val Loss: 1.0069
--> Saved best checkpoint to experiments/oneshot_arcface_real/checkpoints/best.pt
Epoch 11 | Train Loss: 0.9993 | Val Loss: 1.0018
--> Saved best checkpoint to experiments/oneshot_arcface_real/checkpoints/best.pt
Epoch 12 | Train Loss: 0.9948 | Val Loss: 0.9976
--> Saved best checkpoint to experiments/oneshot_arcface_real/checkpoints/best.pt
Epoch 13 | Train Loss: 0.9884 | Val Loss: 0.9924
--> Saved best checkpoint to experiments/oneshot_arcface_real/checkpoints/best.pt
Epoch 14 | Train Loss: 0.9830 | Val Loss: 0.9875
--> Saved best checkpoint to experiments/oneshot_arcface_real/checkpoints/best.pt
Epoch 15 | Train Loss: 0.9768 | Val Loss: 0.9823
--> Saved best checkpoint to experiments/oneshot_arcface_real/checkpoints/best.pt
Epoch 16 | Train Loss: 0.9714 | Val Loss: 0.9745
--> Saved best checkpoint to experiments/oneshot_arcface_real/checkpoints/best.pt
Epoch 17 | Train Loss: 0.9652 | Val Loss: 0.9690
--> Saved best checkpoint to experiments/oneshot_arcface_real/checkpoints/best.pt
Epoch 18 | Train Loss: 0.9596 | Val Loss: 0.9655
--> Saved best checkpoint to experiments/oneshot_arcface_real/checkpoints/best.pt
Epoch 19 | Train Loss: 0.9542 | Val Loss: 0.9620
--> Saved best checkpoint to experiments/oneshot_arcface_real/checkpoints/best.pt
Epoch 20 | Train Loss: 0.9490 | Val Loss: 0.9550
--> Saved best checkpoint to experiments/oneshot_arcface_real/checkpoints/best.pt
Epoch 21 | Train Loss: 0.9439 | Val Loss: 0.9539
--> Saved best checkpoint to experiments/oneshot_arcface_real/checkpoints/best.pt
Epoch 22 | Train Loss: 0.9395 | Val Loss: 0.9480
--> Saved best checkpoint to experiments/oneshot_arcface_real/checkpoints/best.pt
Epoch 23 | Train Loss: 0.9349 | Val Loss: 0.9446
--> Saved best checkpoint to experiments/oneshot_arcface_real/checkpoints/best.pt
Epoch 24 | Train Loss: 0.9308 | Val Loss: 0.9391
Epoch 25 | Train Loss: 0.9263 | Val Loss: 0.9413
--> Saved best checkpoint to experiments/oneshot_arcface_real/checkpoints/best.pt
Epoch 26 | Train Loss: 0.9235 | Val Loss: 0.9348
--> Saved best checkpoint to experiments/oneshot_arcface_real/checkpoints/best.pt
Epoch 27 | Train Loss: 0.9192 | Val Loss: 0.9294
--> Saved best checkpoint to experiments/oneshot_arcface_real/checkpoints/best.pt
Epoch 28 | Train Loss: 0.9156 | Val Loss: 0.9279
--> Saved best checkpoint to experiments/oneshot_arcface_real/checkpoints/best.pt
Epoch 29 | Train Loss: 0.9130 | Val Loss: 0.9242
--> Saved best checkpoint to experiments/oneshot_arcface_real/checkpoints/best.pt
Epoch 30 | Train Loss: 0.9098 | Val Loss: 0.9216
--> Saved best checkpoint to experiments/oneshot_arcface_real/checkpoints/best.pt
Epoch 31 | Train Loss: 0.9069 | Val Loss: 0.9171
--> Saved best checkpoint to experiments/oneshot_arcface_real/checkpoints/best.pt
Epoch 32 | Train Loss: 0.9044 | Val Loss: 0.9164
--> Saved best checkpoint to experiments/oneshot_arcface_real/checkpoints/best.pt
Epoch 33 | Train Loss: 0.9023 | Val Loss: 0.9137
--> Saved best checkpoint to experiments/oneshot_arcface_real/checkpoints/best.pt
Epoch 34 | Train Loss: 0.9002 | Val Loss: 0.9107
--> Saved best checkpoint to experiments/oneshot_arcface_real/checkpoints/best.pt
Epoch 35 | Train Loss: 0.8981 | Val Loss: 0.9088
--> Saved best checkpoint to experiments/oneshot_arcface_real/checkpoints/best.pt
Epoch 36 | Train Loss: 0.8964 | Val Loss: 0.9085
--> Saved best checkpoint to experiments/oneshot_arcface_real/checkpoints/best.pt
Epoch 37 | Train Loss: 0.8951 | Val Loss: 0.9044
--> Saved best checkpoint to experiments/oneshot_arcface_real/checkpoints/best.pt
Epoch 38 | Train Loss: 0.8933 | Val Loss: 0.9040
--> Saved best checkpoint to experiments/oneshot_arcface_real/checkpoints/best.pt
Epoch 39 | Train Loss: 0.8919 | Val Loss: 0.9017
--> Saved best checkpoint to experiments/oneshot_arcface_real/checkpoints/best.pt
Epoch 40 | Train Loss: 0.8906 | Val Loss: 0.9008
--> Saved best checkpoint to experiments/oneshot_arcface_real/checkpoints/best.pt
Epoch 41 | Train Loss: 0.8896 | Val Loss: 0.8997
--> Saved best checkpoint to experiments/oneshot_arcface_real/checkpoints/best.pt
Epoch 42 | Train Loss: 0.8887 | Val Loss: 0.8985
--> Saved best checkpoint to experiments/oneshot_arcface_real/checkpoints/best.pt
Epoch 43 | Train Loss: 0.8876 | Val Loss: 0.8975
--> Saved best checkpoint to experiments/oneshot_arcface_real/checkpoints/best.pt
Epoch 44 | Train Loss: 0.8873 | Val Loss: 0.8971
--> Saved best checkpoint to experiments/oneshot_arcface_real/checkpoints/best.pt
Epoch 45 | Train Loss: 0.8869 | Val Loss: 0.8964
--> Saved best checkpoint to experiments/oneshot_arcface_real/checkpoints/best.pt
Epoch 46 | Train Loss: 0.8866 | Val Loss: 0.8960
--> Saved best checkpoint to experiments/oneshot_arcface_real/checkpoints/best.pt
Epoch 47 | Train Loss: 0.8863 | Val Loss: 0.8958
--> Saved best checkpoint to experiments/oneshot_arcface_real/checkpoints/best.pt
Epoch 48 | Train Loss: 0.8861 | Val Loss: 0.8956
--> Saved best checkpoint to experiments/oneshot_arcface_real/checkpoints/best.pt
Epoch 49 | Train Loss: 0.8859 | Val Loss: 0.8955
--> Saved best checkpoint to experiments/oneshot_arcface_real/checkpoints/best.pt
Epoch 50 | Train Loss: 0.8860 | Val Loss: 0.8954
Loading ArcFace embeddings for evaluation...

--- Evaluation Results: ONE-SHOT PERMUTATION INVARIANT ---
Run Name: oneshot_arcface_real
Validation Pairs Evaluated: 10000
---------------------------------------------------------
Mean L1 Distance (Scaled space): 0.447690
Mean L1 Distance (Raw ArcFace):  0.020732
Mean Cosine Similarity:          0.819279

