Loading ArcFace embeddings for one_shot evaluation...
Loading weights from experiments/avg_arcface/checkpoints/best.pt...

--- Evaluation Results: ONE_SHOT ---
Run Name: avg_arcface
Validation Pairs: 10000
----------------------------------------
[Embedding 1 (Primary Predicted)]
L1 Distance (Scaled space): 0.469630
L1 Distance (Raw ArcFace):  0.021881
Cosine Similarity:          0.799584

[Embedding 2 (Mathematically Extracted)]
L1 Distance (Scaled space): 0.469630
L1 Distance (Raw ArcFace):  0.021882
Cosine Similarity:          0.799604

Saved evaluation results to experiments/avg_arcface/eval_one_shot.txt
Loading ArcFace embeddings for iterative evaluation...
Loading weights from experiments/avg_arcface/checkpoints/best.pt...

--- Evaluation Results: ITERATIVE ---
Run Name: avg_arcface
Validation Pairs: 10000
----------------------------------------
[Embedding 1 (Primary Predicted)]
L1 Distance (Scaled space): 0.492172
L1 Distance (Raw ArcFace):  0.022811
Cosine Similarity:          0.782434

[Embedding 2 (Mathematically Extracted)]
L1 Distance (Scaled space): 0.492172
L1 Distance (Raw ArcFace):  0.022820
Cosine Similarity:          0.782305

Saved evaluation results to experiments/avg_arcface/eval_iterative.txt
