Loading DiffAE embeddings...
Loading ArcFace embeddings...
--> Saved new best checkpoint based on Cheap Val to experiments/arcface_to_diffae/checkpoints/best.pt
Epoch 1 | Train L1: 0.6316 | Val Cheap L1: 0.5059
--> Saved new best checkpoint based on Cheap Val to experiments/arcface_to_diffae/checkpoints/best.pt
Epoch 2 | Train L1: 0.4074 | Val Cheap L1: 0.3883
--> Saved new best checkpoint based on Cheap Val to experiments/arcface_to_diffae/checkpoints/best.pt
Epoch 3 | Train L1: 0.3212 | Val Cheap L1: 0.3209
--> Saved new best checkpoint based on Cheap Val to experiments/arcface_to_diffae/checkpoints/best.pt
Epoch 4 | Train L1: 0.2770 | Val Cheap L1: 0.2892
--> Saved new best checkpoint based on Cheap Val to experiments/arcface_to_diffae/checkpoints/best.pt
Epoch 5 | Train L1: 0.2473 | Val Cheap L1: 0.2684 | Val TACOs L1: 0.8952
--> Saved new best checkpoint based on Cheap Val to experiments/arcface_to_diffae/checkpoints/best.pt
Epoch 6 | Train L1: 0.2279 | Val Cheap L1: 0.2515
--> Saved new best checkpoint based on Cheap Val to experiments/arcface_to_diffae/checkpoints/best.pt
Epoch 7 | Train L1: 0.2155 | Val Cheap L1: 0.2277
--> Saved new best checkpoint based on Cheap Val to experiments/arcface_to_diffae/checkpoints/best.pt
Epoch 8 | Train L1: 0.2035 | Val Cheap L1: 0.2270
--> Saved new best checkpoint based on Cheap Val to experiments/arcface_to_diffae/checkpoints/best.pt
Epoch 9 | Train L1: 0.1960 | Val Cheap L1: 0.2141
Epoch 10 | Train L1: 0.1890 | Val Cheap L1: 0.2239 | Val TACOs L1: 0.8988
--> Saved new best checkpoint based on Cheap Val to experiments/arcface_to_diffae/checkpoints/best.pt
Epoch 11 | Train L1: 0.1838 | Val Cheap L1: 0.2119
--> Saved new best checkpoint based on Cheap Val to experiments/arcface_to_diffae/checkpoints/best.pt
Epoch 12 | Train L1: 0.1779 | Val Cheap L1: 0.2099
--> Saved new best checkpoint based on Cheap Val to experiments/arcface_to_diffae/checkpoints/best.pt
Epoch 13 | Train L1: 0.1752 | Val Cheap L1: 0.1937
--> Saved new best checkpoint based on Cheap Val to experiments/arcface_to_diffae/checkpoints/best.pt
Epoch 14 | Train L1: 0.1712 | Val Cheap L1: 0.1864
Epoch 15 | Train L1: 0.1664 | Val Cheap L1: 0.1926 | Val TACOs L1: 0.8137
--> Saved new best checkpoint based on Cheap Val to experiments/arcface_to_diffae/checkpoints/best.pt
Epoch 16 | Train L1: 0.1643 | Val Cheap L1: 0.1822
--> Saved new best checkpoint based on Cheap Val to experiments/arcface_to_diffae/checkpoints/best.pt
Epoch 17 | Train L1: 0.1621 | Val Cheap L1: 0.1807
Epoch 18 | Train L1: 0.1594 | Val Cheap L1: 0.1967
--> Saved new best checkpoint based on Cheap Val to experiments/arcface_to_diffae/checkpoints/best.pt
Epoch 19 | Train L1: 0.1578 | Val Cheap L1: 0.1757
--> Saved new best checkpoint based on Cheap Val to experiments/arcface_to_diffae/checkpoints/best.pt
Epoch 20 | Train L1: 0.1544 | Val Cheap L1: 0.1730 | Val TACOs L1: 0.7937
--> Saved new best checkpoint based on Cheap Val to experiments/arcface_to_diffae/checkpoints/best.pt
Epoch 21 | Train L1: 0.1526 | Val Cheap L1: 0.1712
Epoch 22 | Train L1: 0.1503 | Val Cheap L1: 0.1725
Epoch 23 | Train L1: 0.1493 | Val Cheap L1: 0.1905
--> Saved new best checkpoint based on Cheap Val to experiments/arcface_to_diffae/checkpoints/best.pt
Epoch 24 | Train L1: 0.1498 | Val Cheap L1: 0.1669
Epoch 25 | Train L1: 0.1489 | Val Cheap L1: 0.1871 | Val TACOs L1: 0.8461
Epoch 26 | Train L1: 0.1475 | Val Cheap L1: 0.1671
Epoch 27 | Train L1: 0.1428 | Val Cheap L1: 0.1675
--> Saved new best checkpoint based on Cheap Val to experiments/arcface_to_diffae/checkpoints/best.pt
Epoch 28 | Train L1: 0.1427 | Val Cheap L1: 0.1621
Epoch 29 | Train L1: 0.1421 | Val Cheap L1: 0.1663
Epoch 30 | Train L1: 0.1407 | Val Cheap L1: 0.1638 | Val TACOs L1: 0.8099
--> Saved new best checkpoint based on Cheap Val to experiments/arcface_to_diffae/checkpoints/best.pt
Epoch 31 | Train L1: 0.1399 | Val Cheap L1: 0.1575
Epoch 32 | Train L1: 0.1388 | Val Cheap L1: 0.1663
Epoch 33 | Train L1: 0.1386 | Val Cheap L1: 0.1605
--> Saved new best checkpoint based on Cheap Val to experiments/arcface_to_diffae/checkpoints/best.pt
Epoch 34 | Train L1: 0.1374 | Val Cheap L1: 0.1538
Epoch 35 | Train L1: 0.1355 | Val Cheap L1: 0.1724 | Val TACOs L1: 0.8416
Epoch 36 | Train L1: 0.1354 | Val Cheap L1: 0.1549
Epoch 37 | Train L1: 0.1331 | Val Cheap L1: 0.1664
Epoch 38 | Train L1: 0.1333 | Val Cheap L1: 0.1595
Epoch 39 | Train L1: 0.1317 | Val Cheap L1: 0.1616
Epoch 40 | Train L1: 0.1322 | Val Cheap L1: 0.1572 | Val TACOs L1: 0.8038
Epoch 41 | Train L1: 0.1304 | Val Cheap L1: 0.1553
--> Saved new best checkpoint based on Cheap Val to experiments/arcface_to_diffae/checkpoints/best.pt
Epoch 42 | Train L1: 0.1293 | Val Cheap L1: 0.1532
--> Saved new best checkpoint based on Cheap Val to experiments/arcface_to_diffae/checkpoints/best.pt
Epoch 43 | Train L1: 0.1300 | Val Cheap L1: 0.1491
Epoch 44 | Train L1: 0.1284 | Val Cheap L1: 0.1541
Epoch 45 | Train L1: 0.1281 | Val Cheap L1: 0.1559 | Val TACOs L1: 0.7918
Epoch 46 | Train L1: 0.1251 | Val Cheap L1: 0.1641
Epoch 47 | Train L1: 0.1296 | Val Cheap L1: 0.1496
Epoch 48 | Train L1: 0.1271 | Val Cheap L1: 0.1551
Epoch 49 | Train L1: 0.1253 | Val Cheap L1: 0.1520
Epoch 50 | Train L1: 0.1260 | Val Cheap L1: 0.1520 | Val TACOs L1: 0.8104
--> Saved new best checkpoint based on Cheap Val to experiments/arcface_to_diffae/checkpoints/best.pt
Epoch 51 | Train L1: 0.1246 | Val Cheap L1: 0.1469
Epoch 52 | Train L1: 0.1234 | Val Cheap L1: 0.1501
Epoch 53 | Train L1: 0.1216 | Val Cheap L1: 0.1509
Epoch 54 | Train L1: 0.1211 | Val Cheap L1: 0.1470
Epoch 55 | Train L1: 0.1210 | Val Cheap L1: 0.1477 | Val TACOs L1: 0.7889
--> Saved new best checkpoint based on Cheap Val to experiments/arcface_to_diffae/checkpoints/best.pt
Epoch 56 | Train L1: 0.1200 | Val Cheap L1: 0.1469
Epoch 57 | Train L1: 0.1219 | Val Cheap L1: 0.1491
Epoch 58 | Train L1: 0.1200 | Val Cheap L1: 0.1511
Epoch 59 | Train L1: 0.1211 | Val Cheap L1: 0.1544
Epoch 60 | Train L1: 0.1211 | Val Cheap L1: 0.1570 | Val TACOs L1: 0.8153
--> Saved new best checkpoint based on Cheap Val to experiments/arcface_to_diffae/checkpoints/best.pt
Epoch 61 | Train L1: 0.1210 | Val Cheap L1: 0.1441
--> Saved new best checkpoint based on Cheap Val to experiments/arcface_to_diffae/checkpoints/best.pt
Epoch 62 | Train L1: 0.1187 | Val Cheap L1: 0.1431
Epoch 63 | Train L1: 0.1188 | Val Cheap L1: 0.1452
--> Saved new best checkpoint based on Cheap Val to experiments/arcface_to_diffae/checkpoints/best.pt
Epoch 64 | Train L1: 0.1181 | Val Cheap L1: 0.1416
Epoch 65 | Train L1: 0.1173 | Val Cheap L1: 0.1468 | Val TACOs L1: 0.8050
Epoch 66 | Train L1: 0.1158 | Val Cheap L1: 0.1454
Epoch 67 | Train L1: 0.1158 | Val Cheap L1: 0.1442
Epoch 68 | Train L1: 0.1164 | Val Cheap L1: 0.1416
Epoch 69 | Train L1: 0.1154 | Val Cheap L1: 0.1497
Epoch 70 | Train L1: 0.1157 | Val Cheap L1: 0.1447 | Val TACOs L1: 0.8098
Epoch 71 | Train L1: 0.1139 | Val Cheap L1: 0.1481
--> Saved new best checkpoint based on Cheap Val to experiments/arcface_to_diffae/checkpoints/best.pt
Epoch 72 | Train L1: 0.1139 | Val Cheap L1: 0.1415
Epoch 73 | Train L1: 0.1128 | Val Cheap L1: 0.1468
Epoch 74 | Train L1: 0.1137 | Val Cheap L1: 0.1429
Epoch 75 | Train L1: 0.1145 | Val Cheap L1: 0.1509 | Val TACOs L1: 0.8266
--> Saved new best checkpoint based on Cheap Val to experiments/arcface_to_diffae/checkpoints/best.pt
Epoch 76 | Train L1: 0.1149 | Val Cheap L1: 0.1386
--> Saved new best checkpoint based on Cheap Val to experiments/arcface_to_diffae/checkpoints/best.pt
Epoch 77 | Train L1: 0.1126 | Val Cheap L1: 0.1384
Epoch 78 | Train L1: 0.1107 | Val Cheap L1: 0.1401
--> Saved new best checkpoint based on Cheap Val to experiments/arcface_to_diffae/checkpoints/best.pt
Epoch 79 | Train L1: 0.1112 | Val Cheap L1: 0.1365
Epoch 80 | Train L1: 0.1091 | Val Cheap L1: 0.1434 | Val TACOs L1: 0.8093
Epoch 81 | Train L1: 0.1119 | Val Cheap L1: 0.1443
Epoch 82 | Train L1: 0.1119 | Val Cheap L1: 0.1440
Epoch 83 | Train L1: 0.1118 | Val Cheap L1: 0.1474
Epoch 84 | Train L1: 0.1104 | Val Cheap L1: 0.1368
Epoch 85 | Train L1: 0.1090 | Val Cheap L1: 0.1368 | Val TACOs L1: 0.7994
Epoch 86 | Train L1: 0.1097 | Val Cheap L1: 0.1543
Epoch 87 | Train L1: 0.1097 | Val Cheap L1: 0.1431
--> Saved new best checkpoint based on Cheap Val to experiments/arcface_to_diffae/checkpoints/best.pt
Epoch 88 | Train L1: 0.1100 | Val Cheap L1: 0.1351
Epoch 89 | Train L1: 0.1076 | Val Cheap L1: 0.1433
Epoch 90 | Train L1: 0.1079 | Val Cheap L1: 0.1422 | Val TACOs L1: 0.8016
Epoch 91 | Train L1: 0.1083 | Val Cheap L1: 0.1424
Epoch 92 | Train L1: 0.1059 | Val Cheap L1: 0.1447
Epoch 93 | Train L1: 0.1087 | Val Cheap L1: 0.1414
Epoch 94 | Train L1: 0.1076 | Val Cheap L1: 0.1478
Epoch 95 | Train L1: 0.1077 | Val Cheap L1: 0.1430 | Val TACOs L1: 0.8186
Epoch 96 | Train L1: 0.1053 | Val Cheap L1: 0.1389
Epoch 97 | Train L1: 0.1057 | Val Cheap L1: 0.1422
--> Saved new best checkpoint based on Cheap Val to experiments/arcface_to_diffae/checkpoints/best.pt
Epoch 98 | Train L1: 0.1053 | Val Cheap L1: 0.1349
Epoch 99 | Train L1: 0.1063 | Val Cheap L1: 0.1423
Epoch 100 | Train L1: 0.1044 | Val Cheap L1: 0.1390 | Val TACOs L1: 0.8224
