Epoch 1 | Train L1: 0.5921 | Val Cheap L1: 0.4269
Epoch 2 | Train L1: 0.3595 | Val Cheap L1: 0.3259
Epoch 3 | Train L1: 0.3033 | Val Cheap L1: 0.2951
Epoch 4 | Train L1: 0.2897 | Val Cheap L1: 0.2847
Epoch 5 | Train L1: 0.2835 | Val Cheap L1: 0.2836 | Val TACOs L1: 1.1500
Epoch 6 | Train L1: 0.2807 | Val Cheap L1: 0.2817
Epoch 7 | Train L1: 0.2789 | Val Cheap L1: 0.2793
Epoch 8 | Train L1: 0.2774 | Val Cheap L1: 0.2763
Epoch 9 | Train L1: 0.2764 | Val Cheap L1: 0.2758
Epoch 10 | Train L1: 0.2755 | Val Cheap L1: 0.2757 | Val TACOs L1: 1.1439
Epoch 11 | Train L1: 0.2754 | Val Cheap L1: 0.2742
Epoch 12 | Train L1: 0.2745 | Val Cheap L1: 0.2757
Epoch 13 | Train L1: 0.2741 | Val Cheap L1: 0.2732
Epoch 14 | Train L1: 0.2738 | Val Cheap L1: 0.2732
Epoch 15 | Train L1: 0.2735 | Val Cheap L1: 0.2778 | Val TACOs L1: 1.1425
Epoch 16 | Train L1: 0.2734 | Val Cheap L1: 0.2722
Epoch 17 | Train L1: 0.2729 | Val Cheap L1: 0.2751
Epoch 18 | Train L1: 0.2723 | Val Cheap L1: 0.2701
Epoch 19 | Train L1: 0.2717 | Val Cheap L1: 0.2724
Epoch 20 | Train L1: 0.2707 | Val Cheap L1: 0.2721 | Val TACOs L1: 1.1366
Epoch 21 | Train L1: 0.2697 | Val Cheap L1: 0.2709
Epoch 22 | Train L1: 0.2685 | Val Cheap L1: 0.2723
Epoch 23 | Train L1: 0.2678 | Val Cheap L1: 0.2708
Epoch 24 | Train L1: 0.2664 | Val Cheap L1: 0.2693
Epoch 25 | Train L1: 0.2656 | Val Cheap L1: 0.2686 | Val TACOs L1: 1.1210
Epoch 26 | Train L1: 0.2649 | Val Cheap L1: 0.2649
Epoch 27 | Train L1: 0.2639 | Val Cheap L1: 0.2691
Epoch 28 | Train L1: 0.2625 | Val Cheap L1: 0.2663
Epoch 29 | Train L1: 0.2619 | Val Cheap L1: 0.2649
Epoch 30 | Train L1: 0.2607 | Val Cheap L1: 0.2669 | Val TACOs L1: 1.1092
Epoch 31 | Train L1: 0.2599 | Val Cheap L1: 0.2658
Epoch 32 | Train L1: 0.2593 | Val Cheap L1: 0.2655
Epoch 33 | Train L1: 0.2581 | Val Cheap L1: 0.2673
Epoch 34 | Train L1: 0.2572 | Val Cheap L1: 0.2655
Epoch 35 | Train L1: 0.2564 | Val Cheap L1: 0.2633 | Val TACOs L1: 1.0979
Epoch 36 | Train L1: 0.2559 | Val Cheap L1: 0.2619
Epoch 37 | Train L1: 0.2552 | Val Cheap L1: 0.2658
Epoch 38 | Train L1: 0.2542 | Val Cheap L1: 0.2642
Epoch 39 | Train L1: 0.2536 | Val Cheap L1: 0.2645
Epoch 40 | Train L1: 0.2526 | Val Cheap L1: 0.2677 | Val TACOs L1: 1.0892
Epoch 41 | Train L1: 0.2522 | Val Cheap L1: 0.2642
Epoch 42 | Train L1: 0.2517 | Val Cheap L1: 0.2650
Epoch 43 | Train L1: 0.2512 | Val Cheap L1: 0.2623
Epoch 44 | Train L1: 0.2499 | Val Cheap L1: 0.2637
Epoch 45 | Train L1: 0.2495 | Val Cheap L1: 0.2639 | Val TACOs L1: 1.0842
Epoch 46 | Train L1: 0.2495 | Val Cheap L1: 0.2646
Epoch 47 | Train L1: 0.2484 | Val Cheap L1: 0.2631
Epoch 48 | Train L1: 0.2479 | Val Cheap L1: 0.2639
Epoch 49 | Train L1: 0.2474 | Val Cheap L1: 0.2643
Epoch 50 | Train L1: 0.2471 | Val Cheap L1: 0.2626 | Val TACOs L1: 1.0788

--- Evaluation Results: ONE_SHOT ---
Run Name: diffae_fullPit
----------------------------------------
[Embedding 1]
L1 Distance:       0.529143
Cosine Similarity: 0.744055

[Embedding 2]
L1 Distance:       0.529143
Cosine Similarity: 0.743508


--- Evaluation Results: ITERATIVE ---
Run Name: diffae_fullPit
----------------------------------------
[Embedding 1]
L1 Distance:       0.547474
Cosine Similarity: 0.732497

[Embedding 2]
L1 Distance:       0.547474
Cosine Similarity: 0.732134

