Loading latent de-morphing model...
Loading DiffAE FFHQ256 autoencoder...
Model params: 160.69 M
loading pretrain ... ffhq256_autoenc
step: 1563562
Loading LPIPS model...
Setting up [LPIPS] perceptual loss: trunk [alex], v[0.1], spatial [off]
Loading model from: /nas-ctm01/homes/dacordeiro/.conda/envs/latent/lib/python3.8/site-packages/lpips/weights/v0.1/alex.pth
Loading DeepFace ArcFace...
Building ArcFace gallery from the 1000 unique test images...

Image-space evaluation for latent DiffAE de-morphing
===================================================
Run name                       : diffae_baseline
Mode                           : iterative
Latent checkpoint              : /nas-ctm01/homes/dacordeiro/Face-DM/experiments/diffae_baseline/checkpoints/best.pt
DiffAE checkpoint              : /nas-ctm01/homes/dacordeiro/Face-DM/ffhq256_autoenc/last.ckpt
Semantic test pairs            : /nas-ctm01/homes/dacordeiro/Face-DM/diffae_embeddings/ffhq256_diffae_zsem_test_pairs.npy
Stochastic test pairs          : /nas-ctm01/homes/dacordeiro/Face-DM/diffae_embeddings/ffhq256_diffae_xt_test_pairs.npy
Pair metadata                  : /nas-ctm01/homes/dacordeiro/Face-DM/diffae_embeddings/ffhq256_diffae_zsem_test_pairs_metadata.csv
Decode steps                   : 20
Number of test pairs           : 1000
Number of evaluated outputs    : 2000
DeepFace detector backend      : skip
RA threshold                   : 0.400
TMR operating point            : 10% FMR
TMR similarity threshold       : 0.593514

[Image quality metrics]
PSNR  : mean = 9.719987 | std = 1.697953
SSIM  : mean = 0.504028 | std = 0.094161
LPIPS : mean = 0.432569 | std = 0.061378

[Biometric metrics - DeepFace ArcFace cosine similarity]
Mean genuine similarity        : 0.552335 | std = 0.141643
Mean closest impostor sim.     : 0.494758 | std = 0.077189
Restoration Accuracy (RA)      : 85.1500%
True Match Rate @ 10% FMR      : 41.1000%

[Qualitative grid]
Each row contains:
morph | source 1 | source 2 | decoded prediction 1 | decoded prediction 2
Grid path                      : /nas-ctm01/homes/dacordeiro/Face-DM/experiments/diffae_baseline/eval_image_space_iterative_grid.png

[Output files]
Text report                    : /nas-ctm01/homes/dacordeiro/Face-DM/experiments/diffae_baseline/eval_image_space_iterative.txt
Image grid                     : /nas-ctm01/homes/dacordeiro/Face-DM/experiments/diffae_baseline/eval_image_space_iterative_grid.png

