Loaded val split: 7000 embeddings, 100000 deterministic pairs

Saved swap-corrected iterative metrics to: experiments/avg_diffae_pit_l1_10ts/results/swap_corrected_iterative_metrics.txt
--- Swap-Corrected Iterative Evaluation ---
Checkpoint: experiments/avg_diffae_pit_l1_10ts/checkpoints/mlp_ema.pt
alpha_init: 0.5
init_timestep: 10
Total validation samples checked: 100000
Total post-first timestep predictions checked: 900000
Predictions assigned to the opposite clean identity after first step: 173570
Samples with at least one post-first swap: 30547
Consecutive identity transition events: 60393
Exact distance ties encountered: 0

--- Normal Iterative Evaluation ---
Predicted Clean L1: 0.55657649
Extracted Other L1: 0.55657649
Permutation-Invariant Pair L1: 0.55657649

--- Swap-Corrected Iterative Evaluation ---
Initial-Prediction Branch L1: 0.55188489
Other Branch L1: 0.55188489
Permutation-Invariant Pair L1: 0.55188489

--- Estimated Impact of Swapping ---
Normal Pair L1 - Swap-Corrected Pair L1: 0.00469160

