Loading ArcFace embeddings...
--> Saved new best checkpoint based on Cheap Val to experiments/avg_arcface_55_45_50ts_nonC/checkpoints/best.pt
Epoch 1 | Train L1: 0.4488 | Val Cheap L1: 0.2829
--> Saved new best checkpoint based on Cheap Val to experiments/avg_arcface_55_45_50ts_nonC/checkpoints/best.pt
Epoch 2 | Train L1: 0.2613 | Val Cheap L1: 0.2515
--> Saved new best checkpoint based on Cheap Val to experiments/avg_arcface_55_45_50ts_nonC/checkpoints/best.pt
Epoch 3 | Train L1: 0.2460 | Val Cheap L1: 0.2443
--> Saved new best checkpoint based on Cheap Val to experiments/avg_arcface_55_45_50ts_nonC/checkpoints/best.pt
Epoch 4 | Train L1: 0.2410 | Val Cheap L1: 0.2417
--> Saved new best checkpoint based on Cheap Val to experiments/avg_arcface_55_45_50ts_nonC/checkpoints/best.pt
Epoch 5 | Train L1: 0.2384 | Val Cheap L1: 0.2378 | Val TACOs L1: 0.4117
--> Saved new best checkpoint based on Cheap Val to experiments/avg_arcface_55_45_50ts_nonC/checkpoints/best.pt
Epoch 6 | Train L1: 0.2357 | Val Cheap L1: 0.2332
Epoch 7 | Train L1: 0.2339 | Val Cheap L1: 0.2357
Epoch 8 | Train L1: 0.2324 | Val Cheap L1: 0.2338
--> Saved new best checkpoint based on Cheap Val to experiments/avg_arcface_55_45_50ts_nonC/checkpoints/best.pt
Epoch 9 | Train L1: 0.2309 | Val Cheap L1: 0.2283
Epoch 10 | Train L1: 0.2288 | Val Cheap L1: 0.2305 | Val TACOs L1: 0.4054
Epoch 11 | Train L1: 0.2273 | Val Cheap L1: 0.2298
--> Saved new best checkpoint based on Cheap Val to experiments/avg_arcface_55_45_50ts_nonC/checkpoints/best.pt
Epoch 12 | Train L1: 0.2256 | Val Cheap L1: 0.2248
Epoch 13 | Train L1: 0.2238 | Val Cheap L1: 0.2253
--> Saved new best checkpoint based on Cheap Val to experiments/avg_arcface_55_45_50ts_nonC/checkpoints/best.pt
Epoch 14 | Train L1: 0.2225 | Val Cheap L1: 0.2242
Epoch 15 | Train L1: 0.2205 | Val Cheap L1: 0.2254 | Val TACOs L1: 0.3967
Epoch 16 | Train L1: 0.2191 | Val Cheap L1: 0.2251
--> Saved new best checkpoint based on Cheap Val to experiments/avg_arcface_55_45_50ts_nonC/checkpoints/best.pt
Epoch 17 | Train L1: 0.2182 | Val Cheap L1: 0.2225
--> Saved new best checkpoint based on Cheap Val to experiments/avg_arcface_55_45_50ts_nonC/checkpoints/best.pt
Epoch 18 | Train L1: 0.2167 | Val Cheap L1: 0.2194
Epoch 19 | Train L1: 0.2156 | Val Cheap L1: 0.2214
Epoch 20 | Train L1: 0.2145 | Val Cheap L1: 0.2244 | Val TACOs L1: 0.3926
--> Saved new best checkpoint based on Cheap Val to experiments/avg_arcface_55_45_50ts_nonC/checkpoints/best.pt
Epoch 21 | Train L1: 0.2132 | Val Cheap L1: 0.2177
Epoch 22 | Train L1: 0.2123 | Val Cheap L1: 0.2179
--> Saved new best checkpoint based on Cheap Val to experiments/avg_arcface_55_45_50ts_nonC/checkpoints/best.pt
Epoch 23 | Train L1: 0.2112 | Val Cheap L1: 0.2167
--> Saved new best checkpoint based on Cheap Val to experiments/avg_arcface_55_45_50ts_nonC/checkpoints/best.pt
Epoch 24 | Train L1: 0.2103 | Val Cheap L1: 0.2166
--> Saved new best checkpoint based on Cheap Val to experiments/avg_arcface_55_45_50ts_nonC/checkpoints/best.pt
Epoch 25 | Train L1: 0.2094 | Val Cheap L1: 0.2151 | Val TACOs L1: 0.3842
Epoch 26 | Train L1: 0.2086 | Val Cheap L1: 0.2164
Epoch 27 | Train L1: 0.2075 | Val Cheap L1: 0.2186
Epoch 28 | Train L1: 0.2068 | Val Cheap L1: 0.2179
--> Saved new best checkpoint based on Cheap Val to experiments/avg_arcface_55_45_50ts_nonC/checkpoints/best.pt
Epoch 29 | Train L1: 0.2062 | Val Cheap L1: 0.2144
Epoch 30 | Train L1: 0.2053 | Val Cheap L1: 0.2163 | Val TACOs L1: 0.3822
Epoch 31 | Train L1: 0.2045 | Val Cheap L1: 0.2148
--> Saved new best checkpoint based on Cheap Val to experiments/avg_arcface_55_45_50ts_nonC/checkpoints/best.pt
Epoch 32 | Train L1: 0.2036 | Val Cheap L1: 0.2140
Epoch 33 | Train L1: 0.2031 | Val Cheap L1: 0.2155
Epoch 34 | Train L1: 0.2025 | Val Cheap L1: 0.2143
--> Saved new best checkpoint based on Cheap Val to experiments/avg_arcface_55_45_50ts_nonC/checkpoints/best.pt
Epoch 35 | Train L1: 0.2013 | Val Cheap L1: 0.2135 | Val TACOs L1: 0.3804
Epoch 36 | Train L1: 0.2009 | Val Cheap L1: 0.2154
Epoch 37 | Train L1: 0.2005 | Val Cheap L1: 0.2141
Epoch 38 | Train L1: 0.2000 | Val Cheap L1: 0.2137
Epoch 39 | Train L1: 0.1988 | Val Cheap L1: 0.2144
Epoch 40 | Train L1: 0.1984 | Val Cheap L1: 0.2152 | Val TACOs L1: 0.3820
Epoch 41 | Train L1: 0.1985 | Val Cheap L1: 0.2139
--> Saved new best checkpoint based on Cheap Val to experiments/avg_arcface_55_45_50ts_nonC/checkpoints/best.pt
Epoch 42 | Train L1: 0.1977 | Val Cheap L1: 0.2128
--> Saved new best checkpoint based on Cheap Val to experiments/avg_arcface_55_45_50ts_nonC/checkpoints/best.pt
Epoch 43 | Train L1: 0.1968 | Val Cheap L1: 0.2119
Epoch 44 | Train L1: 0.1964 | Val Cheap L1: 0.2144
Epoch 45 | Train L1: 0.1955 | Val Cheap L1: 0.2128 | Val TACOs L1: 0.3742
Epoch 46 | Train L1: 0.1950 | Val Cheap L1: 0.2137
Epoch 47 | Train L1: 0.1945 | Val Cheap L1: 0.2149
Epoch 48 | Train L1: 0.1944 | Val Cheap L1: 0.2149
Epoch 49 | Train L1: 0.1938 | Val Cheap L1: 0.2146
Epoch 50 | Train L1: 0.1928 | Val Cheap L1: 0.2123 | Val TACOs L1: 0.3753
Loading ArcFace embeddings for one_shot evaluation...
Loading weights from experiments/avg_arcface_55_45_50ts_nonC/checkpoints/best.pt...

--- Evaluation Results (Dominant z1): ONE_SHOT ---
Run Name: avg_arcface_55_45_50ts_nonC
Validation Pairs: 10,000
----------------------------------------
L1 Distance (Scaled space): 0.445263
L1 Distance (Raw ArcFace):  0.020599
Cosine Similarity:          0.819351

Saved evaluation results to experiments/avg_arcface_55_45_50ts_nonC/eval_one_shot.txt
Loading ArcFace embeddings for iterative evaluation...
Loading weights from experiments/avg_arcface_55_45_50ts_nonC/checkpoints/best.pt...

--- Evaluation Results (Dominant z1): ITERATIVE ---
Run Name: avg_arcface_55_45_50ts_nonC
Validation Pairs: 10,000
----------------------------------------
L1 Distance (Scaled space): 0.377593
L1 Distance (Raw ArcFace):  0.017135
Cosine Similarity:          0.873601

Saved evaluation results to experiments/avg_arcface_55_45_50ts_nonC/eval_iterative.txt
