Loading ArcFace embeddings...
--> Saved new best checkpoint based on Cheap Val to experiments/avg_arcface_50_50_pit_real_separate_double_objective_100e/checkpoints/best.pt
Epoch 1 | Train Loss Total: 0.7403 (Z1: 0.4587, Xt: 0.2816) | Val Cheap L1: 0.4712
--> Saved new best checkpoint based on Cheap Val to experiments/avg_arcface_50_50_pit_real_separate_double_objective_100e/checkpoints/best.pt
Epoch 2 | Train Loss Total: 0.4422 (Z1: 0.3500, Xt: 0.0921) | Val Cheap L1: 0.4267
--> Saved new best checkpoint based on Cheap Val to experiments/avg_arcface_50_50_pit_real_separate_double_objective_100e/checkpoints/best.pt
Epoch 3 | Train Loss Total: 0.4169 (Z1: 0.3431, Xt: 0.0738) | Val Cheap L1: 0.4114
--> Saved new best checkpoint based on Cheap Val to experiments/avg_arcface_50_50_pit_real_separate_double_objective_100e/checkpoints/best.pt
Epoch 4 | Train Loss Total: 0.4059 (Z1: 0.3404, Xt: 0.0654) | Val Cheap L1: 0.4072
--> Saved new best checkpoint based on Cheap Val to experiments/avg_arcface_50_50_pit_real_separate_double_objective_100e/checkpoints/best.pt
Epoch 5 | Train Loss Total: 0.4003 (Z1: 0.3396, Xt: 0.0607) | Val Cheap L1: 0.4002 | Val TACOs L1: 0.5395
--> Saved new best checkpoint based on Cheap Val to experiments/avg_arcface_50_50_pit_real_separate_double_objective_100e/checkpoints/best.pt
Epoch 6 | Train Loss Total: 0.3955 (Z1: 0.3384, Xt: 0.0572) | Val Cheap L1: 0.3991
--> Saved new best checkpoint based on Cheap Val to experiments/avg_arcface_50_50_pit_real_separate_double_objective_100e/checkpoints/best.pt
Epoch 7 | Train Loss Total: 0.3932 (Z1: 0.3376, Xt: 0.0555) | Val Cheap L1: 0.3906
Epoch 8 | Train Loss Total: 0.3910 (Z1: 0.3370, Xt: 0.0540) | Val Cheap L1: 0.3927
--> Saved new best checkpoint based on Cheap Val to experiments/avg_arcface_50_50_pit_real_separate_double_objective_100e/checkpoints/best.pt
Epoch 9 | Train Loss Total: 0.3882 (Z1: 0.3355, Xt: 0.0528) | Val Cheap L1: 0.3869
--> Saved new best checkpoint based on Cheap Val to experiments/avg_arcface_50_50_pit_real_separate_double_objective_100e/checkpoints/best.pt
Epoch 10 | Train Loss Total: 0.3853 (Z1: 0.3341, Xt: 0.0512) | Val Cheap L1: 0.3834 | Val TACOs L1: 0.5362
--> Saved new best checkpoint based on Cheap Val to experiments/avg_arcface_50_50_pit_real_separate_double_objective_100e/checkpoints/best.pt
Epoch 11 | Train Loss Total: 0.3839 (Z1: 0.3336, Xt: 0.0503) | Val Cheap L1: 0.3813
--> Saved new best checkpoint based on Cheap Val to experiments/avg_arcface_50_50_pit_real_separate_double_objective_100e/checkpoints/best.pt
Epoch 12 | Train Loss Total: 0.3818 (Z1: 0.3323, Xt: 0.0495) | Val Cheap L1: 0.3785
Epoch 13 | Train Loss Total: 0.3793 (Z1: 0.3311, Xt: 0.0481) | Val Cheap L1: 0.3809
Epoch 14 | Train Loss Total: 0.3777 (Z1: 0.3301, Xt: 0.0476) | Val Cheap L1: 0.3807
Epoch 15 | Train Loss Total: 0.3766 (Z1: 0.3291, Xt: 0.0475) | Val Cheap L1: 0.3797 | Val TACOs L1: 0.5316
--> Saved new best checkpoint based on Cheap Val to experiments/avg_arcface_50_50_pit_real_separate_double_objective_100e/checkpoints/best.pt
Epoch 16 | Train Loss Total: 0.3749 (Z1: 0.3282, Xt: 0.0467) | Val Cheap L1: 0.3762
--> Saved new best checkpoint based on Cheap Val to experiments/avg_arcface_50_50_pit_real_separate_double_objective_100e/checkpoints/best.pt
Epoch 17 | Train Loss Total: 0.3732 (Z1: 0.3268, Xt: 0.0464) | Val Cheap L1: 0.3754
Epoch 18 | Train Loss Total: 0.3718 (Z1: 0.3257, Xt: 0.0461) | Val Cheap L1: 0.3762
--> Saved new best checkpoint based on Cheap Val to experiments/avg_arcface_50_50_pit_real_separate_double_objective_100e/checkpoints/best.pt
Epoch 19 | Train Loss Total: 0.3700 (Z1: 0.3242, Xt: 0.0459) | Val Cheap L1: 0.3703
Epoch 20 | Train Loss Total: 0.3677 (Z1: 0.3222, Xt: 0.0454) | Val Cheap L1: 0.3704 | Val TACOs L1: 0.5217
--> Saved new best checkpoint based on Cheap Val to experiments/avg_arcface_50_50_pit_real_separate_double_objective_100e/checkpoints/best.pt
Epoch 21 | Train Loss Total: 0.3663 (Z1: 0.3206, Xt: 0.0456) | Val Cheap L1: 0.3684
--> Saved new best checkpoint based on Cheap Val to experiments/avg_arcface_50_50_pit_real_separate_double_objective_100e/checkpoints/best.pt
Epoch 22 | Train Loss Total: 0.3648 (Z1: 0.3193, Xt: 0.0455) | Val Cheap L1: 0.3668
Epoch 23 | Train Loss Total: 0.3623 (Z1: 0.3169, Xt: 0.0454) | Val Cheap L1: 0.3671
--> Saved new best checkpoint based on Cheap Val to experiments/avg_arcface_50_50_pit_real_separate_double_objective_100e/checkpoints/best.pt
Epoch 24 | Train Loss Total: 0.3612 (Z1: 0.3155, Xt: 0.0457) | Val Cheap L1: 0.3634
--> Saved new best checkpoint based on Cheap Val to experiments/avg_arcface_50_50_pit_real_separate_double_objective_100e/checkpoints/best.pt
Epoch 25 | Train Loss Total: 0.3591 (Z1: 0.3135, Xt: 0.0456) | Val Cheap L1: 0.3631 | Val TACOs L1: 0.5081
--> Saved new best checkpoint based on Cheap Val to experiments/avg_arcface_50_50_pit_real_separate_double_objective_100e/checkpoints/best.pt
Epoch 26 | Train Loss Total: 0.3577 (Z1: 0.3120, Xt: 0.0457) | Val Cheap L1: 0.3604
Epoch 27 | Train Loss Total: 0.3555 (Z1: 0.3099, Xt: 0.0457) | Val Cheap L1: 0.3610
--> Saved new best checkpoint based on Cheap Val to experiments/avg_arcface_50_50_pit_real_separate_double_objective_100e/checkpoints/best.pt
Epoch 28 | Train Loss Total: 0.3543 (Z1: 0.3085, Xt: 0.0458) | Val Cheap L1: 0.3603
--> Saved new best checkpoint based on Cheap Val to experiments/avg_arcface_50_50_pit_real_separate_double_objective_100e/checkpoints/best.pt
Epoch 29 | Train Loss Total: 0.3525 (Z1: 0.3066, Xt: 0.0459) | Val Cheap L1: 0.3590
--> Saved new best checkpoint based on Cheap Val to experiments/avg_arcface_50_50_pit_real_separate_double_objective_100e/checkpoints/best.pt
Epoch 30 | Train Loss Total: 0.3505 (Z1: 0.3045, Xt: 0.0460) | Val Cheap L1: 0.3558 | Val TACOs L1: 0.4955
Epoch 31 | Train Loss Total: 0.3485 (Z1: 0.3027, Xt: 0.0458) | Val Cheap L1: 0.3562
--> Saved new best checkpoint based on Cheap Val to experiments/avg_arcface_50_50_pit_real_separate_double_objective_100e/checkpoints/best.pt
Epoch 32 | Train Loss Total: 0.3474 (Z1: 0.3016, Xt: 0.0458) | Val Cheap L1: 0.3532
Epoch 33 | Train Loss Total: 0.3460 (Z1: 0.2999, Xt: 0.0461) | Val Cheap L1: 0.3548
Epoch 34 | Train Loss Total: 0.3448 (Z1: 0.2987, Xt: 0.0461) | Val Cheap L1: 0.3538
Epoch 35 | Train Loss Total: 0.3435 (Z1: 0.2975, Xt: 0.0460) | Val Cheap L1: 0.3537 | Val TACOs L1: 0.4880
--> Saved new best checkpoint based on Cheap Val to experiments/avg_arcface_50_50_pit_real_separate_double_objective_100e/checkpoints/best.pt
Epoch 36 | Train Loss Total: 0.3417 (Z1: 0.2958, Xt: 0.0459) | Val Cheap L1: 0.3512
--> Saved new best checkpoint based on Cheap Val to experiments/avg_arcface_50_50_pit_real_separate_double_objective_100e/checkpoints/best.pt
Epoch 37 | Train Loss Total: 0.3400 (Z1: 0.2940, Xt: 0.0460) | Val Cheap L1: 0.3508
--> Saved new best checkpoint based on Cheap Val to experiments/avg_arcface_50_50_pit_real_separate_double_objective_100e/checkpoints/best.pt
Epoch 38 | Train Loss Total: 0.3387 (Z1: 0.2929, Xt: 0.0457) | Val Cheap L1: 0.3491
--> Saved new best checkpoint based on Cheap Val to experiments/avg_arcface_50_50_pit_real_separate_double_objective_100e/checkpoints/best.pt
Epoch 39 | Train Loss Total: 0.3374 (Z1: 0.2918, Xt: 0.0456) | Val Cheap L1: 0.3490
--> Saved new best checkpoint based on Cheap Val to experiments/avg_arcface_50_50_pit_real_separate_double_objective_100e/checkpoints/best.pt
Epoch 40 | Train Loss Total: 0.3362 (Z1: 0.2906, Xt: 0.0455) | Val Cheap L1: 0.3449 | Val TACOs L1: 0.4740
Epoch 41 | Train Loss Total: 0.3347 (Z1: 0.2890, Xt: 0.0457) | Val Cheap L1: 0.3470
Epoch 42 | Train Loss Total: 0.3339 (Z1: 0.2883, Xt: 0.0456) | Val Cheap L1: 0.3471
--> Saved new best checkpoint based on Cheap Val to experiments/avg_arcface_50_50_pit_real_separate_double_objective_100e/checkpoints/best.pt
Epoch 43 | Train Loss Total: 0.3320 (Z1: 0.2867, Xt: 0.0452) | Val Cheap L1: 0.3426
Epoch 44 | Train Loss Total: 0.3308 (Z1: 0.2855, Xt: 0.0453) | Val Cheap L1: 0.3441
Epoch 45 | Train Loss Total: 0.3299 (Z1: 0.2846, Xt: 0.0453) | Val Cheap L1: 0.3471 | Val TACOs L1: 0.4695
--> Saved new best checkpoint based on Cheap Val to experiments/avg_arcface_50_50_pit_real_separate_double_objective_100e/checkpoints/best.pt
Epoch 46 | Train Loss Total: 0.3289 (Z1: 0.2836, Xt: 0.0453) | Val Cheap L1: 0.3425
--> Saved new best checkpoint based on Cheap Val to experiments/avg_arcface_50_50_pit_real_separate_double_objective_100e/checkpoints/best.pt
Epoch 47 | Train Loss Total: 0.3273 (Z1: 0.2822, Xt: 0.0451) | Val Cheap L1: 0.3425
Epoch 48 | Train Loss Total: 0.3258 (Z1: 0.2807, Xt: 0.0451) | Val Cheap L1: 0.3449
--> Saved new best checkpoint based on Cheap Val to experiments/avg_arcface_50_50_pit_real_separate_double_objective_100e/checkpoints/best.pt
Epoch 49 | Train Loss Total: 0.3254 (Z1: 0.2803, Xt: 0.0451) | Val Cheap L1: 0.3384
Epoch 50 | Train Loss Total: 0.3245 (Z1: 0.2796, Xt: 0.0449) | Val Cheap L1: 0.3402 | Val TACOs L1: 0.4589
Epoch 51 | Train Loss Total: 0.3232 (Z1: 0.2787, Xt: 0.0445) | Val Cheap L1: 0.3396
Epoch 52 | Train Loss Total: 0.3227 (Z1: 0.2778, Xt: 0.0449) | Val Cheap L1: 0.3394
Epoch 53 | Train Loss Total: 0.3212 (Z1: 0.2767, Xt: 0.0445) | Val Cheap L1: 0.3394
--> Saved new best checkpoint based on Cheap Val to experiments/avg_arcface_50_50_pit_real_separate_double_objective_100e/checkpoints/best.pt
Epoch 54 | Train Loss Total: 0.3199 (Z1: 0.2756, Xt: 0.0443) | Val Cheap L1: 0.3376
--> Saved new best checkpoint based on Cheap Val to experiments/avg_arcface_50_50_pit_real_separate_double_objective_100e/checkpoints/best.pt
Epoch 55 | Train Loss Total: 0.3190 (Z1: 0.2746, Xt: 0.0444) | Val Cheap L1: 0.3365 | Val TACOs L1: 0.4566
Epoch 56 | Train Loss Total: 0.3181 (Z1: 0.2737, Xt: 0.0444) | Val Cheap L1: 0.3402
Epoch 57 | Train Loss Total: 0.3180 (Z1: 0.2735, Xt: 0.0445) | Val Cheap L1: 0.3403
Epoch 58 | Train Loss Total: 0.3164 (Z1: 0.2724, Xt: 0.0439) | Val Cheap L1: 0.3371
--> Saved new best checkpoint based on Cheap Val to experiments/avg_arcface_50_50_pit_real_separate_double_objective_100e/checkpoints/best.pt
Epoch 59 | Train Loss Total: 0.3156 (Z1: 0.2715, Xt: 0.0441) | Val Cheap L1: 0.3357
Epoch 60 | Train Loss Total: 0.3146 (Z1: 0.2704, Xt: 0.0442) | Val Cheap L1: 0.3390 | Val TACOs L1: 0.4522
Epoch 61 | Train Loss Total: 0.3136 (Z1: 0.2697, Xt: 0.0439) | Val Cheap L1: 0.3413
--> Saved new best checkpoint based on Cheap Val to experiments/avg_arcface_50_50_pit_real_separate_double_objective_100e/checkpoints/best.pt
Epoch 62 | Train Loss Total: 0.3132 (Z1: 0.2694, Xt: 0.0439) | Val Cheap L1: 0.3348
Epoch 63 | Train Loss Total: 0.3126 (Z1: 0.2689, Xt: 0.0437) | Val Cheap L1: 0.3377
Epoch 64 | Train Loss Total: 0.3114 (Z1: 0.2679, Xt: 0.0435) | Val Cheap L1: 0.3369
Epoch 65 | Train Loss Total: 0.3108 (Z1: 0.2673, Xt: 0.0435) | Val Cheap L1: 0.3354 | Val TACOs L1: 0.4491
--> Saved new best checkpoint based on Cheap Val to experiments/avg_arcface_50_50_pit_real_separate_double_objective_100e/checkpoints/best.pt
Epoch 66 | Train Loss Total: 0.3095 (Z1: 0.2662, Xt: 0.0433) | Val Cheap L1: 0.3305
Epoch 67 | Train Loss Total: 0.3091 (Z1: 0.2661, Xt: 0.0430) | Val Cheap L1: 0.3376
Epoch 68 | Train Loss Total: 0.3082 (Z1: 0.2651, Xt: 0.0431) | Val Cheap L1: 0.3324
Epoch 69 | Train Loss Total: 0.3076 (Z1: 0.2644, Xt: 0.0432) | Val Cheap L1: 0.3375
Epoch 70 | Train Loss Total: 0.3067 (Z1: 0.2636, Xt: 0.0430) | Val Cheap L1: 0.3343 | Val TACOs L1: 0.4466
Epoch 71 | Train Loss Total: 0.3060 (Z1: 0.2630, Xt: 0.0431) | Val Cheap L1: 0.3333
Epoch 72 | Train Loss Total: 0.3052 (Z1: 0.2623, Xt: 0.0429) | Val Cheap L1: 0.3339
Epoch 73 | Train Loss Total: 0.3045 (Z1: 0.2615, Xt: 0.0431) | Val Cheap L1: 0.3314
Epoch 74 | Train Loss Total: 0.3034 (Z1: 0.2608, Xt: 0.0426) | Val Cheap L1: 0.3354
Epoch 75 | Train Loss Total: 0.3029 (Z1: 0.2604, Xt: 0.0425) | Val Cheap L1: 0.3373 | Val TACOs L1: 0.4439
Epoch 76 | Train Loss Total: 0.3017 (Z1: 0.2595, Xt: 0.0422) | Val Cheap L1: 0.3318
Epoch 77 | Train Loss Total: 0.3015 (Z1: 0.2590, Xt: 0.0425) | Val Cheap L1: 0.3330
--> Saved new best checkpoint based on Cheap Val to experiments/avg_arcface_50_50_pit_real_separate_double_objective_100e/checkpoints/best.pt
Epoch 78 | Train Loss Total: 0.3012 (Z1: 0.2588, Xt: 0.0423) | Val Cheap L1: 0.3304
Epoch 79 | Train Loss Total: 0.3000 (Z1: 0.2578, Xt: 0.0422) | Val Cheap L1: 0.3337
Epoch 80 | Train Loss Total: 0.2997 (Z1: 0.2574, Xt: 0.0423) | Val Cheap L1: 0.3332 | Val TACOs L1: 0.4447
Epoch 81 | Train Loss Total: 0.2991 (Z1: 0.2568, Xt: 0.0423) | Val Cheap L1: 0.3328
Epoch 82 | Train Loss Total: 0.2984 (Z1: 0.2562, Xt: 0.0422) | Val Cheap L1: 0.3330
Epoch 83 | Train Loss Total: 0.2978 (Z1: 0.2558, Xt: 0.0420) | Val Cheap L1: 0.3329
--> Saved new best checkpoint based on Cheap Val to experiments/avg_arcface_50_50_pit_real_separate_double_objective_100e/checkpoints/best.pt
Epoch 84 | Train Loss Total: 0.2969 (Z1: 0.2550, Xt: 0.0419) | Val Cheap L1: 0.3299
Epoch 85 | Train Loss Total: 0.2961 (Z1: 0.2544, Xt: 0.0418) | Val Cheap L1: 0.3340 | Val TACOs L1: 0.4408
Epoch 86 | Train Loss Total: 0.2956 (Z1: 0.2536, Xt: 0.0420) | Val Cheap L1: 0.3321
Epoch 87 | Train Loss Total: 0.2951 (Z1: 0.2534, Xt: 0.0417) | Val Cheap L1: 0.3350
Epoch 88 | Train Loss Total: 0.2941 (Z1: 0.2526, Xt: 0.0415) | Val Cheap L1: 0.3313
Epoch 89 | Train Loss Total: 0.2937 (Z1: 0.2520, Xt: 0.0417) | Val Cheap L1: 0.3335
--> Saved new best checkpoint based on Cheap Val to experiments/avg_arcface_50_50_pit_real_separate_double_objective_100e/checkpoints/best.pt
Epoch 90 | Train Loss Total: 0.2938 (Z1: 0.2520, Xt: 0.0418) | Val Cheap L1: 0.3293 | Val TACOs L1: 0.4359
Epoch 91 | Train Loss Total: 0.2934 (Z1: 0.2518, Xt: 0.0416) | Val Cheap L1: 0.3323
Epoch 92 | Train Loss Total: 0.2919 (Z1: 0.2507, Xt: 0.0412) | Val Cheap L1: 0.3346
Epoch 93 | Train Loss Total: 0.2917 (Z1: 0.2505, Xt: 0.0411) | Val Cheap L1: 0.3312
Epoch 94 | Train Loss Total: 0.2909 (Z1: 0.2499, Xt: 0.0410) | Val Cheap L1: 0.3345
Epoch 95 | Train Loss Total: 0.2912 (Z1: 0.2499, Xt: 0.0413) | Val Cheap L1: 0.3323 | Val TACOs L1: 0.4400
Epoch 96 | Train Loss Total: 0.2908 (Z1: 0.2496, Xt: 0.0412) | Val Cheap L1: 0.3335
Epoch 97 | Train Loss Total: 0.2899 (Z1: 0.2489, Xt: 0.0410) | Val Cheap L1: 0.3349
Epoch 98 | Train Loss Total: 0.2892 (Z1: 0.2482, Xt: 0.0409) | Val Cheap L1: 0.3329
Epoch 99 | Train Loss Total: 0.2889 (Z1: 0.2482, Xt: 0.0407) | Val Cheap L1: 0.3323
Epoch 100 | Train Loss Total: 0.2879 (Z1: 0.2473, Xt: 0.0406) | Val Cheap L1: 0.3330 | Val TACOs L1: 0.4387
Loading ArcFace embeddings for one_shot evaluation...
Loading weights from experiments/avg_arcface_50_50_pit_real_separate_double_objective_100e/checkpoints/best.pt...

--- Evaluation Results (Permutation Invariant & Spherical TACOs): ONE_SHOT ---
Run Name: avg_arcface_50_50_pit_real_separate_double_objective_100e
Validation Pairs: 10,000
----------------------------------------
L1 Distance (Scaled space): 0.420964
L1 Distance (Raw ArcFace):  0.019365
Cosine Similarity:          0.842165

Saved evaluation results to experiments/avg_arcface_50_50_pit_real_separate_double_objective_100e/eval_one_shot.txt
Loading ArcFace embeddings for iterative evaluation...
Loading weights from experiments/avg_arcface_50_50_pit_real_separate_double_objective_100e/checkpoints/best.pt...

--- Evaluation Results (Permutation Invariant & Spherical TACOs): ITERATIVE ---
Run Name: avg_arcface_50_50_pit_real_separate_double_objective_100e
Validation Pairs: 10,000
----------------------------------------
L1 Distance (Scaled space): 0.435920
L1 Distance (Raw ArcFace):  0.020036
Cosine Similarity:          0.830470

Saved evaluation results to experiments/avg_arcface_50_50_pit_real_separate_double_objective_100e/eval_iterative.txt
