Epoch 1 | Train Loss: 1.3339 | Val Cheap Loss: 1.1575 | Val Last-T Loss: 1.2163
Epoch 2 | Train Loss: 1.1177 | Val Cheap Loss: 1.0961 | Val Last-T Loss: 1.1687
Epoch 3 | Train Loss: 1.0852 | Val Cheap Loss: 1.0793 | Val Last-T Loss: 1.1542
Epoch 4 | Train Loss: 1.0723 | Val Cheap Loss: 1.0732 | Val Last-T Loss: 1.1490
Epoch 5 | Train Loss: 1.0632 | Val Cheap Loss: 1.0630 | Val Last-T Loss: 1.1394
Epoch 6 | Train Loss: 1.0550 | Val Cheap Loss: 1.0603 | Val Last-T Loss: 1.1368
Epoch 7 | Train Loss: 1.0474 | Val Cheap Loss: 1.0502 | Val Last-T Loss: 1.1279
Epoch 8 | Train Loss: 1.0388 | Val Cheap Loss: 1.0476 | Val Last-T Loss: 1.1213
Epoch 9 | Train Loss: 1.0313 | Val Cheap Loss: 1.0469 | Val Last-T Loss: 1.1214
Epoch 10 | Train Loss: 1.0238 | Val Cheap Loss: 1.0422 | Val Last-T Loss: 1.1169
Epoch 11 | Train Loss: 1.0171 | Val Cheap Loss: 1.0412 | Val Last-T Loss: 1.1139
Epoch 12 | Train Loss: 1.0113 | Val Cheap Loss: 1.0397 | Val Last-T Loss: 1.1102
Epoch 13 | Train Loss: 1.0041 | Val Cheap Loss: 1.0370 | Val Last-T Loss: 1.1076
Epoch 14 | Train Loss: 0.9981 | Val Cheap Loss: 1.0372 | Val Last-T Loss: 1.1071
 EarlyStopping Counter: 1 out of 20
Epoch 15 | Train Loss: 0.9930 | Val Cheap Loss: 1.0322 | Val Last-T Loss: 1.1024
Epoch 16 | Train Loss: 0.9872 | Val Cheap Loss: 1.0405 | Val Last-T Loss: 1.1047
 EarlyStopping Counter: 1 out of 20
Epoch 17 | Train Loss: 0.9826 | Val Cheap Loss: 1.0384 | Val Last-T Loss: 1.0992
 EarlyStopping Counter: 2 out of 20
Epoch 18 | Train Loss: 0.9767 | Val Cheap Loss: 1.0395 | Val Last-T Loss: 1.1003
 EarlyStopping Counter: 3 out of 20
Epoch 19 | Train Loss: 0.9723 | Val Cheap Loss: 1.0347 | Val Last-T Loss: 1.0981
 EarlyStopping Counter: 4 out of 20
Epoch 20 | Train Loss: 0.9675 | Val Cheap Loss: 1.0467 | Val Last-T Loss: 1.1010
 EarlyStopping Counter: 5 out of 20
Epoch 21 | Train Loss: 0.9631 | Val Cheap Loss: 1.0401 | Val Last-T Loss: 1.0958
 EarlyStopping Counter: 6 out of 20
Epoch 22 | Train Loss: 0.9587 | Val Cheap Loss: 1.0403 | Val Last-T Loss: 1.0957
 EarlyStopping Counter: 7 out of 20
Epoch 23 | Train Loss: 0.9549 | Val Cheap Loss: 1.0421 | Val Last-T Loss: 1.0962
 EarlyStopping Counter: 8 out of 20
Epoch 24 | Train Loss: 0.9504 | Val Cheap Loss: 1.0429 | Val Last-T Loss: 1.0939
 EarlyStopping Counter: 9 out of 20
Epoch 25 | Train Loss: 0.9463 | Val Cheap Loss: 1.0428 | Val Last-T Loss: 1.0937 | Val TACOs L1: 1.0881
 EarlyStopping Counter: 10 out of 20
Epoch 26 | Train Loss: 0.9427 | Val Cheap Loss: 1.0484 | Val Last-T Loss: 1.0963
 EarlyStopping Counter: 11 out of 20
Epoch 27 | Train Loss: 0.9392 | Val Cheap Loss: 1.0462 | Val Last-T Loss: 1.0914
 EarlyStopping Counter: 12 out of 20
Epoch 28 | Train Loss: 0.9358 | Val Cheap Loss: 1.0440 | Val Last-T Loss: 1.0899
 EarlyStopping Counter: 13 out of 20
Epoch 29 | Train Loss: 0.9321 | Val Cheap Loss: 1.0507 | Val Last-T Loss: 1.0929
 EarlyStopping Counter: 14 out of 20
Epoch 30 | Train Loss: 0.9284 | Val Cheap Loss: 1.0485 | Val Last-T Loss: 1.0916
 EarlyStopping Counter: 15 out of 20
Epoch 31 | Train Loss: 0.9249 | Val Cheap Loss: 1.0532 | Val Last-T Loss: 1.0915
 EarlyStopping Counter: 16 out of 20
Epoch 32 | Train Loss: 0.9218 | Val Cheap Loss: 1.0504 | Val Last-T Loss: 1.0910
 EarlyStopping Counter: 17 out of 20
Epoch 33 | Train Loss: 0.9187 | Val Cheap Loss: 1.0578 | Val Last-T Loss: 1.0934
 EarlyStopping Counter: 18 out of 20
Epoch 34 | Train Loss: 0.9158 | Val Cheap Loss: 1.0568 | Val Last-T Loss: 1.0923
 EarlyStopping Counter: 19 out of 20
Epoch 35 | Train Loss: 0.9128 | Val Cheap Loss: 1.0552 | Val Last-T Loss: 1.0915
 EarlyStopping Counter: 20 out of 20

[EARLY STOPPING TRIGGERED] Validation profile plateaued. Terminating run.

--- Evaluation Results: ONE_SHOT ---
Run Name: diffae_sorted_pc1
Sorted via PC Component Index: 1
----------------------------------------
[1. Prediction to Ground-Truth Alignment]
  - Embedding 1 -> L1 Distance: 0.620339 | Cosine Similarity: 0.627516
  - Embedding 2 -> L1 Distance: 0.620339 | Cosine Similarity: 0.633931

[2. Proximity to True Average Mixture (c)]
  - Predicted 1 to c -> L1 Distance: 0.251688 | Cosine Similarity: 0.910852
  - Baseline GT 1 to c -> L1 Distance: 0.562880 | Cosine Similarity: 0.698685
  - Predicted 2 to c -> L1 Distance: 0.251688 | Cosine Similarity: 0.898348
  - Baseline GT 2 to c -> L1 Distance: 0.562880 | Cosine Similarity: 0.710734

[3. Predicted Outputs Inter-Relationship / Spread]
  - Inter-Predicted (p1 vs p2) -> L1: 0.503376 | Cosine Similarity: 0.653261
  - Inter-Ground-Truth (z1 vs z2) -> L1: 1.125759 | Cosine Similarity: -0.002203


--- Evaluation Results: ITERATIVE ---
Run Name: diffae_sorted_pc1
Sorted via PC Component Index: 1
----------------------------------------
[1. Prediction to Ground-Truth Alignment]
  - Embedding 1 -> L1 Distance: 0.640827 | Cosine Similarity: 0.612122
  - Embedding 2 -> L1 Distance: 0.640827 | Cosine Similarity: 0.610593

[2. Proximity to True Average Mixture (c)]
  - Predicted 1 to c -> L1 Distance: 0.302686 | Cosine Similarity: 0.899958
  - Baseline GT 1 to c -> L1 Distance: 0.562880 | Cosine Similarity: 0.698685
  - Predicted 2 to c -> L1 Distance: 0.302686 | Cosine Similarity: 0.860628
  - Baseline GT 2 to c -> L1 Distance: 0.562880 | Cosine Similarity: 0.710734

[3. Predicted Outputs Inter-Relationship / Spread]
  - Inter-Predicted (p1 vs p2) -> L1: 0.605372 | Cosine Similarity: 0.569533
  - Inter-Ground-Truth (z1 vs z2) -> L1: 1.125759 | Cosine Similarity: -0.002203

