Epoch 1 | Train L1: 0.6037 | Val Cheap L1: 0.4276
Epoch 2 | Train L1: 0.3575 | Val Cheap L1: 0.3130
Epoch 3 | Train L1: 0.2985 | Val Cheap L1: 0.2862
Epoch 4 | Train L1: 0.2818 | Val Cheap L1: 0.2754
Epoch 5 | Train L1: 0.2751 | Val Cheap L1: 0.2761 | Val TACOs L1: 1.1610
Epoch 6 | Train L1: 0.2715 | Val Cheap L1: 0.2728
Epoch 7 | Train L1: 0.2689 | Val Cheap L1: 0.2688
Epoch 8 | Train L1: 0.2670 | Val Cheap L1: 0.2687
Epoch 9 | Train L1: 0.2663 | Val Cheap L1: 0.2676
Epoch 10 | Train L1: 0.2651 | Val Cheap L1: 0.2647 | Val TACOs L1: 1.1508
Epoch 11 | Train L1: 0.2641 | Val Cheap L1: 0.2642
Epoch 12 | Train L1: 0.2635 | Val Cheap L1: 0.2634
Epoch 13 | Train L1: 0.2628 | Val Cheap L1: 0.2627
Epoch 14 | Train L1: 0.2610 | Val Cheap L1: 0.2658
Epoch 15 | Train L1: 0.2601 | Val Cheap L1: 0.2590 | Val TACOs L1: 1.1347
Epoch 16 | Train L1: 0.2589 | Val Cheap L1: 0.2624
Epoch 17 | Train L1: 0.2572 | Val Cheap L1: 0.2626
Epoch 18 | Train L1: 0.2561 | Val Cheap L1: 0.2596
Epoch 19 | Train L1: 0.2546 | Val Cheap L1: 0.2598
Epoch 20 | Train L1: 0.2529 | Val Cheap L1: 0.2584 | Val TACOs L1: 1.1214
Epoch 21 | Train L1: 0.2518 | Val Cheap L1: 0.2607
Epoch 22 | Train L1: 0.2507 | Val Cheap L1: 0.2572
Epoch 23 | Train L1: 0.2495 | Val Cheap L1: 0.2611
Epoch 24 | Train L1: 0.2482 | Val Cheap L1: 0.2601
Epoch 25 | Train L1: 0.2473 | Val Cheap L1: 0.2590 | Val TACOs L1: 1.1153
Epoch 26 | Train L1: 0.2461 | Val Cheap L1: 0.2618
Epoch 27 | Train L1: 0.2453 | Val Cheap L1: 0.2621
Epoch 28 | Train L1: 0.2441 | Val Cheap L1: 0.2620
Epoch 29 | Train L1: 0.2430 | Val Cheap L1: 0.2581
Epoch 30 | Train L1: 0.2422 | Val Cheap L1: 0.2584 | Val TACOs L1: 1.1123
Epoch 31 | Train L1: 0.2413 | Val Cheap L1: 0.2597
Epoch 32 | Train L1: 0.2403 | Val Cheap L1: 0.2636
Epoch 33 | Train L1: 0.2398 | Val Cheap L1: 0.2616
Epoch 34 | Train L1: 0.2387 | Val Cheap L1: 0.2606
Epoch 35 | Train L1: 0.2378 | Val Cheap L1: 0.2626 | Val TACOs L1: 1.1093
Epoch 36 | Train L1: 0.2371 | Val Cheap L1: 0.2651
Epoch 37 | Train L1: 0.2361 | Val Cheap L1: 0.2627
Epoch 38 | Train L1: 0.2353 | Val Cheap L1: 0.2640
Epoch 39 | Train L1: 0.2345 | Val Cheap L1: 0.2643
Epoch 40 | Train L1: 0.2337 | Val Cheap L1: 0.2641 | Val TACOs L1: 1.1064
Epoch 41 | Train L1: 0.2333 | Val Cheap L1: 0.2642
Epoch 42 | Train L1: 0.2325 | Val Cheap L1: 0.2647
Epoch 43 | Train L1: 0.2315 | Val Cheap L1: 0.2628
Epoch 44 | Train L1: 0.2307 | Val Cheap L1: 0.2692
Epoch 45 | Train L1: 0.2302 | Val Cheap L1: 0.2667 | Val TACOs L1: 1.1095
Epoch 46 | Train L1: 0.2298 | Val Cheap L1: 0.2671
Epoch 47 | Train L1: 0.2289 | Val Cheap L1: 0.2708
Epoch 48 | Train L1: 0.2283 | Val Cheap L1: 0.2693
Epoch 49 | Train L1: 0.2275 | Val Cheap L1: 0.2645
Epoch 50 | Train L1: 0.2272 | Val Cheap L1: 0.2661 | Val TACOs L1: 1.1070
Epoch 51 | Train L1: 0.2264 | Val Cheap L1: 0.2705
Epoch 52 | Train L1: 0.2261 | Val Cheap L1: 0.2690
Epoch 53 | Train L1: 0.2254 | Val Cheap L1: 0.2688
Epoch 54 | Train L1: 0.2247 | Val Cheap L1: 0.2687
Epoch 55 | Train L1: 0.2241 | Val Cheap L1: 0.2708 | Val TACOs L1: 1.1115
Epoch 56 | Train L1: 0.2237 | Val Cheap L1: 0.2684
Epoch 57 | Train L1: 0.2230 | Val Cheap L1: 0.2696
Epoch 58 | Train L1: 0.2227 | Val Cheap L1: 0.2721
Epoch 59 | Train L1: 0.2217 | Val Cheap L1: 0.2711
Epoch 60 | Train L1: 0.2214 | Val Cheap L1: 0.2713 | Val TACOs L1: 1.1090
Epoch 61 | Train L1: 0.2209 | Val Cheap L1: 0.2718
Epoch 62 | Train L1: 0.2202 | Val Cheap L1: 0.2721
Epoch 63 | Train L1: 0.2200 | Val Cheap L1: 0.2720
Epoch 64 | Train L1: 0.2195 | Val Cheap L1: 0.2718
Epoch 65 | Train L1: 0.2186 | Val Cheap L1: 0.2721 | Val TACOs L1: 1.1121
Epoch 66 | Train L1: 0.2185 | Val Cheap L1: 0.2722
Epoch 67 | Train L1: 0.2179 | Val Cheap L1: 0.2721
Epoch 68 | Train L1: 0.2172 | Val Cheap L1: 0.2719
Epoch 69 | Train L1: 0.2170 | Val Cheap L1: 0.2744
Epoch 70 | Train L1: 0.2165 | Val Cheap L1: 0.2729 | Val TACOs L1: 1.1103
Epoch 71 | Train L1: 0.2158 | Val Cheap L1: 0.2733
Epoch 72 | Train L1: 0.2156 | Val Cheap L1: 0.2725
Epoch 73 | Train L1: 0.2149 | Val Cheap L1: 0.2742
Epoch 74 | Train L1: 0.2145 | Val Cheap L1: 0.2777
Epoch 75 | Train L1: 0.2143 | Val Cheap L1: 0.2755 | Val TACOs L1: 1.1099
Epoch 76 | Train L1: 0.2137 | Val Cheap L1: 0.2762
Epoch 77 | Train L1: 0.2131 | Val Cheap L1: 0.2767
Epoch 78 | Train L1: 0.2128 | Val Cheap L1: 0.2770
Epoch 79 | Train L1: 0.2125 | Val Cheap L1: 0.2770
Epoch 80 | Train L1: 0.2121 | Val Cheap L1: 0.2764 | Val TACOs L1: 1.1093
Epoch 81 | Train L1: 0.2117 | Val Cheap L1: 0.2781
Epoch 82 | Train L1: 0.2111 | Val Cheap L1: 0.2754
Epoch 83 | Train L1: 0.2108 | Val Cheap L1: 0.2759
Epoch 84 | Train L1: 0.2105 | Val Cheap L1: 0.2761
Epoch 85 | Train L1: 0.2101 | Val Cheap L1: 0.2758 | Val TACOs L1: 1.1116
Epoch 86 | Train L1: 0.2097 | Val Cheap L1: 0.2769
Epoch 87 | Train L1: 0.2090 | Val Cheap L1: 0.2778
Epoch 88 | Train L1: 0.2088 | Val Cheap L1: 0.2776
Epoch 89 | Train L1: 0.2082 | Val Cheap L1: 0.2761
Epoch 90 | Train L1: 0.2080 | Val Cheap L1: 0.2767 | Val TACOs L1: 1.1101
Epoch 91 | Train L1: 0.2076 | Val Cheap L1: 0.2759
Epoch 92 | Train L1: 0.2071 | Val Cheap L1: 0.2815
Epoch 93 | Train L1: 0.2070 | Val Cheap L1: 0.2771
Epoch 94 | Train L1: 0.2064 | Val Cheap L1: 0.2783
Epoch 95 | Train L1: 0.2061 | Val Cheap L1: 0.2783 | Val TACOs L1: 1.1101
Epoch 96 | Train L1: 0.2058 | Val Cheap L1: 0.2776
Epoch 97 | Train L1: 0.2054 | Val Cheap L1: 0.2782
Epoch 98 | Train L1: 0.2049 | Val Cheap L1: 0.2764
Epoch 99 | Train L1: 0.2045 | Val Cheap L1: 0.2774
Epoch 100 | Train L1: 0.2041 | Val Cheap L1: 0.2781 | Val TACOs L1: 1.1113

--- Evaluation Results: ONE_SHOT ---
Run Name: diffae_bigMag
----------------------------------------
[Embedding 1]
L1 Distance:       0.544587
Cosine Similarity: 0.726211

[Embedding 2]
L1 Distance:       0.544587
Cosine Similarity: 0.725785


--- Evaluation Results: ITERATIVE ---
Run Name: diffae_bigMag
----------------------------------------
[Embedding 1]
L1 Distance:       0.559642
Cosine Similarity: 0.721612

[Embedding 2]
L1 Distance:       0.559642
Cosine Similarity: 0.721009

