Loading DiffAE embeddings...
Loading ArcFace embeddings...
--> Saved new best checkpoint based on Cheap Val to experiments/arcface_to_diffae_100ts/checkpoints/best.pt
Epoch 1 | Train L1: 0.6141 | Val Cheap L1: 0.4783
--> Saved new best checkpoint based on Cheap Val to experiments/arcface_to_diffae_100ts/checkpoints/best.pt
Epoch 2 | Train L1: 0.3788 | Val Cheap L1: 0.3692
--> Saved new best checkpoint based on Cheap Val to experiments/arcface_to_diffae_100ts/checkpoints/best.pt
Epoch 3 | Train L1: 0.2929 | Val Cheap L1: 0.2856
--> Saved new best checkpoint based on Cheap Val to experiments/arcface_to_diffae_100ts/checkpoints/best.pt
Epoch 4 | Train L1: 0.2460 | Val Cheap L1: 0.2759
--> Saved new best checkpoint based on Cheap Val to experiments/arcface_to_diffae_100ts/checkpoints/best.pt
Epoch 5 | Train L1: 0.2185 | Val Cheap L1: 0.2391 | Val TACOs L1: 1.0105
Epoch 6 | Train L1: 0.1989 | Val Cheap L1: 0.2515
Epoch 7 | Train L1: 0.1888 | Val Cheap L1: 0.2399
--> Saved new best checkpoint based on Cheap Val to experiments/arcface_to_diffae_100ts/checkpoints/best.pt
Epoch 8 | Train L1: 0.1768 | Val Cheap L1: 0.2048
--> Saved new best checkpoint based on Cheap Val to experiments/arcface_to_diffae_100ts/checkpoints/best.pt
Epoch 9 | Train L1: 0.1667 | Val Cheap L1: 0.2029
--> Saved new best checkpoint based on Cheap Val to experiments/arcface_to_diffae_100ts/checkpoints/best.pt
Epoch 10 | Train L1: 0.1599 | Val Cheap L1: 0.1906 | Val TACOs L1: 1.0660
Epoch 11 | Train L1: 0.1549 | Val Cheap L1: 0.1958
--> Saved new best checkpoint based on Cheap Val to experiments/arcface_to_diffae_100ts/checkpoints/best.pt
Epoch 12 | Train L1: 0.1505 | Val Cheap L1: 0.1727
Epoch 13 | Train L1: 0.1450 | Val Cheap L1: 0.1735
Epoch 14 | Train L1: 0.1416 | Val Cheap L1: 0.1742
--> Saved new best checkpoint based on Cheap Val to experiments/arcface_to_diffae_100ts/checkpoints/best.pt
Epoch 15 | Train L1: 0.1377 | Val Cheap L1: 0.1513 | Val TACOs L1: 0.9502
Epoch 16 | Train L1: 0.1324 | Val Cheap L1: 0.1554
--> Saved new best checkpoint based on Cheap Val to experiments/arcface_to_diffae_100ts/checkpoints/best.pt
Epoch 17 | Train L1: 0.1311 | Val Cheap L1: 0.1490
Epoch 18 | Train L1: 0.1290 | Val Cheap L1: 0.1529
Epoch 19 | Train L1: 0.1270 | Val Cheap L1: 0.1632
Epoch 20 | Train L1: 0.1267 | Val Cheap L1: 0.1629 | Val TACOs L1: 1.1188
Epoch 21 | Train L1: 0.1275 | Val Cheap L1: 0.1666
Epoch 22 | Train L1: 0.1241 | Val Cheap L1: 0.1586
--> Saved new best checkpoint based on Cheap Val to experiments/arcface_to_diffae_100ts/checkpoints/best.pt
Epoch 23 | Train L1: 0.1213 | Val Cheap L1: 0.1430
Epoch 24 | Train L1: 0.1178 | Val Cheap L1: 0.1446
--> Saved new best checkpoint based on Cheap Val to experiments/arcface_to_diffae_100ts/checkpoints/best.pt
Epoch 25 | Train L1: 0.1173 | Val Cheap L1: 0.1348 | Val TACOs L1: 0.9928
Epoch 26 | Train L1: 0.1159 | Val Cheap L1: 0.1426
--> Saved new best checkpoint based on Cheap Val to experiments/arcface_to_diffae_100ts/checkpoints/best.pt
Epoch 27 | Train L1: 0.1166 | Val Cheap L1: 0.1250
Epoch 28 | Train L1: 0.1130 | Val Cheap L1: 0.1549
Epoch 29 | Train L1: 0.1164 | Val Cheap L1: 0.1366
Epoch 30 | Train L1: 0.1127 | Val Cheap L1: 0.1342 | Val TACOs L1: 0.9974
Epoch 31 | Train L1: 0.1111 | Val Cheap L1: 0.1291
Epoch 32 | Train L1: 0.1095 | Val Cheap L1: 0.1283
--> Saved new best checkpoint based on Cheap Val to experiments/arcface_to_diffae_100ts/checkpoints/best.pt
Epoch 33 | Train L1: 0.1083 | Val Cheap L1: 0.1197
Epoch 34 | Train L1: 0.1072 | Val Cheap L1: 0.1273
Epoch 35 | Train L1: 0.1068 | Val Cheap L1: 0.1258 | Val TACOs L1: 1.0063
Epoch 36 | Train L1: 0.1063 | Val Cheap L1: 0.1416
Epoch 37 | Train L1: 0.1077 | Val Cheap L1: 0.1422
Epoch 38 | Train L1: 0.1092 | Val Cheap L1: 0.1337
Epoch 39 | Train L1: 0.1066 | Val Cheap L1: 0.1252
--> Saved new best checkpoint based on Cheap Val to experiments/arcface_to_diffae_100ts/checkpoints/best.pt
Epoch 40 | Train L1: 0.1039 | Val Cheap L1: 0.1153 | Val TACOs L1: 0.9482
Epoch 41 | Train L1: 0.1011 | Val Cheap L1: 0.1185
Epoch 42 | Train L1: 0.1002 | Val Cheap L1: 0.1219
Epoch 43 | Train L1: 0.1001 | Val Cheap L1: 0.1327
Epoch 44 | Train L1: 0.1017 | Val Cheap L1: 0.1183
--> Saved new best checkpoint based on Cheap Val to experiments/arcface_to_diffae_100ts/checkpoints/best.pt
Epoch 45 | Train L1: 0.0997 | Val Cheap L1: 0.1113 | Val TACOs L1: 0.9378
Epoch 46 | Train L1: 0.0988 | Val Cheap L1: 0.1121
Epoch 47 | Train L1: 0.0979 | Val Cheap L1: 0.1174
Epoch 48 | Train L1: 0.0986 | Val Cheap L1: 0.1150
Epoch 49 | Train L1: 0.0974 | Val Cheap L1: 0.1230
Epoch 50 | Train L1: 0.1004 | Val Cheap L1: 0.1145 | Val TACOs L1: 0.9778
