Loading latent de-morphing model...
Loading DiffAE FFHQ256 autoencoder...
Model params: 160.69 M
loading pretrain ... ffhq256_autoenc
step: 1563562
Loading LPIPS model...
Setting up [LPIPS] perceptual loss: trunk [alex], v[0.1], spatial [off]
Loading model from: /nas-ctm01/homes/dacordeiro/.conda/envs/latent/lib/python3.8/site-packages/lpips/weights/v0.1/alex.pth
Loading DeepFace ArcFace...
Building ArcFace gallery from the 1000 unique test images...

Image-space evaluation for latent DiffAE de-morphing
===================================================
Run name                       : diffae_baseline
Mode                           : iterative
Latent checkpoint              : /nas-ctm01/homes/dacordeiro/Face-DM/experiments/diffae_baseline/checkpoints/best.pt
DiffAE checkpoint              : /nas-ctm01/homes/dacordeiro/Face-DM/ffhq256_autoenc/last.ckpt
Semantic test pairs            : /nas-ctm01/homes/dacordeiro/Face-DM/diffae_embeddings/ffhq256_diffae_zsem_test_pairs.npy
Stochastic test pairs          : /nas-ctm01/homes/dacordeiro/Face-DM/diffae_embeddings/ffhq256_diffae_xt_test_pairs.npy
Pair metadata                  : /nas-ctm01/homes/dacordeiro/Face-DM/diffae_embeddings/ffhq256_diffae_zsem_test_pairs_metadata.csv
Decode steps                   : 20
Number of test pairs           : 1000
Number of evaluated outputs    : 2000
DeepFace detector backend      : skip
Prediction stochastic code     : morph stochastic midpoint, slerp(xT1, xT2, 0.5)
Decoded image range assumption : DiffAE render output already in [0, 1]
RA threshold                   : 0.400

[Image quality metrics]
PSNR  : mean = 15.402564 | std = 1.920702
SSIM  : mean = 0.554124 | std = 0.077035
LPIPS : mean = 0.321937 | std = 0.062154

[Biometric metrics - DeepFace ArcFace cosine similarity]
Mean genuine similarity        : 0.516693 | std = 0.142303
Mean closest impostor sim.     : 0.488312 | std = 0.077745
Restoration Accuracy (RA)      : 79.2000%
TMR @ 10% FMR                  : 32.2500% | threshold = 0.585852
TMR @ 1% FMR                   : 9.3000% | threshold = 0.703461
TMR @ 0.1% FMR                 : 0.3500% | threshold = 0.830008

[Qualitative grid]
Each row contains:
morph | source 1 | source 2 | decoded prediction 1 | decoded prediction 2
Grid path                      : /nas-ctm01/homes/dacordeiro/Face-DM/experiments/diffae_baseline/eval_image_space_iterative_grid.png

[Output files]
Text report                    : /nas-ctm01/homes/dacordeiro/Face-DM/experiments/diffae_baseline/eval_image_space_iterative.txt
Image grid                     : /nas-ctm01/homes/dacordeiro/Face-DM/experiments/diffae_baseline/eval_image_space_iterative_grid.png

