Loading ArcFace embeddings...
--> Saved new best checkpoint based on Cheap Val to experiments/avg_arcface_slerp/checkpoints/best.pt
Epoch 1 | Train L1: 0.0341 | Val Cheap L1: 0.0273
--> Saved new best checkpoint based on Cheap Val to experiments/avg_arcface_slerp/checkpoints/best.pt
Epoch 2 | Train L1: 0.0226 | Val Cheap L1: 0.0190
--> Saved new best checkpoint based on Cheap Val to experiments/avg_arcface_slerp/checkpoints/best.pt
Epoch 3 | Train L1: 0.0172 | Val Cheap L1: 0.0159
--> Saved new best checkpoint based on Cheap Val to experiments/avg_arcface_slerp/checkpoints/best.pt
Epoch 4 | Train L1: 0.0152 | Val Cheap L1: 0.0146
--> Saved new best checkpoint based on Cheap Val to experiments/avg_arcface_slerp/checkpoints/best.pt
Epoch 5 | Train L1: 0.0141 | Val Cheap L1: 0.0136 | Val TACOs L1: 0.0518
--> Saved new best checkpoint based on Cheap Val to experiments/avg_arcface_slerp/checkpoints/best.pt
Epoch 6 | Train L1: 0.0135 | Val Cheap L1: 0.0134
--> Saved new best checkpoint based on Cheap Val to experiments/avg_arcface_slerp/checkpoints/best.pt
Epoch 7 | Train L1: 0.0130 | Val Cheap L1: 0.0128
--> Saved new best checkpoint based on Cheap Val to experiments/avg_arcface_slerp/checkpoints/best.pt
Epoch 8 | Train L1: 0.0126 | Val Cheap L1: 0.0121
--> Saved new best checkpoint based on Cheap Val to experiments/avg_arcface_slerp/checkpoints/best.pt
Epoch 9 | Train L1: 0.0121 | Val Cheap L1: 0.0119
--> Saved new best checkpoint based on Cheap Val to experiments/avg_arcface_slerp/checkpoints/best.pt
Epoch 10 | Train L1: 0.0117 | Val Cheap L1: 0.0116 | Val TACOs L1: 0.0542
--> Saved new best checkpoint based on Cheap Val to experiments/avg_arcface_slerp/checkpoints/best.pt
Epoch 11 | Train L1: 0.0114 | Val Cheap L1: 0.0112
Epoch 12 | Train L1: 0.0111 | Val Cheap L1: 0.0116
--> Saved new best checkpoint based on Cheap Val to experiments/avg_arcface_slerp/checkpoints/best.pt
Epoch 13 | Train L1: 0.0107 | Val Cheap L1: 0.0102
--> Saved new best checkpoint based on Cheap Val to experiments/avg_arcface_slerp/checkpoints/best.pt
Epoch 14 | Train L1: 0.0104 | Val Cheap L1: 0.0101
--> Saved new best checkpoint based on Cheap Val to experiments/avg_arcface_slerp/checkpoints/best.pt
Epoch 15 | Train L1: 0.0100 | Val Cheap L1: 0.0099 | Val TACOs L1: 0.0546
Epoch 16 | Train L1: 0.0096 | Val Cheap L1: 0.0100
--> Saved new best checkpoint based on Cheap Val to experiments/avg_arcface_slerp/checkpoints/best.pt
Epoch 17 | Train L1: 0.0094 | Val Cheap L1: 0.0095
--> Saved new best checkpoint based on Cheap Val to experiments/avg_arcface_slerp/checkpoints/best.pt
Epoch 18 | Train L1: 0.0091 | Val Cheap L1: 0.0091
--> Saved new best checkpoint based on Cheap Val to experiments/avg_arcface_slerp/checkpoints/best.pt
Epoch 19 | Train L1: 0.0087 | Val Cheap L1: 0.0090
--> Saved new best checkpoint based on Cheap Val to experiments/avg_arcface_slerp/checkpoints/best.pt
Epoch 20 | Train L1: 0.0084 | Val Cheap L1: 0.0082 | Val TACOs L1: 0.0550
Epoch 21 | Train L1: 0.0081 | Val Cheap L1: 0.0083
--> Saved new best checkpoint based on Cheap Val to experiments/avg_arcface_slerp/checkpoints/best.pt
Epoch 22 | Train L1: 0.0079 | Val Cheap L1: 0.0079
--> Saved new best checkpoint based on Cheap Val to experiments/avg_arcface_slerp/checkpoints/best.pt
Epoch 23 | Train L1: 0.0076 | Val Cheap L1: 0.0075
--> Saved new best checkpoint based on Cheap Val to experiments/avg_arcface_slerp/checkpoints/best.pt
Epoch 24 | Train L1: 0.0074 | Val Cheap L1: 0.0072
Epoch 25 | Train L1: 0.0073 | Val Cheap L1: 0.0076 | Val TACOs L1: 0.0560
--> Saved new best checkpoint based on Cheap Val to experiments/avg_arcface_slerp/checkpoints/best.pt
Epoch 26 | Train L1: 0.0070 | Val Cheap L1: 0.0070
--> Saved new best checkpoint based on Cheap Val to experiments/avg_arcface_slerp/checkpoints/best.pt
Epoch 27 | Train L1: 0.0069 | Val Cheap L1: 0.0068
--> Saved new best checkpoint based on Cheap Val to experiments/avg_arcface_slerp/checkpoints/best.pt
Epoch 28 | Train L1: 0.0068 | Val Cheap L1: 0.0067
--> Saved new best checkpoint based on Cheap Val to experiments/avg_arcface_slerp/checkpoints/best.pt
Epoch 29 | Train L1: 0.0066 | Val Cheap L1: 0.0065
Epoch 30 | Train L1: 0.0065 | Val Cheap L1: 0.0069 | Val TACOs L1: 0.0554
--> Saved new best checkpoint based on Cheap Val to experiments/avg_arcface_slerp/checkpoints/best.pt
Epoch 31 | Train L1: 0.0064 | Val Cheap L1: 0.0063
Epoch 32 | Train L1: 0.0062 | Val Cheap L1: 0.0068
--> Saved new best checkpoint based on Cheap Val to experiments/avg_arcface_slerp/checkpoints/best.pt
Epoch 33 | Train L1: 0.0062 | Val Cheap L1: 0.0061
--> Saved new best checkpoint based on Cheap Val to experiments/avg_arcface_slerp/checkpoints/best.pt
Epoch 34 | Train L1: 0.0060 | Val Cheap L1: 0.0060
Epoch 35 | Train L1: 0.0059 | Val Cheap L1: 0.0061 | Val TACOs L1: 0.0542
--> Saved new best checkpoint based on Cheap Val to experiments/avg_arcface_slerp/checkpoints/best.pt
Epoch 36 | Train L1: 0.0059 | Val Cheap L1: 0.0057
--> Saved new best checkpoint based on Cheap Val to experiments/avg_arcface_slerp/checkpoints/best.pt
Epoch 37 | Train L1: 0.0057 | Val Cheap L1: 0.0055
Epoch 38 | Train L1: 0.0057 | Val Cheap L1: 0.0055
--> Saved new best checkpoint based on Cheap Val to experiments/avg_arcface_slerp/checkpoints/best.pt
Epoch 39 | Train L1: 0.0056 | Val Cheap L1: 0.0055
--> Saved new best checkpoint based on Cheap Val to experiments/avg_arcface_slerp/checkpoints/best.pt
Epoch 40 | Train L1: 0.0055 | Val Cheap L1: 0.0053 | Val TACOs L1: 0.0542
Epoch 41 | Train L1: 0.0055 | Val Cheap L1: 0.0055
Epoch 42 | Train L1: 0.0054 | Val Cheap L1: 0.0054
Epoch 43 | Train L1: 0.0054 | Val Cheap L1: 0.0054
Epoch 44 | Train L1: 0.0053 | Val Cheap L1: 0.0054
--> Saved new best checkpoint based on Cheap Val to experiments/avg_arcface_slerp/checkpoints/best.pt
Epoch 45 | Train L1: 0.0052 | Val Cheap L1: 0.0050 | Val TACOs L1: 0.0534
Epoch 46 | Train L1: 0.0052 | Val Cheap L1: 0.0051
Epoch 47 | Train L1: 0.0052 | Val Cheap L1: 0.0055
Epoch 48 | Train L1: 0.0051 | Val Cheap L1: 0.0051
Epoch 49 | Train L1: 0.0051 | Val Cheap L1: 0.0053
Epoch 50 | Train L1: 0.0050 | Val Cheap L1: 0.0054 | Val TACOs L1: 0.0542
Loading ArcFace embeddings for one_shot evaluation...
Loading weights from experiments/avg_arcface_slerp/checkpoints/best.pt...

--- Evaluation Results: ONE_SHOT ---
Run Name: avg_arcface_slerp
Validation Pairs: 10,000
----------------------------------------
L1 Distance:       0.023324
Cosine Similarity: 0.644405

Saved evaluation results to experiments/avg_arcface_slerp/eval_one_shot.txt
Loading ArcFace embeddings for iterative evaluation...
Loading weights from experiments/avg_arcface_slerp/checkpoints/best.pt...

--- Evaluation Results: ITERATIVE ---
Run Name: avg_arcface_slerp
Validation Pairs: 10,000
----------------------------------------
L1 Distance:       0.026696
Cosine Similarity: 0.679829

Saved evaluation results to experiments/avg_arcface_slerp/eval_iterative.txt
