Loading DiffAE embeddings from: /nas-ctm01/homes/dacordeiro/Face-DM/diffae_embeddings/ffhq256_diffae_zsem.npy
Z-score normalization applied successfully.
--> Saved best checkpoint to experiments/oneshot_diffae_pit/checkpoints/best.pt
Epoch 1 | Train Loss: 1.4350 | Val Loss: 1.2343
--> Saved best checkpoint to experiments/oneshot_diffae_pit/checkpoints/best.pt
Epoch 2 | Train Loss: 1.1926 | Val Loss: 1.1597
--> Saved best checkpoint to experiments/oneshot_diffae_pit/checkpoints/best.pt
Epoch 3 | Train Loss: 1.1449 | Val Loss: 1.1342
--> Saved best checkpoint to experiments/oneshot_diffae_pit/checkpoints/best.pt
Epoch 4 | Train Loss: 1.1245 | Val Loss: 1.1224
--> Saved best checkpoint to experiments/oneshot_diffae_pit/checkpoints/best.pt
Epoch 5 | Train Loss: 1.1118 | Val Loss: 1.1122
--> Saved best checkpoint to experiments/oneshot_diffae_pit/checkpoints/best.pt
Epoch 6 | Train Loss: 1.1025 | Val Loss: 1.1051
--> Saved best checkpoint to experiments/oneshot_diffae_pit/checkpoints/best.pt
Epoch 7 | Train Loss: 1.0945 | Val Loss: 1.1003
--> Saved best checkpoint to experiments/oneshot_diffae_pit/checkpoints/best.pt
Epoch 8 | Train Loss: 1.0874 | Val Loss: 1.0943
--> Saved best checkpoint to experiments/oneshot_diffae_pit/checkpoints/best.pt
Epoch 9 | Train Loss: 1.0811 | Val Loss: 1.0898
--> Saved best checkpoint to experiments/oneshot_diffae_pit/checkpoints/best.pt
Epoch 10 | Train Loss: 1.0751 | Val Loss: 1.0848
--> Saved best checkpoint to experiments/oneshot_diffae_pit/checkpoints/best.pt
Epoch 11 | Train Loss: 1.0695 | Val Loss: 1.0806
--> Saved best checkpoint to experiments/oneshot_diffae_pit/checkpoints/best.pt
Epoch 12 | Train Loss: 1.0640 | Val Loss: 1.0767
--> Saved best checkpoint to experiments/oneshot_diffae_pit/checkpoints/best.pt
Epoch 13 | Train Loss: 1.0590 | Val Loss: 1.0735
--> Saved best checkpoint to experiments/oneshot_diffae_pit/checkpoints/best.pt
Epoch 14 | Train Loss: 1.0544 | Val Loss: 1.0701
--> Saved best checkpoint to experiments/oneshot_diffae_pit/checkpoints/best.pt
Epoch 15 | Train Loss: 1.0495 | Val Loss: 1.0678
--> Saved best checkpoint to experiments/oneshot_diffae_pit/checkpoints/best.pt
Epoch 16 | Train Loss: 1.0453 | Val Loss: 1.0674
--> Saved best checkpoint to experiments/oneshot_diffae_pit/checkpoints/best.pt
Epoch 17 | Train Loss: 1.0408 | Val Loss: 1.0636
--> Saved best checkpoint to experiments/oneshot_diffae_pit/checkpoints/best.pt
Epoch 18 | Train Loss: 1.0368 | Val Loss: 1.0592
--> Saved best checkpoint to experiments/oneshot_diffae_pit/checkpoints/best.pt
Epoch 19 | Train Loss: 1.0329 | Val Loss: 1.0556
--> Saved best checkpoint to experiments/oneshot_diffae_pit/checkpoints/best.pt
Epoch 20 | Train Loss: 1.0287 | Val Loss: 1.0543
--> Saved best checkpoint to experiments/oneshot_diffae_pit/checkpoints/best.pt
Epoch 21 | Train Loss: 1.0247 | Val Loss: 1.0525
--> Saved best checkpoint to experiments/oneshot_diffae_pit/checkpoints/best.pt
Epoch 22 | Train Loss: 1.0210 | Val Loss: 1.0507
--> Saved best checkpoint to experiments/oneshot_diffae_pit/checkpoints/best.pt
Epoch 23 | Train Loss: 1.0172 | Val Loss: 1.0458
--> Saved best checkpoint to experiments/oneshot_diffae_pit/checkpoints/best.pt
Epoch 24 | Train Loss: 1.0136 | Val Loss: 1.0457
--> Saved best checkpoint to experiments/oneshot_diffae_pit/checkpoints/best.pt
Epoch 25 | Train Loss: 1.0100 | Val Loss: 1.0421
--> Saved best checkpoint to experiments/oneshot_diffae_pit/checkpoints/best.pt
Epoch 26 | Train Loss: 1.0067 | Val Loss: 1.0395
--> Saved best checkpoint to experiments/oneshot_diffae_pit/checkpoints/best.pt
Epoch 27 | Train Loss: 1.0033 | Val Loss: 1.0391
--> Saved best checkpoint to experiments/oneshot_diffae_pit/checkpoints/best.pt
Epoch 28 | Train Loss: 1.0006 | Val Loss: 1.0383
--> Saved best checkpoint to experiments/oneshot_diffae_pit/checkpoints/best.pt
Epoch 29 | Train Loss: 0.9974 | Val Loss: 1.0343
--> Saved best checkpoint to experiments/oneshot_diffae_pit/checkpoints/best.pt
Epoch 30 | Train Loss: 0.9947 | Val Loss: 1.0321
--> Saved best checkpoint to experiments/oneshot_diffae_pit/checkpoints/best.pt
Epoch 31 | Train Loss: 0.9918 | Val Loss: 1.0302
Epoch 32 | Train Loss: 0.9891 | Val Loss: 1.0306
--> Saved best checkpoint to experiments/oneshot_diffae_pit/checkpoints/best.pt
Epoch 33 | Train Loss: 0.9869 | Val Loss: 1.0259
Epoch 34 | Train Loss: 0.9841 | Val Loss: 1.0272
--> Saved best checkpoint to experiments/oneshot_diffae_pit/checkpoints/best.pt
Epoch 35 | Train Loss: 0.9822 | Val Loss: 1.0252
--> Saved best checkpoint to experiments/oneshot_diffae_pit/checkpoints/best.pt
Epoch 36 | Train Loss: 0.9800 | Val Loss: 1.0229
--> Saved best checkpoint to experiments/oneshot_diffae_pit/checkpoints/best.pt
Epoch 37 | Train Loss: 0.9782 | Val Loss: 1.0210
--> Saved best checkpoint to experiments/oneshot_diffae_pit/checkpoints/best.pt
Epoch 38 | Train Loss: 0.9764 | Val Loss: 1.0206
--> Saved best checkpoint to experiments/oneshot_diffae_pit/checkpoints/best.pt
Epoch 39 | Train Loss: 0.9748 | Val Loss: 1.0197
--> Saved best checkpoint to experiments/oneshot_diffae_pit/checkpoints/best.pt
Epoch 40 | Train Loss: 0.9732 | Val Loss: 1.0181
--> Saved best checkpoint to experiments/oneshot_diffae_pit/checkpoints/best.pt
Epoch 41 | Train Loss: 0.9719 | Val Loss: 1.0173
--> Saved best checkpoint to experiments/oneshot_diffae_pit/checkpoints/best.pt
Epoch 42 | Train Loss: 0.9708 | Val Loss: 1.0167
--> Saved best checkpoint to experiments/oneshot_diffae_pit/checkpoints/best.pt
Epoch 43 | Train Loss: 0.9699 | Val Loss: 1.0157
--> Saved best checkpoint to experiments/oneshot_diffae_pit/checkpoints/best.pt
Epoch 44 | Train Loss: 0.9691 | Val Loss: 1.0148
--> Saved best checkpoint to experiments/oneshot_diffae_pit/checkpoints/best.pt
Epoch 45 | Train Loss: 0.9684 | Val Loss: 1.0143
--> Saved best checkpoint to experiments/oneshot_diffae_pit/checkpoints/best.pt
Epoch 46 | Train Loss: 0.9679 | Val Loss: 1.0141
--> Saved best checkpoint to experiments/oneshot_diffae_pit/checkpoints/best.pt
Epoch 47 | Train Loss: 0.9675 | Val Loss: 1.0138
--> Saved best checkpoint to experiments/oneshot_diffae_pit/checkpoints/best.pt
Epoch 48 | Train Loss: 0.9670 | Val Loss: 1.0136
--> Saved best checkpoint to experiments/oneshot_diffae_pit/checkpoints/best.pt
Epoch 49 | Train Loss: 0.9668 | Val Loss: 1.0135
--> Saved best checkpoint to experiments/oneshot_diffae_pit/checkpoints/best.pt
Epoch 50 | Train Loss: 0.9667 | Val Loss: 1.0134
Loading DiffAE embeddings for evaluation...
Loading DiffAE embeddings from: /nas-ctm01/homes/dacordeiro/Face-DM/diffae_embeddings/ffhq256_diffae_zsem.npy
Z-score normalization applied successfully.

--- Evaluation Results: ONE-SHOT DIFF-AE (PIT) ---
Run Name: oneshot_diffae_pit
Validation Pairs Evaluated: 10000
---------------------------------------------------
Mean L1 Distance:  0.506833
Mean Cosine Similarity: 0.766437

