DiffAE root: /nas-ctm01/homes/dacordeiro/diffae
Checkpoint: /nas-ctm01/homes/dacordeiro/Face-DM/ffhq256_autoenc/last.ckpt
CelebA image root: /nas-ctm01/datasets/public/celeba
Identity file: /nas-ctm01/homes/dacordeiro/Face-DM/identity_CelebA_png.txt
Output dir: /nas-ctm01/homes/dacordeiro/Face-DM/diffae_embeddings_celeba
Device: cuda
Min images per identity: 25
Final image count: 5774
Final identity count: 198
Split counts: {'train': 4596, 'val': 589, 'test': 589}
Model params: 160.69 M
loading pretrain ... ffhq256_autoenc
step: 1563562

Done.
Saved raw embeddings: /nas-ctm01/homes/dacordeiro/Face-DM/diffae_embeddings_celeba/celeba_diffae_zsem.npy
Saved z-scored embeddings: /nas-ctm01/homes/dacordeiro/Face-DM/diffae_embeddings_celeba/celeba_diffae_zsem_zscore.npy
Saved z-score train stats: /nas-ctm01/homes/dacordeiro/Face-DM/diffae_embeddings_celeba/celeba_diffae_zsem_train_stats.npz
Saved metadata: /nas-ctm01/homes/dacordeiro/Face-DM/diffae_embeddings_celeba/celeba_diffae_zsem_metadata.csv
Saved label map: /nas-ctm01/homes/dacordeiro/Face-DM/diffae_embeddings_celeba/celeba_identity_label_map.csv
Saved dataset info: /nas-ctm01/homes/dacordeiro/Face-DM/diffae_embeddings_celeba/dataset_info.json
Embedding array shape: (5774, 512)
