Loading data...
Loading One-Shot weights from: experiments/oneshot_arcface_real/checkpoints/best.pt
Loading Iterative weights from: experiments/asymmetric_z1_alpha_55_real/checkpoints/best.pt

=====================================================================================
              EVALUATION METRICS SUMMARY (REPORTED PER EMBEDDING SLOT)               
=====================================================================================

▶ Method: ONESHOT BASELINE
  Metric Domain                       | Embedding 1        | Embedding 2       
  ------------------------------------+--------------------+-------------------
  L1 Distance (Scaled space)         | 0.469119           | 0.469076          
  L1 Distance (Raw ArcFace)          | 0.020732           | 0.020730          
  Cosine Similarity (Raw ArcFace)   | 0.819261           | 0.819316          

▶ Method: HYBRID PATH1
  Metric Domain                       | Embedding 1        | Embedding 2       
  ------------------------------------+--------------------+-------------------
  L1 Distance (Scaled space)         | 0.468027           | 0.468138          
  L1 Distance (Raw ArcFace)          | 0.020684           | 0.020689          
  Cosine Similarity (Raw ArcFace)   | 0.819521           | 0.819521          

▶ Method: HYBRID PATH2
  Metric Domain                       | Embedding 1        | Embedding 2       
  ------------------------------------+--------------------+-------------------
  L1 Distance (Scaled space)         | 0.467557           | 0.467621          
  L1 Distance (Raw ArcFace)          | 0.020663           | 0.020666          
  Cosine Similarity (Raw ArcFace)   | 0.819808           | 0.819808          

▶ Method: HYBRID COMBINED PRIMARY
  Metric Domain                       | Embedding 1        | Embedding 2       
  ------------------------------------+--------------------+-------------------
  L1 Distance (Scaled space)         | 0.473032           | 0.474773          
  L1 Distance (Raw ArcFace)          | 0.020905           | 0.020982          
  Cosine Similarity (Raw ArcFace)   | 0.814533           | 0.813191          
=====================================================================================

