Loading raw embeddings from /nas-ctm01/homes/dacordeiro/Face-DM/diffae_embeddings/ffhq256_diffae_zsem.npy...
Loaded array: 70000 samples x 512 dimensions.
Fitting PCA with 30 components (Raw data, auto-centered)...

PCA Analysis complete. Report successfully saved to:
/nas-ctm01/homes/dacordeiro/Face-DM/diffae_embeddings/pca_variance_report.txt

==================================================
PRINCIPAL COMPONENT ANALYSIS (PCA) REPORT
==================================================
Dataset:          ffhq256_diffae_zsem.npy
Total Samples:    70000 
Total Dimensions: 512 (512-D Semantic Space)

1. THE TOP 3 PRINCIPAL COMPONENTS: INDIVIDUAL IMPACT
--------------------------------------------------
PC1 (Component 1):
  - Explained Variance Ratio: 4.28%
  - Singular Value (Energy):  112.17
  - Role: The absolute dominant axis of semantic variation in the dataset.

PC2 (Component 2):
  - Explained Variance Ratio: 3.75%
  - Singular Value (Energy):  104.96
  - Role: The second largest orthogonal axis of variation.

PC3 (Component 3):
  - Explained Variance Ratio: 2.99%
  - Singular Value (Energy):  93.63
  - Role: The third largest orthogonal axis of variation.

Combined Top 3 Impact: The first 3 components alone capture 11.02% 
of the total variance present across all 512 dimensions.

2. RELATIVE DOMINANCE COMPARISON
--------------------------------------------------
To understand how much more "impactful" the leading components are 
compared to each other:

  - PC1 is 1.14x more impactful than PC2.
  - PC2 is 1.26x more impactful than PC3.
  - PC1 is 1.44x more impactful than PC3.

A high multiplier between PC1 and PC2 indicates a highly directional 
"stretched" data distribution, whereas multipliers close to 1.0 indicate 
a more symmetrical, evenly distributed cluster.

3. VARIANCE DECAY PROFILE (TOP 30 COMPONENTS)
--------------------------------------------------
Rank   Individual Var %   Cumulative Var %
--------------------------------------------------
PC1      4.28               4.28%
PC2      3.75               8.04%
PC3      2.99               11.02%
PC4      2.55               13.58%
PC5      2.25               15.82%
PC6      2.10               17.92%
PC7      1.81               19.73%
PC8      1.63               21.36%
PC9      1.54               22.91%
PC10     1.47               24.38%
PC11     1.39               25.77%
PC12     1.33               27.10%
PC13     1.27               28.37%
PC14     1.19               29.57%
PC15     1.14               30.71%
PC16     1.08               31.78%
PC17     1.02               32.80%
PC18     0.99               33.79%
PC19     0.95               34.74%
PC20     0.91               35.65%
PC21     0.89               36.54%
PC22     0.89               37.43%
PC23     0.82               38.24%
PC24     0.81               39.05%
PC25     0.78               39.83%
PC26     0.76               40.59%
PC27     0.73               41.33%
PC28     0.71               42.04%
PC29     0.69               42.73%
PC30     0.68               43.41%
--------------------------------------------------
4. MATHEMATICAL & GEOMETRIC INTERPRETATION
--------------------------------------------------
- High Individual PC1 Variance: If PC1 explains a massive percentage 
  (e.g., >15-20%), the dataset's facial semantic attributes are heavily 
  polarized along a single macro feature (e.g., an underlying global trait 
  like lighting bias, gender, or head rotation).
  
- Sharp vs. Gradual Decay: A sharp drop-off from PC1 to PC3 followed by 
  a long, flat tail indicates that a tiny subset of dimensions carries 
  the core clean information, while the rest represent low-amplitude 
  structural variances or encoding noise.
==================================================

