[train] embeddings: (56000, 512) | sorting score: young_logit | score file: /nas-ctm01/homes/dacordeiro/Face-DM/diffae_embeddings/ffhq256_diffae_zsem_train_young_logit.npy
[val] embeddings: (7000, 512) | sorting score: young_logit | score file: /nas-ctm01/homes/dacordeiro/Face-DM/diffae_embeddings/ffhq256_diffae_zsem_val_young_logit.npy
Epoch 1 | Train Loss: 0.5841 | Val Cheap Loss: 0.4255
Epoch 2 | Train Loss: 0.3591 | Val Cheap Loss: 0.3200
Epoch 3 | Train Loss: 0.3059 | Val Cheap Loss: 0.2934
Epoch 4 | Train Loss: 0.2905 | Val Cheap Loss: 0.2884
Epoch 5 | Train Loss: 0.2844 | Val Cheap Loss: 0.2828 | Val TACOs L1: 1.1663
Epoch 6 | Train Loss: 0.2806 | Val Cheap Loss: 0.2821
Epoch 7 | Train Loss: 0.2787 | Val Cheap Loss: 0.2801
Epoch 8 | Train Loss: 0.2769 | Val Cheap Loss: 0.2774
Epoch 9 | Train Loss: 0.2756 | Val Cheap Loss: 0.2770
Epoch 10 | Train Loss: 0.2749 | Val Cheap Loss: 0.2780 | Val TACOs L1: 1.1568
Epoch 11 | Train Loss: 0.2737 | Val Cheap Loss: 0.2757
Epoch 12 | Train Loss: 0.2730 | Val Cheap Loss: 0.2732
Epoch 13 | Train Loss: 0.2722 | Val Cheap Loss: 0.2719
Epoch 14 | Train Loss: 0.2701 | Val Cheap Loss: 0.2726
Epoch 15 | Train Loss: 0.2694 | Val Cheap Loss: 0.2704 | Val TACOs L1: 1.1456
Epoch 16 | Train Loss: 0.2676 | Val Cheap Loss: 0.2700
Epoch 17 | Train Loss: 0.2660 | Val Cheap Loss: 0.2714
Epoch 18 | Train Loss: 0.2651 | Val Cheap Loss: 0.2699
Epoch 19 | Train Loss: 0.2637 | Val Cheap Loss: 0.2670
Epoch 20 | Train Loss: 0.2621 | Val Cheap Loss: 0.2649 | Val TACOs L1: 1.1459
Epoch 21 | Train Loss: 0.2609 | Val Cheap Loss: 0.2672
Epoch 22 | Train Loss: 0.2599 | Val Cheap Loss: 0.2690
Epoch 23 | Train Loss: 0.2585 | Val Cheap Loss: 0.2689
Epoch 24 | Train Loss: 0.2572 | Val Cheap Loss: 0.2696
Epoch 25 | Train Loss: 0.2563 | Val Cheap Loss: 0.2686 | Val TACOs L1: 1.1433
Epoch 26 | Train Loss: 0.2549 | Val Cheap Loss: 0.2684
Epoch 27 | Train Loss: 0.2541 | Val Cheap Loss: 0.2678
Epoch 28 | Train Loss: 0.2529 | Val Cheap Loss: 0.2678
Epoch 29 | Train Loss: 0.2516 | Val Cheap Loss: 0.2684
Epoch 30 | Train Loss: 0.2508 | Val Cheap Loss: 0.2716 | Val TACOs L1: 1.1471
Epoch 31 | Train Loss: 0.2500 | Val Cheap Loss: 0.2692
Epoch 32 | Train Loss: 0.2494 | Val Cheap Loss: 0.2706
Epoch 33 | Train Loss: 0.2482 | Val Cheap Loss: 0.2667
Epoch 34 | Train Loss: 0.2474 | Val Cheap Loss: 0.2690
Epoch 35 | Train Loss: 0.2467 | Val Cheap Loss: 0.2705 | Val TACOs L1: 1.1461
Epoch 36 | Train Loss: 0.2455 | Val Cheap Loss: 0.2705
Epoch 37 | Train Loss: 0.2447 | Val Cheap Loss: 0.2674
Epoch 38 | Train Loss: 0.2445 | Val Cheap Loss: 0.2719
Epoch 39 | Train Loss: 0.2433 | Val Cheap Loss: 0.2669
Epoch 40 | Train Loss: 0.2427 | Val Cheap Loss: 0.2764 | Val TACOs L1: 1.1499
Epoch 41 | Train Loss: 0.2419 | Val Cheap Loss: 0.2744
Epoch 42 | Train Loss: 0.2409 | Val Cheap Loss: 0.2692
Epoch 43 | Train Loss: 0.2404 | Val Cheap Loss: 0.2743
Epoch 44 | Train Loss: 0.2399 | Val Cheap Loss: 0.2723
Epoch 45 | Train Loss: 0.2393 | Val Cheap Loss: 0.2743 | Val TACOs L1: 1.1528
Epoch 46 | Train Loss: 0.2385 | Val Cheap Loss: 0.2762
Epoch 47 | Train Loss: 0.2379 | Val Cheap Loss: 0.2726
Epoch 48 | Train Loss: 0.2371 | Val Cheap Loss: 0.2762
Epoch 49 | Train Loss: 0.2365 | Val Cheap Loss: 0.2750
Epoch 50 | Train Loss: 0.2357 | Val Cheap Loss: 0.2752 | Val TACOs L1: 1.1563
[test] embeddings: (7000, 512) | sorting score: young_logit | score file: /nas-ctm01/homes/dacordeiro/Face-DM/diffae_embeddings/ffhq256_diffae_zsem_test_young_logit.npy

--- Evaluation Results: ONE_SHOT ---
Run Name: diffae_young
Sorting Criterion: Highest Young classifier logit
----------------------------------------
Base Reference Angular Properties:
  - CosSim(True Baseline z1, True Baseline z2): 0.000302
  - CosSim(True Baseline z1, Average mixture c): 0.706057
  - CosSim(True Baseline z2, Average mixture c): 0.705056

[Embedding 1 (Highest Young classifier logit) Performance Alignment]
  - L1 Distance:                       0.553758
  - Cosine Similarity to Target:       0.716179

[Embedding 2 (Lowest Young classifier logit) Performance Alignment]
  - L1 Distance:                       0.553758
  - Cosine Similarity to Target:       0.715416

Generated Outputs Inter-Relationship:
  - CosSim(Aligned Pred z1, Aligned Pred z2):  0.890993

[test] embeddings: (7000, 512) | sorting score: young_logit | score file: /nas-ctm01/homes/dacordeiro/Face-DM/diffae_embeddings/ffhq256_diffae_zsem_test_young_logit.npy

--- Evaluation Results: ITERATIVE ---
Run Name: diffae_young
Sorting Criterion: Highest Young classifier logit
----------------------------------------
Base Reference Angular Properties:
  - CosSim(True Baseline z1, True Baseline z2): 0.000302
  - CosSim(True Baseline z1, Average mixture c): 0.706057
  - CosSim(True Baseline z2, Average mixture c): 0.705056

[Embedding 1 (Highest Young classifier logit) Performance Alignment]
  - L1 Distance:                       0.571750
  - Cosine Similarity to Target:       0.713786

[Embedding 2 (Lowest Young classifier logit) Performance Alignment]
  - L1 Distance:                       0.571750
  - Cosine Similarity to Target:       0.701071

Generated Outputs Inter-Relationship:
  - CosSim(Aligned Pred z1, Aligned Pred z2):  0.824620

