Loading dataset from /nas-ctm01/homes/dacordeiro/Face-DM/morphed_dataset/train_morphs.npz...
Loading dataset from /nas-ctm01/homes/dacordeiro/Face-DM/morphed_dataset/val_morphs.npz...
--> Saved new best checkpoint based on Cheap Val to experiments/avg_arcface_img/checkpoints/best.pt
Epoch 1 | Train L1: 0.5425 | Val Cheap L1: 0.4236
--> Saved new best checkpoint based on Cheap Val to experiments/avg_arcface_img/checkpoints/best.pt
Epoch 2 | Train L1: 0.3523 | Val Cheap L1: 0.3362
--> Saved new best checkpoint based on Cheap Val to experiments/avg_arcface_img/checkpoints/best.pt
Epoch 3 | Train L1: 0.2820 | Val Cheap L1: 0.2920
--> Saved new best checkpoint based on Cheap Val to experiments/avg_arcface_img/checkpoints/best.pt
Epoch 4 | Train L1: 0.2456 | Val Cheap L1: 0.2627
--> Saved new best checkpoint based on Cheap Val to experiments/avg_arcface_img/checkpoints/best.pt
Epoch 5 | Train L1: 0.2244 | Val Cheap L1: 0.2409 | Val TACOs L1: 0.7670
--> Saved new best checkpoint based on Cheap Val to experiments/avg_arcface_img/checkpoints/best.pt
Epoch 6 | Train L1: 0.2096 | Val Cheap L1: 0.2400
--> Saved new best checkpoint based on Cheap Val to experiments/avg_arcface_img/checkpoints/best.pt
Epoch 7 | Train L1: 0.1989 | Val Cheap L1: 0.2127
Epoch 8 | Train L1: 0.1873 | Val Cheap L1: 0.2236
Epoch 9 | Train L1: 0.1834 | Val Cheap L1: 0.2170
--> Saved new best checkpoint based on Cheap Val to experiments/avg_arcface_img/checkpoints/best.pt
Epoch 10 | Train L1: 0.1780 | Val Cheap L1: 0.2073 | Val TACOs L1: 0.7949
--> Saved new best checkpoint based on Cheap Val to experiments/avg_arcface_img/checkpoints/best.pt
Epoch 11 | Train L1: 0.1712 | Val Cheap L1: 0.1957
--> Saved new best checkpoint based on Cheap Val to experiments/avg_arcface_img/checkpoints/best.pt
Epoch 12 | Train L1: 0.1666 | Val Cheap L1: 0.1883
--> Saved new best checkpoint based on Cheap Val to experiments/avg_arcface_img/checkpoints/best.pt
Epoch 13 | Train L1: 0.1622 | Val Cheap L1: 0.1774
Epoch 14 | Train L1: 0.1598 | Val Cheap L1: 0.1783
--> Saved new best checkpoint based on Cheap Val to experiments/avg_arcface_img/checkpoints/best.pt
Epoch 15 | Train L1: 0.1567 | Val Cheap L1: 0.1723 | Val TACOs L1: 0.7484
Epoch 16 | Train L1: 0.1559 | Val Cheap L1: 0.1757
Epoch 17 | Train L1: 0.1504 | Val Cheap L1: 0.1990
--> Saved new best checkpoint based on Cheap Val to experiments/avg_arcface_img/checkpoints/best.pt
Epoch 18 | Train L1: 0.1497 | Val Cheap L1: 0.1647
Epoch 19 | Train L1: 0.1466 | Val Cheap L1: 0.1679
Epoch 20 | Train L1: 0.1457 | Val Cheap L1: 0.1789 | Val TACOs L1: 0.7802
Epoch 21 | Train L1: 0.1453 | Val Cheap L1: 0.1680
--> Saved new best checkpoint based on Cheap Val to experiments/avg_arcface_img/checkpoints/best.pt
Epoch 22 | Train L1: 0.1404 | Val Cheap L1: 0.1584
Epoch 23 | Train L1: 0.1405 | Val Cheap L1: 0.2027
--> Saved new best checkpoint based on Cheap Val to experiments/avg_arcface_img/checkpoints/best.pt
Epoch 24 | Train L1: 0.1413 | Val Cheap L1: 0.1580
Epoch 25 | Train L1: 0.1361 | Val Cheap L1: 0.1614 | Val TACOs L1: 0.7551
--> Saved new best checkpoint based on Cheap Val to experiments/avg_arcface_img/checkpoints/best.pt
Epoch 26 | Train L1: 0.1339 | Val Cheap L1: 0.1542
Epoch 27 | Train L1: 0.1337 | Val Cheap L1: 0.1650
Epoch 28 | Train L1: 0.1339 | Val Cheap L1: 0.1640
Epoch 29 | Train L1: 0.1311 | Val Cheap L1: 0.1561
Epoch 30 | Train L1: 0.1310 | Val Cheap L1: 0.1665 | Val TACOs L1: 0.7825
Epoch 31 | Train L1: 0.1304 | Val Cheap L1: 0.1575
Epoch 32 | Train L1: 0.1277 | Val Cheap L1: 0.1603
Epoch 33 | Train L1: 0.1270 | Val Cheap L1: 0.1656
--> Saved new best checkpoint based on Cheap Val to experiments/avg_arcface_img/checkpoints/best.pt
Epoch 34 | Train L1: 0.1251 | Val Cheap L1: 0.1527
Epoch 35 | Train L1: 0.1248 | Val Cheap L1: 0.1533 | Val TACOs L1: 0.7473
Epoch 36 | Train L1: 0.1248 | Val Cheap L1: 0.1626
--> Saved new best checkpoint based on Cheap Val to experiments/avg_arcface_img/checkpoints/best.pt
Epoch 37 | Train L1: 0.1235 | Val Cheap L1: 0.1526
--> Saved new best checkpoint based on Cheap Val to experiments/avg_arcface_img/checkpoints/best.pt
Epoch 38 | Train L1: 0.1215 | Val Cheap L1: 0.1520
--> Saved new best checkpoint based on Cheap Val to experiments/avg_arcface_img/checkpoints/best.pt
Epoch 39 | Train L1: 0.1205 | Val Cheap L1: 0.1511
--> Saved new best checkpoint based on Cheap Val to experiments/avg_arcface_img/checkpoints/best.pt
Epoch 40 | Train L1: 0.1205 | Val Cheap L1: 0.1496 | Val TACOs L1: 0.7525
Epoch 41 | Train L1: 0.1200 | Val Cheap L1: 0.1663
Epoch 42 | Train L1: 0.1205 | Val Cheap L1: 0.1524
--> Saved new best checkpoint based on Cheap Val to experiments/avg_arcface_img/checkpoints/best.pt
Epoch 43 | Train L1: 0.1175 | Val Cheap L1: 0.1478
Epoch 44 | Train L1: 0.1169 | Val Cheap L1: 0.1487
Epoch 45 | Train L1: 0.1150 | Val Cheap L1: 0.1517 | Val TACOs L1: 0.7653
Epoch 46 | Train L1: 0.1161 | Val Cheap L1: 0.1489
Epoch 47 | Train L1: 0.1138 | Val Cheap L1: 0.1547
--> Saved new best checkpoint based on Cheap Val to experiments/avg_arcface_img/checkpoints/best.pt
Epoch 48 | Train L1: 0.1153 | Val Cheap L1: 0.1446
Epoch 49 | Train L1: 0.1143 | Val Cheap L1: 0.1509
Epoch 50 | Train L1: 0.1146 | Val Cheap L1: 0.1452 | Val TACOs L1: 0.7589
Loading dataset from /nas-ctm01/homes/dacordeiro/Face-DM/morphed_dataset/val_morphs.npz...
Loading weights from experiments/avg_arcface_img/checkpoints/best.pt...

--- Evaluation Results (Dominant z1): ONE_SHOT ---
Run Name: avg_arcface_img
Validation Pairs: 7000
----------------------------------------
Target L1 Distance (Scaled space): 0.706589
Target L1 Distance (Raw ArcFace):  0.035369
Target Cosine Similarity:          0.478012

Loading dataset from /nas-ctm01/homes/dacordeiro/Face-DM/morphed_dataset/val_morphs.npz...
Loading weights from experiments/avg_arcface_img/checkpoints/best.pt...

--- Evaluation Results (Dominant z1): ITERATIVE ---
Run Name: avg_arcface_img
Validation Pairs: 7000
----------------------------------------
Target L1 Distance (Scaled space): 0.740742
Target L1 Distance (Raw ArcFace):  0.036439
Target Cosine Similarity:          0.446160

