
Initializing DiffAE model
====================================================================================================
DiffAE root: /nas-ctm01/homes/dacordeiro/diffae/
Checkpoint:  /nas-ctm01/homes/dacordeiro/Face-DM/ffhq256_autoenc/last.ckpt
Device:      cuda
Stochastic T for test morphs: 20
Normalization: train sources only, i.e. train_acc_zsem + train_cri_zsem
Model params: 160.69 M
loading pretrain ... ffhq256_autoenc
step: 1563562
Model loaded successfully.

====================================================================================================
PROCESSING MAD22
====================================================================================================
MAD22 bona fide images found: 185
[encoding] MAD22 bona fide zsem cache: 185 images

====================================================================================================
MAD22 METHOD: FaceMorpher
====================================================================================================
[encoding] MAD22 FaceMorpher all morph zsem cache: 724 images

----------------------------------------------------------------------------------------------------
Exporting MAD22 / FaceMorpher / random_80_20
  train morphs:    579
  test morphs:     145
  excluded morphs: 0
----------------------------------------------------------------------------------------------------

----------------------------------------------------------------------------------------------------
Exporting MAD22 / FaceMorpher / identity_disjoint_80_20
  train morphs:    561
  test morphs:     67
  excluded morphs: 96
----------------------------------------------------------------------------------------------------

====================================================================================================
MAD22 METHOD: MIPGAN_I
====================================================================================================
[encoding] MAD22 MIPGAN_I all morph zsem cache: 726 images

----------------------------------------------------------------------------------------------------
Exporting MAD22 / MIPGAN_I / random_80_20
  train morphs:    581
  test morphs:     145
  excluded morphs: 0
----------------------------------------------------------------------------------------------------

----------------------------------------------------------------------------------------------------
Exporting MAD22 / MIPGAN_I / identity_disjoint_80_20
  train morphs:    565
  test morphs:     69
  excluded morphs: 92
----------------------------------------------------------------------------------------------------

====================================================================================================
MAD22 METHOD: MIPGAN_II
====================================================================================================
[encoding] MAD22 MIPGAN_II all morph zsem cache: 723 images

----------------------------------------------------------------------------------------------------
Exporting MAD22 / MIPGAN_II / random_80_20
  train morphs:    578
  test morphs:     145
  excluded morphs: 0
----------------------------------------------------------------------------------------------------

----------------------------------------------------------------------------------------------------
Exporting MAD22 / MIPGAN_II / identity_disjoint_80_20
  train morphs:    562
  test morphs:     66
  excluded morphs: 95
----------------------------------------------------------------------------------------------------

====================================================================================================
MAD22 METHOD: OpenCV
====================================================================================================
[encoding] MAD22 OpenCV all morph zsem cache: 722 images

----------------------------------------------------------------------------------------------------
Exporting MAD22 / OpenCV / random_80_20
  train morphs:    578
  test morphs:     144
  excluded morphs: 0
----------------------------------------------------------------------------------------------------

----------------------------------------------------------------------------------------------------
Exporting MAD22 / OpenCV / identity_disjoint_80_20
  train morphs:    560
  test morphs:     70
  excluded morphs: 92
----------------------------------------------------------------------------------------------------

====================================================================================================
MAD22 METHOD: Webmorph
====================================================================================================
[encoding] MAD22 Webmorph all morph zsem cache: 388 images

----------------------------------------------------------------------------------------------------
Exporting MAD22 / Webmorph / random_80_20
  train morphs:    310
  test morphs:     78
  excluded morphs: 0
----------------------------------------------------------------------------------------------------

----------------------------------------------------------------------------------------------------
Exporting MAD22 / Webmorph / identity_disjoint_80_20
  train morphs:    303
  test morphs:     34
  excluded morphs: 51
----------------------------------------------------------------------------------------------------

====================================================================================================
MAD22 PROCESSING COMPLETE. All MAD22 outputs have been written before SMDD starts.
====================================================================================================

====================================================================================================
PROCESSING SMDD
====================================================================================================
SMDD bona fide images found: 25000
[encoding] SMDD bona fide zsem cache: 25000 images
[encoding] SMDD all morph zsem cache: 15000 images

----------------------------------------------------------------------------------------------------
Exporting SMDD / SMDD / identity_disjoint_fixed_1000
  train morphs:    10107
  test morphs:     750
  excluded morphs: 4143
----------------------------------------------------------------------------------------------------

====================================================================================================
SMDD PROCESSING COMPLETE.
====================================================================================================

All requested processing is complete.
