Loading ArcFace embeddings...
--> Saved new best checkpoint based on Cheap Val to experiments/avg_arcface_55_45_50e/checkpoints/best.pt
Epoch 1 | Train L1: 0.0511 | Val Cheap L1: 0.0301
--> Saved new best checkpoint based on Cheap Val to experiments/avg_arcface_55_45_50e/checkpoints/best.pt
Epoch 2 | Train L1: 0.0272 | Val Cheap L1: 0.0245
--> Saved new best checkpoint based on Cheap Val to experiments/avg_arcface_55_45_50e/checkpoints/best.pt
Epoch 3 | Train L1: 0.0228 | Val Cheap L1: 0.0204
--> Saved new best checkpoint based on Cheap Val to experiments/avg_arcface_55_45_50e/checkpoints/best.pt
Epoch 4 | Train L1: 0.0186 | Val Cheap L1: 0.0168
--> Saved new best checkpoint based on Cheap Val to experiments/avg_arcface_55_45_50e/checkpoints/best.pt
Epoch 5 | Train L1: 0.0162 | Val Cheap L1: 0.0154 | Val TACOs L1: 0.0208
--> Saved new best checkpoint based on Cheap Val to experiments/avg_arcface_55_45_50e/checkpoints/best.pt
Epoch 6 | Train L1: 0.0148 | Val Cheap L1: 0.0139
--> Saved new best checkpoint based on Cheap Val to experiments/avg_arcface_55_45_50e/checkpoints/best.pt
Epoch 7 | Train L1: 0.0138 | Val Cheap L1: 0.0136
--> Saved new best checkpoint based on Cheap Val to experiments/avg_arcface_55_45_50e/checkpoints/best.pt
Epoch 8 | Train L1: 0.0131 | Val Cheap L1: 0.0129
--> Saved new best checkpoint based on Cheap Val to experiments/avg_arcface_55_45_50e/checkpoints/best.pt
Epoch 9 | Train L1: 0.0125 | Val Cheap L1: 0.0126
--> Saved new best checkpoint based on Cheap Val to experiments/avg_arcface_55_45_50e/checkpoints/best.pt
Epoch 10 | Train L1: 0.0121 | Val Cheap L1: 0.0120 | Val TACOs L1: 0.0196
--> Saved new best checkpoint based on Cheap Val to experiments/avg_arcface_55_45_50e/checkpoints/best.pt
Epoch 11 | Train L1: 0.0118 | Val Cheap L1: 0.0115
--> Saved new best checkpoint based on Cheap Val to experiments/avg_arcface_55_45_50e/checkpoints/best.pt
Epoch 12 | Train L1: 0.0115 | Val Cheap L1: 0.0111
Epoch 13 | Train L1: 0.0112 | Val Cheap L1: 0.0113
--> Saved new best checkpoint based on Cheap Val to experiments/avg_arcface_55_45_50e/checkpoints/best.pt
Epoch 14 | Train L1: 0.0110 | Val Cheap L1: 0.0109
--> Saved new best checkpoint based on Cheap Val to experiments/avg_arcface_55_45_50e/checkpoints/best.pt
Epoch 15 | Train L1: 0.0108 | Val Cheap L1: 0.0107 | Val TACOs L1: 0.0189
--> Saved new best checkpoint based on Cheap Val to experiments/avg_arcface_55_45_50e/checkpoints/best.pt
Epoch 16 | Train L1: 0.0106 | Val Cheap L1: 0.0106
--> Saved new best checkpoint based on Cheap Val to experiments/avg_arcface_55_45_50e/checkpoints/best.pt
Epoch 17 | Train L1: 0.0104 | Val Cheap L1: 0.0104
--> Saved new best checkpoint based on Cheap Val to experiments/avg_arcface_55_45_50e/checkpoints/best.pt
Epoch 18 | Train L1: 0.0103 | Val Cheap L1: 0.0104
--> Saved new best checkpoint based on Cheap Val to experiments/avg_arcface_55_45_50e/checkpoints/best.pt
Epoch 19 | Train L1: 0.0102 | Val Cheap L1: 0.0101
--> Saved new best checkpoint based on Cheap Val to experiments/avg_arcface_55_45_50e/checkpoints/best.pt
Epoch 20 | Train L1: 0.0100 | Val Cheap L1: 0.0099 | Val TACOs L1: 0.0187
Epoch 21 | Train L1: 0.0099 | Val Cheap L1: 0.0100
--> Saved new best checkpoint based on Cheap Val to experiments/avg_arcface_55_45_50e/checkpoints/best.pt
Epoch 22 | Train L1: 0.0097 | Val Cheap L1: 0.0097
--> Saved new best checkpoint based on Cheap Val to experiments/avg_arcface_55_45_50e/checkpoints/best.pt
Epoch 23 | Train L1: 0.0096 | Val Cheap L1: 0.0095
Epoch 24 | Train L1: 0.0095 | Val Cheap L1: 0.0097
--> Saved new best checkpoint based on Cheap Val to experiments/avg_arcface_55_45_50e/checkpoints/best.pt
Epoch 25 | Train L1: 0.0094 | Val Cheap L1: 0.0093 | Val TACOs L1: 0.0186
--> Saved new best checkpoint based on Cheap Val to experiments/avg_arcface_55_45_50e/checkpoints/best.pt
Epoch 26 | Train L1: 0.0092 | Val Cheap L1: 0.0092
--> Saved new best checkpoint based on Cheap Val to experiments/avg_arcface_55_45_50e/checkpoints/best.pt
Epoch 27 | Train L1: 0.0091 | Val Cheap L1: 0.0088
Epoch 28 | Train L1: 0.0090 | Val Cheap L1: 0.0091
Epoch 29 | Train L1: 0.0089 | Val Cheap L1: 0.0091
Epoch 30 | Train L1: 0.0088 | Val Cheap L1: 0.0089 | Val TACOs L1: 0.0184
--> Saved new best checkpoint based on Cheap Val to experiments/avg_arcface_55_45_50e/checkpoints/best.pt
Epoch 31 | Train L1: 0.0087 | Val Cheap L1: 0.0087
Epoch 32 | Train L1: 0.0085 | Val Cheap L1: 0.0088
Epoch 33 | Train L1: 0.0084 | Val Cheap L1: 0.0087
--> Saved new best checkpoint based on Cheap Val to experiments/avg_arcface_55_45_50e/checkpoints/best.pt
Epoch 34 | Train L1: 0.0083 | Val Cheap L1: 0.0085
--> Saved new best checkpoint based on Cheap Val to experiments/avg_arcface_55_45_50e/checkpoints/best.pt
Epoch 35 | Train L1: 0.0082 | Val Cheap L1: 0.0083 | Val TACOs L1: 0.0181
--> Saved new best checkpoint based on Cheap Val to experiments/avg_arcface_55_45_50e/checkpoints/best.pt
Epoch 36 | Train L1: 0.0081 | Val Cheap L1: 0.0083
--> Saved new best checkpoint based on Cheap Val to experiments/avg_arcface_55_45_50e/checkpoints/best.pt
Epoch 37 | Train L1: 0.0080 | Val Cheap L1: 0.0080
--> Saved new best checkpoint based on Cheap Val to experiments/avg_arcface_55_45_50e/checkpoints/best.pt
Epoch 38 | Train L1: 0.0079 | Val Cheap L1: 0.0080
--> Saved new best checkpoint based on Cheap Val to experiments/avg_arcface_55_45_50e/checkpoints/best.pt
Epoch 39 | Train L1: 0.0078 | Val Cheap L1: 0.0075
Epoch 40 | Train L1: 0.0077 | Val Cheap L1: 0.0077 | Val TACOs L1: 0.0185
Epoch 41 | Train L1: 0.0076 | Val Cheap L1: 0.0076
Epoch 42 | Train L1: 0.0075 | Val Cheap L1: 0.0075
--> Saved new best checkpoint based on Cheap Val to experiments/avg_arcface_55_45_50e/checkpoints/best.pt
Epoch 43 | Train L1: 0.0074 | Val Cheap L1: 0.0075
--> Saved new best checkpoint based on Cheap Val to experiments/avg_arcface_55_45_50e/checkpoints/best.pt
Epoch 44 | Train L1: 0.0073 | Val Cheap L1: 0.0074
--> Saved new best checkpoint based on Cheap Val to experiments/avg_arcface_55_45_50e/checkpoints/best.pt
Epoch 45 | Train L1: 0.0072 | Val Cheap L1: 0.0072 | Val TACOs L1: 0.0184
--> Saved new best checkpoint based on Cheap Val to experiments/avg_arcface_55_45_50e/checkpoints/best.pt
Epoch 46 | Train L1: 0.0071 | Val Cheap L1: 0.0070
Epoch 47 | Train L1: 0.0070 | Val Cheap L1: 0.0073
Epoch 48 | Train L1: 0.0069 | Val Cheap L1: 0.0072
--> Saved new best checkpoint based on Cheap Val to experiments/avg_arcface_55_45_50e/checkpoints/best.pt
Epoch 49 | Train L1: 0.0069 | Val Cheap L1: 0.0068
--> Saved new best checkpoint based on Cheap Val to experiments/avg_arcface_55_45_50e/checkpoints/best.pt
Epoch 50 | Train L1: 0.0068 | Val Cheap L1: 0.0067 | Val TACOs L1: 0.0186
Loading ArcFace embeddings for one_shot evaluation...
Loading weights from experiments/avg_arcface_55_45_50e/checkpoints/best.pt...

--- Evaluation Results (Dominant z1): ONE_SHOT ---
Run Name: avg_arcface_55_45_50e
Validation Pairs: 10,000
----------------------------------------
L1 Distance (Scaled space): 0.021706
L1 Distance (Raw ArcFace):  0.022975
Cosine Similarity:          0.782308

Saved evaluation results to experiments/avg_arcface_55_45_50e/eval_one_shot.txt
Loading ArcFace embeddings for iterative evaluation...
Loading weights from experiments/avg_arcface_55_45_50e/checkpoints/best.pt...

--- Evaluation Results (Dominant z1): ITERATIVE ---
Run Name: avg_arcface_55_45_50e
Validation Pairs: 10,000
----------------------------------------
L1 Distance (Scaled space): 0.017906
L1 Distance (Raw ArcFace):  0.018557
Cosine Similarity:          0.858060

Saved evaluation results to experiments/avg_arcface_55_45_50e/eval_iterative.txt
