Epoch 1 | Train Loss: 1.5415 | Val Cheap Loss: 1.3404
Epoch 2 | Train Loss: 1.2989 | Val Cheap Loss: 1.2686
Epoch 3 | Train Loss: 1.2609 | Val Cheap Loss: 1.2575
Epoch 4 | Train Loss: 1.2378 | Val Cheap Loss: 1.2349
Epoch 5 | Train Loss: 1.2181 | Val Cheap Loss: 1.2158
Epoch 6 | Train Loss: 1.2045 | Val Cheap Loss: 1.2097
Epoch 7 | Train Loss: 1.1945 | Val Cheap Loss: 1.1939
Epoch 8 | Train Loss: 1.1856 | Val Cheap Loss: 1.1908
Epoch 9 | Train Loss: 1.1771 | Val Cheap Loss: 1.1884
Epoch 10 | Train Loss: 1.1695 | Val Cheap Loss: 1.1801
Epoch 11 | Train Loss: 1.1621 | Val Cheap Loss: 1.1745
Epoch 12 | Train Loss: 1.1555 | Val Cheap Loss: 1.1717
Epoch 13 | Train Loss: 1.1480 | Val Cheap Loss: 1.1701
Epoch 14 | Train Loss: 1.1419 | Val Cheap Loss: 1.1626
Epoch 15 | Train Loss: 1.1355 | Val Cheap Loss: 1.1606
Epoch 16 | Train Loss: 1.1297 | Val Cheap Loss: 1.1533
Epoch 17 | Train Loss: 1.1239 | Val Cheap Loss: 1.1591
 EarlyStopping Counter: 1 out of 20
Epoch 18 | Train Loss: 1.1191 | Val Cheap Loss: 1.1525
Epoch 19 | Train Loss: 1.1136 | Val Cheap Loss: 1.1493
Epoch 20 | Train Loss: 1.1087 | Val Cheap Loss: 1.1486
Epoch 21 | Train Loss: 1.1030 | Val Cheap Loss: 1.1453
Epoch 22 | Train Loss: 1.0992 | Val Cheap Loss: 1.1462
 EarlyStopping Counter: 1 out of 20
Epoch 23 | Train Loss: 1.0947 | Val Cheap Loss: 1.1420
Epoch 24 | Train Loss: 1.0899 | Val Cheap Loss: 1.1370
Epoch 25 | Train Loss: 1.0858 | Val Cheap Loss: 1.1355 | Val TACOs L1: 1.0705
Epoch 26 | Train Loss: 1.0815 | Val Cheap Loss: 1.1420
 EarlyStopping Counter: 1 out of 20
Epoch 27 | Train Loss: 1.0785 | Val Cheap Loss: 1.1348
Epoch 28 | Train Loss: 1.0741 | Val Cheap Loss: 1.1379
 EarlyStopping Counter: 1 out of 20
Epoch 29 | Train Loss: 1.0700 | Val Cheap Loss: 1.1377
 EarlyStopping Counter: 2 out of 20
Epoch 30 | Train Loss: 1.0671 | Val Cheap Loss: 1.1353
 EarlyStopping Counter: 3 out of 20
Epoch 31 | Train Loss: 1.0635 | Val Cheap Loss: 1.1359
 EarlyStopping Counter: 4 out of 20
Epoch 32 | Train Loss: 1.0601 | Val Cheap Loss: 1.1326
Epoch 33 | Train Loss: 1.0564 | Val Cheap Loss: 1.1330
 EarlyStopping Counter: 1 out of 20
Epoch 34 | Train Loss: 1.0539 | Val Cheap Loss: 1.1362
 EarlyStopping Counter: 2 out of 20
Epoch 35 | Train Loss: 1.0506 | Val Cheap Loss: 1.1296
Epoch 36 | Train Loss: 1.0477 | Val Cheap Loss: 1.1300
 EarlyStopping Counter: 1 out of 20
Epoch 37 | Train Loss: 1.0449 | Val Cheap Loss: 1.1283
Epoch 38 | Train Loss: 1.0417 | Val Cheap Loss: 1.1300
 EarlyStopping Counter: 1 out of 20
Epoch 39 | Train Loss: 1.0388 | Val Cheap Loss: 1.1298
 EarlyStopping Counter: 2 out of 20
Epoch 40 | Train Loss: 1.0363 | Val Cheap Loss: 1.1294
 EarlyStopping Counter: 3 out of 20
Epoch 41 | Train Loss: 1.0336 | Val Cheap Loss: 1.1277
Epoch 42 | Train Loss: 1.0309 | Val Cheap Loss: 1.1276
Epoch 43 | Train Loss: 1.0281 | Val Cheap Loss: 1.1339
 EarlyStopping Counter: 1 out of 20
Epoch 44 | Train Loss: 1.0258 | Val Cheap Loss: 1.1277
 EarlyStopping Counter: 2 out of 20
Epoch 45 | Train Loss: 1.0236 | Val Cheap Loss: 1.1307
 EarlyStopping Counter: 3 out of 20
Epoch 46 | Train Loss: 1.0215 | Val Cheap Loss: 1.1273
Epoch 47 | Train Loss: 1.0185 | Val Cheap Loss: 1.1269
Epoch 48 | Train Loss: 1.0156 | Val Cheap Loss: 1.1262
Epoch 49 | Train Loss: 1.0135 | Val Cheap Loss: 1.1297
 EarlyStopping Counter: 1 out of 20
Epoch 50 | Train Loss: 1.0120 | Val Cheap Loss: 1.1304 | Val TACOs L1: 1.0515
 EarlyStopping Counter: 2 out of 20
Epoch 51 | Train Loss: 1.0095 | Val Cheap Loss: 1.1338
 EarlyStopping Counter: 3 out of 20
Epoch 52 | Train Loss: 1.0072 | Val Cheap Loss: 1.1332
 EarlyStopping Counter: 4 out of 20
Epoch 53 | Train Loss: 1.0055 | Val Cheap Loss: 1.1276
 EarlyStopping Counter: 5 out of 20
Epoch 54 | Train Loss: 1.0030 | Val Cheap Loss: 1.1281
 EarlyStopping Counter: 6 out of 20
Epoch 55 | Train Loss: 1.0016 | Val Cheap Loss: 1.1305
 EarlyStopping Counter: 7 out of 20
Epoch 56 | Train Loss: 0.9999 | Val Cheap Loss: 1.1294
 EarlyStopping Counter: 8 out of 20
Epoch 57 | Train Loss: 0.9987 | Val Cheap Loss: 1.1289
 EarlyStopping Counter: 9 out of 20
Epoch 58 | Train Loss: 0.9953 | Val Cheap Loss: 1.1295
 EarlyStopping Counter: 10 out of 20
Epoch 59 | Train Loss: 0.9941 | Val Cheap Loss: 1.1315
 EarlyStopping Counter: 11 out of 20
Epoch 60 | Train Loss: 0.9916 | Val Cheap Loss: 1.1312
 EarlyStopping Counter: 12 out of 20
Epoch 61 | Train Loss: 0.9893 | Val Cheap Loss: 1.1318
 EarlyStopping Counter: 13 out of 20
Epoch 62 | Train Loss: 0.9881 | Val Cheap Loss: 1.1306
 EarlyStopping Counter: 14 out of 20
Epoch 63 | Train Loss: 0.9862 | Val Cheap Loss: 1.1334
 EarlyStopping Counter: 15 out of 20
Epoch 64 | Train Loss: 0.9841 | Val Cheap Loss: 1.1355
 EarlyStopping Counter: 16 out of 20
Epoch 65 | Train Loss: 0.9831 | Val Cheap Loss: 1.1356
 EarlyStopping Counter: 17 out of 20
Epoch 66 | Train Loss: 0.9808 | Val Cheap Loss: 1.1301
 EarlyStopping Counter: 18 out of 20
Epoch 67 | Train Loss: 0.9786 | Val Cheap Loss: 1.1369
 EarlyStopping Counter: 19 out of 20
Epoch 68 | Train Loss: 0.9793 | Val Cheap Loss: 1.1371
 EarlyStopping Counter: 20 out of 20

[EARLY STOPPING TRIGGERED] Validation profile plateaued for 20 epochs. Terminating run.

--- Evaluation Results: ONE_SHOT ---
Run Name: diffae_baseline_with_cosine
----------------------------------------
[1. Prediction to Ground-Truth Alignment]
  - Embedding 1 -> L1 Distance: 0.513289 | Cosine Similarity: 0.759250
  - Embedding 2 -> L1 Distance: 0.513289 | Cosine Similarity: 0.758929

[2. Proximity to True Average Mixture (c)]
  - Predicted 1 to c -> L1 Distance: 0.258011 | Cosine Similarity: 0.903165
  - Baseline GT 1 to c -> L1 Distance: 0.562880 | Cosine Similarity: 0.704848
  - Predicted 2 to c -> L1 Distance: 0.258011 | Cosine Similarity: 0.903614
  - Baseline GT 2 to c -> L1 Distance: 0.562880 | Cosine Similarity: 0.704571

[3. Predicted Outputs Inter-Relationship / Spread]
  - Inter-Predicted (p1 vs p2) -> L1: 0.516021 | Cosine Similarity: 0.637091
  - Inter-Ground-Truth (z1 vs z2) -> L1: 1.125759 | Cosine Similarity: -0.002203


--- Evaluation Results: ITERATIVE ---
Run Name: diffae_baseline_with_cosine
----------------------------------------
[1. Prediction to Ground-Truth Alignment]
  - Embedding 1 -> L1 Distance: 0.527629 | Cosine Similarity: 0.746351
  - Embedding 2 -> L1 Distance: 0.527629 | Cosine Similarity: 0.746344

[2. Proximity to True Average Mixture (c)]
  - Predicted 1 to c -> L1 Distance: 0.277488 | Cosine Similarity: 0.894562
  - Baseline GT 1 to c -> L1 Distance: 0.562880 | Cosine Similarity: 0.704848
  - Predicted 2 to c -> L1 Distance: 0.277488 | Cosine Similarity: 0.895284
  - Baseline GT 2 to c -> L1 Distance: 0.562880 | Cosine Similarity: 0.704571

[3. Predicted Outputs Inter-Relationship / Spread]
  - Inter-Predicted (p1 vs p2) -> L1: 0.554977 | Cosine Similarity: 0.611326
  - Inter-Ground-Truth (z1 vs z2) -> L1: 1.125759 | Cosine Similarity: -0.002203

