Epoch 1 | Train Loss: 0.0149 | Val Cheap Loss: 0.0039 | Val Cheap Cosine Sim: 0.2187
Epoch 2 | Train Loss: 0.0037 | Val Cheap Loss: 0.0036 | Val Cheap Cosine Sim: 0.2963
Epoch 3 | Train Loss: 0.0035 | Val Cheap Loss: 0.0034 | Val Cheap Cosine Sim: 0.3647
Epoch 4 | Train Loss: 0.0033 | Val Cheap Loss: 0.0032 | Val Cheap Cosine Sim: 0.4319
Epoch 5 | Train Loss: 0.0031 | Val Cheap Loss: 0.0029 | Val Cheap Cosine Sim: 0.5006
Epoch 6 | Train Loss: 0.0028 | Val Cheap Loss: 0.0027 | Val Cheap Cosine Sim: 0.5562
Epoch 7 | Train Loss: 0.0025 | Val Cheap Loss: 0.0024 | Val Cheap Cosine Sim: 0.6163
Epoch 8 | Train Loss: 0.0024 | Val Cheap Loss: 0.0022 | Val Cheap Cosine Sim: 0.6469
Epoch 9 | Train Loss: 0.0023 | Val Cheap Loss: 0.0022 | Val Cheap Cosine Sim: 0.6498
Epoch 10 | Train Loss: 0.0021 | Val Cheap Loss: 0.0021 | Val Cheap Cosine Sim: 0.6796
Epoch 11 | Train Loss: 0.0021 | Val Cheap Loss: 0.0020 | Val Cheap Cosine Sim: 0.6892
Epoch 12 | Train Loss: 0.0020 | Val Cheap Loss: 0.0020 | Val Cheap Cosine Sim: 0.6835
 EarlyStopping Counter: 1 out of 20
Epoch 13 | Train Loss: 0.0020 | Val Cheap Loss: 0.0020 | Val Cheap Cosine Sim: 0.6979
Epoch 14 | Train Loss: 0.0019 | Val Cheap Loss: 0.0019 | Val Cheap Cosine Sim: 0.7037
Epoch 15 | Train Loss: 0.0019 | Val Cheap Loss: 0.0019 | Val Cheap Cosine Sim: 0.7053
 EarlyStopping Counter: 1 out of 20
Epoch 16 | Train Loss: 0.0019 | Val Cheap Loss: 0.0019 | Val Cheap Cosine Sim: 0.7023
 EarlyStopping Counter: 2 out of 20
Epoch 17 | Train Loss: 0.0019 | Val Cheap Loss: 0.0019 | Val Cheap Cosine Sim: 0.7077
Epoch 18 | Train Loss: 0.0019 | Val Cheap Loss: 0.0019 | Val Cheap Cosine Sim: 0.7009
 EarlyStopping Counter: 1 out of 20
Epoch 19 | Train Loss: 0.0019 | Val Cheap Loss: 0.0019 | Val Cheap Cosine Sim: 0.6993
 EarlyStopping Counter: 2 out of 20
Epoch 20 | Train Loss: 0.0019 | Val Cheap Loss: 0.0019 | Val Cheap Cosine Sim: 0.7080
 EarlyStopping Counter: 3 out of 20
Epoch 21 | Train Loss: 0.0019 | Val Cheap Loss: 0.0019 | Val Cheap Cosine Sim: 0.7094
Epoch 22 | Train Loss: 0.0019 | Val Cheap Loss: 0.0019 | Val Cheap Cosine Sim: 0.7048
 EarlyStopping Counter: 1 out of 20
Epoch 23 | Train Loss: 0.0019 | Val Cheap Loss: 0.0019 | Val Cheap Cosine Sim: 0.7049
 EarlyStopping Counter: 2 out of 20
Epoch 24 | Train Loss: 0.0019 | Val Cheap Loss: 0.0019 | Val Cheap Cosine Sim: 0.7086
 EarlyStopping Counter: 3 out of 20
Epoch 25 | Train Loss: 0.0019 | Val Cheap Loss: 0.0019 | Val Cheap Cosine Sim: 0.7071 | Val TACOs MSE: 0.0017
 EarlyStopping Counter: 4 out of 20
Epoch 26 | Train Loss: 0.0019 | Val Cheap Loss: 0.0019 | Val Cheap Cosine Sim: 0.7044
 EarlyStopping Counter: 5 out of 20
Epoch 27 | Train Loss: 0.0019 | Val Cheap Loss: 0.0019 | Val Cheap Cosine Sim: 0.7095
 EarlyStopping Counter: 6 out of 20
Epoch 28 | Train Loss: 0.0019 | Val Cheap Loss: 0.0019 | Val Cheap Cosine Sim: 0.7100
 EarlyStopping Counter: 7 out of 20
Epoch 29 | Train Loss: 0.0019 | Val Cheap Loss: 0.0019 | Val Cheap Cosine Sim: 0.7125
Epoch 30 | Train Loss: 0.0019 | Val Cheap Loss: 0.0019 | Val Cheap Cosine Sim: 0.7080
 EarlyStopping Counter: 1 out of 20
Epoch 31 | Train Loss: 0.0019 | Val Cheap Loss: 0.0019 | Val Cheap Cosine Sim: 0.7066
 EarlyStopping Counter: 2 out of 20
Epoch 32 | Train Loss: 0.0019 | Val Cheap Loss: 0.0019 | Val Cheap Cosine Sim: 0.7091
 EarlyStopping Counter: 3 out of 20
Epoch 33 | Train Loss: 0.0019 | Val Cheap Loss: 0.0019 | Val Cheap Cosine Sim: 0.7101
 EarlyStopping Counter: 4 out of 20
Epoch 34 | Train Loss: 0.0019 | Val Cheap Loss: 0.0019 | Val Cheap Cosine Sim: 0.7094
 EarlyStopping Counter: 5 out of 20
Epoch 35 | Train Loss: 0.0019 | Val Cheap Loss: 0.0019 | Val Cheap Cosine Sim: 0.7114
 EarlyStopping Counter: 6 out of 20
Epoch 36 | Train Loss: 0.0019 | Val Cheap Loss: 0.0019 | Val Cheap Cosine Sim: 0.7069
 EarlyStopping Counter: 7 out of 20
Epoch 37 | Train Loss: 0.0019 | Val Cheap Loss: 0.0019 | Val Cheap Cosine Sim: 0.7081
 EarlyStopping Counter: 8 out of 20
Epoch 38 | Train Loss: 0.0019 | Val Cheap Loss: 0.0019 | Val Cheap Cosine Sim: 0.7107
 EarlyStopping Counter: 9 out of 20
Epoch 39 | Train Loss: 0.0019 | Val Cheap Loss: 0.0019 | Val Cheap Cosine Sim: 0.7116
 EarlyStopping Counter: 10 out of 20
Epoch 40 | Train Loss: 0.0019 | Val Cheap Loss: 0.0019 | Val Cheap Cosine Sim: 0.7118
 EarlyStopping Counter: 11 out of 20
Epoch 41 | Train Loss: 0.0019 | Val Cheap Loss: 0.0019 | Val Cheap Cosine Sim: 0.7132
 EarlyStopping Counter: 12 out of 20
Epoch 42 | Train Loss: 0.0019 | Val Cheap Loss: 0.0019 | Val Cheap Cosine Sim: 0.7097
 EarlyStopping Counter: 13 out of 20
Epoch 43 | Train Loss: 0.0019 | Val Cheap Loss: 0.0019 | Val Cheap Cosine Sim: 0.7092
 EarlyStopping Counter: 14 out of 20
Epoch 44 | Train Loss: 0.0019 | Val Cheap Loss: 0.0019 | Val Cheap Cosine Sim: 0.7089
 EarlyStopping Counter: 15 out of 20
Epoch 45 | Train Loss: 0.0019 | Val Cheap Loss: 0.0019 | Val Cheap Cosine Sim: 0.7111
 EarlyStopping Counter: 16 out of 20
Epoch 46 | Train Loss: 0.0019 | Val Cheap Loss: 0.0019 | Val Cheap Cosine Sim: 0.7103
 EarlyStopping Counter: 17 out of 20
Epoch 47 | Train Loss: 0.0019 | Val Cheap Loss: 0.0019 | Val Cheap Cosine Sim: 0.7109
 EarlyStopping Counter: 18 out of 20
Epoch 48 | Train Loss: 0.0019 | Val Cheap Loss: 0.0019 | Val Cheap Cosine Sim: 0.7116
 EarlyStopping Counter: 19 out of 20
Epoch 49 | Train Loss: 0.0019 | Val Cheap Loss: 0.0019 | Val Cheap Cosine Sim: 0.7122
 EarlyStopping Counter: 20 out of 20

[EARLY STOPPING TRIGGERED] Validation profile plateaued for 20 epochs. Terminating run.

--- Evaluation Results: ONE_SHOT ---
Run Name: arcface_baseline_mse
----------------------------------------
[1. Prediction to Ground-Truth Alignment]
  - Embedding 1 -> MSE Distance: 0.000851 | Cosine Similarity: 0.755310
  - Embedding 2 -> MSE Distance: 0.000851 | Cosine Similarity: 0.755665

[2. Proximity to True Average Mixture (c)]
  - Predicted 1 to c -> MSE Distance: 0.000105 | Cosine Similarity: 0.958478
  - Baseline GT 1 to c -> MSE Distance: 0.000907 | Cosine Similarity: 0.731004
  - Predicted 2 to c -> MSE Distance: 0.000105 | Cosine Similarity: 0.959015
  - Baseline GT 2 to c -> MSE Distance: 0.000907 | Cosine Similarity: 0.731004

[3. Predicted Outputs Inter-Relationship / Spread]
  - Inter-Predicted (p1 vs p2) -> MSE: 0.000421 | Cosine Similarity: 0.840821
  - Inter-Ground-Truth (z1 vs z2) -> MSE: 0.003629 | Cosine Similarity: 0.070986

[4. Success Rate of Reversal (%S)]
  - Embedding 1 -> %S1: 0.00%
  - Embedding 2 -> %S2: 0.00%
  - Combined Total -> %S: 0.00%


--- Evaluation Results: ITERATIVE ---
Run Name: arcface_baseline_mse
----------------------------------------
[1. Prediction to Ground-Truth Alignment]
  - Embedding 1 -> MSE Distance: 0.000854 | Cosine Similarity: 0.753914
  - Embedding 2 -> MSE Distance: 0.000854 | Cosine Similarity: 0.753750

[2. Proximity to True Average Mixture (c)]
  - Predicted 1 to c -> MSE Distance: 0.000139 | Cosine Similarity: 0.943509
  - Baseline GT 1 to c -> MSE Distance: 0.000907 | Cosine Similarity: 0.731004
  - Predicted 2 to c -> MSE Distance: 0.000139 | Cosine Similarity: 0.943340
  - Baseline GT 2 to c -> MSE Distance: 0.000907 | Cosine Similarity: 0.731004

[3. Predicted Outputs Inter-Relationship / Spread]
  - Inter-Predicted (p1 vs p2) -> MSE: 0.000558 | Cosine Similarity: 0.783570
  - Inter-Ground-Truth (z1 vs z2) -> MSE: 0.003629 | Cosine Similarity: 0.070986

[4. Success Rate of Reversal (%S)]
  - Embedding 1 -> %S1: 0.30%
  - Embedding 2 -> %S2: 0.20%
  - Combined Total -> %S: 0.25%

