Epoch 1 | Train L1: 0.5667 | Val Cheap L1: 0.4173
Epoch 2 | Train L1: 0.3530 | Val Cheap L1: 0.3186
Epoch 3 | Train L1: 0.3033 | Val Cheap L1: 0.2953
Epoch 4 | Train L1: 0.2894 | Val Cheap L1: 0.2861
Epoch 5 | Train L1: 0.2838 | Val Cheap L1: 0.2841 | Val TACOs L1: 1.1480
Epoch 6 | Train L1: 0.2804 | Val Cheap L1: 0.2800
Epoch 7 | Train L1: 0.2784 | Val Cheap L1: 0.2797
Epoch 8 | Train L1: 0.2771 | Val Cheap L1: 0.2785
Epoch 9 | Train L1: 0.2764 | Val Cheap L1: 0.2772
Epoch 10 | Train L1: 0.2751 | Val Cheap L1: 0.2761 | Val TACOs L1: 1.1430
Epoch 11 | Train L1: 0.2743 | Val Cheap L1: 0.2731
Epoch 12 | Train L1: 0.2734 | Val Cheap L1: 0.2721
Epoch 13 | Train L1: 0.2723 | Val Cheap L1: 0.2730
Epoch 14 | Train L1: 0.2706 | Val Cheap L1: 0.2710
Epoch 15 | Train L1: 0.2691 | Val Cheap L1: 0.2707 | Val TACOs L1: 1.1247
Epoch 16 | Train L1: 0.2679 | Val Cheap L1: 0.2678
Epoch 17 | Train L1: 0.2663 | Val Cheap L1: 0.2715
Epoch 18 | Train L1: 0.2648 | Val Cheap L1: 0.2691
Epoch 19 | Train L1: 0.2637 | Val Cheap L1: 0.2673
Epoch 20 | Train L1: 0.2620 | Val Cheap L1: 0.2667 | Val TACOs L1: 1.1125
Epoch 21 | Train L1: 0.2611 | Val Cheap L1: 0.2670
Epoch 22 | Train L1: 0.2598 | Val Cheap L1: 0.2662
Epoch 23 | Train L1: 0.2585 | Val Cheap L1: 0.2673
Epoch 24 | Train L1: 0.2575 | Val Cheap L1: 0.2674
Epoch 25 | Train L1: 0.2565 | Val Cheap L1: 0.2678 | Val TACOs L1: 1.1044
Epoch 26 | Train L1: 0.2552 | Val Cheap L1: 0.2666
Epoch 27 | Train L1: 0.2543 | Val Cheap L1: 0.2646
Epoch 28 | Train L1: 0.2532 | Val Cheap L1: 0.2640
Epoch 29 | Train L1: 0.2518 | Val Cheap L1: 0.2655
Epoch 30 | Train L1: 0.2515 | Val Cheap L1: 0.2642 | Val TACOs L1: 1.0993
Epoch 31 | Train L1: 0.2508 | Val Cheap L1: 0.2665
Epoch 32 | Train L1: 0.2497 | Val Cheap L1: 0.2658
Epoch 33 | Train L1: 0.2485 | Val Cheap L1: 0.2657
Epoch 34 | Train L1: 0.2480 | Val Cheap L1: 0.2681
Epoch 35 | Train L1: 0.2473 | Val Cheap L1: 0.2683 | Val TACOs L1: 1.0982
Epoch 36 | Train L1: 0.2463 | Val Cheap L1: 0.2692
Epoch 37 | Train L1: 0.2458 | Val Cheap L1: 0.2672
Epoch 38 | Train L1: 0.2447 | Val Cheap L1: 0.2633
Epoch 39 | Train L1: 0.2440 | Val Cheap L1: 0.2671
Epoch 40 | Train L1: 0.2433 | Val Cheap L1: 0.2683 | Val TACOs L1: 1.0967
Epoch 41 | Train L1: 0.2427 | Val Cheap L1: 0.2691
Epoch 42 | Train L1: 0.2424 | Val Cheap L1: 0.2683
Epoch 43 | Train L1: 0.2412 | Val Cheap L1: 0.2713
Epoch 44 | Train L1: 0.2408 | Val Cheap L1: 0.2661
Epoch 45 | Train L1: 0.2405 | Val Cheap L1: 0.2688 | Val TACOs L1: 1.0979
Epoch 46 | Train L1: 0.2395 | Val Cheap L1: 0.2656
Epoch 47 | Train L1: 0.2391 | Val Cheap L1: 0.2666
Epoch 48 | Train L1: 0.2380 | Val Cheap L1: 0.2717
Epoch 49 | Train L1: 0.2377 | Val Cheap L1: 0.2701
Epoch 50 | Train L1: 0.2372 | Val Cheap L1: 0.2710 | Val TACOs L1: 1.0994
Epoch 51 | Train L1: 0.2364 | Val Cheap L1: 0.2720
Epoch 52 | Train L1: 0.2359 | Val Cheap L1: 0.2698
Epoch 53 | Train L1: 0.2352 | Val Cheap L1: 0.2701
Epoch 54 | Train L1: 0.2348 | Val Cheap L1: 0.2723
Epoch 55 | Train L1: 0.2342 | Val Cheap L1: 0.2703 | Val TACOs L1: 1.0979
Epoch 56 | Train L1: 0.2335 | Val Cheap L1: 0.2694
Epoch 57 | Train L1: 0.2333 | Val Cheap L1: 0.2679
Epoch 58 | Train L1: 0.2329 | Val Cheap L1: 0.2715
Epoch 59 | Train L1: 0.2319 | Val Cheap L1: 0.2727
Epoch 60 | Train L1: 0.2317 | Val Cheap L1: 0.2696 | Val TACOs L1: 1.0981
Epoch 61 | Train L1: 0.2315 | Val Cheap L1: 0.2739
Epoch 62 | Train L1: 0.2306 | Val Cheap L1: 0.2731
Epoch 63 | Train L1: 0.2301 | Val Cheap L1: 0.2739
Epoch 64 | Train L1: 0.2300 | Val Cheap L1: 0.2718
Epoch 65 | Train L1: 0.2293 | Val Cheap L1: 0.2755 | Val TACOs L1: 1.1017
Epoch 66 | Train L1: 0.2290 | Val Cheap L1: 0.2715
Epoch 67 | Train L1: 0.2281 | Val Cheap L1: 0.2749
Epoch 68 | Train L1: 0.2279 | Val Cheap L1: 0.2733
Epoch 69 | Train L1: 0.2273 | Val Cheap L1: 0.2750
Epoch 70 | Train L1: 0.2273 | Val Cheap L1: 0.2778 | Val TACOs L1: 1.1027
Epoch 71 | Train L1: 0.2265 | Val Cheap L1: 0.2717
Epoch 72 | Train L1: 0.2260 | Val Cheap L1: 0.2724
Epoch 73 | Train L1: 0.2257 | Val Cheap L1: 0.2750
Epoch 74 | Train L1: 0.2252 | Val Cheap L1: 0.2707
Epoch 75 | Train L1: 0.2248 | Val Cheap L1: 0.2737 | Val TACOs L1: 1.1022
Epoch 76 | Train L1: 0.2244 | Val Cheap L1: 0.2747
Epoch 77 | Train L1: 0.2241 | Val Cheap L1: 0.2717
Epoch 78 | Train L1: 0.2234 | Val Cheap L1: 0.2756
Epoch 79 | Train L1: 0.2233 | Val Cheap L1: 0.2749
Epoch 80 | Train L1: 0.2228 | Val Cheap L1: 0.2749 | Val TACOs L1: 1.1041
Epoch 81 | Train L1: 0.2223 | Val Cheap L1: 0.2765
Epoch 82 | Train L1: 0.2221 | Val Cheap L1: 0.2766
Epoch 83 | Train L1: 0.2215 | Val Cheap L1: 0.2793
Epoch 84 | Train L1: 0.2211 | Val Cheap L1: 0.2777
Epoch 85 | Train L1: 0.2208 | Val Cheap L1: 0.2762 | Val TACOs L1: 1.1055
Epoch 86 | Train L1: 0.2203 | Val Cheap L1: 0.2781
Epoch 87 | Train L1: 0.2202 | Val Cheap L1: 0.2738
Epoch 88 | Train L1: 0.2200 | Val Cheap L1: 0.2795
Epoch 89 | Train L1: 0.2194 | Val Cheap L1: 0.2751
Epoch 90 | Train L1: 0.2190 | Val Cheap L1: 0.2779 | Val TACOs L1: 1.1068
Epoch 91 | Train L1: 0.2188 | Val Cheap L1: 0.2776
Epoch 92 | Train L1: 0.2183 | Val Cheap L1: 0.2791
Epoch 93 | Train L1: 0.2178 | Val Cheap L1: 0.2768
Epoch 94 | Train L1: 0.2178 | Val Cheap L1: 0.2739
Epoch 95 | Train L1: 0.2175 | Val Cheap L1: 0.2756 | Val TACOs L1: 1.1090
Epoch 96 | Train L1: 0.2171 | Val Cheap L1: 0.2758
Epoch 97 | Train L1: 0.2167 | Val Cheap L1: 0.2766
Epoch 98 | Train L1: 0.2160 | Val Cheap L1: 0.2778
Epoch 99 | Train L1: 0.2161 | Val Cheap L1: 0.2782
Epoch 100 | Train L1: 0.2156 | Val Cheap L1: 0.2780 | Val TACOs L1: 1.1090

--- Evaluation Results: ONE_SHOT ---
Run Name: diffae_smallMag
----------------------------------------
[Embedding 1]
L1 Distance:       0.536327
Cosine Similarity: 0.735363

[Embedding 2]
L1 Distance:       0.536327
Cosine Similarity: 0.735023


--- Evaluation Results: ITERATIVE ---
Run Name: diffae_smallMag
----------------------------------------
[Embedding 1]
L1 Distance:       0.548284
Cosine Similarity: 0.729679

[Embedding 2]
L1 Distance:       0.548284
Cosine Similarity: 0.729360

