Loading data...
Loading One-Shot weights from: experiments/oneshot_arcface_real/checkpoints/best.pt
Loading Iterative weights from: experiments/asymmetric_z1_alpha_60_real/checkpoints/best.pt

=====================================================================================
              EVALUATION METRICS SUMMARY (REPORTED PER EMBEDDING SLOT)               
=====================================================================================

▶ Method: ONESHOT BASELINE
  Metric Domain                       | Embedding 1        | Embedding 2       
  ------------------------------------+--------------------+-------------------
  L1 Distance (Scaled space)         | 0.469119           | 0.469076          
  L1 Distance (Raw ArcFace)          | 0.020732           | 0.020730          
  Cosine Similarity (Raw ArcFace)   | 0.819261           | 0.819316          

▶ Method: HYBRID PATH1
  Metric Domain                       | Embedding 1        | Embedding 2       
  ------------------------------------+--------------------+-------------------
  L1 Distance (Scaled space)         | 0.470549           | 0.470642          
  L1 Distance (Raw ArcFace)          | 0.020796           | 0.020800          
  Cosine Similarity (Raw ArcFace)   | 0.817738           | 0.817738          

▶ Method: HYBRID PATH2
  Metric Domain                       | Embedding 1        | Embedding 2       
  ------------------------------------+--------------------+-------------------
  L1 Distance (Scaled space)         | 0.471228           | 0.471234          
  L1 Distance (Raw ArcFace)          | 0.020826           | 0.020826          
  Cosine Similarity (Raw ArcFace)   | 0.817120           | 0.817120          

▶ Method: HYBRID COMBINED PRIMARY
  Metric Domain                       | Embedding 1        | Embedding 2       
  ------------------------------------+--------------------+-------------------
  L1 Distance (Scaled space)         | 0.477573           | 0.478551          
  L1 Distance (Raw ArcFace)          | 0.021106           | 0.021149          
  Cosine Similarity (Raw ArcFace)   | 0.810949           | 0.810134          
=====================================================================================

