Size of train: 7189 source images, 25000 pairs
Size of test: 1000 source images, 1000 pairs
Size of test: 1000 source images, 1000 pairs
Setting up [LPIPS] perceptual loss: trunk [alex], v[0.1], spatial [off]
Loading model from: /nas-ctm01/homes/dacordeiro/.conda/envs/test/lib/python3.10/site-packages/lpips/weights/v0.1/alex.pth

--- Iterative Evaluation Metrics (Entire Validation Set) ---
SSIM Bright: 0.6583
SSIM Dark: 0.5793
PSNR Bright: 18.0090
PSNR Dark: 17.9875
LPIPS Bright: 0.1747
LPIPS Dark: 0.2131

Size of test: 1000 source images, 1000 pairs
Setting up [LPIPS] perceptual loss: trunk [alex], v[0.1], spatial [off]
Loading model from: /nas-ctm01/homes/dacordeiro/.conda/envs/test/lib/python3.10/site-packages/lpips/weights/v0.1/alex.pth

--- One-Shot Evaluation Metrics (Entire Validation Set) ---
SSIM Bright: 0.6646
SSIM Dark: 0.6027
PSNR Bright: 18.2303
PSNR Dark: 18.2262
LPIPS Bright: 0.1764
LPIPS Dark: 0.1869

[1;34mwandb[0m: 
[1;34mwandb[0m: 🚀 View run [33mflowers_baseline[0m at: [34mhttps://wandb.ai/davcordeiro03-inesc-tec/Face-DM/runs/684k2ou1[0m
[1;34mwandb[0m: Find logs at: [1;35mwandb/run-20260605_135540-684k2ou1/logs[0m
