Size of test: 1000 source images, 1000 pairs
Generating path visualization for pair 2 over 250 timesteps...
Saved successfully to: experiments/flowers_baseline/samples/path_visualization/sampling_path_pair_2.jpg
Size of test: 1000 source images, 1000 pairs
Setting up [LPIPS] perceptual loss: trunk [alex], v[0.1], spatial [off]
Loading model from: /nas-ctm01/homes/dacordeiro/.conda/envs/test/lib/python3.10/site-packages/lpips/weights/v0.1/alex.pth

--- Evaluating Identity Swaps (10 Fixed Pairs) ---

Pair 1:
  MSE   | vs Bright: 484.43 | vs Dark: 4464.70 | Swapped? False
  LPIPS | vs Bright: 0.0589 | vs Dark: 0.2750 | Swapped? False

Pair 2:
  MSE   | vs Bright: 5425.57 | vs Dark: 1544.69 | Swapped? True
  LPIPS | vs Bright: 0.4614 | vs Dark: 0.0792 | Swapped? True
  -> Swap Detected! (OVERLAP) Saving isolated grid...

Pair 3:
  MSE   | vs Bright: 695.36 | vs Dark: 5148.53 | Swapped? False
  LPIPS | vs Bright: 0.0728 | vs Dark: 0.2870 | Swapped? False

Pair 4:
  MSE   | vs Bright: 1594.51 | vs Dark: 2023.58 | Swapped? False
  LPIPS | vs Bright: 0.1142 | vs Dark: 0.3872 | Swapped? False

Pair 5:
  MSE   | vs Bright: 784.26 | vs Dark: 7361.23 | Swapped? False
  LPIPS | vs Bright: 0.1087 | vs Dark: 0.3920 | Swapped? False

Pair 6:
  MSE   | vs Bright: 226.54 | vs Dark: 7155.45 | Swapped? False
  LPIPS | vs Bright: 0.0507 | vs Dark: 0.5174 | Swapped? False

Pair 7:
  MSE   | vs Bright: 4784.29 | vs Dark: 531.95 | Swapped? True
  LPIPS | vs Bright: 0.4268 | vs Dark: 0.0670 | Swapped? True
  -> Swap Detected! (OVERLAP) Saving isolated grid...

Pair 8:
  MSE   | vs Bright: 891.46 | vs Dark: 1910.64 | Swapped? False
  LPIPS | vs Bright: 0.1327 | vs Dark: 0.3452 | Swapped? False

Pair 9:
  MSE   | vs Bright: 3668.90 | vs Dark: 973.32 | Swapped? True
  LPIPS | vs Bright: 0.2799 | vs Dark: 0.0972 | Swapped? True
  -> Swap Detected! (OVERLAP) Saving isolated grid...

Pair 10:
  MSE   | vs Bright: 1433.36 | vs Dark: 2401.72 | Swapped? False
  LPIPS | vs Bright: 0.1467 | vs Dark: 0.2990 | Swapped? False

Total swaps detected: 3 out of 10

