Loading datasets into memory...
Epoch 1 | Train Loss: 0.5582 | Val Loss: 0.7935 | A->B: 0.7936 | B->A: 0.7935 
Epoch 2 | Train Loss: 0.4217 | Val Loss: 0.7406 | A->B: 0.7534 | B->A: 0.7278 
Epoch 3 | Train Loss: 0.3712 | Val Loss: 0.6917 | A->B: 0.7077 | B->A: 0.6757 
Epoch 4 | Train Loss: 0.3206 | Val Loss: 0.6567 | A->B: 0.6703 | B->A: 0.6431 
Epoch 5 | Train Loss: 0.2879 | Val Loss: 0.6353 | A->B: 0.6509 | B->A: 0.6197 
Epoch 6 | Train Loss: 0.2553 | Val Loss: 0.6153 | A->B: 0.6317 | B->A: 0.5989 
Epoch 7 | Train Loss: 0.2411 | Val Loss: 0.5946 | A->B: 0.6120 | B->A: 0.5772 
Epoch 8 | Train Loss: 0.2246 | Val Loss: 0.5843 | A->B: 0.6021 | B->A: 0.5664 
Epoch 9 | Train Loss: 0.2102 | Val Loss: 0.5821 | A->B: 0.5949 | B->A: 0.5693 
Epoch 10 | Train Loss: 0.2030 | Val Loss: 0.5777 | A->B: 0.5935 | B->A: 0.5619 
Epoch 11 | Train Loss: 0.1988 | Val Loss: 0.5652 | A->B: 0.5820 | B->A: 0.5485 
Epoch 12 | Train Loss: 0.1872 | Val Loss: 0.5639 | A->B: 0.5800 | B->A: 0.5477 
Epoch 13 | Train Loss: 0.1846 | Val Loss: 0.5560 | A->B: 0.5707 | B->A: 0.5413 
Epoch 14 | Train Loss: 0.1763 | Val Loss: 0.5553 | A->B: 0.5708 | B->A: 0.5399 
Epoch 15 | Train Loss: 0.1698 | Val Loss: 0.5946 | A->B: 0.5948 | B->A: 0.5945 
Epoch 16 | Train Loss: 0.1632 | Val Loss: 0.5485 | A->B: 0.5604 | B->A: 0.5365 
Epoch 17 | Train Loss: 0.1619 | Val Loss: 0.5479 | A->B: 0.5616 | B->A: 0.5341 
Epoch 18 | Train Loss: 0.1571 | Val Loss: 0.5427 | A->B: 0.5528 | B->A: 0.5325 
Epoch 19 | Train Loss: 0.1534 | Val Loss: 0.5319 | A->B: 0.5469 | B->A: 0.5169 
Epoch 20 | Train Loss: 0.1515 | Val Loss: 0.5375 | A->B: 0.5492 | B->A: 0.5257 
Epoch 21 | Train Loss: 0.1442 | Val Loss: 0.5528 | A->B: 0.5639 | B->A: 0.5418 
Epoch 22 | Train Loss: 0.1415 | Val Loss: 0.5367 | A->B: 0.5507 | B->A: 0.5227 
Epoch 23 | Train Loss: 0.1374 | Val Loss: 0.5480 | A->B: 0.5575 | B->A: 0.5385 
Epoch 24 | Train Loss: 0.1388 | Val Loss: 0.5401 | A->B: 0.5544 | B->A: 0.5258 
Epoch 25 | Train Loss: 0.1359 | Val Loss: 0.5272 | A->B: 0.5439 | B->A: 0.5106 | Sample L1: 0.6946 | Sample A->B: 0.7055 | Sample B->A: 0.6837
Epoch 26 | Train Loss: 0.1367 | Val Loss: 0.5316 | A->B: 0.5431 | B->A: 0.5201 
Epoch 27 | Train Loss: 0.1293 | Val Loss: 0.5312 | A->B: 0.5442 | B->A: 0.5182 
Epoch 28 | Train Loss: 0.1299 | Val Loss: 0.5322 | A->B: 0.5425 | B->A: 0.5218 
Epoch 29 | Train Loss: 0.1268 | Val Loss: 0.5284 | A->B: 0.5412 | B->A: 0.5155 
Epoch 30 | Train Loss: 0.1250 | Val Loss: 0.5333 | A->B: 0.5505 | B->A: 0.5161 
Epoch 31 | Train Loss: 0.1205 | Val Loss: 0.5367 | A->B: 0.5509 | B->A: 0.5224 
Epoch 32 | Train Loss: 0.1177 | Val Loss: 0.5380 | A->B: 0.5528 | B->A: 0.5232 
Epoch 33 | Train Loss: 0.1188 | Val Loss: 0.5339 | A->B: 0.5446 | B->A: 0.5232 
Epoch 34 | Train Loss: 0.1156 | Val Loss: 0.5391 | A->B: 0.5516 | B->A: 0.5266 
Epoch 35 | Train Loss: 0.1152 | Val Loss: 0.5281 | A->B: 0.5442 | B->A: 0.5121 
Epoch 36 | Train Loss: 0.1126 | Val Loss: 0.5265 | A->B: 0.5384 | B->A: 0.5147 
Epoch 37 | Train Loss: 0.1149 | Val Loss: 0.5337 | A->B: 0.5509 | B->A: 0.5165 
Epoch 38 | Train Loss: 0.1128 | Val Loss: 0.5292 | A->B: 0.5414 | B->A: 0.5170 
Epoch 39 | Train Loss: 0.1090 | Val Loss: 0.5210 | A->B: 0.5339 | B->A: 0.5080 
Epoch 40 | Train Loss: 0.1109 | Val Loss: 0.5394 | A->B: 0.5562 | B->A: 0.5225 
Epoch 41 | Train Loss: 0.1084 | Val Loss: 0.5326 | A->B: 0.5405 | B->A: 0.5247 
Epoch 42 | Train Loss: 0.1080 | Val Loss: 0.5213 | A->B: 0.5327 | B->A: 0.5100 
Epoch 43 | Train Loss: 0.1108 | Val Loss: 0.5154 | A->B: 0.5289 | B->A: 0.5019 
Epoch 44 | Train Loss: 0.1110 | Val Loss: 0.5347 | A->B: 0.5539 | B->A: 0.5156 
Epoch 45 | Train Loss: 0.1129 | Val Loss: 0.5309 | A->B: 0.5432 | B->A: 0.5185 
Epoch 46 | Train Loss: 0.1067 | Val Loss: 0.5267 | A->B: 0.5391 | B->A: 0.5143 
Epoch 47 | Train Loss: 0.1044 | Val Loss: 0.5144 | A->B: 0.5255 | B->A: 0.5032 
Epoch 48 | Train Loss: 0.1037 | Val Loss: 0.5049 | A->B: 0.5174 | B->A: 0.4924 
Epoch 49 | Train Loss: 0.1044 | Val Loss: 0.5199 | A->B: 0.5342 | B->A: 0.5056 
Epoch 50 | Train Loss: 0.1043 | Val Loss: 0.5266 | A->B: 0.5354 | B->A: 0.5178 | Sample L1: 0.7231 | Sample A->B: 0.7390 | Sample B->A: 0.7071
Epoch 51 | Train Loss: 0.1020 | Val Loss: 0.5344 | A->B: 0.5438 | B->A: 0.5250 
Epoch 52 | Train Loss: 0.0993 | Val Loss: 0.5204 | A->B: 0.5294 | B->A: 0.5114 
Epoch 53 | Train Loss: 0.0971 | Val Loss: 0.5222 | A->B: 0.5326 | B->A: 0.5117 
Epoch 54 | Train Loss: 0.0966 | Val Loss: 0.5412 | A->B: 0.5552 | B->A: 0.5272 
Epoch 55 | Train Loss: 0.0995 | Val Loss: 0.5269 | A->B: 0.5384 | B->A: 0.5154 
Epoch 56 | Train Loss: 0.0995 | Val Loss: 0.5266 | A->B: 0.5385 | B->A: 0.5146 
Epoch 57 | Train Loss: 0.1018 | Val Loss: 0.5133 | A->B: 0.5287 | B->A: 0.4979 
Epoch 58 | Train Loss: 0.0956 | Val Loss: 0.5177 | A->B: 0.5314 | B->A: 0.5040 
Epoch 59 | Train Loss: 0.0958 | Val Loss: 0.5164 | A->B: 0.5285 | B->A: 0.5043 
Epoch 60 | Train Loss: 0.0941 | Val Loss: 0.5337 | A->B: 0.5489 | B->A: 0.5186 
Epoch 61 | Train Loss: 0.0937 | Val Loss: 0.5326 | A->B: 0.5503 | B->A: 0.5149 
Epoch 62 | Train Loss: 0.0912 | Val Loss: 0.5324 | A->B: 0.5464 | B->A: 0.5184 
Epoch 63 | Train Loss: 0.0918 | Val Loss: 0.5236 | A->B: 0.5372 | B->A: 0.5101 
Epoch 64 | Train Loss: 0.0911 | Val Loss: 0.5192 | A->B: 0.5338 | B->A: 0.5045 
Epoch 65 | Train Loss: 0.0899 | Val Loss: 0.5188 | A->B: 0.5335 | B->A: 0.5042 
Epoch 66 | Train Loss: 0.0904 | Val Loss: 0.5260 | A->B: 0.5391 | B->A: 0.5130 
Epoch 67 | Train Loss: 0.0868 | Val Loss: 0.5224 | A->B: 0.5370 | B->A: 0.5079 
Epoch 68 | Train Loss: 0.0901 | Val Loss: 0.5190 | A->B: 0.5334 | B->A: 0.5046 
Epoch 69 | Train Loss: 0.0892 | Val Loss: 0.5306 | A->B: 0.5472 | B->A: 0.5141 
Epoch 70 | Train Loss: 0.0873 | Val Loss: 0.5187 | A->B: 0.5354 | B->A: 0.5020 
Epoch 71 | Train Loss: 0.0867 | Val Loss: 0.5200 | A->B: 0.5364 | B->A: 0.5036 
Epoch 72 | Train Loss: 0.0886 | Val Loss: 0.5300 | A->B: 0.5499 | B->A: 0.5100 
Epoch 73 | Train Loss: 0.0882 | Val Loss: 0.5135 | A->B: 0.5279 | B->A: 0.4992 
Epoch 74 | Train Loss: 0.0847 | Val Loss: 0.5215 | A->B: 0.5347 | B->A: 0.5083 
Epoch 75 | Train Loss: 0.0824 | Val Loss: 0.5319 | A->B: 0.5457 | B->A: 0.5181 | Sample L1: 0.7203 | Sample A->B: 0.7433 | Sample B->A: 0.6973
Epoch 76 | Train Loss: 0.0854 | Val Loss: 0.5073 | A->B: 0.5205 | B->A: 0.4941 
Epoch 77 | Train Loss: 0.0815 | Val Loss: 0.5245 | A->B: 0.5450 | B->A: 0.5041 
Epoch 78 | Train Loss: 0.0792 | Val Loss: 0.5096 | A->B: 0.5240 | B->A: 0.4951 
Epoch 79 | Train Loss: 0.0826 | Val Loss: 0.5372 | A->B: 0.5546 | B->A: 0.5198 
Epoch 80 | Train Loss: 0.0786 | Val Loss: 0.5185 | A->B: 0.5335 | B->A: 0.5034 
Epoch 81 | Train Loss: 0.0798 | Val Loss: 0.5143 | A->B: 0.5256 | B->A: 0.5030 
Epoch 82 | Train Loss: 0.0798 | Val Loss: 0.5233 | A->B: 0.5359 | B->A: 0.5107 
Epoch 83 | Train Loss: 0.0791 | Val Loss: 0.5189 | A->B: 0.5270 | B->A: 0.5108 
Epoch 84 | Train Loss: 0.0778 | Val Loss: 0.5201 | A->B: 0.5299 | B->A: 0.5104 
Epoch 85 | Train Loss: 0.0763 | Val Loss: 0.5181 | A->B: 0.5310 | B->A: 0.5051 
Epoch 86 | Train Loss: 0.0805 | Val Loss: 0.5355 | A->B: 0.5488 | B->A: 0.5222 
Epoch 87 | Train Loss: 0.0775 | Val Loss: 0.5254 | A->B: 0.5381 | B->A: 0.5126 
Epoch 88 | Train Loss: 0.0767 | Val Loss: 0.5160 | A->B: 0.5280 | B->A: 0.5040 
Epoch 89 | Train Loss: 0.0756 | Val Loss: 0.5172 | A->B: 0.5309 | B->A: 0.5035 
Epoch 90 | Train Loss: 0.0773 | Val Loss: 0.5280 | A->B: 0.5445 | B->A: 0.5116 
Epoch 91 | Train Loss: 0.0777 | Val Loss: 0.5405 | A->B: 0.5545 | B->A: 0.5265 
Epoch 92 | Train Loss: 0.0747 | Val Loss: 0.5136 | A->B: 0.5291 | B->A: 0.4981 
Epoch 93 | Train Loss: 0.0722 | Val Loss: 0.5367 | A->B: 0.5516 | B->A: 0.5217 
Epoch 94 | Train Loss: 0.0726 | Val Loss: 0.5194 | A->B: 0.5321 | B->A: 0.5067 
Epoch 95 | Train Loss: 0.0742 | Val Loss: 0.5219 | A->B: 0.5360 | B->A: 0.5078 
Epoch 96 | Train Loss: 0.0732 | Val Loss: 0.5205 | A->B: 0.5377 | B->A: 0.5034 
Epoch 97 | Train Loss: 0.0732 | Val Loss: 0.5224 | A->B: 0.5405 | B->A: 0.5043 
Epoch 98 | Train Loss: 0.0720 | Val Loss: 0.5183 | A->B: 0.5363 | B->A: 0.5002 

[EARLY STOPPING TRIGGERED]

--- CONDITIONAL EVALUATION (ONE_SHOT) ---
Condition A -> Recover B L1 Distance : 0.701648
Condition A -> Recover B Cosine Sim  : 0.460965
Condition A -> Recover B %S1         : 17.96%
Condition B -> Recover A L1 Distance : 0.671308
Condition B -> Recover A Cosine Sim  : 0.526297
Condition B -> Recover A %S2         : 9.22%
Mean Conditional L1 Distance         : 0.686478
Mean Conditional Cosine Sim          : 0.493631
Combined Total %S                    : 13.59%


--- CONDITIONAL EVALUATION (ITERATIVE) ---
Condition A -> Recover B L1 Distance : 0.677694
Condition A -> Recover B Cosine Sim  : 0.545443
Condition A -> Recover B %S1         : 0.88%
Condition B -> Recover A L1 Distance : 0.662343
Condition B -> Recover A Cosine Sim  : 0.570919
Condition B -> Recover A %S2         : 0.39%
Mean Conditional L1 Distance         : 0.670019
Mean Conditional Cosine Sim          : 0.558181
Combined Total %S                    : 0.64%

