Loading ArcFace embeddings...
--> Saved new best checkpoint based on Cheap Val to experiments/avg_arcface_slerp_cosLoss/checkpoints/best.pt
Epoch 1 | Train L1: 0.4556 | Val Cheap L1: 0.2275
--> Saved new best checkpoint based on Cheap Val to experiments/avg_arcface_slerp_cosLoss/checkpoints/best.pt
Epoch 2 | Train L1: 0.1732 | Val Cheap L1: 0.1420
--> Saved new best checkpoint based on Cheap Val to experiments/avg_arcface_slerp_cosLoss/checkpoints/best.pt
Epoch 3 | Train L1: 0.1262 | Val Cheap L1: 0.1217
--> Saved new best checkpoint based on Cheap Val to experiments/avg_arcface_slerp_cosLoss/checkpoints/best.pt
Epoch 4 | Train L1: 0.1108 | Val Cheap L1: 0.1088
--> Saved new best checkpoint based on Cheap Val to experiments/avg_arcface_slerp_cosLoss/checkpoints/best.pt
Epoch 5 | Train L1: 0.1019 | Val Cheap L1: 0.1059 | Val TACOs L1: 0.0534
--> Saved new best checkpoint based on Cheap Val to experiments/avg_arcface_slerp_cosLoss/checkpoints/best.pt
Epoch 6 | Train L1: 0.0960 | Val Cheap L1: 0.0919
--> Saved new best checkpoint based on Cheap Val to experiments/avg_arcface_slerp_cosLoss/checkpoints/best.pt
Epoch 7 | Train L1: 0.0909 | Val Cheap L1: 0.0917
--> Saved new best checkpoint based on Cheap Val to experiments/avg_arcface_slerp_cosLoss/checkpoints/best.pt
Epoch 8 | Train L1: 0.0872 | Val Cheap L1: 0.0834
--> Saved new best checkpoint based on Cheap Val to experiments/avg_arcface_slerp_cosLoss/checkpoints/best.pt
Epoch 9 | Train L1: 0.0849 | Val Cheap L1: 0.0793
Epoch 10 | Train L1: 0.0846 | Val Cheap L1: 0.0796 | Val TACOs L1: 0.0507
Epoch 11 | Train L1: 0.0814 | Val Cheap L1: 0.1049
--> Saved new best checkpoint based on Cheap Val to experiments/avg_arcface_slerp_cosLoss/checkpoints/best.pt
Epoch 12 | Train L1: 0.0789 | Val Cheap L1: 0.0711
Epoch 13 | Train L1: 0.0763 | Val Cheap L1: 0.0753
--> Saved new best checkpoint based on Cheap Val to experiments/avg_arcface_slerp_cosLoss/checkpoints/best.pt
Epoch 14 | Train L1: 0.0729 | Val Cheap L1: 0.0633
--> Saved new best checkpoint based on Cheap Val to experiments/avg_arcface_slerp_cosLoss/checkpoints/best.pt
Epoch 15 | Train L1: 0.0713 | Val Cheap L1: 0.0632 | Val TACOs L1: 0.0499
Epoch 16 | Train L1: 0.0689 | Val Cheap L1: 0.0822
--> Saved new best checkpoint based on Cheap Val to experiments/avg_arcface_slerp_cosLoss/checkpoints/best.pt
Epoch 17 | Train L1: 0.0657 | Val Cheap L1: 0.0584
--> Saved new best checkpoint based on Cheap Val to experiments/avg_arcface_slerp_cosLoss/checkpoints/best.pt
Epoch 18 | Train L1: 0.0638 | Val Cheap L1: 0.0577
--> Saved new best checkpoint based on Cheap Val to experiments/avg_arcface_slerp_cosLoss/checkpoints/best.pt
Epoch 19 | Train L1: 0.0612 | Val Cheap L1: 0.0546
--> Saved new best checkpoint based on Cheap Val to experiments/avg_arcface_slerp_cosLoss/checkpoints/best.pt
Epoch 20 | Train L1: 0.0589 | Val Cheap L1: 0.0536 | Val TACOs L1: 0.0515
Epoch 21 | Train L1: 0.0574 | Val Cheap L1: 0.0583
Epoch 22 | Train L1: 0.0564 | Val Cheap L1: 0.0577
Epoch 23 | Train L1: 0.0548 | Val Cheap L1: 0.0999
Epoch 24 | Train L1: 0.0535 | Val Cheap L1: 0.0730
--> Saved new best checkpoint based on Cheap Val to experiments/avg_arcface_slerp_cosLoss/checkpoints/best.pt
Epoch 25 | Train L1: 0.0524 | Val Cheap L1: 0.0487 | Val TACOs L1: 0.0539
Epoch 26 | Train L1: 0.0507 | Val Cheap L1: 0.0556
--> Saved new best checkpoint based on Cheap Val to experiments/avg_arcface_slerp_cosLoss/checkpoints/best.pt
Epoch 27 | Train L1: 0.0484 | Val Cheap L1: 0.0451
--> Saved new best checkpoint based on Cheap Val to experiments/avg_arcface_slerp_cosLoss/checkpoints/best.pt
Epoch 28 | Train L1: 0.0471 | Val Cheap L1: 0.0432
--> Saved new best checkpoint based on Cheap Val to experiments/avg_arcface_slerp_cosLoss/checkpoints/best.pt
Epoch 29 | Train L1: 0.0461 | Val Cheap L1: 0.0399
Epoch 30 | Train L1: 0.0438 | Val Cheap L1: 0.0558 | Val TACOs L1: 0.0587
Epoch 31 | Train L1: 0.0436 | Val Cheap L1: 0.0447
--> Saved new best checkpoint based on Cheap Val to experiments/avg_arcface_slerp_cosLoss/checkpoints/best.pt
Epoch 32 | Train L1: 0.0419 | Val Cheap L1: 0.0384
--> Saved new best checkpoint based on Cheap Val to experiments/avg_arcface_slerp_cosLoss/checkpoints/best.pt
Epoch 33 | Train L1: 0.0403 | Val Cheap L1: 0.0363
Epoch 34 | Train L1: 0.0404 | Val Cheap L1: 0.0460
Epoch 35 | Train L1: 0.0382 | Val Cheap L1: 0.0367 | Val TACOs L1: 0.0490
Epoch 36 | Train L1: 0.0370 | Val Cheap L1: 0.0418
--> Saved new best checkpoint based on Cheap Val to experiments/avg_arcface_slerp_cosLoss/checkpoints/best.pt
Epoch 37 | Train L1: 0.0362 | Val Cheap L1: 0.0318
Epoch 38 | Train L1: 0.0364 | Val Cheap L1: 0.0338
Epoch 39 | Train L1: 0.0362 | Val Cheap L1: 0.0325
Epoch 40 | Train L1: 0.0345 | Val Cheap L1: 0.0458 | Val TACOs L1: 0.0548
--> Saved new best checkpoint based on Cheap Val to experiments/avg_arcface_slerp_cosLoss/checkpoints/best.pt
Epoch 41 | Train L1: 0.0343 | Val Cheap L1: 0.0316
Epoch 42 | Train L1: 0.0336 | Val Cheap L1: 0.0399
--> Saved new best checkpoint based on Cheap Val to experiments/avg_arcface_slerp_cosLoss/checkpoints/best.pt
Epoch 43 | Train L1: 0.0329 | Val Cheap L1: 0.0300
Epoch 44 | Train L1: 0.0324 | Val Cheap L1: 0.0340
Epoch 45 | Train L1: 0.0317 | Val Cheap L1: 0.0308 | Val TACOs L1: 0.0480
Epoch 46 | Train L1: 0.0318 | Val Cheap L1: 0.0304
Epoch 47 | Train L1: 0.0307 | Val Cheap L1: 0.0330
--> Saved new best checkpoint based on Cheap Val to experiments/avg_arcface_slerp_cosLoss/checkpoints/best.pt
Epoch 48 | Train L1: 0.0301 | Val Cheap L1: 0.0293
--> Saved new best checkpoint based on Cheap Val to experiments/avg_arcface_slerp_cosLoss/checkpoints/best.pt
Epoch 49 | Train L1: 0.0303 | Val Cheap L1: 0.0292
Epoch 50 | Train L1: 0.0294 | Val Cheap L1: 0.0402 | Val TACOs L1: 0.0537
Loading ArcFace embeddings for one_shot evaluation...
Loading weights from experiments/avg_arcface_slerp_cosLoss/checkpoints/best.pt...

--- Evaluation Results: ONE_SHOT ---
Run Name: avg_arcface_slerp_cosLoss
Validation Pairs: 10,000
----------------------------------------
L1 Distance:       0.022989
Cosine Similarity: 0.779959

Saved evaluation results to experiments/avg_arcface_slerp_cosLoss/eval_one_shot.txt
Loading ArcFace embeddings for iterative evaluation...
Loading weights from experiments/avg_arcface_slerp_cosLoss/checkpoints/best.pt...

--- Evaluation Results: ITERATIVE ---
Run Name: avg_arcface_slerp_cosLoss
Validation Pairs: 10,000
----------------------------------------
L1 Distance:       0.023433
Cosine Similarity: 0.771408

Saved evaluation results to experiments/avg_arcface_slerp_cosLoss/eval_iterative.txt
