Epoch 1 | Train Loss: 0.5930 | Val Cheap Loss: 0.4260
Epoch 2 | Train Loss: 0.3583 | Val Cheap Loss: 0.3162
Epoch 3 | Train Loss: 0.3031 | Val Cheap Loss: 0.2924
Epoch 4 | Train Loss: 0.2873 | Val Cheap Loss: 0.2847
Epoch 5 | Train Loss: 0.2806 | Val Cheap Loss: 0.2798 | Val TACOs L1: 1.1610
Epoch 6 | Train Loss: 0.2774 | Val Cheap Loss: 0.2773
Epoch 7 | Train Loss: 0.2752 | Val Cheap Loss: 0.2767
Epoch 8 | Train Loss: 0.2735 | Val Cheap Loss: 0.2745
Epoch 9 | Train Loss: 0.2726 | Val Cheap Loss: 0.2737
Epoch 10 | Train Loss: 0.2712 | Val Cheap Loss: 0.2728 | Val TACOs L1: 1.1515
Epoch 11 | Train Loss: 0.2703 | Val Cheap Loss: 0.2710
Epoch 12 | Train Loss: 0.2693 | Val Cheap Loss: 0.2715
Epoch 13 | Train Loss: 0.2683 | Val Cheap Loss: 0.2696
Epoch 14 | Train Loss: 0.2675 | Val Cheap Loss: 0.2658
Epoch 15 | Train Loss: 0.2656 | Val Cheap Loss: 0.2684 | Val TACOs L1: 1.1456
Epoch 16 | Train Loss: 0.2647 | Val Cheap Loss: 0.2694
Epoch 17 | Train Loss: 0.2632 | Val Cheap Loss: 0.2670
Epoch 18 | Train Loss: 0.2614 | Val Cheap Loss: 0.2679
Epoch 19 | Train Loss: 0.2606 | Val Cheap Loss: 0.2639
Epoch 20 | Train Loss: 0.2590 | Val Cheap Loss: 0.2667 | Val TACOs L1: 1.1390
Epoch 21 | Train Loss: 0.2581 | Val Cheap Loss: 0.2694
Epoch 22 | Train Loss: 0.2566 | Val Cheap Loss: 0.2664
Epoch 23 | Train Loss: 0.2555 | Val Cheap Loss: 0.2640
Epoch 24 | Train Loss: 0.2544 | Val Cheap Loss: 0.2662
Epoch 25 | Train Loss: 0.2531 | Val Cheap Loss: 0.2641 | Val TACOs L1: 1.1443
Epoch 26 | Train Loss: 0.2526 | Val Cheap Loss: 0.2644
Epoch 27 | Train Loss: 0.2511 | Val Cheap Loss: 0.2680
Epoch 28 | Train Loss: 0.2501 | Val Cheap Loss: 0.2692
Epoch 29 | Train Loss: 0.2490 | Val Cheap Loss: 0.2707
Epoch 30 | Train Loss: 0.2482 | Val Cheap Loss: 0.2693 | Val TACOs L1: 1.1427
Epoch 31 | Train Loss: 0.2472 | Val Cheap Loss: 0.2702
Epoch 32 | Train Loss: 0.2463 | Val Cheap Loss: 0.2717
Epoch 33 | Train Loss: 0.2455 | Val Cheap Loss: 0.2696
Epoch 34 | Train Loss: 0.2444 | Val Cheap Loss: 0.2712
Epoch 35 | Train Loss: 0.2435 | Val Cheap Loss: 0.2715 | Val TACOs L1: 1.1499
Epoch 36 | Train Loss: 0.2430 | Val Cheap Loss: 0.2702
Epoch 37 | Train Loss: 0.2418 | Val Cheap Loss: 0.2729
Epoch 38 | Train Loss: 0.2410 | Val Cheap Loss: 0.2712
Epoch 39 | Train Loss: 0.2406 | Val Cheap Loss: 0.2731
Epoch 40 | Train Loss: 0.2398 | Val Cheap Loss: 0.2762 | Val TACOs L1: 1.1502
Epoch 41 | Train Loss: 0.2386 | Val Cheap Loss: 0.2744
Epoch 42 | Train Loss: 0.2380 | Val Cheap Loss: 0.2749
Epoch 43 | Train Loss: 0.2375 | Val Cheap Loss: 0.2728
Epoch 44 | Train Loss: 0.2367 | Val Cheap Loss: 0.2716
Epoch 45 | Train Loss: 0.2360 | Val Cheap Loss: 0.2761 | Val TACOs L1: 1.1529
Epoch 46 | Train Loss: 0.2355 | Val Cheap Loss: 0.2783
Epoch 47 | Train Loss: 0.2347 | Val Cheap Loss: 0.2748
Epoch 48 | Train Loss: 0.2341 | Val Cheap Loss: 0.2763
Epoch 49 | Train Loss: 0.2336 | Val Cheap Loss: 0.2792
Epoch 50 | Train Loss: 0.2330 | Val Cheap Loss: 0.2776 | Val TACOs L1: 1.1574

--- Evaluation Results: ONE_SHOT ---
Run Name: diffae_pc1_raw
----------------------------------------
Base Reference Angular Properties:
  - CosSim(True Baseline z1, True Baseline z2): 0.000302
  - CosSim(True Baseline z1, Average mixture c): 0.720064
  - CosSim(True Baseline z2, Average mixture c): 0.691049

[Embedding 1 (Highest PC Score) Performance Alignment]
  - L1 Distance:                       0.554037
  - Cosine Similarity to Target:       0.727733

[Embedding 2 (Lowest PC Score) Performance Alignment]
  - L1 Distance:                       0.554037
  - Cosine Similarity to Target:       0.701290

Generated Outputs Inter-Relationship:
  - CosSim(Aligned Pred z1, Aligned Pred z2):  0.853427


--- Evaluation Results: ITERATIVE ---
Run Name: diffae_pc1_raw
----------------------------------------
Base Reference Angular Properties:
  - CosSim(True Baseline z1, True Baseline z2): 0.000302
  - CosSim(True Baseline z1, Average mixture c): 0.720064
  - CosSim(True Baseline z2, Average mixture c): 0.691049

[Embedding 1 (Highest PC Score) Performance Alignment]
  - L1 Distance:                       0.570570
  - Cosine Similarity to Target:       0.726585

[Embedding 2 (Lowest PC Score) Performance Alignment]
  - L1 Distance:                       0.570570
  - Cosine Similarity to Target:       0.684881

Generated Outputs Inter-Relationship:
  - CosSim(Aligned Pred z1, Aligned Pred z2):  0.780681

