Loading ArcFace embeddings...
--> Saved new best checkpoint based on Cheap Val to experiments/avg_arcface_50_50/checkpoints/best.pt
Epoch 1 | Train L1: 0.4415 | Val Cheap L1: 0.3285
--> Saved new best checkpoint based on Cheap Val to experiments/avg_arcface_50_50/checkpoints/best.pt
Epoch 2 | Train L1: 0.3207 | Val Cheap L1: 0.3217
--> Saved new best checkpoint based on Cheap Val to experiments/avg_arcface_50_50/checkpoints/best.pt
Epoch 3 | Train L1: 0.3161 | Val Cheap L1: 0.3154
--> Saved new best checkpoint based on Cheap Val to experiments/avg_arcface_50_50/checkpoints/best.pt
Epoch 4 | Train L1: 0.3114 | Val Cheap L1: 0.3079
Epoch 5 | Train L1: 0.3093 | Val Cheap L1: 0.3083 | Val TACOs L1: 0.5580
--> Saved new best checkpoint based on Cheap Val to experiments/avg_arcface_50_50/checkpoints/best.pt
Epoch 6 | Train L1: 0.3069 | Val Cheap L1: 0.3060
Epoch 7 | Train L1: 0.3039 | Val Cheap L1: 0.3063
--> Saved new best checkpoint based on Cheap Val to experiments/avg_arcface_50_50/checkpoints/best.pt
Epoch 8 | Train L1: 0.3016 | Val Cheap L1: 0.3012
Epoch 9 | Train L1: 0.2991 | Val Cheap L1: 0.3047
--> Saved new best checkpoint based on Cheap Val to experiments/avg_arcface_50_50/checkpoints/best.pt
Epoch 10 | Train L1: 0.2969 | Val Cheap L1: 0.2981 | Val TACOs L1: 0.5603
--> Saved new best checkpoint based on Cheap Val to experiments/avg_arcface_50_50/checkpoints/best.pt
Epoch 11 | Train L1: 0.2947 | Val Cheap L1: 0.2958
Epoch 12 | Train L1: 0.2928 | Val Cheap L1: 0.3003
Epoch 13 | Train L1: 0.2908 | Val Cheap L1: 0.2997
--> Saved new best checkpoint based on Cheap Val to experiments/avg_arcface_50_50/checkpoints/best.pt
Epoch 14 | Train L1: 0.2897 | Val Cheap L1: 0.2948
--> Saved new best checkpoint based on Cheap Val to experiments/avg_arcface_50_50/checkpoints/best.pt
Epoch 15 | Train L1: 0.2879 | Val Cheap L1: 0.2944 | Val TACOs L1: 0.5631
Epoch 16 | Train L1: 0.2867 | Val Cheap L1: 0.2959
--> Saved new best checkpoint based on Cheap Val to experiments/avg_arcface_50_50/checkpoints/best.pt
Epoch 17 | Train L1: 0.2855 | Val Cheap L1: 0.2933
Epoch 18 | Train L1: 0.2840 | Val Cheap L1: 0.2942
--> Saved new best checkpoint based on Cheap Val to experiments/avg_arcface_50_50/checkpoints/best.pt
Epoch 19 | Train L1: 0.2828 | Val Cheap L1: 0.2922
Epoch 20 | Train L1: 0.2826 | Val Cheap L1: 0.2938 | Val TACOs L1: 0.5685
--> Saved new best checkpoint based on Cheap Val to experiments/avg_arcface_50_50/checkpoints/best.pt
Epoch 21 | Train L1: 0.2808 | Val Cheap L1: 0.2916
Epoch 22 | Train L1: 0.2801 | Val Cheap L1: 0.2979
--> Saved new best checkpoint based on Cheap Val to experiments/avg_arcface_50_50/checkpoints/best.pt
Epoch 23 | Train L1: 0.2795 | Val Cheap L1: 0.2913
--> Saved new best checkpoint based on Cheap Val to experiments/avg_arcface_50_50/checkpoints/best.pt
Epoch 24 | Train L1: 0.2779 | Val Cheap L1: 0.2903
Epoch 25 | Train L1: 0.2768 | Val Cheap L1: 0.2914 | Val TACOs L1: 0.5665
Epoch 26 | Train L1: 0.2770 | Val Cheap L1: 0.2946
Epoch 27 | Train L1: 0.2755 | Val Cheap L1: 0.2924
Epoch 28 | Train L1: 0.2747 | Val Cheap L1: 0.2915
Epoch 29 | Train L1: 0.2737 | Val Cheap L1: 0.2911
Epoch 30 | Train L1: 0.2734 | Val Cheap L1: 0.2920 | Val TACOs L1: 0.5728
Epoch 31 | Train L1: 0.2722 | Val Cheap L1: 0.2965
Epoch 32 | Train L1: 0.2721 | Val Cheap L1: 0.2909
Epoch 33 | Train L1: 0.2710 | Val Cheap L1: 0.2928
Epoch 34 | Train L1: 0.2699 | Val Cheap L1: 0.2913
Epoch 35 | Train L1: 0.2697 | Val Cheap L1: 0.2932 | Val TACOs L1: 0.5742
Epoch 36 | Train L1: 0.2696 | Val Cheap L1: 0.2919
Epoch 37 | Train L1: 0.2689 | Val Cheap L1: 0.2947
Epoch 38 | Train L1: 0.2679 | Val Cheap L1: 0.2912
Epoch 39 | Train L1: 0.2674 | Val Cheap L1: 0.2904
Epoch 40 | Train L1: 0.2666 | Val Cheap L1: 0.2960 | Val TACOs L1: 0.5725
Epoch 41 | Train L1: 0.2662 | Val Cheap L1: 0.2923
Epoch 42 | Train L1: 0.2656 | Val Cheap L1: 0.2931
Epoch 43 | Train L1: 0.2648 | Val Cheap L1: 0.2948
Epoch 44 | Train L1: 0.2646 | Val Cheap L1: 0.2949
Epoch 45 | Train L1: 0.2637 | Val Cheap L1: 0.2954 | Val TACOs L1: 0.5734
Epoch 46 | Train L1: 0.2629 | Val Cheap L1: 0.2941
Epoch 47 | Train L1: 0.2627 | Val Cheap L1: 0.2929
Epoch 48 | Train L1: 0.2621 | Val Cheap L1: 0.3000
Epoch 49 | Train L1: 0.2614 | Val Cheap L1: 0.2964
Epoch 50 | Train L1: 0.2607 | Val Cheap L1: 0.3001 | Val TACOs L1: 0.5772
Loading ArcFace embeddings for one_shot evaluation...
Loading weights from experiments/avg_arcface_50_50/checkpoints/best.pt...

--- Evaluation Results (Dominant z1): ONE_SHOT ---
Run Name: avg_arcface_50_50
Validation Pairs: 10,000
----------------------------------------
L1 Distance (Scaled space): 0.538873
L1 Distance (Raw ArcFace):  0.025628
Cosine Similarity:          0.728968

Saved evaluation results to experiments/avg_arcface_50_50/eval_one_shot.txt
Loading ArcFace embeddings for iterative evaluation...
Loading weights from experiments/avg_arcface_50_50/checkpoints/best.pt...

--- Evaluation Results (Dominant z1): ITERATIVE ---
Run Name: avg_arcface_50_50
Validation Pairs: 10,000
----------------------------------------
L1 Distance (Scaled space): 0.569056
L1 Distance (Raw ArcFace):  0.026361
Cosine Similarity:          0.705612

Saved evaluation results to experiments/avg_arcface_50_50/eval_iterative.txt
