Loading ArcFace embeddings...
--> Saved new best checkpoint based on Cheap Val to experiments/quadratic_ortho_loss_run_20ts/checkpoints/best.pt
Epoch 1 | Train Loss: 0.2517 | Val Cheap Loss: 0.1324
--> Saved new best checkpoint based on Cheap Val to experiments/quadratic_ortho_loss_run_20ts/checkpoints/best.pt
Epoch 2 | Train Loss: 0.1324 | Val Cheap Loss: 0.1262
--> Saved new best checkpoint based on Cheap Val to experiments/quadratic_ortho_loss_run_20ts/checkpoints/best.pt
Epoch 3 | Train Loss: 0.1211 | Val Cheap Loss: 0.1181
--> Saved new best checkpoint based on Cheap Val to experiments/quadratic_ortho_loss_run_20ts/checkpoints/best.pt
Epoch 4 | Train Loss: 0.1150 | Val Cheap Loss: 0.1146
--> Saved new best checkpoint based on Cheap Val to experiments/quadratic_ortho_loss_run_20ts/checkpoints/best.pt
Epoch 5 | Train Loss: 0.1094 | Val Cheap Loss: 0.1073 | Val TACOs Cos: 0.7084
--> Saved new best checkpoint based on Cheap Val to experiments/quadratic_ortho_loss_run_20ts/checkpoints/best.pt
Epoch 6 | Train Loss: 0.1040 | Val Cheap Loss: 0.1024
--> Saved new best checkpoint based on Cheap Val to experiments/quadratic_ortho_loss_run_20ts/checkpoints/best.pt
Epoch 7 | Train Loss: 0.0995 | Val Cheap Loss: 0.1004
--> Saved new best checkpoint based on Cheap Val to experiments/quadratic_ortho_loss_run_20ts/checkpoints/best.pt
Epoch 8 | Train Loss: 0.0956 | Val Cheap Loss: 0.0967
--> Saved new best checkpoint based on Cheap Val to experiments/quadratic_ortho_loss_run_20ts/checkpoints/best.pt
Epoch 9 | Train Loss: 0.0930 | Val Cheap Loss: 0.0957
--> Saved new best checkpoint based on Cheap Val to experiments/quadratic_ortho_loss_run_20ts/checkpoints/best.pt
Epoch 10 | Train Loss: 0.0904 | Val Cheap Loss: 0.0930 | Val TACOs Cos: 0.7378
--> Saved new best checkpoint based on Cheap Val to experiments/quadratic_ortho_loss_run_20ts/checkpoints/best.pt
Epoch 11 | Train Loss: 0.0884 | Val Cheap Loss: 0.0920
--> Saved new best checkpoint based on Cheap Val to experiments/quadratic_ortho_loss_run_20ts/checkpoints/best.pt
Epoch 12 | Train Loss: 0.0857 | Val Cheap Loss: 0.0901
--> Saved new best checkpoint based on Cheap Val to experiments/quadratic_ortho_loss_run_20ts/checkpoints/best.pt
Epoch 13 | Train Loss: 0.0856 | Val Cheap Loss: 0.0892
--> Saved new best checkpoint based on Cheap Val to experiments/quadratic_ortho_loss_run_20ts/checkpoints/best.pt
Epoch 14 | Train Loss: 0.0830 | Val Cheap Loss: 0.0857
Epoch 15 | Train Loss: 0.0819 | Val Cheap Loss: 0.0859 | Val TACOs Cos: 0.7662
Epoch 16 | Train Loss: 0.0809 | Val Cheap Loss: 0.0860
--> Saved new best checkpoint based on Cheap Val to experiments/quadratic_ortho_loss_run_20ts/checkpoints/best.pt
Epoch 17 | Train Loss: 0.0795 | Val Cheap Loss: 0.0832
--> Saved new best checkpoint based on Cheap Val to experiments/quadratic_ortho_loss_run_20ts/checkpoints/best.pt
Epoch 18 | Train Loss: 0.0781 | Val Cheap Loss: 0.0828
--> Saved new best checkpoint based on Cheap Val to experiments/quadratic_ortho_loss_run_20ts/checkpoints/best.pt
Epoch 19 | Train Loss: 0.0771 | Val Cheap Loss: 0.0823
--> Saved new best checkpoint based on Cheap Val to experiments/quadratic_ortho_loss_run_20ts/checkpoints/best.pt
Epoch 20 | Train Loss: 0.0775 | Val Cheap Loss: 0.0822 | Val TACOs Cos: 0.7667
--> Saved new best checkpoint based on Cheap Val to experiments/quadratic_ortho_loss_run_20ts/checkpoints/best.pt
Epoch 21 | Train Loss: 0.0764 | Val Cheap Loss: 0.0816
Epoch 22 | Train Loss: 0.0762 | Val Cheap Loss: 0.0829
--> Saved new best checkpoint based on Cheap Val to experiments/quadratic_ortho_loss_run_20ts/checkpoints/best.pt
Epoch 23 | Train Loss: 0.0743 | Val Cheap Loss: 0.0815
--> Saved new best checkpoint based on Cheap Val to experiments/quadratic_ortho_loss_run_20ts/checkpoints/best.pt
Epoch 24 | Train Loss: 0.0756 | Val Cheap Loss: 0.0783
--> Saved new best checkpoint based on Cheap Val to experiments/quadratic_ortho_loss_run_20ts/checkpoints/best.pt
Epoch 25 | Train Loss: 0.0730 | Val Cheap Loss: 0.0782 | Val TACOs Cos: 0.7814
Epoch 26 | Train Loss: 0.0720 | Val Cheap Loss: 0.0788
Epoch 27 | Train Loss: 0.0714 | Val Cheap Loss: 0.0784
--> Saved new best checkpoint based on Cheap Val to experiments/quadratic_ortho_loss_run_20ts/checkpoints/best.pt
Epoch 28 | Train Loss: 0.0708 | Val Cheap Loss: 0.0766
Epoch 29 | Train Loss: 0.0698 | Val Cheap Loss: 0.0772
Epoch 30 | Train Loss: 0.0694 | Val Cheap Loss: 0.0776 | Val TACOs Cos: 0.7869
Epoch 31 | Train Loss: 0.0691 | Val Cheap Loss: 0.0773
--> Saved new best checkpoint based on Cheap Val to experiments/quadratic_ortho_loss_run_20ts/checkpoints/best.pt
Epoch 32 | Train Loss: 0.0683 | Val Cheap Loss: 0.0750
Epoch 33 | Train Loss: 0.0677 | Val Cheap Loss: 0.0758
--> Saved new best checkpoint based on Cheap Val to experiments/quadratic_ortho_loss_run_20ts/checkpoints/best.pt
Epoch 34 | Train Loss: 0.0671 | Val Cheap Loss: 0.0745
Epoch 35 | Train Loss: 0.0667 | Val Cheap Loss: 0.0753 | Val TACOs Cos: 0.7908
--> Saved new best checkpoint based on Cheap Val to experiments/quadratic_ortho_loss_run_20ts/checkpoints/best.pt
Epoch 36 | Train Loss: 0.0663 | Val Cheap Loss: 0.0728
Epoch 37 | Train Loss: 0.0656 | Val Cheap Loss: 0.0740
--> Saved new best checkpoint based on Cheap Val to experiments/quadratic_ortho_loss_run_20ts/checkpoints/best.pt
Epoch 38 | Train Loss: 0.0655 | Val Cheap Loss: 0.0727
Epoch 39 | Train Loss: 0.0654 | Val Cheap Loss: 0.0736
Epoch 40 | Train Loss: 0.0657 | Val Cheap Loss: 0.0746 | Val TACOs Cos: 0.7935
Epoch 41 | Train Loss: 0.0644 | Val Cheap Loss: 0.0737
Epoch 42 | Train Loss: 0.0649 | Val Cheap Loss: 0.0750
Epoch 43 | Train Loss: 0.0636 | Val Cheap Loss: 0.0736
--> Saved new best checkpoint based on Cheap Val to experiments/quadratic_ortho_loss_run_20ts/checkpoints/best.pt
Epoch 44 | Train Loss: 0.0634 | Val Cheap Loss: 0.0722
Epoch 45 | Train Loss: 0.0632 | Val Cheap Loss: 0.0727 | Val TACOs Cos: 0.7966
Epoch 46 | Train Loss: 0.0633 | Val Cheap Loss: 0.0731
Epoch 47 | Train Loss: 0.0626 | Val Cheap Loss: 0.0723
Epoch 48 | Train Loss: 0.0620 | Val Cheap Loss: 0.0730
--> Saved new best checkpoint based on Cheap Val to experiments/quadratic_ortho_loss_run_20ts/checkpoints/best.pt
Epoch 49 | Train Loss: 0.0617 | Val Cheap Loss: 0.0711
Epoch 50 | Train Loss: 0.0616 | Val Cheap Loss: 0.0713 | Val TACOs Cos: 0.8003
Loading ArcFace embeddings for one_shot evaluation...
Loading weights from experiments/quadratic_ortho_loss_run_20ts/checkpoints/best.pt...

==================================================
DIFFAE/ARCFACE DEMORPH EVALUATION REPORT (ONE_SHOT)
==================================================
Run Name:         quadratic_ortho_loss_run_20ts
Validation Pairs: 10,000
Target Space:     ArcFace 512-D (L2-Normalized Base)
--------------------------------------------------

1. GROUND TRUTH Z1 RECONSTRUCTION
--------------------------------------------------
  - L1 Distance (Scaled space): 0.537076
  - L1 Distance (Raw ArcFace):  0.021494
  - Cosine Similarity vs Z1:    0.804282

2. GROUND TRUTH Z2 RECONSTRUCTION
--------------------------------------------------
  - L1 Distance (Scaled space): 0.537027
  - L1 Distance (Raw ArcFace):  0.021494
  - Cosine Similarity vs Z2:    0.804282

3. GEOMETRIC ALIGNMENT & ORTHOGONALITY COMPARISON
--------------------------------------------------
  - Baseline Cosine Sim (True Z1 vs True Z2):  0.069538
  - Generated Cosine Sim (Pred_Z1 vs Pred_Z2): 0.148953

  Interpretation:
  The Baseline metric proves how uncorrelated the target parents naturally
  are (expecting ~0.0673 based on global dataset tests). For a perfect
  separation, the Generated Cosine Similarity should converge closely to
  or match that exact baseline window.
==================================================

Saved evaluation results to experiments/quadratic_ortho_loss_run_20ts/eval_one_shot.txt
Loading ArcFace embeddings for iterative evaluation...
Loading weights from experiments/quadratic_ortho_loss_run_20ts/checkpoints/best.pt...

==================================================
DIFFAE/ARCFACE DEMORPH EVALUATION REPORT (ITERATIVE)
==================================================
Run Name:         quadratic_ortho_loss_run_20ts
Validation Pairs: 10,000
Target Space:     ArcFace 512-D (L2-Normalized Base)
--------------------------------------------------

1. GROUND TRUTH Z1 RECONSTRUCTION
--------------------------------------------------
  - L1 Distance (Scaled space): 0.636960
  - L1 Distance (Raw ArcFace):  0.021702
  - Cosine Similarity vs Z1:    0.800879

2. GROUND TRUTH Z2 RECONSTRUCTION
--------------------------------------------------
  - L1 Distance (Scaled space): 0.636944
  - L1 Distance (Raw ArcFace):  0.021703
  - Cosine Similarity vs Z2:    0.800879

3. GEOMETRIC ALIGNMENT & ORTHOGONALITY COMPARISON
--------------------------------------------------
  - Baseline Cosine Sim (True Z1 vs True Z2):  0.069538
  - Generated Cosine Sim (Pred_Z1 vs Pred_Z2): 0.202068

  Interpretation:
  The Baseline metric proves how uncorrelated the target parents naturally
  are (expecting ~0.0673 based on global dataset tests). For a perfect
  separation, the Generated Cosine Similarity should converge closely to
  or match that exact baseline window.
==================================================

Saved evaluation results to experiments/quadratic_ortho_loss_run_20ts/eval_iterative.txt
