Loading ArcFace embeddings...
--> Saved new best checkpoint based on Cheap Val to experiments/avg_arcface_55_45_cosLoss/checkpoints/best.pt
Epoch 1 | Train CosDist: 0.4013 | Val Cheap CosDist: 0.1929
--> Saved new best checkpoint based on Cheap Val to experiments/avg_arcface_55_45_cosLoss/checkpoints/best.pt
Epoch 2 | Train CosDist: 0.1448 | Val Cheap CosDist: 0.1140
--> Saved new best checkpoint based on Cheap Val to experiments/avg_arcface_55_45_cosLoss/checkpoints/best.pt
Epoch 3 | Train CosDist: 0.1011 | Val Cheap CosDist: 0.0865
--> Saved new best checkpoint based on Cheap Val to experiments/avg_arcface_55_45_cosLoss/checkpoints/best.pt
Epoch 4 | Train CosDist: 0.0867 | Val Cheap CosDist: 0.0837
--> Saved new best checkpoint based on Cheap Val to experiments/avg_arcface_55_45_cosLoss/checkpoints/best.pt
Epoch 5 | Train CosDist: 0.0782 | Val Cheap CosDist: 0.0765 | Val TACOs CosDist: 0.2103
--> Saved new best checkpoint based on Cheap Val to experiments/avg_arcface_55_45_cosLoss/checkpoints/best.pt
Epoch 6 | Train CosDist: 0.0733 | Val Cheap CosDist: 0.0744
--> Saved new best checkpoint based on Cheap Val to experiments/avg_arcface_55_45_cosLoss/checkpoints/best.pt
Epoch 7 | Train CosDist: 0.0705 | Val Cheap CosDist: 0.0720
--> Saved new best checkpoint based on Cheap Val to experiments/avg_arcface_55_45_cosLoss/checkpoints/best.pt
Epoch 8 | Train CosDist: 0.0676 | Val Cheap CosDist: 0.0636
Epoch 9 | Train CosDist: 0.0647 | Val Cheap CosDist: 0.0669
Epoch 10 | Train CosDist: 0.0634 | Val Cheap CosDist: 0.0639 | Val TACOs CosDist: 0.1985
Loading ArcFace embeddings for one_shot evaluation...
Loading weights from experiments/avg_arcface_55_45_cosLoss/checkpoints/best.pt...

--- Evaluation Results (Dominant z1): ONE_SHOT ---
Run Name: avg_arcface_55_45_cosLoss
Validation Pairs: 10,000
----------------------------------------
Cosine Distance (Scaled space): 0.215258
Cosine Distance (Raw ArcFace):  0.215258
Cosine Similarity:              0.784742

Saved evaluation results to experiments/avg_arcface_55_45_cosLoss/eval_one_shot.txt
Loading ArcFace embeddings for iterative evaluation...
Loading weights from experiments/avg_arcface_55_45_cosLoss/checkpoints/best.pt...

--- Evaluation Results (Dominant z1): ITERATIVE ---
Run Name: avg_arcface_55_45_cosLoss
Validation Pairs: 10,000
----------------------------------------
Cosine Distance (Scaled space): 0.194341
Cosine Distance (Raw ArcFace):  0.194341
Cosine Similarity:              0.805659

Saved evaluation results to experiments/avg_arcface_55_45_cosLoss/eval_iterative.txt
