Loading ArcFace embeddings...
--> Saved new best checkpoint based on Cheap Val to experiments/avg_arcface_50_50_pit_dit/checkpoints/best.pt
Epoch 1 | Train L1: 0.3386 | Val Cheap L1: 0.3325
--> Saved new best checkpoint based on Cheap Val to experiments/avg_arcface_50_50_pit_dit/checkpoints/best.pt
Epoch 2 | Train L1: 0.3314 | Val Cheap L1: 0.3307
--> Saved new best checkpoint based on Cheap Val to experiments/avg_arcface_50_50_pit_dit/checkpoints/best.pt
Epoch 3 | Train L1: 0.3283 | Val Cheap L1: 0.3259
--> Saved new best checkpoint based on Cheap Val to experiments/avg_arcface_50_50_pit_dit/checkpoints/best.pt
Epoch 4 | Train L1: 0.3249 | Val Cheap L1: 0.3238
--> Saved new best checkpoint based on Cheap Val to experiments/avg_arcface_50_50_pit_dit/checkpoints/best.pt
Epoch 5 | Train L1: 0.3217 | Val Cheap L1: 0.3185 | Val TACOs L1: 0.5114
--> Saved new best checkpoint based on Cheap Val to experiments/avg_arcface_50_50_pit_dit/checkpoints/best.pt
Epoch 6 | Train L1: 0.3177 | Val Cheap L1: 0.3164
--> Saved new best checkpoint based on Cheap Val to experiments/avg_arcface_50_50_pit_dit/checkpoints/best.pt
Epoch 7 | Train L1: 0.3130 | Val Cheap L1: 0.3133
--> Saved new best checkpoint based on Cheap Val to experiments/avg_arcface_50_50_pit_dit/checkpoints/best.pt
Epoch 8 | Train L1: 0.3092 | Val Cheap L1: 0.3116
--> Saved new best checkpoint based on Cheap Val to experiments/avg_arcface_50_50_pit_dit/checkpoints/best.pt
Epoch 9 | Train L1: 0.3060 | Val Cheap L1: 0.3116
--> Saved new best checkpoint based on Cheap Val to experiments/avg_arcface_50_50_pit_dit/checkpoints/best.pt
Epoch 10 | Train L1: 0.3028 | Val Cheap L1: 0.3073 | Val TACOs L1: 0.4767
--> Saved new best checkpoint based on Cheap Val to experiments/avg_arcface_50_50_pit_dit/checkpoints/best.pt
Epoch 11 | Train L1: 0.3005 | Val Cheap L1: 0.3056
--> Saved new best checkpoint based on Cheap Val to experiments/avg_arcface_50_50_pit_dit/checkpoints/best.pt
Epoch 12 | Train L1: 0.2983 | Val Cheap L1: 0.3027
--> Saved new best checkpoint based on Cheap Val to experiments/avg_arcface_50_50_pit_dit/checkpoints/best.pt
Epoch 13 | Train L1: 0.2965 | Val Cheap L1: 0.3007
Epoch 14 | Train L1: 0.2949 | Val Cheap L1: 0.3015
--> Saved new best checkpoint based on Cheap Val to experiments/avg_arcface_50_50_pit_dit/checkpoints/best.pt
Epoch 15 | Train L1: 0.2931 | Val Cheap L1: 0.2970 | Val TACOs L1: 0.4664
Epoch 16 | Train L1: 0.2922 | Val Cheap L1: 0.2985
--> Saved new best checkpoint based on Cheap Val to experiments/avg_arcface_50_50_pit_dit/checkpoints/best.pt
Epoch 17 | Train L1: 0.2909 | Val Cheap L1: 0.2955
--> Saved new best checkpoint based on Cheap Val to experiments/avg_arcface_50_50_pit_dit/checkpoints/best.pt
Epoch 18 | Train L1: 0.2895 | Val Cheap L1: 0.2953
Epoch 19 | Train L1: 0.2891 | Val Cheap L1: 0.2977
--> Saved new best checkpoint based on Cheap Val to experiments/avg_arcface_50_50_pit_dit/checkpoints/best.pt
Epoch 20 | Train L1: 0.2877 | Val Cheap L1: 0.2929 | Val TACOs L1: 0.4563
Epoch 21 | Train L1: 0.2873 | Val Cheap L1: 0.2933
Epoch 22 | Train L1: 0.2866 | Val Cheap L1: 0.2929
--> Saved new best checkpoint based on Cheap Val to experiments/avg_arcface_50_50_pit_dit/checkpoints/best.pt
Epoch 23 | Train L1: 0.2857 | Val Cheap L1: 0.2923
Epoch 24 | Train L1: 0.2857 | Val Cheap L1: 0.2931
--> Saved new best checkpoint based on Cheap Val to experiments/avg_arcface_50_50_pit_dit/checkpoints/best.pt
Epoch 25 | Train L1: 0.2845 | Val Cheap L1: 0.2895 | Val TACOs L1: 0.4511
Epoch 26 | Train L1: 0.2841 | Val Cheap L1: 0.2921
Epoch 27 | Train L1: 0.2838 | Val Cheap L1: 0.2910
Epoch 28 | Train L1: 0.2832 | Val Cheap L1: 0.2921
Epoch 29 | Train L1: 0.2825 | Val Cheap L1: 0.2909
Epoch 30 | Train L1: 0.2826 | Val Cheap L1: 0.2915 | Val TACOs L1: 0.4492
Epoch 31 | Train L1: 0.2821 | Val Cheap L1: 0.2909
Epoch 32 | Train L1: 0.2814 | Val Cheap L1: 0.2925
Epoch 33 | Train L1: 0.2823 | Val Cheap L1: 0.2917
--> Saved new best checkpoint based on Cheap Val to experiments/avg_arcface_50_50_pit_dit/checkpoints/best.pt
Epoch 34 | Train L1: 0.2806 | Val Cheap L1: 0.2881
Epoch 35 | Train L1: 0.2805 | Val Cheap L1: 0.2897 | Val TACOs L1: 0.4468
Epoch 36 | Train L1: 0.2793 | Val Cheap L1: 0.2896
Epoch 37 | Train L1: 0.2791 | Val Cheap L1: 0.2902
Epoch 38 | Train L1: 0.2788 | Val Cheap L1: 0.2888
Epoch 39 | Train L1: 0.2797 | Val Cheap L1: 0.2910
Epoch 40 | Train L1: 0.2792 | Val Cheap L1: 0.2940 | Val TACOs L1: 0.4516
Epoch 41 | Train L1: 0.2800 | Val Cheap L1: 0.2899
Epoch 42 | Train L1: 0.2784 | Val Cheap L1: 0.2891
Epoch 43 | Train L1: 0.2781 | Val Cheap L1: 0.2885
--> Saved new best checkpoint based on Cheap Val to experiments/avg_arcface_50_50_pit_dit/checkpoints/best.pt
Epoch 44 | Train L1: 0.2785 | Val Cheap L1: 0.2876
Epoch 45 | Train L1: 0.2786 | Val Cheap L1: 0.2889 | Val TACOs L1: 0.4458
Epoch 46 | Train L1: 0.2789 | Val Cheap L1: 0.2891
Epoch 47 | Train L1: 0.2769 | Val Cheap L1: 0.2889
--> Saved new best checkpoint based on Cheap Val to experiments/avg_arcface_50_50_pit_dit/checkpoints/best.pt
Epoch 48 | Train L1: 0.2774 | Val Cheap L1: 0.2876
Epoch 49 | Train L1: 0.2760 | Val Cheap L1: 0.2916
Epoch 50 | Train L1: 0.2766 | Val Cheap L1: 0.2885 | Val TACOs L1: 0.4404
Loading ArcFace embeddings for one_shot evaluation...
Loading weights from experiments/avg_arcface_50_50_pit_dit/checkpoints/best.pt...

--- Evaluation Results (Permutation Invariant & Spherical TACOs): ONE_SHOT ---
Run Name: avg_arcface_50_50_pit_dit
Validation Pairs: 10,000
----------------------------------------
L1 Distance (Scaled space): 0.434585
L1 Distance (Raw ArcFace):  0.020073
Cosine Similarity:          0.831047

Saved evaluation results to experiments/avg_arcface_50_50_pit_dit/eval_one_shot.txt
Loading ArcFace embeddings for iterative evaluation...
Loading weights from experiments/avg_arcface_50_50_pit_dit/checkpoints/best.pt...

--- Evaluation Results (Permutation Invariant & Spherical TACOs): ITERATIVE ---
Run Name: avg_arcface_50_50_pit_dit
Validation Pairs: 10,000
----------------------------------------
L1 Distance (Scaled space): 0.442876
L1 Distance (Raw ArcFace):  0.020346
Cosine Similarity:          0.826401

Saved evaluation results to experiments/avg_arcface_50_50_pit_dit/eval_iterative.txt
