Size of test: 1000 source images, 1000 pairs
Setting up [LPIPS] perceptual loss: trunk [alex], v[0.1], spatial [off]
Loading model from: /nas-ctm01/homes/dacordeiro/.conda/envs/test/lib/python3.10/site-packages/lpips/weights/v0.1/alex.pth

--- Iterative Evaluation Metrics (Entire Validation Set) ---
Total Evaluated: 1000
LPIPS Alignment Swap Rate: 26.90%
SSIM Bright: 0.6947
SSIM Dark: 0.6340
PSNR Bright: 18.9434
PSNR Dark: 18.9392
LPIPS Bright: 0.1313
LPIPS Dark: 0.1454
Success Rate Bright (%S): 89.30%
Success Rate Dark (%S): 90.10%

Size of test: 1000 source images, 1000 pairs
Setting up [LPIPS] perceptual loss: trunk [alex], v[0.1], spatial [off]
Loading model from: /nas-ctm01/homes/dacordeiro/.conda/envs/test/lib/python3.10/site-packages/lpips/weights/v0.1/alex.pth

--- One-Shot Evaluation Metrics (Entire Validation Set) ---
Total Evaluated: 1000
LPIPS Alignment Swap Rate: 20.30%
SSIM Bright: 0.6827
SSIM Dark: 0.6247
PSNR Bright: 18.6345
PSNR Dark: 18.6377
LPIPS Bright: 0.1495
LPIPS Dark: 0.1579
Success Rate Bright (%S): 89.30%
Success Rate Dark (%S): 89.70%

