Loading ArcFace embeddings...
--> Saved new best checkpoint based on Cheap Val to experiments/avg_arcface_50_50_pit_real_separate_double_objective/checkpoints/best.pt
Epoch 1 | Train Loss Total: 0.7391 (Z1: 0.4583, Xt: 0.2808) | Val Cheap L1: 0.4683
--> Saved new best checkpoint based on Cheap Val to experiments/avg_arcface_50_50_pit_real_separate_double_objective/checkpoints/best.pt
Epoch 2 | Train Loss Total: 0.4419 (Z1: 0.3497, Xt: 0.0922) | Val Cheap L1: 0.4266
--> Saved new best checkpoint based on Cheap Val to experiments/avg_arcface_50_50_pit_real_separate_double_objective/checkpoints/best.pt
Epoch 3 | Train Loss Total: 0.4174 (Z1: 0.3434, Xt: 0.0740) | Val Cheap L1: 0.4125
--> Saved new best checkpoint based on Cheap Val to experiments/avg_arcface_50_50_pit_real_separate_double_objective/checkpoints/best.pt
Epoch 4 | Train Loss Total: 0.4072 (Z1: 0.3408, Xt: 0.0664) | Val Cheap L1: 0.4023
--> Saved new best checkpoint based on Cheap Val to experiments/avg_arcface_50_50_pit_real_separate_double_objective/checkpoints/best.pt
Epoch 5 | Train Loss Total: 0.4010 (Z1: 0.3396, Xt: 0.0614) | Val Cheap L1: 0.3951 | Val TACOs L1: 0.5397
Epoch 6 | Train Loss Total: 0.3961 (Z1: 0.3382, Xt: 0.0579) | Val Cheap L1: 0.3952
--> Saved new best checkpoint based on Cheap Val to experiments/avg_arcface_50_50_pit_real_separate_double_objective/checkpoints/best.pt
Epoch 7 | Train Loss Total: 0.3934 (Z1: 0.3375, Xt: 0.0559) | Val Cheap L1: 0.3941
--> Saved new best checkpoint based on Cheap Val to experiments/avg_arcface_50_50_pit_real_separate_double_objective/checkpoints/best.pt
Epoch 8 | Train Loss Total: 0.3902 (Z1: 0.3357, Xt: 0.0545) | Val Cheap L1: 0.3902
--> Saved new best checkpoint based on Cheap Val to experiments/avg_arcface_50_50_pit_real_separate_double_objective/checkpoints/best.pt
Epoch 9 | Train Loss Total: 0.3874 (Z1: 0.3347, Xt: 0.0527) | Val Cheap L1: 0.3865
--> Saved new best checkpoint based on Cheap Val to experiments/avg_arcface_50_50_pit_real_separate_double_objective/checkpoints/best.pt
Epoch 10 | Train Loss Total: 0.3852 (Z1: 0.3337, Xt: 0.0515) | Val Cheap L1: 0.3830 | Val TACOs L1: 0.5340
Epoch 11 | Train Loss Total: 0.3828 (Z1: 0.3326, Xt: 0.0502) | Val Cheap L1: 0.3831
Epoch 12 | Train Loss Total: 0.3810 (Z1: 0.3317, Xt: 0.0493) | Val Cheap L1: 0.3843
--> Saved new best checkpoint based on Cheap Val to experiments/avg_arcface_50_50_pit_real_separate_double_objective/checkpoints/best.pt
Epoch 13 | Train Loss Total: 0.3795 (Z1: 0.3309, Xt: 0.0486) | Val Cheap L1: 0.3791
Epoch 14 | Train Loss Total: 0.3776 (Z1: 0.3295, Xt: 0.0480) | Val Cheap L1: 0.3816
Epoch 15 | Train Loss Total: 0.3763 (Z1: 0.3285, Xt: 0.0478) | Val Cheap L1: 0.3793 | Val TACOs L1: 0.5301
Epoch 16 | Train Loss Total: 0.3748 (Z1: 0.3277, Xt: 0.0471) | Val Cheap L1: 0.3797
--> Saved new best checkpoint based on Cheap Val to experiments/avg_arcface_50_50_pit_real_separate_double_objective/checkpoints/best.pt
Epoch 17 | Train Loss Total: 0.3727 (Z1: 0.3262, Xt: 0.0465) | Val Cheap L1: 0.3734
--> Saved new best checkpoint based on Cheap Val to experiments/avg_arcface_50_50_pit_real_separate_double_objective/checkpoints/best.pt
Epoch 18 | Train Loss Total: 0.3716 (Z1: 0.3251, Xt: 0.0464) | Val Cheap L1: 0.3709
--> Saved new best checkpoint based on Cheap Val to experiments/avg_arcface_50_50_pit_real_separate_double_objective/checkpoints/best.pt
Epoch 19 | Train Loss Total: 0.3700 (Z1: 0.3239, Xt: 0.0461) | Val Cheap L1: 0.3701
Epoch 20 | Train Loss Total: 0.3679 (Z1: 0.3218, Xt: 0.0462) | Val Cheap L1: 0.3703 | Val TACOs L1: 0.5237
Epoch 21 | Train Loss Total: 0.3660 (Z1: 0.3203, Xt: 0.0458) | Val Cheap L1: 0.3704
--> Saved new best checkpoint based on Cheap Val to experiments/avg_arcface_50_50_pit_real_separate_double_objective/checkpoints/best.pt
Epoch 22 | Train Loss Total: 0.3643 (Z1: 0.3185, Xt: 0.0457) | Val Cheap L1: 0.3669
--> Saved new best checkpoint based on Cheap Val to experiments/avg_arcface_50_50_pit_real_separate_double_objective/checkpoints/best.pt
Epoch 23 | Train Loss Total: 0.3626 (Z1: 0.3169, Xt: 0.0457) | Val Cheap L1: 0.3637
Epoch 24 | Train Loss Total: 0.3607 (Z1: 0.3150, Xt: 0.0456) | Val Cheap L1: 0.3667
--> Saved new best checkpoint based on Cheap Val to experiments/avg_arcface_50_50_pit_real_separate_double_objective/checkpoints/best.pt
Epoch 25 | Train Loss Total: 0.3592 (Z1: 0.3133, Xt: 0.0458) | Val Cheap L1: 0.3612 | Val TACOs L1: 0.5082
Epoch 26 | Train Loss Total: 0.3574 (Z1: 0.3116, Xt: 0.0459) | Val Cheap L1: 0.3619
Epoch 27 | Train Loss Total: 0.3555 (Z1: 0.3096, Xt: 0.0459) | Val Cheap L1: 0.3627
--> Saved new best checkpoint based on Cheap Val to experiments/avg_arcface_50_50_pit_real_separate_double_objective/checkpoints/best.pt
Epoch 28 | Train Loss Total: 0.3541 (Z1: 0.3080, Xt: 0.0461) | Val Cheap L1: 0.3605
--> Saved new best checkpoint based on Cheap Val to experiments/avg_arcface_50_50_pit_real_separate_double_objective/checkpoints/best.pt
Epoch 29 | Train Loss Total: 0.3522 (Z1: 0.3062, Xt: 0.0460) | Val Cheap L1: 0.3588
--> Saved new best checkpoint based on Cheap Val to experiments/avg_arcface_50_50_pit_real_separate_double_objective/checkpoints/best.pt
Epoch 30 | Train Loss Total: 0.3500 (Z1: 0.3043, Xt: 0.0457) | Val Cheap L1: 0.3546 | Val TACOs L1: 0.4950
--> Saved new best checkpoint based on Cheap Val to experiments/avg_arcface_50_50_pit_real_separate_double_objective/checkpoints/best.pt
Epoch 31 | Train Loss Total: 0.3486 (Z1: 0.3028, Xt: 0.0459) | Val Cheap L1: 0.3536
Epoch 32 | Train Loss Total: 0.3470 (Z1: 0.3010, Xt: 0.0460) | Val Cheap L1: 0.3540
Epoch 33 | Train Loss Total: 0.3454 (Z1: 0.2994, Xt: 0.0460) | Val Cheap L1: 0.3554
Epoch 34 | Train Loss Total: 0.3437 (Z1: 0.2980, Xt: 0.0457) | Val Cheap L1: 0.3537
--> Saved new best checkpoint based on Cheap Val to experiments/avg_arcface_50_50_pit_real_separate_double_objective/checkpoints/best.pt
Epoch 35 | Train Loss Total: 0.3423 (Z1: 0.2965, Xt: 0.0458) | Val Cheap L1: 0.3522 | Val TACOs L1: 0.4872
Epoch 36 | Train Loss Total: 0.3412 (Z1: 0.2954, Xt: 0.0457) | Val Cheap L1: 0.3533
--> Saved new best checkpoint based on Cheap Val to experiments/avg_arcface_50_50_pit_real_separate_double_objective/checkpoints/best.pt
Epoch 37 | Train Loss Total: 0.3396 (Z1: 0.2938, Xt: 0.0458) | Val Cheap L1: 0.3506
--> Saved new best checkpoint based on Cheap Val to experiments/avg_arcface_50_50_pit_real_separate_double_objective/checkpoints/best.pt
Epoch 38 | Train Loss Total: 0.3385 (Z1: 0.2927, Xt: 0.0458) | Val Cheap L1: 0.3497
--> Saved new best checkpoint based on Cheap Val to experiments/avg_arcface_50_50_pit_real_separate_double_objective/checkpoints/best.pt
Epoch 39 | Train Loss Total: 0.3368 (Z1: 0.2912, Xt: 0.0456) | Val Cheap L1: 0.3478
--> Saved new best checkpoint based on Cheap Val to experiments/avg_arcface_50_50_pit_real_separate_double_objective/checkpoints/best.pt
Epoch 40 | Train Loss Total: 0.3354 (Z1: 0.2899, Xt: 0.0455) | Val Cheap L1: 0.3462 | Val TACOs L1: 0.4731
--> Saved new best checkpoint based on Cheap Val to experiments/avg_arcface_50_50_pit_real_separate_double_objective/checkpoints/best.pt
Epoch 41 | Train Loss Total: 0.3342 (Z1: 0.2886, Xt: 0.0455) | Val Cheap L1: 0.3456
Epoch 42 | Train Loss Total: 0.3330 (Z1: 0.2876, Xt: 0.0454) | Val Cheap L1: 0.3467
Epoch 43 | Train Loss Total: 0.3313 (Z1: 0.2860, Xt: 0.0454) | Val Cheap L1: 0.3487
--> Saved new best checkpoint based on Cheap Val to experiments/avg_arcface_50_50_pit_real_separate_double_objective/checkpoints/best.pt
Epoch 44 | Train Loss Total: 0.3300 (Z1: 0.2849, Xt: 0.0451) | Val Cheap L1: 0.3435
--> Saved new best checkpoint based on Cheap Val to experiments/avg_arcface_50_50_pit_real_separate_double_objective/checkpoints/best.pt
Epoch 45 | Train Loss Total: 0.3294 (Z1: 0.2844, Xt: 0.0450) | Val Cheap L1: 0.3425 | Val TACOs L1: 0.4689
Epoch 46 | Train Loss Total: 0.3279 (Z1: 0.2828, Xt: 0.0450) | Val Cheap L1: 0.3430
Epoch 47 | Train Loss Total: 0.3268 (Z1: 0.2819, Xt: 0.0449) | Val Cheap L1: 0.3429
Epoch 48 | Train Loss Total: 0.3258 (Z1: 0.2809, Xt: 0.0448) | Val Cheap L1: 0.3452
--> Saved new best checkpoint based on Cheap Val to experiments/avg_arcface_50_50_pit_real_separate_double_objective/checkpoints/best.pt
Epoch 49 | Train Loss Total: 0.3249 (Z1: 0.2801, Xt: 0.0447) | Val Cheap L1: 0.3391
Epoch 50 | Train Loss Total: 0.3235 (Z1: 0.2788, Xt: 0.0447) | Val Cheap L1: 0.3426 | Val TACOs L1: 0.4626
Loading ArcFace embeddings for one_shot evaluation...
Loading weights from experiments/avg_arcface_50_50_pit_real_separate_double_objective/checkpoints/best.pt...

--- Evaluation Results (Permutation Invariant & Spherical TACOs): ONE_SHOT ---
Run Name: avg_arcface_50_50_pit_real_separate_double_objective
Validation Pairs: 10,000
----------------------------------------
L1 Distance (Scaled space): 0.442439
L1 Distance (Raw ArcFace):  0.020470
Cosine Similarity:          0.824615

Saved evaluation results to experiments/avg_arcface_50_50_pit_real_separate_double_objective/eval_one_shot.txt
Loading ArcFace embeddings for iterative evaluation...
Loading weights from experiments/avg_arcface_50_50_pit_real_separate_double_objective/checkpoints/best.pt...

--- Evaluation Results (Permutation Invariant & Spherical TACOs): ITERATIVE ---
Run Name: avg_arcface_50_50_pit_real_separate_double_objective
Validation Pairs: 10,000
----------------------------------------
L1 Distance (Scaled space): 0.462184
L1 Distance (Raw ArcFace):  0.021370
Cosine Similarity:          0.808444

Saved evaluation results to experiments/avg_arcface_50_50_pit_real_separate_double_objective/eval_iterative.txt
