Loading DiffAE embeddings from: /nas-ctm01/homes/dacordeiro/Face-DM/diffae_embeddings/ffhq256_diffae_zsem.npy
Z-score normalization applied successfully.
--> Saved best checkpoint to experiments/oneshot_diffae_real/checkpoints/best.pt
Epoch 1 | Train Loss: 1.5660 | Val Loss: 1.3821
--> Saved best checkpoint to experiments/oneshot_diffae_real/checkpoints/best.pt
Epoch 2 | Train Loss: 1.3000 | Val Loss: 1.2331
--> Saved best checkpoint to experiments/oneshot_diffae_real/checkpoints/best.pt
Epoch 3 | Train Loss: 1.2106 | Val Loss: 1.1859
--> Saved best checkpoint to experiments/oneshot_diffae_real/checkpoints/best.pt
Epoch 4 | Train Loss: 1.1726 | Val Loss: 1.1608
--> Saved best checkpoint to experiments/oneshot_diffae_real/checkpoints/best.pt
Epoch 5 | Train Loss: 1.1513 | Val Loss: 1.1435
--> Saved best checkpoint to experiments/oneshot_diffae_real/checkpoints/best.pt
Epoch 6 | Train Loss: 1.1373 | Val Loss: 1.1326
--> Saved best checkpoint to experiments/oneshot_diffae_real/checkpoints/best.pt
Epoch 7 | Train Loss: 1.1270 | Val Loss: 1.1242
--> Saved best checkpoint to experiments/oneshot_diffae_real/checkpoints/best.pt
Epoch 8 | Train Loss: 1.1189 | Val Loss: 1.1188
--> Saved best checkpoint to experiments/oneshot_diffae_real/checkpoints/best.pt
Epoch 9 | Train Loss: 1.1133 | Val Loss: 1.1154
Epoch 10 | Train Loss: 1.1078 | Val Loss: 1.1158
--> Saved best checkpoint to experiments/oneshot_diffae_real/checkpoints/best.pt
Epoch 11 | Train Loss: 1.1037 | Val Loss: 1.1088
--> Saved best checkpoint to experiments/oneshot_diffae_real/checkpoints/best.pt
Epoch 12 | Train Loss: 1.0989 | Val Loss: 1.1049
--> Saved best checkpoint to experiments/oneshot_diffae_real/checkpoints/best.pt
Epoch 13 | Train Loss: 1.0949 | Val Loss: 1.1026
--> Saved best checkpoint to experiments/oneshot_diffae_real/checkpoints/best.pt
Epoch 14 | Train Loss: 1.0913 | Val Loss: 1.0993
--> Saved best checkpoint to experiments/oneshot_diffae_real/checkpoints/best.pt
Epoch 15 | Train Loss: 1.0876 | Val Loss: 1.0956
--> Saved best checkpoint to experiments/oneshot_diffae_real/checkpoints/best.pt
Epoch 16 | Train Loss: 1.0842 | Val Loss: 1.0929
--> Saved best checkpoint to experiments/oneshot_diffae_real/checkpoints/best.pt
Epoch 17 | Train Loss: 1.0809 | Val Loss: 1.0920
--> Saved best checkpoint to experiments/oneshot_diffae_real/checkpoints/best.pt
Epoch 18 | Train Loss: 1.0781 | Val Loss: 1.0878
--> Saved best checkpoint to experiments/oneshot_diffae_real/checkpoints/best.pt
Epoch 19 | Train Loss: 1.0749 | Val Loss: 1.0857
--> Saved best checkpoint to experiments/oneshot_diffae_real/checkpoints/best.pt
Epoch 20 | Train Loss: 1.0720 | Val Loss: 1.0824
--> Saved best checkpoint to experiments/oneshot_diffae_real/checkpoints/best.pt
Epoch 21 | Train Loss: 1.0693 | Val Loss: 1.0816
--> Saved best checkpoint to experiments/oneshot_diffae_real/checkpoints/best.pt
Epoch 22 | Train Loss: 1.0668 | Val Loss: 1.0804
--> Saved best checkpoint to experiments/oneshot_diffae_real/checkpoints/best.pt
Epoch 23 | Train Loss: 1.0642 | Val Loss: 1.0779
--> Saved best checkpoint to experiments/oneshot_diffae_real/checkpoints/best.pt
Epoch 24 | Train Loss: 1.0619 | Val Loss: 1.0770
--> Saved best checkpoint to experiments/oneshot_diffae_real/checkpoints/best.pt
Epoch 25 | Train Loss: 1.0597 | Val Loss: 1.0738
--> Saved best checkpoint to experiments/oneshot_diffae_real/checkpoints/best.pt
Epoch 26 | Train Loss: 1.0572 | Val Loss: 1.0726
--> Saved best checkpoint to experiments/oneshot_diffae_real/checkpoints/best.pt
Epoch 27 | Train Loss: 1.0556 | Val Loss: 1.0712
--> Saved best checkpoint to experiments/oneshot_diffae_real/checkpoints/best.pt
Epoch 28 | Train Loss: 1.0530 | Val Loss: 1.0696
--> Saved best checkpoint to experiments/oneshot_diffae_real/checkpoints/best.pt
Epoch 29 | Train Loss: 1.0515 | Val Loss: 1.0678
--> Saved best checkpoint to experiments/oneshot_diffae_real/checkpoints/best.pt
Epoch 30 | Train Loss: 1.0497 | Val Loss: 1.0658
--> Saved best checkpoint to experiments/oneshot_diffae_real/checkpoints/best.pt
Epoch 31 | Train Loss: 1.0476 | Val Loss: 1.0645
--> Saved best checkpoint to experiments/oneshot_diffae_real/checkpoints/best.pt
Epoch 32 | Train Loss: 1.0461 | Val Loss: 1.0639
--> Saved best checkpoint to experiments/oneshot_diffae_real/checkpoints/best.pt
Epoch 33 | Train Loss: 1.0447 | Val Loss: 1.0628
--> Saved best checkpoint to experiments/oneshot_diffae_real/checkpoints/best.pt
Epoch 34 | Train Loss: 1.0433 | Val Loss: 1.0601
--> Saved best checkpoint to experiments/oneshot_diffae_real/checkpoints/best.pt
Epoch 35 | Train Loss: 1.0417 | Val Loss: 1.0592
--> Saved best checkpoint to experiments/oneshot_diffae_real/checkpoints/best.pt
Epoch 36 | Train Loss: 1.0406 | Val Loss: 1.0584
Epoch 37 | Train Loss: 1.0394 | Val Loss: 1.0585
--> Saved best checkpoint to experiments/oneshot_diffae_real/checkpoints/best.pt
Epoch 38 | Train Loss: 1.0386 | Val Loss: 1.0561
--> Saved best checkpoint to experiments/oneshot_diffae_real/checkpoints/best.pt
Epoch 39 | Train Loss: 1.0375 | Val Loss: 1.0554
--> Saved best checkpoint to experiments/oneshot_diffae_real/checkpoints/best.pt
Epoch 40 | Train Loss: 1.0365 | Val Loss: 1.0552
--> Saved best checkpoint to experiments/oneshot_diffae_real/checkpoints/best.pt
Epoch 41 | Train Loss: 1.0359 | Val Loss: 1.0541
--> Saved best checkpoint to experiments/oneshot_diffae_real/checkpoints/best.pt
Epoch 42 | Train Loss: 1.0354 | Val Loss: 1.0535
--> Saved best checkpoint to experiments/oneshot_diffae_real/checkpoints/best.pt
Epoch 43 | Train Loss: 1.0346 | Val Loss: 1.0531
--> Saved best checkpoint to experiments/oneshot_diffae_real/checkpoints/best.pt
Epoch 44 | Train Loss: 1.0342 | Val Loss: 1.0529
--> Saved best checkpoint to experiments/oneshot_diffae_real/checkpoints/best.pt
Epoch 45 | Train Loss: 1.0340 | Val Loss: 1.0525
--> Saved best checkpoint to experiments/oneshot_diffae_real/checkpoints/best.pt
Epoch 46 | Train Loss: 1.0338 | Val Loss: 1.0523
--> Saved best checkpoint to experiments/oneshot_diffae_real/checkpoints/best.pt
Epoch 47 | Train Loss: 1.0332 | Val Loss: 1.0521
--> Saved best checkpoint to experiments/oneshot_diffae_real/checkpoints/best.pt
Epoch 48 | Train Loss: 1.0329 | Val Loss: 1.0521
--> Saved best checkpoint to experiments/oneshot_diffae_real/checkpoints/best.pt
Epoch 49 | Train Loss: 1.0332 | Val Loss: 1.0520
--> Saved best checkpoint to experiments/oneshot_diffae_real/checkpoints/best.pt
Epoch 50 | Train Loss: 1.0330 | Val Loss: 1.0519
Loading DiffAE embeddings for evaluation...
Loading DiffAE embeddings from: /nas-ctm01/homes/dacordeiro/Face-DM/diffae_embeddings/ffhq256_diffae_zsem.npy
Z-score normalization applied successfully.

--- Evaluation Results: ONE-SHOT DIFF-AE (PIT) ---
Run Name: oneshot_diffae_real
Validation Pairs Evaluated: 10000
---------------------------------------------------
Mean L1 Distance:  0.525973
Mean Cosine Similarity: 0.747309

