Epoch 1 | Train Loss: 1.6069 | Val Cheap Loss: 1.2809 | Val Cheap Cosine Sim: 0.5945
Epoch 2 | Train Loss: 1.1868 | Val Cheap Loss: 1.0545 | Val Cheap Cosine Sim: 0.6726
Epoch 3 | Train Loss: 1.0858 | Val Cheap Loss: 1.0104 | Val Cheap Cosine Sim: 0.6870
Epoch 4 | Train Loss: 1.0691 | Val Cheap Loss: 0.9968 | Val Cheap Cosine Sim: 0.6908
Epoch 5 | Train Loss: 1.0417 | Val Cheap Loss: 0.9822 | Val Cheap Cosine Sim: 0.6949
Epoch 6 | Train Loss: 1.0239 | Val Cheap Loss: 0.9649 | Val Cheap Cosine Sim: 0.6995
Epoch 7 | Train Loss: 1.0067 | Val Cheap Loss: 0.9497 | Val Cheap Cosine Sim: 0.7018
Epoch 8 | Train Loss: 0.9862 | Val Cheap Loss: 0.9351 | Val Cheap Cosine Sim: 0.7075
Epoch 9 | Train Loss: 0.9685 | Val Cheap Loss: 0.9300 | Val Cheap Cosine Sim: 0.7096
Epoch 10 | Train Loss: 0.9523 | Val Cheap Loss: 0.9263 | Val Cheap Cosine Sim: 0.7129
Epoch 11 | Train Loss: 0.9371 | Val Cheap Loss: 0.9168 | Val Cheap Cosine Sim: 0.7144
Epoch 12 | Train Loss: 0.9247 | Val Cheap Loss: 0.8976 | Val Cheap Cosine Sim: 0.7195
Epoch 13 | Train Loss: 0.9122 | Val Cheap Loss: 0.8899 | Val Cheap Cosine Sim: 0.7254
Epoch 14 | Train Loss: 0.9007 | Val Cheap Loss: 0.8795 | Val Cheap Cosine Sim: 0.7292
Epoch 15 | Train Loss: 0.8886 | Val Cheap Loss: 0.8719 | Val Cheap Cosine Sim: 0.7328
Epoch 16 | Train Loss: 0.8774 | Val Cheap Loss: 0.8738 | Val Cheap Cosine Sim: 0.7305
 EarlyStopping Counter: 1 out of 20
Epoch 17 | Train Loss: 0.8686 | Val Cheap Loss: 0.8636 | Val Cheap Cosine Sim: 0.7349
Epoch 18 | Train Loss: 0.8610 | Val Cheap Loss: 0.8641 | Val Cheap Cosine Sim: 0.7348
 EarlyStopping Counter: 1 out of 20
Epoch 19 | Train Loss: 0.8543 | Val Cheap Loss: 0.8492 | Val Cheap Cosine Sim: 0.7394
Epoch 20 | Train Loss: 0.8441 | Val Cheap Loss: 0.8469 | Val Cheap Cosine Sim: 0.7411
Epoch 21 | Train Loss: 0.8353 | Val Cheap Loss: 0.8381 | Val Cheap Cosine Sim: 0.7444
Epoch 22 | Train Loss: 0.8290 | Val Cheap Loss: 0.8441 | Val Cheap Cosine Sim: 0.7423
 EarlyStopping Counter: 1 out of 20
Epoch 23 | Train Loss: 0.8224 | Val Cheap Loss: 0.8400 | Val Cheap Cosine Sim: 0.7422
 EarlyStopping Counter: 2 out of 20
Epoch 24 | Train Loss: 0.8163 | Val Cheap Loss: 0.8194 | Val Cheap Cosine Sim: 0.7523
Epoch 25 | Train Loss: 0.8094 | Val Cheap Loss: 0.8254 | Val Cheap Cosine Sim: 0.7486 | Val TACOs MSE: 1.0356
 EarlyStopping Counter: 1 out of 20
Epoch 26 | Train Loss: 0.8038 | Val Cheap Loss: 0.8249 | Val Cheap Cosine Sim: 0.7492
 EarlyStopping Counter: 2 out of 20
Epoch 27 | Train Loss: 0.7980 | Val Cheap Loss: 0.8193 | Val Cheap Cosine Sim: 0.7525
Epoch 28 | Train Loss: 0.7932 | Val Cheap Loss: 0.8132 | Val Cheap Cosine Sim: 0.7539
Epoch 29 | Train Loss: 0.7887 | Val Cheap Loss: 0.8129 | Val Cheap Cosine Sim: 0.7524
Epoch 30 | Train Loss: 0.7822 | Val Cheap Loss: 0.8028 | Val Cheap Cosine Sim: 0.7576
Epoch 31 | Train Loss: 0.7779 | Val Cheap Loss: 0.8243 | Val Cheap Cosine Sim: 0.7509
 EarlyStopping Counter: 1 out of 20
Epoch 32 | Train Loss: 0.7736 | Val Cheap Loss: 0.8091 | Val Cheap Cosine Sim: 0.7553
 EarlyStopping Counter: 2 out of 20
Epoch 33 | Train Loss: 0.7693 | Val Cheap Loss: 0.7974 | Val Cheap Cosine Sim: 0.7594
Epoch 34 | Train Loss: 0.7658 | Val Cheap Loss: 0.8011 | Val Cheap Cosine Sim: 0.7590
 EarlyStopping Counter: 1 out of 20
Epoch 35 | Train Loss: 0.7600 | Val Cheap Loss: 0.8006 | Val Cheap Cosine Sim: 0.7589
 EarlyStopping Counter: 2 out of 20
Epoch 36 | Train Loss: 0.7569 | Val Cheap Loss: 0.7946 | Val Cheap Cosine Sim: 0.7616
Epoch 37 | Train Loss: 0.7530 | Val Cheap Loss: 0.7897 | Val Cheap Cosine Sim: 0.7643
Epoch 38 | Train Loss: 0.7482 | Val Cheap Loss: 0.7868 | Val Cheap Cosine Sim: 0.7654
Epoch 39 | Train Loss: 0.7462 | Val Cheap Loss: 0.7859 | Val Cheap Cosine Sim: 0.7660
Epoch 40 | Train Loss: 0.7404 | Val Cheap Loss: 0.7878 | Val Cheap Cosine Sim: 0.7635
 EarlyStopping Counter: 1 out of 20
Epoch 41 | Train Loss: 0.7391 | Val Cheap Loss: 0.7851 | Val Cheap Cosine Sim: 0.7649
Epoch 42 | Train Loss: 0.7349 | Val Cheap Loss: 0.7824 | Val Cheap Cosine Sim: 0.7673
Epoch 43 | Train Loss: 0.7321 | Val Cheap Loss: 0.7798 | Val Cheap Cosine Sim: 0.7663
Epoch 44 | Train Loss: 0.7288 | Val Cheap Loss: 0.7854 | Val Cheap Cosine Sim: 0.7660
 EarlyStopping Counter: 1 out of 20
Epoch 45 | Train Loss: 0.7253 | Val Cheap Loss: 0.7796 | Val Cheap Cosine Sim: 0.7687
Epoch 46 | Train Loss: 0.7227 | Val Cheap Loss: 0.7832 | Val Cheap Cosine Sim: 0.7660
 EarlyStopping Counter: 1 out of 20
Epoch 47 | Train Loss: 0.7194 | Val Cheap Loss: 0.7838 | Val Cheap Cosine Sim: 0.7639
 EarlyStopping Counter: 2 out of 20
Epoch 48 | Train Loss: 0.7156 | Val Cheap Loss: 0.7812 | Val Cheap Cosine Sim: 0.7670
 EarlyStopping Counter: 3 out of 20
Epoch 49 | Train Loss: 0.7144 | Val Cheap Loss: 0.7743 | Val Cheap Cosine Sim: 0.7696
Epoch 50 | Train Loss: 0.7101 | Val Cheap Loss: 0.7726 | Val Cheap Cosine Sim: 0.7698 | Val TACOs MSE: 0.9034
Epoch 51 | Train Loss: 0.7092 | Val Cheap Loss: 0.7713 | Val Cheap Cosine Sim: 0.7720
Epoch 52 | Train Loss: 0.7054 | Val Cheap Loss: 0.7670 | Val Cheap Cosine Sim: 0.7738
Epoch 53 | Train Loss: 0.7026 | Val Cheap Loss: 0.7687 | Val Cheap Cosine Sim: 0.7730
 EarlyStopping Counter: 1 out of 20
Epoch 54 | Train Loss: 0.7007 | Val Cheap Loss: 0.7678 | Val Cheap Cosine Sim: 0.7720
 EarlyStopping Counter: 2 out of 20
Epoch 55 | Train Loss: 0.6987 | Val Cheap Loss: 0.7716 | Val Cheap Cosine Sim: 0.7694
 EarlyStopping Counter: 3 out of 20
Epoch 56 | Train Loss: 0.6942 | Val Cheap Loss: 0.7679 | Val Cheap Cosine Sim: 0.7727
 EarlyStopping Counter: 4 out of 20
Epoch 57 | Train Loss: 0.6933 | Val Cheap Loss: 0.7582 | Val Cheap Cosine Sim: 0.7768
Epoch 58 | Train Loss: 0.6915 | Val Cheap Loss: 0.7628 | Val Cheap Cosine Sim: 0.7741
 EarlyStopping Counter: 1 out of 20
Epoch 59 | Train Loss: 0.6884 | Val Cheap Loss: 0.7722 | Val Cheap Cosine Sim: 0.7708
 EarlyStopping Counter: 2 out of 20
Epoch 60 | Train Loss: 0.6857 | Val Cheap Loss: 0.7678 | Val Cheap Cosine Sim: 0.7716
 EarlyStopping Counter: 3 out of 20
Epoch 61 | Train Loss: 0.6840 | Val Cheap Loss: 0.7656 | Val Cheap Cosine Sim: 0.7719
 EarlyStopping Counter: 4 out of 20
Epoch 62 | Train Loss: 0.6819 | Val Cheap Loss: 0.7573 | Val Cheap Cosine Sim: 0.7765
Epoch 63 | Train Loss: 0.6798 | Val Cheap Loss: 0.7659 | Val Cheap Cosine Sim: 0.7722
 EarlyStopping Counter: 1 out of 20
Epoch 64 | Train Loss: 0.6772 | Val Cheap Loss: 0.7644 | Val Cheap Cosine Sim: 0.7733
 EarlyStopping Counter: 2 out of 20
Epoch 65 | Train Loss: 0.6768 | Val Cheap Loss: 0.7536 | Val Cheap Cosine Sim: 0.7772
Epoch 66 | Train Loss: 0.6732 | Val Cheap Loss: 0.7555 | Val Cheap Cosine Sim: 0.7793
 EarlyStopping Counter: 1 out of 20
Epoch 67 | Train Loss: 0.6710 | Val Cheap Loss: 0.7628 | Val Cheap Cosine Sim: 0.7746
 EarlyStopping Counter: 2 out of 20
Epoch 68 | Train Loss: 0.6694 | Val Cheap Loss: 0.7584 | Val Cheap Cosine Sim: 0.7779
 EarlyStopping Counter: 3 out of 20
Epoch 69 | Train Loss: 0.6694 | Val Cheap Loss: 0.7681 | Val Cheap Cosine Sim: 0.7740
 EarlyStopping Counter: 4 out of 20
Epoch 70 | Train Loss: 0.6643 | Val Cheap Loss: 0.7605 | Val Cheap Cosine Sim: 0.7749
 EarlyStopping Counter: 5 out of 20
Epoch 71 | Train Loss: 0.6644 | Val Cheap Loss: 0.7585 | Val Cheap Cosine Sim: 0.7769
 EarlyStopping Counter: 6 out of 20
Epoch 72 | Train Loss: 0.6618 | Val Cheap Loss: 0.7544 | Val Cheap Cosine Sim: 0.7781
 EarlyStopping Counter: 7 out of 20
Epoch 73 | Train Loss: 0.6595 | Val Cheap Loss: 0.7587 | Val Cheap Cosine Sim: 0.7774
 EarlyStopping Counter: 8 out of 20
Epoch 74 | Train Loss: 0.6586 | Val Cheap Loss: 0.7572 | Val Cheap Cosine Sim: 0.7775
 EarlyStopping Counter: 9 out of 20
Epoch 75 | Train Loss: 0.6571 | Val Cheap Loss: 0.7555 | Val Cheap Cosine Sim: 0.7777 | Val TACOs MSE: 0.8363
 EarlyStopping Counter: 10 out of 20
Epoch 76 | Train Loss: 0.6559 | Val Cheap Loss: 0.7665 | Val Cheap Cosine Sim: 0.7724
 EarlyStopping Counter: 11 out of 20
Epoch 77 | Train Loss: 0.6533 | Val Cheap Loss: 0.7621 | Val Cheap Cosine Sim: 0.7771
 EarlyStopping Counter: 12 out of 20
Epoch 78 | Train Loss: 0.6518 | Val Cheap Loss: 0.7558 | Val Cheap Cosine Sim: 0.7793
 EarlyStopping Counter: 13 out of 20
Epoch 79 | Train Loss: 0.6497 | Val Cheap Loss: 0.7537 | Val Cheap Cosine Sim: 0.7799
 EarlyStopping Counter: 14 out of 20
Epoch 80 | Train Loss: 0.6489 | Val Cheap Loss: 0.7599 | Val Cheap Cosine Sim: 0.7768
 EarlyStopping Counter: 15 out of 20
Epoch 81 | Train Loss: 0.6452 | Val Cheap Loss: 0.7659 | Val Cheap Cosine Sim: 0.7738
 EarlyStopping Counter: 16 out of 20
Epoch 82 | Train Loss: 0.6455 | Val Cheap Loss: 0.7598 | Val Cheap Cosine Sim: 0.7762
 EarlyStopping Counter: 17 out of 20
Epoch 83 | Train Loss: 0.6432 | Val Cheap Loss: 0.7486 | Val Cheap Cosine Sim: 0.7801
Epoch 84 | Train Loss: 0.6434 | Val Cheap Loss: 0.7498 | Val Cheap Cosine Sim: 0.7799
 EarlyStopping Counter: 1 out of 20
Epoch 85 | Train Loss: 0.6395 | Val Cheap Loss: 0.7547 | Val Cheap Cosine Sim: 0.7782
 EarlyStopping Counter: 2 out of 20
Epoch 86 | Train Loss: 0.6370 | Val Cheap Loss: 0.7506 | Val Cheap Cosine Sim: 0.7800
 EarlyStopping Counter: 3 out of 20
Epoch 87 | Train Loss: 0.6361 | Val Cheap Loss: 0.7538 | Val Cheap Cosine Sim: 0.7797
 EarlyStopping Counter: 4 out of 20
Epoch 88 | Train Loss: 0.6352 | Val Cheap Loss: 0.7627 | Val Cheap Cosine Sim: 0.7756
 EarlyStopping Counter: 5 out of 20
Epoch 89 | Train Loss: 0.6335 | Val Cheap Loss: 0.7590 | Val Cheap Cosine Sim: 0.7769
 EarlyStopping Counter: 6 out of 20
Epoch 90 | Train Loss: 0.6326 | Val Cheap Loss: 0.7497 | Val Cheap Cosine Sim: 0.7806
 EarlyStopping Counter: 7 out of 20
Epoch 91 | Train Loss: 0.6312 | Val Cheap Loss: 0.7514 | Val Cheap Cosine Sim: 0.7797
 EarlyStopping Counter: 8 out of 20
Epoch 92 | Train Loss: 0.6295 | Val Cheap Loss: 0.7476 | Val Cheap Cosine Sim: 0.7826
Epoch 93 | Train Loss: 0.6283 | Val Cheap Loss: 0.7589 | Val Cheap Cosine Sim: 0.7776
 EarlyStopping Counter: 1 out of 20
Epoch 94 | Train Loss: 0.6269 | Val Cheap Loss: 0.7551 | Val Cheap Cosine Sim: 0.7790
 EarlyStopping Counter: 2 out of 20
Epoch 95 | Train Loss: 0.6245 | Val Cheap Loss: 0.7522 | Val Cheap Cosine Sim: 0.7803
 EarlyStopping Counter: 3 out of 20
Epoch 96 | Train Loss: 0.6259 | Val Cheap Loss: 0.7637 | Val Cheap Cosine Sim: 0.7750
 EarlyStopping Counter: 4 out of 20
Epoch 97 | Train Loss: 0.6218 | Val Cheap Loss: 0.7534 | Val Cheap Cosine Sim: 0.7802
 EarlyStopping Counter: 5 out of 20
Epoch 98 | Train Loss: 0.6210 | Val Cheap Loss: 0.7485 | Val Cheap Cosine Sim: 0.7818
 EarlyStopping Counter: 6 out of 20
Epoch 99 | Train Loss: 0.6209 | Val Cheap Loss: 0.7489 | Val Cheap Cosine Sim: 0.7816
 EarlyStopping Counter: 7 out of 20
Epoch 100 | Train Loss: 0.6199 | Val Cheap Loss: 0.7523 | Val Cheap Cosine Sim: 0.7815 | Val TACOs MSE: 0.8107
 EarlyStopping Counter: 8 out of 20
Epoch 101 | Train Loss: 0.6173 | Val Cheap Loss: 0.7454 | Val Cheap Cosine Sim: 0.7837
Epoch 102 | Train Loss: 0.6157 | Val Cheap Loss: 0.7464 | Val Cheap Cosine Sim: 0.7828
 EarlyStopping Counter: 1 out of 20
Epoch 103 | Train Loss: 0.6151 | Val Cheap Loss: 0.7504 | Val Cheap Cosine Sim: 0.7817
 EarlyStopping Counter: 2 out of 20
Epoch 104 | Train Loss: 0.6139 | Val Cheap Loss: 0.7533 | Val Cheap Cosine Sim: 0.7813
 EarlyStopping Counter: 3 out of 20
Epoch 105 | Train Loss: 0.6134 | Val Cheap Loss: 0.7450 | Val Cheap Cosine Sim: 0.7837
Epoch 106 | Train Loss: 0.6118 | Val Cheap Loss: 0.7524 | Val Cheap Cosine Sim: 0.7837
 EarlyStopping Counter: 1 out of 20
Epoch 107 | Train Loss: 0.6097 | Val Cheap Loss: 0.7509 | Val Cheap Cosine Sim: 0.7809
 EarlyStopping Counter: 2 out of 20
Epoch 108 | Train Loss: 0.6086 | Val Cheap Loss: 0.7499 | Val Cheap Cosine Sim: 0.7811
 EarlyStopping Counter: 3 out of 20
Epoch 109 | Train Loss: 0.6067 | Val Cheap Loss: 0.7490 | Val Cheap Cosine Sim: 0.7827
 EarlyStopping Counter: 4 out of 20
Epoch 110 | Train Loss: 0.6070 | Val Cheap Loss: 0.7471 | Val Cheap Cosine Sim: 0.7839
 EarlyStopping Counter: 5 out of 20
Epoch 111 | Train Loss: 0.6042 | Val Cheap Loss: 0.7479 | Val Cheap Cosine Sim: 0.7830
 EarlyStopping Counter: 6 out of 20
Epoch 112 | Train Loss: 0.6034 | Val Cheap Loss: 0.7528 | Val Cheap Cosine Sim: 0.7797
 EarlyStopping Counter: 7 out of 20
Epoch 113 | Train Loss: 0.6032 | Val Cheap Loss: 0.7491 | Val Cheap Cosine Sim: 0.7825
 EarlyStopping Counter: 8 out of 20
Epoch 114 | Train Loss: 0.6023 | Val Cheap Loss: 0.7556 | Val Cheap Cosine Sim: 0.7810
 EarlyStopping Counter: 9 out of 20
Epoch 115 | Train Loss: 0.6010 | Val Cheap Loss: 0.7488 | Val Cheap Cosine Sim: 0.7828
 EarlyStopping Counter: 10 out of 20
Epoch 116 | Train Loss: 0.5988 | Val Cheap Loss: 0.7460 | Val Cheap Cosine Sim: 0.7836
 EarlyStopping Counter: 11 out of 20
Epoch 117 | Train Loss: 0.5982 | Val Cheap Loss: 0.7522 | Val Cheap Cosine Sim: 0.7808
 EarlyStopping Counter: 12 out of 20
Epoch 118 | Train Loss: 0.5980 | Val Cheap Loss: 0.7495 | Val Cheap Cosine Sim: 0.7833
 EarlyStopping Counter: 13 out of 20
Epoch 119 | Train Loss: 0.5968 | Val Cheap Loss: 0.7466 | Val Cheap Cosine Sim: 0.7851
 EarlyStopping Counter: 14 out of 20
Epoch 120 | Train Loss: 0.5944 | Val Cheap Loss: 0.7427 | Val Cheap Cosine Sim: 0.7856
Epoch 121 | Train Loss: 0.5939 | Val Cheap Loss: 0.7509 | Val Cheap Cosine Sim: 0.7829
 EarlyStopping Counter: 1 out of 20
Epoch 122 | Train Loss: 0.5919 | Val Cheap Loss: 0.7558 | Val Cheap Cosine Sim: 0.7816
 EarlyStopping Counter: 2 out of 20
Epoch 123 | Train Loss: 0.5929 | Val Cheap Loss: 0.7567 | Val Cheap Cosine Sim: 0.7812
 EarlyStopping Counter: 3 out of 20
Epoch 124 | Train Loss: 0.5905 | Val Cheap Loss: 0.7544 | Val Cheap Cosine Sim: 0.7819
 EarlyStopping Counter: 4 out of 20
Epoch 125 | Train Loss: 0.5899 | Val Cheap Loss: 0.7529 | Val Cheap Cosine Sim: 0.7823 | Val TACOs MSE: 0.8144
 EarlyStopping Counter: 5 out of 20
Epoch 126 | Train Loss: 0.5896 | Val Cheap Loss: 0.7547 | Val Cheap Cosine Sim: 0.7820
 EarlyStopping Counter: 6 out of 20
Epoch 127 | Train Loss: 0.5873 | Val Cheap Loss: 0.7464 | Val Cheap Cosine Sim: 0.7848
 EarlyStopping Counter: 7 out of 20
Epoch 128 | Train Loss: 0.5877 | Val Cheap Loss: 0.7532 | Val Cheap Cosine Sim: 0.7819
 EarlyStopping Counter: 8 out of 20
Epoch 129 | Train Loss: 0.5848 | Val Cheap Loss: 0.7568 | Val Cheap Cosine Sim: 0.7814
 EarlyStopping Counter: 9 out of 20
Epoch 130 | Train Loss: 0.5839 | Val Cheap Loss: 0.7433 | Val Cheap Cosine Sim: 0.7853
 EarlyStopping Counter: 10 out of 20
Epoch 131 | Train Loss: 0.5836 | Val Cheap Loss: 0.7451 | Val Cheap Cosine Sim: 0.7859
 EarlyStopping Counter: 11 out of 20
Epoch 132 | Train Loss: 0.5832 | Val Cheap Loss: 0.7485 | Val Cheap Cosine Sim: 0.7846
 EarlyStopping Counter: 12 out of 20
Epoch 133 | Train Loss: 0.5814 | Val Cheap Loss: 0.7445 | Val Cheap Cosine Sim: 0.7849
 EarlyStopping Counter: 13 out of 20
Epoch 134 | Train Loss: 0.5811 | Val Cheap Loss: 0.7438 | Val Cheap Cosine Sim: 0.7858
 EarlyStopping Counter: 14 out of 20
Epoch 135 | Train Loss: 0.5807 | Val Cheap Loss: 0.7471 | Val Cheap Cosine Sim: 0.7851
 EarlyStopping Counter: 15 out of 20
Epoch 136 | Train Loss: 0.5772 | Val Cheap Loss: 0.7516 | Val Cheap Cosine Sim: 0.7843
 EarlyStopping Counter: 16 out of 20
Epoch 137 | Train Loss: 0.5786 | Val Cheap Loss: 0.7610 | Val Cheap Cosine Sim: 0.7806
 EarlyStopping Counter: 17 out of 20
Epoch 138 | Train Loss: 0.5766 | Val Cheap Loss: 0.7552 | Val Cheap Cosine Sim: 0.7833
 EarlyStopping Counter: 18 out of 20
Epoch 139 | Train Loss: 0.5759 | Val Cheap Loss: 0.7479 | Val Cheap Cosine Sim: 0.7851
 EarlyStopping Counter: 19 out of 20
Epoch 140 | Train Loss: 0.5757 | Val Cheap Loss: 0.7498 | Val Cheap Cosine Sim: 0.7854
 EarlyStopping Counter: 20 out of 20

[EARLY STOPPING TRIGGERED] Validation profile plateaued for 20 epochs. Terminating run.

--- Evaluation Results: ONE_SHOT ---
Run Name: arcface_baseline_mse_scaled_scheduledSpread
----------------------------------------
[1. Prediction to Ground-Truth Alignment]
  - Embedding 1 -> MSE Distance: 0.337011 | Cosine Similarity: 0.823377
  - Embedding 2 -> MSE Distance: 0.337011 | Cosine Similarity: 0.823217

[2. Proximity to True Average Mixture (c)]
  - Predicted 1 to c -> MSE Distance: 0.364304 | Cosine Similarity: 0.772117
  - Baseline GT 1 to c -> MSE Distance: 0.464507 | Cosine Similarity: 0.731004
  - Predicted 2 to c -> MSE Distance: 0.364304 | Cosine Similarity: 0.771519
  - Baseline GT 2 to c -> MSE Distance: 0.464507 | Cosine Similarity: 0.731004

[3. Predicted Outputs Inter-Relationship / Spread]
  - Inter-Predicted (p1 vs p2) -> MSE: 1.457217 | Cosine Similarity: 0.197015
  - Inter-Ground-Truth (z1 vs z2) -> MSE: 1.858027 | Cosine Similarity: 0.070986

[4. Success Rate of Reversal (%S)]
  - Embedding 1 -> %S1: 75.80%
  - Embedding 2 -> %S2: 75.90%
  - Combined Total -> %S: 75.85%


--- Evaluation Results: ITERATIVE ---
Run Name: arcface_baseline_mse_scaled_scheduledSpread
----------------------------------------
[1. Prediction to Ground-Truth Alignment]
  - Embedding 1 -> MSE Distance: 0.402161 | Cosine Similarity: 0.786581
  - Embedding 2 -> MSE Distance: 0.402161 | Cosine Similarity: 0.787158

[2. Proximity to True Average Mixture (c)]
  - Predicted 1 to c -> MSE Distance: 0.290006 | Cosine Similarity: 0.808338
  - Baseline GT 1 to c -> MSE Distance: 0.464507 | Cosine Similarity: 0.731004
  - Predicted 2 to c -> MSE Distance: 0.290006 | Cosine Similarity: 0.809400
  - Baseline GT 2 to c -> MSE Distance: 0.464507 | Cosine Similarity: 0.731004

[3. Predicted Outputs Inter-Relationship / Spread]
  - Inter-Predicted (p1 vs p2) -> MSE: 1.160024 | Cosine Similarity: 0.330089
  - Inter-Ground-Truth (z1 vs z2) -> MSE: 1.858027 | Cosine Similarity: 0.070986

[4. Success Rate of Reversal (%S)]
  - Embedding 1 -> %S1: 52.80%
  - Embedding 2 -> %S2: 50.60%
  - Combined Total -> %S: 51.70%

