
--- Evaluation Results: ONE_SHOT ---
Run Name: diffae_spreadLoss0.1
----------------------------------------
[1. Prediction to Ground-Truth Alignment]
  - Embedding 1 -> L1 Distance: 0.613981 | Cosine Similarity: 0.485127
  - Embedding 2 -> L1 Distance: 0.613981 | Cosine Similarity: 0.488411

[2. Proximity to True Average Mixture (c)]
  - Predicted 1 to c -> L1 Distance: 0.268424 | Cosine Similarity: 0.662365
  - Baseline GT 1 to c -> L1 Distance: 0.562880 | Cosine Similarity: 0.704848
  - Predicted 2 to c -> L1 Distance: 0.268424 | Cosine Similarity: 0.666949
  - Baseline GT 2 to c -> L1 Distance: 0.562880 | Cosine Similarity: 0.704571

[3. Predicted Outputs Inter-Relationship / Spread]
  - Inter-Predicted (p1 vs p2) -> L1: 0.536848 | Cosine Similarity: -0.082285
  - Inter-Ground-Truth (z1 vs z2) -> L1: 1.125759 | Cosine Similarity: -0.002203

[4. Success Rate of Reversal (%S)]
  - Embedding 1 -> %S1: 0.00%
  - Embedding 2 -> %S2: 0.00%
  - Combined Total -> %S: 0.00%


--- Evaluation Results: ITERATIVE ---
Run Name: diffae_spreadLoss0.1
----------------------------------------
[1. Prediction to Ground-Truth Alignment]
  - Embedding 1 -> L1 Distance: 0.659015 | Cosine Similarity: 0.424296
  - Embedding 2 -> L1 Distance: 0.659015 | Cosine Similarity: 0.431110

[2. Proximity to True Average Mixture (c)]
  - Predicted 1 to c -> L1 Distance: 0.359870 | Cosine Similarity: 0.580766
  - Baseline GT 1 to c -> L1 Distance: 0.562880 | Cosine Similarity: 0.704848
  - Predicted 2 to c -> L1 Distance: 0.359870 | Cosine Similarity: 0.590122
  - Baseline GT 2 to c -> L1 Distance: 0.562880 | Cosine Similarity: 0.704571

[3. Predicted Outputs Inter-Relationship / Spread]
  - Inter-Predicted (p1 vs p2) -> L1: 0.719741 | Cosine Similarity: -0.265829
  - Inter-Ground-Truth (z1 vs z2) -> L1: 1.125759 | Cosine Similarity: -0.002203

[4. Success Rate of Reversal (%S)]
  - Embedding 1 -> %S1: 0.10%
  - Embedding 2 -> %S2: 0.00%
  - Combined Total -> %S: 0.05%

