Size of train: 29000 source images, 30000 pairs
Size of test: 1000 source images, 1000 pairs
Size of test: 1000 source images, 1000 pairs
Setting up [LPIPS] perceptual loss: trunk [alex], v[0.1], spatial [off]
Loading model from: /nas-ctm01/homes/dacordeiro/.conda/envs/test/lib/python3.10/site-packages/lpips/weights/v0.1/alex.pth

--- Iterative Evaluation Metrics (Entire Validation Set) ---
Total Evaluated: 1000
LPIPS Alignment Swap Rate: 13.60%
SSIM Bright: 0.7967
SSIM Dark: 0.7579
PSNR Bright: 21.3725
PSNR Dark: 21.3586
LPIPS Bright: 0.0581
LPIPS Dark: 0.0702

Size of test: 1000 source images, 1000 pairs
Setting up [LPIPS] perceptual loss: trunk [alex], v[0.1], spatial [off]
Loading model from: /nas-ctm01/homes/dacordeiro/.conda/envs/test/lib/python3.10/site-packages/lpips/weights/v0.1/alex.pth

--- One-Shot Evaluation Metrics (Entire Validation Set) ---
Total Evaluated: 1000
LPIPS Alignment Swap Rate: 10.30%
SSIM Bright: 0.7810
SSIM Dark: 0.7467
PSNR Bright: 21.0104
PSNR Dark: 21.0123
LPIPS Bright: 0.0645
LPIPS Dark: 0.0695

[1;34mwandb[0m: 
[1;34mwandb[0m: 🚀 View run [33mfaces_baseline_varPres[0m at: [34mhttps://wandb.ai/davcordeiro03-inesc-tec/Face-DM/runs/tspxxq6d[0m
[1;34mwandb[0m: Find logs at: [1;35mwandb/run-20260606_094510-tspxxq6d/logs[0m
