Epoch 1 | Train Loss: 0.6538 | Val Noise Loss: 0.4367
Epoch 2 | Train Loss: 0.3310 | Val Noise Loss: 0.2643
Epoch 3 | Train Loss: 0.2405 | Val Noise Loss: 0.2212
Epoch 4 | Train Loss: 0.2161 | Val Noise Loss: 0.2099
Epoch 5 | Train Loss: 0.2034 | Val Noise Loss: 0.2061 | Val DDIM L1: 2.4361
Epoch 6 | Train Loss: 0.1942 | Val Noise Loss: 0.1913
Epoch 7 | Train Loss: 0.1865 | Val Noise Loss: 0.1829
Epoch 8 | Train Loss: 0.1807 | Val Noise Loss: 0.1782
Epoch 9 | Train Loss: 0.1751 | Val Noise Loss: 0.1720
Epoch 10 | Train Loss: 0.1709 | Val Noise Loss: 0.1696 | Val DDIM L1: 1.7779
Epoch 11 | Train Loss: 0.1669 | Val Noise Loss: 0.1656
Epoch 12 | Train Loss: 0.1642 | Val Noise Loss: 0.1626
Epoch 13 | Train Loss: 0.1610 | Val Noise Loss: 0.1592
Epoch 14 | Train Loss: 0.1583 | Val Noise Loss: 0.1561
Epoch 15 | Train Loss: 0.1560 | Val Noise Loss: 0.1547 | Val DDIM L1: 1.6224
Epoch 16 | Train Loss: 0.1540 | Val Noise Loss: 0.1519
Epoch 17 | Train Loss: 0.1520 | Val Noise Loss: 0.1501
Epoch 18 | Train Loss: 0.1503 | Val Noise Loss: 0.1499
Epoch 19 | Train Loss: 0.1489 | Val Noise Loss: 0.1491
Epoch 20 | Train Loss: 0.1474 | Val Noise Loss: 0.1418 | Val DDIM L1: 1.5666
Epoch 21 | Train Loss: 0.1459 | Val Noise Loss: 0.1445
Epoch 22 | Train Loss: 0.1448 | Val Noise Loss: 0.1449
Epoch 23 | Train Loss: 0.1434 | Val Noise Loss: 0.1480
Epoch 24 | Train Loss: 0.1426 | Val Noise Loss: 0.1426
Epoch 25 | Train Loss: 0.1417 | Val Noise Loss: 0.1421 | Val DDIM L1: 1.5393
Epoch 26 | Train Loss: 0.1405 | Val Noise Loss: 0.1411
Epoch 27 | Train Loss: 0.1400 | Val Noise Loss: 0.1401
Epoch 28 | Train Loss: 0.1393 | Val Noise Loss: 0.1373
Epoch 29 | Train Loss: 0.1382 | Val Noise Loss: 0.1380
Epoch 30 | Train Loss: 0.1376 | Val Noise Loss: 0.1355 | Val DDIM L1: 1.5111
Epoch 31 | Train Loss: 0.1369 | Val Noise Loss: 0.1372
Epoch 32 | Train Loss: 0.1364 | Val Noise Loss: 0.1366
Epoch 33 | Train Loss: 0.1357 | Val Noise Loss: 0.1375
Epoch 34 | Train Loss: 0.1353 | Val Noise Loss: 0.1365
Epoch 35 | Train Loss: 0.1347 | Val Noise Loss: 0.1337 | Val DDIM L1: 1.5052
Epoch 36 | Train Loss: 0.1344 | Val Noise Loss: 0.1333
Epoch 37 | Train Loss: 0.1337 | Val Noise Loss: 0.1363
Epoch 38 | Train Loss: 0.1332 | Val Noise Loss: 0.1346
Epoch 39 | Train Loss: 0.1327 | Val Noise Loss: 0.1333
Epoch 40 | Train Loss: 0.1324 | Val Noise Loss: 0.1337 | Val DDIM L1: 1.4921
Epoch 41 | Train Loss: 0.1320 | Val Noise Loss: 0.1324
Epoch 42 | Train Loss: 0.1314 | Val Noise Loss: 0.1309
Epoch 43 | Train Loss: 0.1312 | Val Noise Loss: 0.1318
Epoch 44 | Train Loss: 0.1310 | Val Noise Loss: 0.1338
Epoch 45 | Train Loss: 0.1303 | Val Noise Loss: 0.1312 | Val DDIM L1: 1.4933
Epoch 46 | Train Loss: 0.1301 | Val Noise Loss: 0.1323
Epoch 47 | Train Loss: 0.1300 | Val Noise Loss: 0.1285
Epoch 48 | Train Loss: 0.1294 | Val Noise Loss: 0.1307
Epoch 49 | Train Loss: 0.1292 | Val Noise Loss: 0.1300
Epoch 50 | Train Loss: 0.1290 | Val Noise Loss: 0.1297 | Val DDIM L1: 1.4742
Epoch 51 | Train Loss: 0.1286 | Val Noise Loss: 0.1304
Epoch 52 | Train Loss: 0.1284 | Val Noise Loss: 0.1307
Epoch 53 | Train Loss: 0.1281 | Val Noise Loss: 0.1287
Epoch 54 | Train Loss: 0.1280 | Val Noise Loss: 0.1292
Epoch 55 | Train Loss: 0.1279 | Val Noise Loss: 0.1295 | Val DDIM L1: 1.4638
Epoch 56 | Train Loss: 0.1275 | Val Noise Loss: 0.1289
Epoch 57 | Train Loss: 0.1272 | Val Noise Loss: 0.1278
Epoch 58 | Train Loss: 0.1270 | Val Noise Loss: 0.1268
Epoch 59 | Train Loss: 0.1268 | Val Noise Loss: 0.1299
Epoch 60 | Train Loss: 0.1263 | Val Noise Loss: 0.1284 | Val DDIM L1: 1.4648
Epoch 61 | Train Loss: 0.1262 | Val Noise Loss: 0.1281
Epoch 62 | Train Loss: 0.1260 | Val Noise Loss: 0.1280
Epoch 63 | Train Loss: 0.1258 | Val Noise Loss: 0.1288
Epoch 64 | Train Loss: 0.1254 | Val Noise Loss: 0.1266
Epoch 65 | Train Loss: 0.1253 | Val Noise Loss: 0.1274 | Val DDIM L1: 1.4533
Epoch 66 | Train Loss: 0.1252 | Val Noise Loss: 0.1269
Epoch 67 | Train Loss: 0.1250 | Val Noise Loss: 0.1271
Epoch 68 | Train Loss: 0.1251 | Val Noise Loss: 0.1258
Epoch 69 | Train Loss: 0.1246 | Val Noise Loss: 0.1259
Epoch 70 | Train Loss: 0.1244 | Val Noise Loss: 0.1250 | Val DDIM L1: 1.4468
Epoch 71 | Train Loss: 0.1245 | Val Noise Loss: 0.1277
Epoch 72 | Train Loss: 0.1240 | Val Noise Loss: 0.1272
Epoch 73 | Train Loss: 0.1241 | Val Noise Loss: 0.1270
Epoch 74 | Train Loss: 0.1238 | Val Noise Loss: 0.1264
Epoch 75 | Train Loss: 0.1236 | Val Noise Loss: 0.1246 | Val DDIM L1: 1.4491
Epoch 76 | Train Loss: 0.1234 | Val Noise Loss: 0.1243
Epoch 77 | Train Loss: 0.1234 | Val Noise Loss: 0.1267
Epoch 78 | Train Loss: 0.1231 | Val Noise Loss: 0.1215
Epoch 79 | Train Loss: 0.1230 | Val Noise Loss: 0.1242
Epoch 80 | Train Loss: 0.1228 | Val Noise Loss: 0.1256 | Val DDIM L1: 1.4397
Epoch 81 | Train Loss: 0.1228 | Val Noise Loss: 0.1250
Epoch 82 | Train Loss: 0.1225 | Val Noise Loss: 0.1254
Epoch 83 | Train Loss: 0.1222 | Val Noise Loss: 0.1253
Epoch 84 | Train Loss: 0.1223 | Val Noise Loss: 0.1252
Epoch 85 | Train Loss: 0.1220 | Val Noise Loss: 0.1254 | Val DDIM L1: 1.4175
Epoch 86 | Train Loss: 0.1219 | Val Noise Loss: 0.1247
Epoch 87 | Train Loss: 0.1217 | Val Noise Loss: 0.1250
Epoch 88 | Train Loss: 0.1215 | Val Noise Loss: 0.1256
Epoch 89 | Train Loss: 0.1215 | Val Noise Loss: 0.1259
Epoch 90 | Train Loss: 0.1213 | Val Noise Loss: 0.1239 | Val DDIM L1: 1.4310
Epoch 91 | Train Loss: 0.1211 | Val Noise Loss: 0.1240
Epoch 92 | Train Loss: 0.1209 | Val Noise Loss: 0.1266
Epoch 93 | Train Loss: 0.1207 | Val Noise Loss: 0.1243
Epoch 94 | Train Loss: 0.1209 | Val Noise Loss: 0.1238
Epoch 95 | Train Loss: 0.1207 | Val Noise Loss: 0.1240 | Val DDIM L1: 1.4263
Epoch 96 | Train Loss: 0.1205 | Val Noise Loss: 0.1247
Epoch 97 | Train Loss: 0.1204 | Val Noise Loss: 0.1234
Epoch 98 | Train Loss: 0.1201 | Val Noise Loss: 0.1232
Epoch 99 | Train Loss: 0.1201 | Val Noise Loss: 0.1229
Epoch 100 | Train Loss: 0.1200 | Val Noise Loss: 0.1240 | Val DDIM L1: 1.4046

--- Evaluation Results: DDIM (100 Steps) ---
Run Name: diffae_hot_latent_ddim
----------------------------------------
Base Reference Angular Properties:
  - CosSim(True Baseline z1, True Baseline z2): 0.001672
  - CosSim(True Baseline z1, Average mixture c): 0.706191
  - CosSim(True Baseline z2, Average mixture c): 0.705891

[Embedding 1 Performance Alignment]
  - L1 Distance:                       0.716569
  - Cosine Similarity to Target:       0.583100

[Embedding 2 Performance Alignment]
  - L1 Distance:                       0.716519
  - Cosine Similarity to Target:       0.582578

Generated Outputs Inter-Relationship:
  - CosSim(Aligned Pred z1, Aligned Pred z2):  0.034628

