Loading data...
Epoch 001 | train_loss: 1.6031 | train_l1: 0.9793 | train_cos: 0.6309 | train_success: 0.0000 | val_mse: 1.5037 | val_l1: 0.9476 | val_cos: 0.6576 | val_success: 0.0000
Epoch 002 | train_loss: 1.4741 | train_l1: 0.9292 | train_cos: 0.6522 | train_success: 0.0868 | val_mse: 1.4966 | val_l1: 0.9452 | val_cos: 0.6585 | val_success: 0.0000
Epoch 003 | train_loss: 1.3221 | train_l1: 0.8697 | train_cos: 0.6774 | train_success: 0.2417 | val_mse: 1.4969 | val_l1: 0.9454 | val_cos: 0.6584 | val_success: 0.0000
Epoch 004 | train_loss: 1.2809 | train_l1: 0.8540 | train_cos: 0.6864 | train_success: 0.3199 | val_mse: 1.4997 | val_l1: 0.9464 | val_cos: 0.6580 | val_success: 0.0000
Epoch 005 | train_loss: 1.2078 | train_l1: 0.8287 | train_cos: 0.6980 | train_success: 0.3456 | val_mse: 1.5072 | val_l1: 0.9482 | val_cos: 0.6571 | val_success: 0.0000
Epoch 006 | train_loss: 1.1191 | train_l1: 0.7951 | train_cos: 0.7138 | train_success: 0.4277 | val_mse: 1.5024 | val_l1: 0.9468 | val_cos: 0.6577 | val_success: 0.0000
Epoch 007 | train_loss: 1.0936 | train_l1: 0.7857 | train_cos: 0.7174 | train_success: 0.4516 | val_mse: 1.4994 | val_l1: 0.9461 | val_cos: 0.6581 | val_success: 0.0000
Epoch 008 | train_loss: 1.0864 | train_l1: 0.7827 | train_cos: 0.7188 | train_success: 0.4607 | val_mse: 1.4965 | val_l1: 0.9452 | val_cos: 0.6584 | val_success: 0.0000
Epoch 009 | train_loss: 1.0812 | train_l1: 0.7813 | train_cos: 0.7197 | train_success: 0.4557 | val_mse: 1.4932 | val_l1: 0.9442 | val_cos: 0.6588 | val_success: 0.0000
Epoch 010 | train_loss: 1.0638 | train_l1: 0.7756 | train_cos: 0.7217 | train_success: 0.4660 | val_mse: 1.4912 | val_l1: 0.9435 | val_cos: 0.6591 | val_success: 0.0000
Epoch 011 | train_loss: 1.0768 | train_l1: 0.7797 | train_cos: 0.7198 | train_success: 0.4566 | val_mse: 1.4892 | val_l1: 0.9429 | val_cos: 0.6593 | val_success: 0.0000
Epoch 012 | train_loss: 1.0588 | train_l1: 0.7737 | train_cos: 0.7225 | train_success: 0.4685 | val_mse: 1.4879 | val_l1: 0.9424 | val_cos: 0.6595 | val_success: 0.0000
Epoch 013 | train_loss: 1.0653 | train_l1: 0.7756 | train_cos: 0.7218 | train_success: 0.4613 | val_mse: 1.4860 | val_l1: 0.9418 | val_cos: 0.6597 | val_success: 0.0000
Epoch 014 | train_loss: 1.0525 | train_l1: 0.7710 | train_cos: 0.7241 | train_success: 0.4698 | val_mse: 1.4846 | val_l1: 0.9412 | val_cos: 0.6600 | val_success: 0.0000
Epoch 015 | train_loss: 1.0441 | train_l1: 0.7686 | train_cos: 0.7255 | train_success: 0.4725 | val_mse: 1.4823 | val_l1: 0.9405 | val_cos: 0.6603 | val_success: 0.0000
Epoch 016 | train_loss: 1.0337 | train_l1: 0.7637 | train_cos: 0.7281 | train_success: 0.4921 | val_mse: 1.4816 | val_l1: 0.9402 | val_cos: 0.6603 | val_success: 0.0000
Epoch 017 | train_loss: 1.0318 | train_l1: 0.7633 | train_cos: 0.7277 | train_success: 0.4863 | val_mse: 1.4785 | val_l1: 0.9392 | val_cos: 0.6608 | val_success: 0.0000
Epoch 018 | train_loss: 1.0430 | train_l1: 0.7669 | train_cos: 0.7258 | train_success: 0.4745 | val_mse: 1.4741 | val_l1: 0.9377 | val_cos: 0.6613 | val_success: 0.0000
Epoch 019 | train_loss: 1.0238 | train_l1: 0.7608 | train_cos: 0.7286 | train_success: 0.4820 | val_mse: 1.4696 | val_l1: 0.9361 | val_cos: 0.6619 | val_success: 0.0000
Epoch 020 | train_loss: 1.0219 | train_l1: 0.7597 | train_cos: 0.7293 | train_success: 0.4846 | val_mse: 1.4681 | val_l1: 0.9356 | val_cos: 0.6622 | val_success: 0.0000
Epoch 021 | train_loss: 1.0253 | train_l1: 0.7610 | train_cos: 0.7284 | train_success: 0.4850 | val_mse: 1.4657 | val_l1: 0.9347 | val_cos: 0.6625 | val_success: 0.0000
Epoch 022 | train_loss: 1.0141 | train_l1: 0.7567 | train_cos: 0.7296 | train_success: 0.4942 | val_mse: 1.4624 | val_l1: 0.9335 | val_cos: 0.6629 | val_success: 0.0000
Epoch 023 | train_loss: 1.0017 | train_l1: 0.7530 | train_cos: 0.7334 | train_success: 0.5017 | val_mse: 1.4602 | val_l1: 0.9328 | val_cos: 0.6633 | val_success: 0.0000
Epoch 024 | train_loss: 1.0053 | train_l1: 0.7537 | train_cos: 0.7320 | train_success: 0.5012 | val_mse: 1.4563 | val_l1: 0.9314 | val_cos: 0.6638 | val_success: 0.0000
Epoch 025 | train_loss: 0.9966 | train_l1: 0.7510 | train_cos: 0.7346 | train_success: 0.5078 | val_mse: 1.4533 | val_l1: 0.9303 | val_cos: 0.6642 | val_success: 0.0000
Epoch 026 | train_loss: 1.0021 | train_l1: 0.7528 | train_cos: 0.7329 | train_success: 0.4995 | val_mse: 1.4495 | val_l1: 0.9290 | val_cos: 0.6648 | val_success: 0.0000
Epoch 027 | train_loss: 0.9906 | train_l1: 0.7491 | train_cos: 0.7350 | train_success: 0.5061 | val_mse: 1.4461 | val_l1: 0.9277 | val_cos: 0.6652 | val_success: 0.0000
Epoch 028 | train_loss: 0.9919 | train_l1: 0.7491 | train_cos: 0.7336 | train_success: 0.5087 | val_mse: 1.4420 | val_l1: 0.9263 | val_cos: 0.6658 | val_success: 0.0000
Epoch 029 | train_loss: 0.9826 | train_l1: 0.7462 | train_cos: 0.7354 | train_success: 0.5166 | val_mse: 1.4402 | val_l1: 0.9256 | val_cos: 0.6661 | val_success: 0.0000
Epoch 030 | train_loss: 0.9790 | train_l1: 0.7444 | train_cos: 0.7371 | train_success: 0.5211 | val_mse: 1.4352 | val_l1: 0.9238 | val_cos: 0.6668 | val_success: 0.0000
Epoch 031 | train_loss: 0.9841 | train_l1: 0.7468 | train_cos: 0.7354 | train_success: 0.5066 | val_mse: 1.4296 | val_l1: 0.9219 | val_cos: 0.6676 | val_success: 0.0000
Epoch 032 | train_loss: 0.9808 | train_l1: 0.7457 | train_cos: 0.7368 | train_success: 0.5108 | val_mse: 1.4251 | val_l1: 0.9203 | val_cos: 0.6682 | val_success: 0.0000
Epoch 033 | train_loss: 0.9681 | train_l1: 0.7407 | train_cos: 0.7380 | train_success: 0.5202 | val_mse: 1.4200 | val_l1: 0.9184 | val_cos: 0.6689 | val_success: 0.0000
Epoch 034 | train_loss: 0.9634 | train_l1: 0.7398 | train_cos: 0.7388 | train_success: 0.5161 | val_mse: 1.4158 | val_l1: 0.9168 | val_cos: 0.6697 | val_success: 0.0000
Epoch 035 | train_loss: 0.9611 | train_l1: 0.7383 | train_cos: 0.7398 | train_success: 0.5219 | val_mse: 1.4105 | val_l1: 0.9148 | val_cos: 0.6704 | val_success: 0.0000
Epoch 036 | train_loss: 0.9545 | train_l1: 0.7362 | train_cos: 0.7405 | train_success: 0.5258 | val_mse: 1.4084 | val_l1: 0.9141 | val_cos: 0.6707 | val_success: 0.0005
Epoch 037 | train_loss: 0.9571 | train_l1: 0.7372 | train_cos: 0.7388 | train_success: 0.5169 | val_mse: 1.4033 | val_l1: 0.9122 | val_cos: 0.6715 | val_success: 0.0010
Epoch 038 | train_loss: 0.9381 | train_l1: 0.7302 | train_cos: 0.7425 | train_success: 0.5335 | val_mse: 1.4012 | val_l1: 0.9115 | val_cos: 0.6718 | val_success: 0.0020
Epoch 039 | train_loss: 0.9369 | train_l1: 0.7297 | train_cos: 0.7433 | train_success: 0.5305 | val_mse: 1.3966 | val_l1: 0.9097 | val_cos: 0.6724 | val_success: 0.0025
Epoch 040 | train_loss: 0.9375 | train_l1: 0.7301 | train_cos: 0.7419 | train_success: 0.5258 | val_mse: 1.3938 | val_l1: 0.9086 | val_cos: 0.6729 | val_success: 0.0035
Epoch 041 | train_loss: 0.9497 | train_l1: 0.7346 | train_cos: 0.7398 | train_success: 0.5152 | val_mse: 1.3894 | val_l1: 0.9072 | val_cos: 0.6735 | val_success: 0.0054
Epoch 042 | train_loss: 0.9313 | train_l1: 0.7278 | train_cos: 0.7436 | train_success: 0.5349 | val_mse: 1.3863 | val_l1: 0.9062 | val_cos: 0.6739 | val_success: 0.0054
Epoch 043 | train_loss: 0.9303 | train_l1: 0.7281 | train_cos: 0.7436 | train_success: 0.5403 | val_mse: 1.3834 | val_l1: 0.9050 | val_cos: 0.6744 | val_success: 0.0054
Epoch 044 | train_loss: 0.9333 | train_l1: 0.7289 | train_cos: 0.7429 | train_success: 0.5308 | val_mse: 1.3795 | val_l1: 0.9036 | val_cos: 0.6749 | val_success: 0.0059
Epoch 045 | train_loss: 0.9292 | train_l1: 0.7275 | train_cos: 0.7435 | train_success: 0.5338 | val_mse: 1.3766 | val_l1: 0.9025 | val_cos: 0.6755 | val_success: 0.0093
Epoch 046 | train_loss: 0.9280 | train_l1: 0.7263 | train_cos: 0.7429 | train_success: 0.5414 | val_mse: 1.3750 | val_l1: 0.9020 | val_cos: 0.6757 | val_success: 0.0113
Epoch 047 | train_loss: 0.9275 | train_l1: 0.7274 | train_cos: 0.7431 | train_success: 0.5295 | val_mse: 1.3717 | val_l1: 0.9008 | val_cos: 0.6762 | val_success: 0.0137
Epoch 048 | train_loss: 0.9176 | train_l1: 0.7232 | train_cos: 0.7451 | train_success: 0.5515 | val_mse: 1.3701 | val_l1: 0.9002 | val_cos: 0.6765 | val_success: 0.0142
Epoch 049 | train_loss: 0.9206 | train_l1: 0.7243 | train_cos: 0.7444 | train_success: 0.5491 | val_mse: 1.3675 | val_l1: 0.8992 | val_cos: 0.6769 | val_success: 0.0157
Epoch 050 | train_loss: 0.9256 | train_l1: 0.7259 | train_cos: 0.7437 | train_success: 0.5425 | val_mse: 1.3675 | val_l1: 0.8991 | val_cos: 0.6769 | val_success: 0.0191
Epoch 051 | train_loss: 0.9094 | train_l1: 0.7204 | train_cos: 0.7470 | train_success: 0.5594 | val_mse: 1.3650 | val_l1: 0.8983 | val_cos: 0.6773 | val_success: 0.0191
Epoch 052 | train_loss: 0.9059 | train_l1: 0.7190 | train_cos: 0.7474 | train_success: 0.5664 | val_mse: 1.3625 | val_l1: 0.8974 | val_cos: 0.6777 | val_success: 0.0206
Epoch 053 | train_loss: 0.9224 | train_l1: 0.7246 | train_cos: 0.7437 | train_success: 0.5524 | val_mse: 1.3578 | val_l1: 0.8960 | val_cos: 0.6783 | val_success: 0.0225
Epoch 054 | train_loss: 0.9142 | train_l1: 0.7222 | train_cos: 0.7448 | train_success: 0.5638 | val_mse: 1.3556 | val_l1: 0.8952 | val_cos: 0.6787 | val_success: 0.0250
Epoch 055 | train_loss: 0.9053 | train_l1: 0.7186 | train_cos: 0.7470 | train_success: 0.5726 | val_mse: 1.3568 | val_l1: 0.8953 | val_cos: 0.6786 | val_success: 0.0279
Epoch 056 | train_loss: 0.9065 | train_l1: 0.7192 | train_cos: 0.7471 | train_success: 0.5703 | val_mse: 1.3553 | val_l1: 0.8948 | val_cos: 0.6789 | val_success: 0.0304
Epoch 057 | train_loss: 0.9094 | train_l1: 0.7205 | train_cos: 0.7454 | train_success: 0.5604 | val_mse: 1.3538 | val_l1: 0.8941 | val_cos: 0.6793 | val_success: 0.0333
Epoch 058 | train_loss: 0.9059 | train_l1: 0.7188 | train_cos: 0.7463 | train_success: 0.5700 | val_mse: 1.3549 | val_l1: 0.8945 | val_cos: 0.6791 | val_success: 0.0323
Epoch 059 | train_loss: 0.9049 | train_l1: 0.7184 | train_cos: 0.7465 | train_success: 0.5710 | val_mse: 1.3526 | val_l1: 0.8937 | val_cos: 0.6794 | val_success: 0.0348
Epoch 060 | train_loss: 0.9027 | train_l1: 0.7172 | train_cos: 0.7472 | train_success: 0.5784 | val_mse: 1.3507 | val_l1: 0.8931 | val_cos: 0.6797 | val_success: 0.0377
Epoch 061 | train_loss: 0.9032 | train_l1: 0.7177 | train_cos: 0.7461 | train_success: 0.5733 | val_mse: 1.3506 | val_l1: 0.8931 | val_cos: 0.6797 | val_success: 0.0382
Epoch 062 | train_loss: 0.9021 | train_l1: 0.7174 | train_cos: 0.7473 | train_success: 0.5755 | val_mse: 1.3508 | val_l1: 0.8931 | val_cos: 0.6797 | val_success: 0.0411
Epoch 063 | train_loss: 0.9051 | train_l1: 0.7189 | train_cos: 0.7463 | train_success: 0.5662 | val_mse: 1.3490 | val_l1: 0.8923 | val_cos: 0.6801 | val_success: 0.0455
Epoch 064 | train_loss: 0.9015 | train_l1: 0.7175 | train_cos: 0.7474 | train_success: 0.5801 | val_mse: 1.3512 | val_l1: 0.8930 | val_cos: 0.6798 | val_success: 0.0421
Epoch 065 | train_loss: 0.9019 | train_l1: 0.7171 | train_cos: 0.7474 | train_success: 0.5764 | val_mse: 1.3502 | val_l1: 0.8927 | val_cos: 0.6799 | val_success: 0.0440
Epoch 066 | train_loss: 0.9047 | train_l1: 0.7189 | train_cos: 0.7458 | train_success: 0.5665 | val_mse: 1.3488 | val_l1: 0.8921 | val_cos: 0.6802 | val_success: 0.0499
Epoch 067 | train_loss: 0.8991 | train_l1: 0.7164 | train_cos: 0.7465 | train_success: 0.5770 | val_mse: 1.3477 | val_l1: 0.8917 | val_cos: 0.6804 | val_success: 0.0485
Epoch 068 | train_loss: 0.9017 | train_l1: 0.7171 | train_cos: 0.7466 | train_success: 0.5768 | val_mse: 1.3481 | val_l1: 0.8918 | val_cos: 0.6804 | val_success: 0.0544
Epoch 069 | train_loss: 0.8968 | train_l1: 0.7154 | train_cos: 0.7473 | train_success: 0.5796 | val_mse: 1.3452 | val_l1: 0.8909 | val_cos: 0.6808 | val_success: 0.0559
Epoch 070 | train_loss: 0.8924 | train_l1: 0.7141 | train_cos: 0.7484 | train_success: 0.5817 | val_mse: 1.3445 | val_l1: 0.8906 | val_cos: 0.6809 | val_success: 0.0583
Epoch 071 | train_loss: 0.8924 | train_l1: 0.7140 | train_cos: 0.7484 | train_success: 0.5854 | val_mse: 1.3460 | val_l1: 0.8910 | val_cos: 0.6808 | val_success: 0.0613
Epoch 072 | train_loss: 0.8963 | train_l1: 0.7150 | train_cos: 0.7475 | train_success: 0.5809 | val_mse: 1.3440 | val_l1: 0.8904 | val_cos: 0.6810 | val_success: 0.0627
Epoch 073 | train_loss: 0.8880 | train_l1: 0.7126 | train_cos: 0.7491 | train_success: 0.5924 | val_mse: 1.3435 | val_l1: 0.8900 | val_cos: 0.6812 | val_success: 0.0622
Epoch 074 | train_loss: 0.8843 | train_l1: 0.7110 | train_cos: 0.7506 | train_success: 0.5949 | val_mse: 1.3393 | val_l1: 0.8888 | val_cos: 0.6816 | val_success: 0.0647
Epoch 075 | train_loss: 0.8861 | train_l1: 0.7115 | train_cos: 0.7498 | train_success: 0.5953 | val_mse: 1.3384 | val_l1: 0.8884 | val_cos: 0.6819 | val_success: 0.0716
Epoch 076 | train_loss: 0.8880 | train_l1: 0.7118 | train_cos: 0.7500 | train_success: 0.5973 | val_mse: 1.3412 | val_l1: 0.8891 | val_cos: 0.6817 | val_success: 0.0715
Epoch 077 | train_loss: 0.8895 | train_l1: 0.7122 | train_cos: 0.7488 | train_success: 0.5916 | val_mse: 1.3419 | val_l1: 0.8894 | val_cos: 0.6816 | val_success: 0.0735
Epoch 078 | train_loss: 0.8868 | train_l1: 0.7114 | train_cos: 0.7494 | train_success: 0.5978 | val_mse: 1.3411 | val_l1: 0.8893 | val_cos: 0.6816 | val_success: 0.0725
Epoch 079 | train_loss: 0.8888 | train_l1: 0.7127 | train_cos: 0.7488 | train_success: 0.5923 | val_mse: 1.3412 | val_l1: 0.8891 | val_cos: 0.6817 | val_success: 0.0794
Epoch 080 | train_loss: 0.8907 | train_l1: 0.7129 | train_cos: 0.7498 | train_success: 0.5889 | val_mse: 1.3395 | val_l1: 0.8886 | val_cos: 0.6819 | val_success: 0.0779
Epoch 081 | train_loss: 0.8794 | train_l1: 0.7090 | train_cos: 0.7494 | train_success: 0.5995 | val_mse: 1.3384 | val_l1: 0.8881 | val_cos: 0.6822 | val_success: 0.0833
Epoch 082 | train_loss: 0.8874 | train_l1: 0.7117 | train_cos: 0.7493 | train_success: 0.5941 | val_mse: 1.3360 | val_l1: 0.8874 | val_cos: 0.6825 | val_success: 0.0863
Epoch 083 | train_loss: 0.8898 | train_l1: 0.7128 | train_cos: 0.7482 | train_success: 0.5854 | val_mse: 1.3368 | val_l1: 0.8875 | val_cos: 0.6824 | val_success: 0.0892
Epoch 084 | train_loss: 0.8830 | train_l1: 0.7100 | train_cos: 0.7501 | train_success: 0.6033 | val_mse: 1.3358 | val_l1: 0.8870 | val_cos: 0.6826 | val_success: 0.0912
Epoch 085 | train_loss: 0.8829 | train_l1: 0.7100 | train_cos: 0.7496 | train_success: 0.6001 | val_mse: 1.3345 | val_l1: 0.8866 | val_cos: 0.6828 | val_success: 0.0936
Epoch 086 | train_loss: 0.8847 | train_l1: 0.7111 | train_cos: 0.7495 | train_success: 0.5925 | val_mse: 1.3350 | val_l1: 0.8867 | val_cos: 0.6829 | val_success: 0.0990
Epoch 087 | train_loss: 0.8802 | train_l1: 0.7090 | train_cos: 0.7508 | train_success: 0.5989 | val_mse: 1.3353 | val_l1: 0.8868 | val_cos: 0.6828 | val_success: 0.0995
Epoch 088 | train_loss: 0.8740 | train_l1: 0.7069 | train_cos: 0.7511 | train_success: 0.6053 | val_mse: 1.3380 | val_l1: 0.8875 | val_cos: 0.6826 | val_success: 0.0986
Epoch 089 | train_loss: 0.8779 | train_l1: 0.7081 | train_cos: 0.7498 | train_success: 0.6028 | val_mse: 1.3379 | val_l1: 0.8875 | val_cos: 0.6826 | val_success: 0.0936
Epoch 090 | train_loss: 0.8785 | train_l1: 0.7084 | train_cos: 0.7499 | train_success: 0.6109 | val_mse: 1.3365 | val_l1: 0.8871 | val_cos: 0.6828 | val_success: 0.0966
Epoch 091 | train_loss: 0.8746 | train_l1: 0.7070 | train_cos: 0.7511 | train_success: 0.6059 | val_mse: 1.3344 | val_l1: 0.8865 | val_cos: 0.6830 | val_success: 0.0951
Epoch 092 | train_loss: 0.8824 | train_l1: 0.7101 | train_cos: 0.7491 | train_success: 0.5976 | val_mse: 1.3327 | val_l1: 0.8859 | val_cos: 0.6832 | val_success: 0.1064
Epoch 093 | train_loss: 0.8745 | train_l1: 0.7074 | train_cos: 0.7510 | train_success: 0.6072 | val_mse: 1.3307 | val_l1: 0.8853 | val_cos: 0.6835 | val_success: 0.1044
Epoch 094 | train_loss: 0.8745 | train_l1: 0.7069 | train_cos: 0.7515 | train_success: 0.6062 | val_mse: 1.3299 | val_l1: 0.8849 | val_cos: 0.6836 | val_success: 0.1020
Epoch 095 | train_loss: 0.8780 | train_l1: 0.7083 | train_cos: 0.7506 | train_success: 0.6067 | val_mse: 1.3320 | val_l1: 0.8856 | val_cos: 0.6834 | val_success: 0.0996
Epoch 096 | train_loss: 0.8684 | train_l1: 0.7042 | train_cos: 0.7538 | train_success: 0.6201 | val_mse: 1.3334 | val_l1: 0.8858 | val_cos: 0.6833 | val_success: 0.1035
Epoch 097 | train_loss: 0.8709 | train_l1: 0.7060 | train_cos: 0.7514 | train_success: 0.6097 | val_mse: 1.3331 | val_l1: 0.8859 | val_cos: 0.6832 | val_success: 0.1025
Epoch 098 | train_loss: 0.8804 | train_l1: 0.7089 | train_cos: 0.7502 | train_success: 0.6041 | val_mse: 1.3319 | val_l1: 0.8856 | val_cos: 0.6834 | val_success: 0.1006
Epoch 099 | train_loss: 0.8753 | train_l1: 0.7070 | train_cos: 0.7517 | train_success: 0.6064 | val_mse: 1.3358 | val_l1: 0.8866 | val_cos: 0.6830 | val_success: 0.1074
Epoch 100 | train_loss: 0.8734 | train_l1: 0.7067 | train_cos: 0.7518 | train_success: 0.6066 | val_mse: 1.3365 | val_l1: 0.8866 | val_cos: 0.6830 | val_success: 0.1084
Epoch 101 | train_loss: 0.8724 | train_l1: 0.7059 | train_cos: 0.7518 | train_success: 0.6077 | val_mse: 1.3374 | val_l1: 0.8869 | val_cos: 0.6829 | val_success: 0.1065
Epoch 102 | train_loss: 0.8661 | train_l1: 0.7037 | train_cos: 0.7519 | train_success: 0.6180 | val_mse: 1.3370 | val_l1: 0.8869 | val_cos: 0.6829 | val_success: 0.1035
Epoch 103 | train_loss: 0.8719 | train_l1: 0.7057 | train_cos: 0.7515 | train_success: 0.6112 | val_mse: 1.3345 | val_l1: 0.8860 | val_cos: 0.6832 | val_success: 0.1079
Epoch 104 | train_loss: 0.8668 | train_l1: 0.7040 | train_cos: 0.7522 | train_success: 0.6167 | val_mse: 1.3321 | val_l1: 0.8853 | val_cos: 0.6835 | val_success: 0.1074
Epoch 105 | train_loss: 0.8783 | train_l1: 0.7083 | train_cos: 0.7507 | train_success: 0.6037 | val_mse: 1.3320 | val_l1: 0.8851 | val_cos: 0.6836 | val_success: 0.1099
Epoch 106 | train_loss: 0.8726 | train_l1: 0.7063 | train_cos: 0.7508 | train_success: 0.6094 | val_mse: 1.3284 | val_l1: 0.8841 | val_cos: 0.6839 | val_success: 0.1143
Epoch 107 | train_loss: 0.8695 | train_l1: 0.7051 | train_cos: 0.7525 | train_success: 0.6144 | val_mse: 1.3294 | val_l1: 0.8842 | val_cos: 0.6839 | val_success: 0.1177
Epoch 108 | train_loss: 0.8727 | train_l1: 0.7059 | train_cos: 0.7515 | train_success: 0.6171 | val_mse: 1.3325 | val_l1: 0.8851 | val_cos: 0.6837 | val_success: 0.1207
Epoch 109 | train_loss: 0.8722 | train_l1: 0.7056 | train_cos: 0.7512 | train_success: 0.6157 | val_mse: 1.3306 | val_l1: 0.8845 | val_cos: 0.6839 | val_success: 0.1187
Epoch 110 | train_loss: 0.8689 | train_l1: 0.7048 | train_cos: 0.7521 | train_success: 0.6141 | val_mse: 1.3298 | val_l1: 0.8842 | val_cos: 0.6840 | val_success: 0.1192
Epoch 111 | train_loss: 0.8740 | train_l1: 0.7063 | train_cos: 0.7517 | train_success: 0.6132 | val_mse: 1.3297 | val_l1: 0.8841 | val_cos: 0.6841 | val_success: 0.1241
Epoch 112 | train_loss: 0.8669 | train_l1: 0.7041 | train_cos: 0.7535 | train_success: 0.6189 | val_mse: 1.3284 | val_l1: 0.8835 | val_cos: 0.6843 | val_success: 0.1290
Epoch 113 | train_loss: 0.8660 | train_l1: 0.7034 | train_cos: 0.7521 | train_success: 0.6184 | val_mse: 1.3267 | val_l1: 0.8831 | val_cos: 0.6845 | val_success: 0.1329
Epoch 114 | train_loss: 0.8705 | train_l1: 0.7051 | train_cos: 0.7519 | train_success: 0.6144 | val_mse: 1.3276 | val_l1: 0.8832 | val_cos: 0.6844 | val_success: 0.1373
Epoch 115 | train_loss: 0.8703 | train_l1: 0.7048 | train_cos: 0.7525 | train_success: 0.6145 | val_mse: 1.3250 | val_l1: 0.8826 | val_cos: 0.6847 | val_success: 0.1295
Epoch 116 | train_loss: 0.8680 | train_l1: 0.7041 | train_cos: 0.7528 | train_success: 0.6228 | val_mse: 1.3233 | val_l1: 0.8821 | val_cos: 0.6848 | val_success: 0.1280
Epoch 117 | train_loss: 0.8688 | train_l1: 0.7049 | train_cos: 0.7516 | train_success: 0.6140 | val_mse: 1.3244 | val_l1: 0.8823 | val_cos: 0.6848 | val_success: 0.1353
Epoch 118 | train_loss: 0.8675 | train_l1: 0.7044 | train_cos: 0.7525 | train_success: 0.6161 | val_mse: 1.3260 | val_l1: 0.8828 | val_cos: 0.6846 | val_success: 0.1324
Epoch 119 | train_loss: 0.8610 | train_l1: 0.7014 | train_cos: 0.7545 | train_success: 0.6258 | val_mse: 1.3267 | val_l1: 0.8829 | val_cos: 0.6846 | val_success: 0.1344
Epoch 120 | train_loss: 0.8605 | train_l1: 0.7015 | train_cos: 0.7541 | train_success: 0.6237 | val_mse: 1.3274 | val_l1: 0.8829 | val_cos: 0.6846 | val_success: 0.1398
Epoch 121 | train_loss: 0.8656 | train_l1: 0.7033 | train_cos: 0.7524 | train_success: 0.6231 | val_mse: 1.3252 | val_l1: 0.8822 | val_cos: 0.6849 | val_success: 0.1373
Epoch 122 | train_loss: 0.8639 | train_l1: 0.7028 | train_cos: 0.7537 | train_success: 0.6197 | val_mse: 1.3259 | val_l1: 0.8824 | val_cos: 0.6848 | val_success: 0.1412
Epoch 123 | train_loss: 0.8653 | train_l1: 0.7031 | train_cos: 0.7528 | train_success: 0.6215 | val_mse: 1.3300 | val_l1: 0.8836 | val_cos: 0.6844 | val_success: 0.1383
Epoch 124 | train_loss: 0.8628 | train_l1: 0.7020 | train_cos: 0.7530 | train_success: 0.6261 | val_mse: 1.3292 | val_l1: 0.8834 | val_cos: 0.6845 | val_success: 0.1393
Epoch 125 | train_loss: 0.8651 | train_l1: 0.7030 | train_cos: 0.7520 | train_success: 0.6163 | val_mse: 1.3286 | val_l1: 0.8833 | val_cos: 0.6846 | val_success: 0.1422
Epoch 126 | train_loss: 0.8622 | train_l1: 0.7021 | train_cos: 0.7529 | train_success: 0.6276 | val_mse: 1.3280 | val_l1: 0.8831 | val_cos: 0.6846 | val_success: 0.1393
Epoch 127 | train_loss: 0.8618 | train_l1: 0.7020 | train_cos: 0.7535 | train_success: 0.6251 | val_mse: 1.3286 | val_l1: 0.8832 | val_cos: 0.6846 | val_success: 0.1427
Epoch 128 | train_loss: 0.8604 | train_l1: 0.7014 | train_cos: 0.7545 | train_success: 0.6264 | val_mse: 1.3291 | val_l1: 0.8833 | val_cos: 0.6845 | val_success: 0.1432
Epoch 129 | train_loss: 0.8659 | train_l1: 0.7034 | train_cos: 0.7523 | train_success: 0.6219 | val_mse: 1.3271 | val_l1: 0.8827 | val_cos: 0.6847 | val_success: 0.1364
Epoch 130 | train_loss: 0.8623 | train_l1: 0.7019 | train_cos: 0.7526 | train_success: 0.6222 | val_mse: 1.3263 | val_l1: 0.8825 | val_cos: 0.6848 | val_success: 0.1388
Epoch 131 | train_loss: 0.8687 | train_l1: 0.7043 | train_cos: 0.7516 | train_success: 0.6186 | val_mse: 1.3231 | val_l1: 0.8817 | val_cos: 0.6850 | val_success: 0.1359
Epoch 132 | train_loss: 0.8636 | train_l1: 0.7025 | train_cos: 0.7528 | train_success: 0.6225 | val_mse: 1.3222 | val_l1: 0.8814 | val_cos: 0.6852 | val_success: 0.1378
Epoch 133 | train_loss: 0.8584 | train_l1: 0.7007 | train_cos: 0.7535 | train_success: 0.6246 | val_mse: 1.3217 | val_l1: 0.8810 | val_cos: 0.6854 | val_success: 0.1506
Epoch 134 | train_loss: 0.8518 | train_l1: 0.6979 | train_cos: 0.7550 | train_success: 0.6385 | val_mse: 1.3222 | val_l1: 0.8812 | val_cos: 0.6853 | val_success: 0.1462
Epoch 135 | train_loss: 0.8562 | train_l1: 0.7001 | train_cos: 0.7540 | train_success: 0.6219 | val_mse: 1.3244 | val_l1: 0.8818 | val_cos: 0.6851 | val_success: 0.1525
Epoch 136 | train_loss: 0.8602 | train_l1: 0.7014 | train_cos: 0.7543 | train_success: 0.6314 | val_mse: 1.3246 | val_l1: 0.8818 | val_cos: 0.6851 | val_success: 0.1476
Epoch 137 | train_loss: 0.8610 | train_l1: 0.7018 | train_cos: 0.7528 | train_success: 0.6246 | val_mse: 1.3199 | val_l1: 0.8804 | val_cos: 0.6856 | val_success: 0.1481
Epoch 138 | train_loss: 0.8604 | train_l1: 0.7013 | train_cos: 0.7520 | train_success: 0.6286 | val_mse: 1.3216 | val_l1: 0.8808 | val_cos: 0.6854 | val_success: 0.1530
Epoch 139 | train_loss: 0.8620 | train_l1: 0.7024 | train_cos: 0.7533 | train_success: 0.6227 | val_mse: 1.3220 | val_l1: 0.8808 | val_cos: 0.6854 | val_success: 0.1491
Epoch 140 | train_loss: 0.8556 | train_l1: 0.7001 | train_cos: 0.7540 | train_success: 0.6271 | val_mse: 1.3240 | val_l1: 0.8814 | val_cos: 0.6851 | val_success: 0.1511
Epoch 141 | train_loss: 0.8545 | train_l1: 0.6987 | train_cos: 0.7544 | train_success: 0.6399 | val_mse: 1.3193 | val_l1: 0.8803 | val_cos: 0.6856 | val_success: 0.1447
Epoch 142 | train_loss: 0.8587 | train_l1: 0.7010 | train_cos: 0.7532 | train_success: 0.6278 | val_mse: 1.3230 | val_l1: 0.8811 | val_cos: 0.6853 | val_success: 0.1530
Epoch 143 | train_loss: 0.8567 | train_l1: 0.7000 | train_cos: 0.7542 | train_success: 0.6353 | val_mse: 1.3232 | val_l1: 0.8810 | val_cos: 0.6853 | val_success: 0.1545
Epoch 144 | train_loss: 0.8570 | train_l1: 0.7003 | train_cos: 0.7544 | train_success: 0.6262 | val_mse: 1.3260 | val_l1: 0.8819 | val_cos: 0.6850 | val_success: 0.1550
Epoch 145 | train_loss: 0.8594 | train_l1: 0.7009 | train_cos: 0.7536 | train_success: 0.6275 | val_mse: 1.3251 | val_l1: 0.8818 | val_cos: 0.6851 | val_success: 0.1540
Epoch 146 | train_loss: 0.8581 | train_l1: 0.7010 | train_cos: 0.7524 | train_success: 0.6267 | val_mse: 1.3249 | val_l1: 0.8815 | val_cos: 0.6852 | val_success: 0.1614
Epoch 147 | train_loss: 0.8574 | train_l1: 0.7001 | train_cos: 0.7533 | train_success: 0.6316 | val_mse: 1.3218 | val_l1: 0.8805 | val_cos: 0.6855 | val_success: 0.1599
Epoch 148 | train_loss: 0.8533 | train_l1: 0.6994 | train_cos: 0.7544 | train_success: 0.6290 | val_mse: 1.3234 | val_l1: 0.8808 | val_cos: 0.6854 | val_success: 0.1697
Epoch 149 | train_loss: 0.8619 | train_l1: 0.7018 | train_cos: 0.7531 | train_success: 0.6265 | val_mse: 1.3213 | val_l1: 0.8804 | val_cos: 0.6855 | val_success: 0.1555
Epoch 150 | train_loss: 0.8579 | train_l1: 0.7007 | train_cos: 0.7539 | train_success: 0.6265 | val_mse: 1.3186 | val_l1: 0.8795 | val_cos: 0.6858 | val_success: 0.1584
Epoch 151 | train_loss: 0.8563 | train_l1: 0.7002 | train_cos: 0.7530 | train_success: 0.6286 | val_mse: 1.3198 | val_l1: 0.8798 | val_cos: 0.6858 | val_success: 0.1663
Epoch 152 | train_loss: 0.8494 | train_l1: 0.6974 | train_cos: 0.7556 | train_success: 0.6380 | val_mse: 1.3199 | val_l1: 0.8796 | val_cos: 0.6858 | val_success: 0.1668
Epoch 153 | train_loss: 0.8555 | train_l1: 0.6994 | train_cos: 0.7544 | train_success: 0.6376 | val_mse: 1.3185 | val_l1: 0.8794 | val_cos: 0.6859 | val_success: 0.1589
Epoch 154 | train_loss: 0.8565 | train_l1: 0.6998 | train_cos: 0.7542 | train_success: 0.6351 | val_mse: 1.3213 | val_l1: 0.8801 | val_cos: 0.6856 | val_success: 0.1668
Epoch 155 | train_loss: 0.8583 | train_l1: 0.7005 | train_cos: 0.7528 | train_success: 0.6330 | val_mse: 1.3185 | val_l1: 0.8794 | val_cos: 0.6859 | val_success: 0.1639
Epoch 156 | train_loss: 0.8528 | train_l1: 0.6989 | train_cos: 0.7542 | train_success: 0.6363 | val_mse: 1.3255 | val_l1: 0.8814 | val_cos: 0.6852 | val_success: 0.1668
Epoch 157 | train_loss: 0.8500 | train_l1: 0.6973 | train_cos: 0.7547 | train_success: 0.6387 | val_mse: 1.3264 | val_l1: 0.8816 | val_cos: 0.6850 | val_success: 0.1668
Epoch 158 | train_loss: 0.8530 | train_l1: 0.6993 | train_cos: 0.7548 | train_success: 0.6335 | val_mse: 1.3249 | val_l1: 0.8811 | val_cos: 0.6852 | val_success: 0.1638
Epoch 159 | train_loss: 0.8431 | train_l1: 0.6952 | train_cos: 0.7558 | train_success: 0.6426 | val_mse: 1.3268 | val_l1: 0.8815 | val_cos: 0.6850 | val_success: 0.1609
Epoch 160 | train_loss: 0.8478 | train_l1: 0.6969 | train_cos: 0.7552 | train_success: 0.6424 | val_mse: 1.3278 | val_l1: 0.8819 | val_cos: 0.6849 | val_success: 0.1565
Epoch 161 | train_loss: 0.8415 | train_l1: 0.6947 | train_cos: 0.7571 | train_success: 0.6467 | val_mse: 1.3300 | val_l1: 0.8825 | val_cos: 0.6847 | val_success: 0.1643
Epoch 162 | train_loss: 0.8532 | train_l1: 0.6987 | train_cos: 0.7543 | train_success: 0.6366 | val_mse: 1.3287 | val_l1: 0.8820 | val_cos: 0.6848 | val_success: 0.1712
Epoch 163 | train_loss: 0.8554 | train_l1: 0.6994 | train_cos: 0.7552 | train_success: 0.6374 | val_mse: 1.3258 | val_l1: 0.8812 | val_cos: 0.6851 | val_success: 0.1629
Epoch 164 | train_loss: 0.8455 | train_l1: 0.6957 | train_cos: 0.7569 | train_success: 0.6469 | val_mse: 1.3292 | val_l1: 0.8819 | val_cos: 0.6848 | val_success: 0.1781
Epoch 165 | train_loss: 0.8497 | train_l1: 0.6980 | train_cos: 0.7548 | train_success: 0.6397 | val_mse: 1.3279 | val_l1: 0.8816 | val_cos: 0.6850 | val_success: 0.1673
Epoch 166 | train_loss: 0.8485 | train_l1: 0.6974 | train_cos: 0.7560 | train_success: 0.6462 | val_mse: 1.3285 | val_l1: 0.8817 | val_cos: 0.6849 | val_success: 0.1712
Epoch 167 | train_loss: 0.8545 | train_l1: 0.6996 | train_cos: 0.7538 | train_success: 0.6333 | val_mse: 1.3295 | val_l1: 0.8820 | val_cos: 0.6848 | val_success: 0.1702
Epoch 168 | train_loss: 0.8432 | train_l1: 0.6954 | train_cos: 0.7568 | train_success: 0.6462 | val_mse: 1.3293 | val_l1: 0.8819 | val_cos: 0.6849 | val_success: 0.1687
Epoch 169 | train_loss: 0.8550 | train_l1: 0.6994 | train_cos: 0.7541 | train_success: 0.6327 | val_mse: 1.3282 | val_l1: 0.8816 | val_cos: 0.6849 | val_success: 0.1747
Epoch 170 | train_loss: 0.8481 | train_l1: 0.6971 | train_cos: 0.7558 | train_success: 0.6401 | val_mse: 1.3297 | val_l1: 0.8820 | val_cos: 0.6848 | val_success: 0.1756
Epoch 171 | train_loss: 0.8517 | train_l1: 0.6983 | train_cos: 0.7538 | train_success: 0.6390 | val_mse: 1.3231 | val_l1: 0.8800 | val_cos: 0.6855 | val_success: 0.1707
Epoch 172 | train_loss: 0.8460 | train_l1: 0.6965 | train_cos: 0.7564 | train_success: 0.6459 | val_mse: 1.3214 | val_l1: 0.8794 | val_cos: 0.6857 | val_success: 0.1682
Epoch 173 | train_loss: 0.8484 | train_l1: 0.6973 | train_cos: 0.7552 | train_success: 0.6392 | val_mse: 1.3224 | val_l1: 0.8798 | val_cos: 0.6855 | val_success: 0.1672
Epoch 174 | train_loss: 0.8446 | train_l1: 0.6957 | train_cos: 0.7563 | train_success: 0.6463 | val_mse: 1.3218 | val_l1: 0.8794 | val_cos: 0.6857 | val_success: 0.1761
Epoch 175 | train_loss: 0.8414 | train_l1: 0.6945 | train_cos: 0.7562 | train_success: 0.6460 | val_mse: 1.3260 | val_l1: 0.8807 | val_cos: 0.6853 | val_success: 0.1810
Epoch 176 | train_loss: 0.8480 | train_l1: 0.6970 | train_cos: 0.7547 | train_success: 0.6434 | val_mse: 1.3257 | val_l1: 0.8806 | val_cos: 0.6853 | val_success: 0.1820
Epoch 177 | train_loss: 0.8421 | train_l1: 0.6954 | train_cos: 0.7561 | train_success: 0.6465 | val_mse: 1.3280 | val_l1: 0.8811 | val_cos: 0.6851 | val_success: 0.1830
Epoch 178 | train_loss: 0.8425 | train_l1: 0.6949 | train_cos: 0.7574 | train_success: 0.6489 | val_mse: 1.3261 | val_l1: 0.8806 | val_cos: 0.6852 | val_success: 0.1805
Epoch 179 | train_loss: 0.8484 | train_l1: 0.6970 | train_cos: 0.7552 | train_success: 0.6437 | val_mse: 1.3217 | val_l1: 0.8793 | val_cos: 0.6857 | val_success: 0.1806
Epoch 180 | train_loss: 0.8446 | train_l1: 0.6958 | train_cos: 0.7563 | train_success: 0.6453 | val_mse: 1.3236 | val_l1: 0.8799 | val_cos: 0.6855 | val_success: 0.1840
Epoch 181 | train_loss: 0.8376 | train_l1: 0.6930 | train_cos: 0.7580 | train_success: 0.6572 | val_mse: 1.3216 | val_l1: 0.8793 | val_cos: 0.6857 | val_success: 0.1786
Epoch 182 | train_loss: 0.8421 | train_l1: 0.6948 | train_cos: 0.7555 | train_success: 0.6485 | val_mse: 1.3202 | val_l1: 0.8788 | val_cos: 0.6859 | val_success: 0.1845
Epoch 183 | train_loss: 0.8445 | train_l1: 0.6954 | train_cos: 0.7553 | train_success: 0.6490 | val_mse: 1.3198 | val_l1: 0.8787 | val_cos: 0.6860 | val_success: 0.1732
Epoch 184 | train_loss: 0.8388 | train_l1: 0.6935 | train_cos: 0.7563 | train_success: 0.6497 | val_mse: 1.3203 | val_l1: 0.8787 | val_cos: 0.6859 | val_success: 0.1791
Epoch 185 | train_loss: 0.8478 | train_l1: 0.6972 | train_cos: 0.7546 | train_success: 0.6377 | val_mse: 1.3222 | val_l1: 0.8794 | val_cos: 0.6857 | val_success: 0.1801
Epoch 186 | train_loss: 0.8473 | train_l1: 0.6969 | train_cos: 0.7558 | train_success: 0.6428 | val_mse: 1.3193 | val_l1: 0.8786 | val_cos: 0.6860 | val_success: 0.1752
Epoch 187 | train_loss: 0.8442 | train_l1: 0.6955 | train_cos: 0.7558 | train_success: 0.6501 | val_mse: 1.3220 | val_l1: 0.8794 | val_cos: 0.6857 | val_success: 0.1742
Epoch 188 | train_loss: 0.8363 | train_l1: 0.6929 | train_cos: 0.7571 | train_success: 0.6522 | val_mse: 1.3226 | val_l1: 0.8795 | val_cos: 0.6856 | val_success: 0.1781
Epoch 189 | train_loss: 0.8407 | train_l1: 0.6944 | train_cos: 0.7564 | train_success: 0.6537 | val_mse: 1.3233 | val_l1: 0.8798 | val_cos: 0.6855 | val_success: 0.1801
Epoch 190 | train_loss: 0.8379 | train_l1: 0.6934 | train_cos: 0.7578 | train_success: 0.6527 | val_mse: 1.3260 | val_l1: 0.8806 | val_cos: 0.6852 | val_success: 0.1752
Epoch 191 | train_loss: 0.8442 | train_l1: 0.6956 | train_cos: 0.7559 | train_success: 0.6440 | val_mse: 1.3217 | val_l1: 0.8793 | val_cos: 0.6856 | val_success: 0.1708
Epoch 192 | train_loss: 0.8369 | train_l1: 0.6927 | train_cos: 0.7578 | train_success: 0.6521 | val_mse: 1.3199 | val_l1: 0.8787 | val_cos: 0.6858 | val_success: 0.1708
Epoch 193 | train_loss: 0.8375 | train_l1: 0.6933 | train_cos: 0.7564 | train_success: 0.6516 | val_mse: 1.3241 | val_l1: 0.8799 | val_cos: 0.6855 | val_success: 0.1727
Epoch 194 | train_loss: 0.8349 | train_l1: 0.6921 | train_cos: 0.7580 | train_success: 0.6561 | val_mse: 1.3249 | val_l1: 0.8799 | val_cos: 0.6854 | val_success: 0.1855
Epoch 195 | train_loss: 0.8388 | train_l1: 0.6938 | train_cos: 0.7571 | train_success: 0.6470 | val_mse: 1.3274 | val_l1: 0.8806 | val_cos: 0.6852 | val_success: 0.1840
Epoch 196 | train_loss: 0.8443 | train_l1: 0.6953 | train_cos: 0.7553 | train_success: 0.6470 | val_mse: 1.3250 | val_l1: 0.8800 | val_cos: 0.6854 | val_success: 0.1801
Epoch 197 | train_loss: 0.8424 | train_l1: 0.6956 | train_cos: 0.7555 | train_success: 0.6430 | val_mse: 1.3257 | val_l1: 0.8803 | val_cos: 0.6853 | val_success: 0.1752
Epoch 198 | train_loss: 0.8430 | train_l1: 0.6953 | train_cos: 0.7556 | train_success: 0.6444 | val_mse: 1.3266 | val_l1: 0.8806 | val_cos: 0.6851 | val_success: 0.1796
Epoch 199 | train_loss: 0.8415 | train_l1: 0.6951 | train_cos: 0.7566 | train_success: 0.6491 | val_mse: 1.3262 | val_l1: 0.8804 | val_cos: 0.6852 | val_success: 0.1777
Epoch 200 | train_loss: 0.8363 | train_l1: 0.6932 | train_cos: 0.7572 | train_success: 0.6563 | val_mse: 1.3301 | val_l1: 0.8813 | val_cos: 0.6849 | val_success: 0.1938

--- CROSS-ATTENTION BRANCH ONLY EVALUATION ---
Condition A -> Recover B Learned MSE : 1.262096
Condition A -> Recover B Learned L1  : 0.860718
Condition A -> Recover B Learned Cos : 0.696210
Condition A -> Recover B Learned %S  : 12.17%
Condition B -> Recover A Learned MSE : 1.374627
Condition B -> Recover A Learned L1  : 0.897956
Condition B -> Recover A Learned Cos : 0.675531
Condition B -> Recover A Learned %S  : 19.63%
Mean Learned MSE                     : 1.318362
Mean Learned L1                      : 0.879337
Mean Learned Cos                     : 0.685871
Mean Learned %S                      : 15.90%

--- ANALYTICAL INVERSE INTERPOLATION BASELINE ---
Condition A -> Recover B Linear MSE  : 1.505341
Condition A -> Recover B Linear L1   : 0.948080
Condition A -> Recover B Linear Cos  : 0.663566
Condition A -> Recover B Linear %S   : 0.00%
Condition B -> Recover A Linear MSE  : 1.505341
Condition B -> Recover A Linear L1   : 0.948080
Condition B -> Recover A Linear Cos  : 0.652239
Condition B -> Recover A Linear %S   : 0.00%
Mean Linear MSE                      : 1.505341
Mean Linear L1                       : 0.948080
Mean Linear Cos                      : 0.657902
Mean Linear %S                       : 0.00%

