Epoch 1 | Train Loss: 1.5979 | Val Cheap Loss: 1.2776 | Val Cheap Cosine Sim: 0.5959
Epoch 2 | Train Loss: 1.1714 | Val Cheap Loss: 1.0321 | Val Cheap Cosine Sim: 0.6837
Epoch 3 | Train Loss: 1.0713 | Val Cheap Loss: 0.9963 | Val Cheap Cosine Sim: 0.6965
Epoch 4 | Train Loss: 1.0448 | Val Cheap Loss: 0.9830 | Val Cheap Cosine Sim: 0.6993
Epoch 5 | Train Loss: 1.0303 | Val Cheap Loss: 0.9622 | Val Cheap Cosine Sim: 0.7068
Epoch 6 | Train Loss: 1.0131 | Val Cheap Loss: 0.9586 | Val Cheap Cosine Sim: 0.7064
Epoch 7 | Train Loss: 0.9939 | Val Cheap Loss: 0.9448 | Val Cheap Cosine Sim: 0.7082
Epoch 8 | Train Loss: 0.9758 | Val Cheap Loss: 0.9267 | Val Cheap Cosine Sim: 0.7131
Epoch 9 | Train Loss: 0.9570 | Val Cheap Loss: 0.9262 | Val Cheap Cosine Sim: 0.7122
Epoch 10 | Train Loss: 0.9461 | Val Cheap Loss: 0.8999 | Val Cheap Cosine Sim: 0.7215
Epoch 11 | Train Loss: 0.9269 | Val Cheap Loss: 0.9188 | Val Cheap Cosine Sim: 0.7132
 EarlyStopping Counter: 1 out of 20
Epoch 12 | Train Loss: 0.9116 | Val Cheap Loss: 0.8949 | Val Cheap Cosine Sim: 0.7204
Epoch 13 | Train Loss: 0.8968 | Val Cheap Loss: 0.8822 | Val Cheap Cosine Sim: 0.7278
Epoch 14 | Train Loss: 0.8851 | Val Cheap Loss: 0.8643 | Val Cheap Cosine Sim: 0.7313
Epoch 15 | Train Loss: 0.8768 | Val Cheap Loss: 0.8620 | Val Cheap Cosine Sim: 0.7326
Epoch 16 | Train Loss: 0.8639 | Val Cheap Loss: 0.8598 | Val Cheap Cosine Sim: 0.7329
Epoch 17 | Train Loss: 0.8549 | Val Cheap Loss: 0.8430 | Val Cheap Cosine Sim: 0.7396
Epoch 18 | Train Loss: 0.8457 | Val Cheap Loss: 0.8459 | Val Cheap Cosine Sim: 0.7386
 EarlyStopping Counter: 1 out of 20
Epoch 19 | Train Loss: 0.8388 | Val Cheap Loss: 0.8333 | Val Cheap Cosine Sim: 0.7426
Epoch 20 | Train Loss: 0.8306 | Val Cheap Loss: 0.8376 | Val Cheap Cosine Sim: 0.7433
 EarlyStopping Counter: 1 out of 20
Epoch 21 | Train Loss: 0.8240 | Val Cheap Loss: 0.8308 | Val Cheap Cosine Sim: 0.7458
Epoch 22 | Train Loss: 0.8177 | Val Cheap Loss: 0.8183 | Val Cheap Cosine Sim: 0.7500
Epoch 23 | Train Loss: 0.8104 | Val Cheap Loss: 0.8170 | Val Cheap Cosine Sim: 0.7488
Epoch 24 | Train Loss: 0.8034 | Val Cheap Loss: 0.8168 | Val Cheap Cosine Sim: 0.7513
Epoch 25 | Train Loss: 0.8007 | Val Cheap Loss: 0.8270 | Val Cheap Cosine Sim: 0.7461 | Val TACOs MSE: 1.0862
 EarlyStopping Counter: 1 out of 20
Epoch 26 | Train Loss: 0.7938 | Val Cheap Loss: 0.8117 | Val Cheap Cosine Sim: 0.7550
Epoch 27 | Train Loss: 0.7880 | Val Cheap Loss: 0.8054 | Val Cheap Cosine Sim: 0.7545
Epoch 28 | Train Loss: 0.7832 | Val Cheap Loss: 0.8033 | Val Cheap Cosine Sim: 0.7564
Epoch 29 | Train Loss: 0.7792 | Val Cheap Loss: 0.8021 | Val Cheap Cosine Sim: 0.7557
Epoch 30 | Train Loss: 0.7737 | Val Cheap Loss: 0.8026 | Val Cheap Cosine Sim: 0.7577
 EarlyStopping Counter: 1 out of 20
Epoch 31 | Train Loss: 0.7684 | Val Cheap Loss: 0.7867 | Val Cheap Cosine Sim: 0.7633
Epoch 32 | Train Loss: 0.7663 | Val Cheap Loss: 0.7940 | Val Cheap Cosine Sim: 0.7594
 EarlyStopping Counter: 1 out of 20
Epoch 33 | Train Loss: 0.7600 | Val Cheap Loss: 0.7872 | Val Cheap Cosine Sim: 0.7614
 EarlyStopping Counter: 2 out of 20
Epoch 34 | Train Loss: 0.7585 | Val Cheap Loss: 0.7984 | Val Cheap Cosine Sim: 0.7580
 EarlyStopping Counter: 3 out of 20
Epoch 35 | Train Loss: 0.7535 | Val Cheap Loss: 0.7874 | Val Cheap Cosine Sim: 0.7631
 EarlyStopping Counter: 4 out of 20
Epoch 36 | Train Loss: 0.7501 | Val Cheap Loss: 0.7885 | Val Cheap Cosine Sim: 0.7631
 EarlyStopping Counter: 5 out of 20
Epoch 37 | Train Loss: 0.7456 | Val Cheap Loss: 0.7853 | Val Cheap Cosine Sim: 0.7633
Epoch 38 | Train Loss: 0.7426 | Val Cheap Loss: 0.7964 | Val Cheap Cosine Sim: 0.7591
 EarlyStopping Counter: 1 out of 20
Epoch 39 | Train Loss: 0.7404 | Val Cheap Loss: 0.7872 | Val Cheap Cosine Sim: 0.7613
 EarlyStopping Counter: 2 out of 20
Epoch 40 | Train Loss: 0.7358 | Val Cheap Loss: 0.7855 | Val Cheap Cosine Sim: 0.7633
 EarlyStopping Counter: 3 out of 20
Epoch 41 | Train Loss: 0.7321 | Val Cheap Loss: 0.7804 | Val Cheap Cosine Sim: 0.7659
Epoch 42 | Train Loss: 0.7293 | Val Cheap Loss: 0.7809 | Val Cheap Cosine Sim: 0.7648
 EarlyStopping Counter: 1 out of 20
Epoch 43 | Train Loss: 0.7278 | Val Cheap Loss: 0.7723 | Val Cheap Cosine Sim: 0.7667
Epoch 44 | Train Loss: 0.7239 | Val Cheap Loss: 0.7807 | Val Cheap Cosine Sim: 0.7643
 EarlyStopping Counter: 1 out of 20
Epoch 45 | Train Loss: 0.7207 | Val Cheap Loss: 0.7836 | Val Cheap Cosine Sim: 0.7653
 EarlyStopping Counter: 2 out of 20
Epoch 46 | Train Loss: 0.7196 | Val Cheap Loss: 0.7799 | Val Cheap Cosine Sim: 0.7664
 EarlyStopping Counter: 3 out of 20
Epoch 47 | Train Loss: 0.7152 | Val Cheap Loss: 0.7678 | Val Cheap Cosine Sim: 0.7715
Epoch 48 | Train Loss: 0.7131 | Val Cheap Loss: 0.7761 | Val Cheap Cosine Sim: 0.7674
 EarlyStopping Counter: 1 out of 20
Epoch 49 | Train Loss: 0.7093 | Val Cheap Loss: 0.7757 | Val Cheap Cosine Sim: 0.7689
 EarlyStopping Counter: 2 out of 20
Epoch 50 | Train Loss: 0.7086 | Val Cheap Loss: 0.7707 | Val Cheap Cosine Sim: 0.7699 | Val TACOs MSE: 0.9402
 EarlyStopping Counter: 3 out of 20
Epoch 51 | Train Loss: 0.7055 | Val Cheap Loss: 0.7666 | Val Cheap Cosine Sim: 0.7711
Epoch 52 | Train Loss: 0.7033 | Val Cheap Loss: 0.7687 | Val Cheap Cosine Sim: 0.7703
 EarlyStopping Counter: 1 out of 20
Epoch 53 | Train Loss: 0.7003 | Val Cheap Loss: 0.7715 | Val Cheap Cosine Sim: 0.7694
 EarlyStopping Counter: 2 out of 20
Epoch 54 | Train Loss: 0.6981 | Val Cheap Loss: 0.7735 | Val Cheap Cosine Sim: 0.7672
 EarlyStopping Counter: 3 out of 20
Epoch 55 | Train Loss: 0.6966 | Val Cheap Loss: 0.7693 | Val Cheap Cosine Sim: 0.7710
 EarlyStopping Counter: 4 out of 20
Epoch 56 | Train Loss: 0.6933 | Val Cheap Loss: 0.7679 | Val Cheap Cosine Sim: 0.7712
 EarlyStopping Counter: 5 out of 20
Epoch 57 | Train Loss: 0.6912 | Val Cheap Loss: 0.7744 | Val Cheap Cosine Sim: 0.7683
 EarlyStopping Counter: 6 out of 20
Epoch 58 | Train Loss: 0.6891 | Val Cheap Loss: 0.7718 | Val Cheap Cosine Sim: 0.7687
 EarlyStopping Counter: 7 out of 20
Epoch 59 | Train Loss: 0.6868 | Val Cheap Loss: 0.7629 | Val Cheap Cosine Sim: 0.7736
Epoch 60 | Train Loss: 0.6859 | Val Cheap Loss: 0.7626 | Val Cheap Cosine Sim: 0.7721
Epoch 61 | Train Loss: 0.6824 | Val Cheap Loss: 0.7590 | Val Cheap Cosine Sim: 0.7746
Epoch 62 | Train Loss: 0.6808 | Val Cheap Loss: 0.7592 | Val Cheap Cosine Sim: 0.7763
 EarlyStopping Counter: 1 out of 20
Epoch 63 | Train Loss: 0.6786 | Val Cheap Loss: 0.7651 | Val Cheap Cosine Sim: 0.7735
 EarlyStopping Counter: 2 out of 20
Epoch 64 | Train Loss: 0.6773 | Val Cheap Loss: 0.7631 | Val Cheap Cosine Sim: 0.7734
 EarlyStopping Counter: 3 out of 20
Epoch 65 | Train Loss: 0.6751 | Val Cheap Loss: 0.7631 | Val Cheap Cosine Sim: 0.7742
 EarlyStopping Counter: 4 out of 20
Epoch 66 | Train Loss: 0.6729 | Val Cheap Loss: 0.7672 | Val Cheap Cosine Sim: 0.7714
 EarlyStopping Counter: 5 out of 20
Epoch 67 | Train Loss: 0.6714 | Val Cheap Loss: 0.7645 | Val Cheap Cosine Sim: 0.7735
 EarlyStopping Counter: 6 out of 20
Epoch 68 | Train Loss: 0.6690 | Val Cheap Loss: 0.7676 | Val Cheap Cosine Sim: 0.7721
 EarlyStopping Counter: 7 out of 20
Epoch 69 | Train Loss: 0.6682 | Val Cheap Loss: 0.7581 | Val Cheap Cosine Sim: 0.7757
Epoch 70 | Train Loss: 0.6647 | Val Cheap Loss: 0.7677 | Val Cheap Cosine Sim: 0.7719
 EarlyStopping Counter: 1 out of 20
Epoch 71 | Train Loss: 0.6647 | Val Cheap Loss: 0.7558 | Val Cheap Cosine Sim: 0.7769
Epoch 72 | Train Loss: 0.6629 | Val Cheap Loss: 0.7665 | Val Cheap Cosine Sim: 0.7722
 EarlyStopping Counter: 1 out of 20
Epoch 73 | Train Loss: 0.6609 | Val Cheap Loss: 0.7555 | Val Cheap Cosine Sim: 0.7779
Epoch 74 | Train Loss: 0.6581 | Val Cheap Loss: 0.7607 | Val Cheap Cosine Sim: 0.7761
 EarlyStopping Counter: 1 out of 20
Epoch 75 | Train Loss: 0.6574 | Val Cheap Loss: 0.7611 | Val Cheap Cosine Sim: 0.7756 | Val TACOs MSE: 0.9317
 EarlyStopping Counter: 2 out of 20
Epoch 76 | Train Loss: 0.6550 | Val Cheap Loss: 0.7530 | Val Cheap Cosine Sim: 0.7778
Epoch 77 | Train Loss: 0.6541 | Val Cheap Loss: 0.7560 | Val Cheap Cosine Sim: 0.7781
 EarlyStopping Counter: 1 out of 20
Epoch 78 | Train Loss: 0.6520 | Val Cheap Loss: 0.7550 | Val Cheap Cosine Sim: 0.7787
 EarlyStopping Counter: 2 out of 20
Epoch 79 | Train Loss: 0.6531 | Val Cheap Loss: 0.7704 | Val Cheap Cosine Sim: 0.7726
 EarlyStopping Counter: 3 out of 20
Epoch 80 | Train Loss: 0.6484 | Val Cheap Loss: 0.7566 | Val Cheap Cosine Sim: 0.7779
 EarlyStopping Counter: 4 out of 20
Epoch 81 | Train Loss: 0.6480 | Val Cheap Loss: 0.7678 | Val Cheap Cosine Sim: 0.7742
 EarlyStopping Counter: 5 out of 20
Epoch 82 | Train Loss: 0.6463 | Val Cheap Loss: 0.7566 | Val Cheap Cosine Sim: 0.7770
 EarlyStopping Counter: 6 out of 20
Epoch 83 | Train Loss: 0.6449 | Val Cheap Loss: 0.7601 | Val Cheap Cosine Sim: 0.7759
 EarlyStopping Counter: 7 out of 20
Epoch 84 | Train Loss: 0.6421 | Val Cheap Loss: 0.7564 | Val Cheap Cosine Sim: 0.7766
 EarlyStopping Counter: 8 out of 20
Epoch 85 | Train Loss: 0.6426 | Val Cheap Loss: 0.7618 | Val Cheap Cosine Sim: 0.7771
 EarlyStopping Counter: 9 out of 20
Epoch 86 | Train Loss: 0.6402 | Val Cheap Loss: 0.7582 | Val Cheap Cosine Sim: 0.7776
 EarlyStopping Counter: 10 out of 20
Epoch 87 | Train Loss: 0.6394 | Val Cheap Loss: 0.7541 | Val Cheap Cosine Sim: 0.7785
 EarlyStopping Counter: 11 out of 20
Epoch 88 | Train Loss: 0.6377 | Val Cheap Loss: 0.7562 | Val Cheap Cosine Sim: 0.7786
 EarlyStopping Counter: 12 out of 20
Epoch 89 | Train Loss: 0.6358 | Val Cheap Loss: 0.7547 | Val Cheap Cosine Sim: 0.7781
 EarlyStopping Counter: 13 out of 20
Epoch 90 | Train Loss: 0.6344 | Val Cheap Loss: 0.7571 | Val Cheap Cosine Sim: 0.7775
 EarlyStopping Counter: 14 out of 20
Epoch 91 | Train Loss: 0.6338 | Val Cheap Loss: 0.7555 | Val Cheap Cosine Sim: 0.7791
 EarlyStopping Counter: 15 out of 20
Epoch 92 | Train Loss: 0.6317 | Val Cheap Loss: 0.7582 | Val Cheap Cosine Sim: 0.7775
 EarlyStopping Counter: 16 out of 20
Epoch 93 | Train Loss: 0.6306 | Val Cheap Loss: 0.7570 | Val Cheap Cosine Sim: 0.7776
 EarlyStopping Counter: 17 out of 20
Epoch 94 | Train Loss: 0.6295 | Val Cheap Loss: 0.7588 | Val Cheap Cosine Sim: 0.7791
 EarlyStopping Counter: 18 out of 20
Epoch 95 | Train Loss: 0.6273 | Val Cheap Loss: 0.7551 | Val Cheap Cosine Sim: 0.7798
 EarlyStopping Counter: 19 out of 20
Epoch 96 | Train Loss: 0.6261 | Val Cheap Loss: 0.7567 | Val Cheap Cosine Sim: 0.7785
 EarlyStopping Counter: 20 out of 20

[EARLY STOPPING TRIGGERED] Validation profile plateaued for 20 epochs. Terminating run.

--- Evaluation Results: ONE_SHOT ---
Run Name: arcface_baseline_mse_scaled_scheduledSpreadInv
----------------------------------------
[1. Prediction to Ground-Truth Alignment]
  - Embedding 1 -> MSE Distance: 0.314285 | Cosine Similarity: 0.828175
  - Embedding 2 -> MSE Distance: 0.314285 | Cosine Similarity: 0.828168

[2. Proximity to True Average Mixture (c)]
  - Predicted 1 to c -> MSE Distance: 0.202655 | Cosine Similarity: 0.854540
  - Baseline GT 1 to c -> MSE Distance: 0.464507 | Cosine Similarity: 0.731004
  - Predicted 2 to c -> MSE Distance: 0.202655 | Cosine Similarity: 0.854138
  - Baseline GT 2 to c -> MSE Distance: 0.464507 | Cosine Similarity: 0.731004

[3. Predicted Outputs Inter-Relationship / Spread]
  - Inter-Predicted (p1 vs p2) -> MSE: 0.810621 | Cosine Similarity: 0.467160
  - Inter-Ground-Truth (z1 vs z2) -> MSE: 1.858027 | Cosine Similarity: 0.070986

[4. Success Rate of Reversal (%S)]
  - Embedding 1 -> %S1: 47.00%
  - Embedding 2 -> %S2: 46.60%
  - Combined Total -> %S: 46.80%


--- Evaluation Results: ITERATIVE ---
Run Name: arcface_baseline_mse_scaled_scheduledSpreadInv
----------------------------------------
[1. Prediction to Ground-Truth Alignment]
  - Embedding 1 -> MSE Distance: 0.458793 | Cosine Similarity: 0.757182
  - Embedding 2 -> MSE Distance: 0.458793 | Cosine Similarity: 0.756692

[2. Proximity to True Average Mixture (c)]
  - Predicted 1 to c -> MSE Distance: 0.274091 | Cosine Similarity: 0.821434
  - Baseline GT 1 to c -> MSE Distance: 0.464507 | Cosine Similarity: 0.731004
  - Predicted 2 to c -> MSE Distance: 0.274091 | Cosine Similarity: 0.818403
  - Baseline GT 2 to c -> MSE Distance: 0.464507 | Cosine Similarity: 0.731004

[3. Predicted Outputs Inter-Relationship / Spread]
  - Inter-Predicted (p1 vs p2) -> MSE: 1.096364 | Cosine Similarity: 0.375436
  - Inter-Ground-Truth (z1 vs z2) -> MSE: 1.858027 | Cosine Similarity: 0.070986

[4. Success Rate of Reversal (%S)]
  - Embedding 1 -> %S1: 35.10%
  - Embedding 2 -> %S2: 36.00%
  - Combined Total -> %S: 35.55%

