Size of test: 1000 source images, 1000 pairs
Setting up [LPIPS] perceptual loss: trunk [alex], v[0.1], spatial [off]
Loading model from: /nas-ctm01/homes/dacordeiro/.conda/envs/test/lib/python3.10/site-packages/lpips/weights/v0.1/alex.pth

--- Iterative Evaluation Metrics (Entire Validation Set) ---
Total Evaluated: 1000
LPIPS Alignment Swap Rate: 23.50%
SSIM Bright: 0.7198
SSIM Dark: 0.6644
PSNR Bright: 19.7686
PSNR Dark: 19.7618
LPIPS Bright: 0.1134
LPIPS Dark: 0.1261

Size of test: 1000 source images, 1000 pairs
Setting up [LPIPS] perceptual loss: trunk [alex], v[0.1], spatial [off]
Loading model from: /nas-ctm01/homes/dacordeiro/.conda/envs/test/lib/python3.10/site-packages/lpips/weights/v0.1/alex.pth

--- One-Shot Evaluation Metrics (Entire Validation Set) ---
Total Evaluated: 1000
LPIPS Alignment Swap Rate: 23.80%
SSIM Bright: 0.6995
SSIM Dark: 0.6364
PSNR Bright: 18.8824
PSNR Dark: 18.8981
LPIPS Bright: 0.1350
LPIPS Dark: 0.1427

