Generating 1000000 unique, order-agnostic training pairs...
Dataset pairs generated successfully.
Generating 10000 unique, order-agnostic training pairs...
Dataset pairs generated successfully.
Epoch 1 | Total: 1.8163 (Base: 1.4229 | Rep: 0.0062 | Cyc: 0.3903) | Val: 1.6270
Epoch 2 | Total: 1.5452 (Base: 1.3043 | Rep: 0.0104 | Cyc: 0.2356) | Val: 1.4734
Epoch 3 | Total: 1.3890 (Base: 1.2189 | Rep: 0.0056 | Cyc: 0.1673) | Val: 1.3330
Epoch 4 | Total: 1.2991 (Base: 1.1796 | Rep: 0.0023 | Cyc: 0.1183) | Val: 1.2842
Epoch 5 | Total: 1.2649 (Base: 1.1653 | Rep: 0.0016 | Cyc: 0.0988) | Val: 1.2605
Epoch 6 | Total: 1.2453 (Base: 1.1560 | Rep: 0.0015 | Cyc: 0.0885) | Val: 1.2455
Epoch 7 | Total: 1.2307 (Base: 1.1484 | Rep: 0.0014 | Cyc: 0.0816) | Val: 1.2337
Epoch 8 | Total: 1.2188 (Base: 1.1414 | Rep: 0.0013 | Cyc: 0.0767) | Val: 1.2242
Epoch 9 | Total: 1.2090 (Base: 1.1355 | Rep: 0.0015 | Cyc: 0.0728) | Val: 1.2165
Epoch 10 | Total: 1.1994 (Base: 1.1293 | Rep: 0.0013 | Cyc: 0.0695) | Val: 1.2099
Epoch 11 | Total: 1.1906 (Base: 1.1231 | Rep: 0.0012 | Cyc: 0.0669) | Val: 1.2042
Epoch 12 | Total: 1.1831 (Base: 1.1175 | Rep: 0.0014 | Cyc: 0.0649) | Val: 1.2010
Epoch 13 | Total: 1.1761 (Base: 1.1126 | Rep: 0.0013 | Cyc: 0.0629) | Val: 1.1953
Epoch 14 | Total: 1.1690 (Base: 1.1069 | Rep: 0.0015 | Cyc: 0.0613) | Val: 1.1926
Epoch 15 | Total: 1.1631 (Base: 1.1025 | Rep: 0.0013 | Cyc: 0.0599) | Val: 1.1893
Epoch 16 | Total: 1.1571 (Base: 1.0978 | Rep: 0.0013 | Cyc: 0.0586) | Val: 1.1862
Epoch 17 | Total: 1.1509 (Base: 1.0926 | Rep: 0.0016 | Cyc: 0.0575) | Val: 1.1836
Epoch 18 | Total: 1.1452 (Base: 1.0881 | Rep: 0.0013 | Cyc: 0.0565) | Val: 1.1815
Epoch 19 | Total: 1.1398 (Base: 1.0836 | Rep: 0.0014 | Cyc: 0.0556) | Val: 1.1795
Epoch 20 | Total: 1.1344 (Base: 1.0788 | Rep: 0.0013 | Cyc: 0.0549) | Val: 1.1776
Epoch 21 | Total: 1.1292 (Base: 1.0746 | Rep: 0.0013 | Cyc: 0.0540) | Val: 1.1752
Epoch 22 | Total: 1.1247 (Base: 1.0706 | Rep: 0.0014 | Cyc: 0.0535) | Val: 1.1734
Epoch 23 | Total: 1.1201 (Base: 1.0666 | Rep: 0.0016 | Cyc: 0.0527) | Val: 1.1738
Epoch 24 | Total: 1.1150 (Base: 1.0620 | Rep: 0.0014 | Cyc: 0.0523) | Val: 1.1722
Epoch 25 | Total: 1.1107 (Base: 1.0580 | Rep: 0.0017 | Cyc: 0.0518) | Val: 1.1708
Epoch 26 | Total: 1.1058 (Base: 1.0539 | Rep: 0.0013 | Cyc: 0.0513) | Val: 1.1695
Epoch 27 | Total: 1.1007 (Base: 1.0492 | Rep: 0.0014 | Cyc: 0.0508) | Val: 1.1693
Epoch 28 | Total: 1.0964 (Base: 1.0451 | Rep: 0.0014 | Cyc: 0.0506) | Val: 1.1675
Epoch 29 | Total: 1.0933 (Base: 1.0426 | Rep: 0.0014 | Cyc: 0.0500) | Val: 1.1668
Epoch 30 | Total: 1.0880 (Base: 1.0378 | Rep: 0.0016 | Cyc: 0.0495) | Val: 1.1655
Epoch 31 | Total: 1.0843 (Base: 1.0345 | Rep: 0.0015 | Cyc: 0.0491) | Val: 1.1654
Epoch 32 | Total: 1.0806 (Base: 1.0310 | Rep: 0.0014 | Cyc: 0.0489) | Val: 1.1645
Epoch 33 | Total: 1.0757 (Base: 1.0266 | Rep: 0.0015 | Cyc: 0.0483) | Val: 1.1648
Epoch 34 | Total: 1.0737 (Base: 1.0249 | Rep: 0.0017 | Cyc: 0.0479) | Val: 1.1652
Epoch 35 | Total: 1.0686 (Base: 1.0202 | Rep: 0.0014 | Cyc: 0.0477) | Val: 1.1636
Epoch 36 | Total: 1.0656 (Base: 1.0174 | Rep: 0.0015 | Cyc: 0.0475) | Val: 1.1635
Epoch 37 | Total: 1.0615 (Base: 1.0135 | Rep: 0.0016 | Cyc: 0.0472) | Val: 1.1619
Epoch 38 | Total: 1.0583 (Base: 1.0106 | Rep: 0.0016 | Cyc: 0.0469) | Val: 1.1636
Epoch 39 | Total: 1.0550 (Base: 1.0078 | Rep: 0.0015 | Cyc: 0.0464) | Val: 1.1645
Epoch 40 | Total: 1.0519 (Base: 1.0048 | Rep: 0.0017 | Cyc: 0.0462) | Val: 1.1625
Epoch 41 | Total: 1.0485 (Base: 1.0016 | Rep: 0.0016 | Cyc: 0.0461) | Val: 1.1621
Epoch 42 | Total: 1.0464 (Base: 0.9999 | Rep: 0.0015 | Cyc: 0.0457) | Val: 1.1616
Epoch 43 | Total: 1.0415 (Base: 0.9953 | Rep: 0.0015 | Cyc: 0.0455) | Val: 1.1611
Epoch 44 | Total: 1.0393 (Base: 0.9935 | Rep: 0.0015 | Cyc: 0.0451) | Val: 1.1626
Epoch 45 | Total: 1.0354 (Base: 0.9897 | Rep: 0.0016 | Cyc: 0.0450) | Val: 1.1629
Epoch 46 | Total: 1.0335 (Base: 0.9881 | Rep: 0.0015 | Cyc: 0.0447) | Val: 1.1637
Epoch 47 | Total: 1.0306 (Base: 0.9852 | Rep: 0.0017 | Cyc: 0.0446) | Val: 1.1606
Epoch 48 | Total: 1.0279 (Base: 0.9828 | Rep: 0.0016 | Cyc: 0.0443) | Val: 1.1615
Epoch 49 | Total: 1.0239 (Base: 0.9790 | Rep: 0.0017 | Cyc: 0.0440) | Val: 1.1621
Epoch 50 | Total: 1.0227 (Base: 0.9781 | Rep: 0.0015 | Cyc: 0.0438) | Val: 1.1624
Generating 10000 unique, order-agnostic training pairs...
Dataset pairs generated successfully.

--- Evaluation Results: BASELINE (NO COND) ---
Run Name: diffae_oneshot_penalized
----------------------------------------
Base Reference Angular Properties:
  - CosSim(True Baseline z1, True Baseline z2): -0.000477

[Embedding 1 Performance Alignment]
  - L1 Distance:                       0.554803
  - Cosine Similarity to Target:       0.618983

[Embedding 2 Performance Alignment]
  - L1 Distance:                       0.554826
  - Cosine Similarity to Target:       0.617647

Generated Outputs Inter-Relationship:
  - CosSim(Aligned Pred z1, Aligned Pred z2):  0.078215

