Loading ArcFace embeddings...
--> Saved new best checkpoint based on Cheap Val to experiments/asymmetric_z1_spherical_alpha_55_real_noSlerp/checkpoints/best.pt
Epoch 1 | Train L1: 0.4208 | Val Cheap L1: 0.3159
--> Saved new best checkpoint based on Cheap Val to experiments/asymmetric_z1_spherical_alpha_55_real_noSlerp/checkpoints/best.pt
Epoch 2 | Train L1: 0.3091 | Val Cheap L1: 0.3067
--> Saved new best checkpoint based on Cheap Val to experiments/asymmetric_z1_spherical_alpha_55_real_noSlerp/checkpoints/best.pt
Epoch 3 | Train L1: 0.3031 | Val Cheap L1: 0.3042
--> Saved new best checkpoint based on Cheap Val to experiments/asymmetric_z1_spherical_alpha_55_real_noSlerp/checkpoints/best.pt
Epoch 4 | Train L1: 0.2987 | Val Cheap L1: 0.2958
--> Saved new best checkpoint based on Cheap Val to experiments/asymmetric_z1_spherical_alpha_55_real_noSlerp/checkpoints/best.pt
Epoch 5 | Train L1: 0.2942 | Val Cheap L1: 0.2951 | Val TACOs L1: 0.4859
--> Saved new best checkpoint based on Cheap Val to experiments/asymmetric_z1_spherical_alpha_55_real_noSlerp/checkpoints/best.pt
Epoch 6 | Train L1: 0.2902 | Val Cheap L1: 0.2914
Epoch 7 | Train L1: 0.2859 | Val Cheap L1: 0.2934
--> Saved new best checkpoint based on Cheap Val to experiments/asymmetric_z1_spherical_alpha_55_real_noSlerp/checkpoints/best.pt
Epoch 8 | Train L1: 0.2825 | Val Cheap L1: 0.2890
--> Saved new best checkpoint based on Cheap Val to experiments/asymmetric_z1_spherical_alpha_55_real_noSlerp/checkpoints/best.pt
Epoch 9 | Train L1: 0.2792 | Val Cheap L1: 0.2844
--> Saved new best checkpoint based on Cheap Val to experiments/asymmetric_z1_spherical_alpha_55_real_noSlerp/checkpoints/best.pt
Epoch 10 | Train L1: 0.2762 | Val Cheap L1: 0.2814 | Val TACOs L1: 0.4633
Epoch 11 | Train L1: 0.2734 | Val Cheap L1: 0.2822
--> Saved new best checkpoint based on Cheap Val to experiments/asymmetric_z1_spherical_alpha_55_real_noSlerp/checkpoints/best.pt
Epoch 12 | Train L1: 0.2707 | Val Cheap L1: 0.2774
Epoch 13 | Train L1: 0.2684 | Val Cheap L1: 0.2778
--> Saved new best checkpoint based on Cheap Val to experiments/asymmetric_z1_spherical_alpha_55_real_noSlerp/checkpoints/best.pt
Epoch 14 | Train L1: 0.2666 | Val Cheap L1: 0.2752
Epoch 15 | Train L1: 0.2646 | Val Cheap L1: 0.2779 | Val TACOs L1: 0.4596
Epoch 16 | Train L1: 0.2629 | Val Cheap L1: 0.2768
--> Saved new best checkpoint based on Cheap Val to experiments/asymmetric_z1_spherical_alpha_55_real_noSlerp/checkpoints/best.pt
Epoch 17 | Train L1: 0.2606 | Val Cheap L1: 0.2748
Epoch 18 | Train L1: 0.2589 | Val Cheap L1: 0.2757
--> Saved new best checkpoint based on Cheap Val to experiments/asymmetric_z1_spherical_alpha_55_real_noSlerp/checkpoints/best.pt
Epoch 19 | Train L1: 0.2573 | Val Cheap L1: 0.2713
Epoch 20 | Train L1: 0.2559 | Val Cheap L1: 0.2742 | Val TACOs L1: 0.4511
--> Saved new best checkpoint based on Cheap Val to experiments/asymmetric_z1_spherical_alpha_55_real_noSlerp/checkpoints/best.pt
Epoch 21 | Train L1: 0.2542 | Val Cheap L1: 0.2702
Epoch 22 | Train L1: 0.2531 | Val Cheap L1: 0.2721
--> Saved new best checkpoint based on Cheap Val to experiments/asymmetric_z1_spherical_alpha_55_real_noSlerp/checkpoints/best.pt
Epoch 23 | Train L1: 0.2515 | Val Cheap L1: 0.2691
Epoch 24 | Train L1: 0.2502 | Val Cheap L1: 0.2728
Epoch 25 | Train L1: 0.2489 | Val Cheap L1: 0.2704 | Val TACOs L1: 0.4473
--> Saved new best checkpoint based on Cheap Val to experiments/asymmetric_z1_spherical_alpha_55_real_noSlerp/checkpoints/best.pt
Epoch 26 | Train L1: 0.2475 | Val Cheap L1: 0.2687
Epoch 27 | Train L1: 0.2462 | Val Cheap L1: 0.2719
Epoch 28 | Train L1: 0.2452 | Val Cheap L1: 0.2695
--> Saved new best checkpoint based on Cheap Val to experiments/asymmetric_z1_spherical_alpha_55_real_noSlerp/checkpoints/best.pt
Epoch 29 | Train L1: 0.2446 | Val Cheap L1: 0.2676
Epoch 30 | Train L1: 0.2433 | Val Cheap L1: 0.2692 | Val TACOs L1: 0.4426
Epoch 31 | Train L1: 0.2424 | Val Cheap L1: 0.2698
Epoch 32 | Train L1: 0.2414 | Val Cheap L1: 0.2686
Epoch 33 | Train L1: 0.2401 | Val Cheap L1: 0.2684
Epoch 34 | Train L1: 0.2394 | Val Cheap L1: 0.2707
Epoch 35 | Train L1: 0.2383 | Val Cheap L1: 0.2684 | Val TACOs L1: 0.4418
Epoch 36 | Train L1: 0.2378 | Val Cheap L1: 0.2691
Epoch 37 | Train L1: 0.2372 | Val Cheap L1: 0.2690
Epoch 38 | Train L1: 0.2368 | Val Cheap L1: 0.2695
Epoch 39 | Train L1: 0.2358 | Val Cheap L1: 0.2692
Epoch 40 | Train L1: 0.2355 | Val Cheap L1: 0.2695 | Val TACOs L1: 0.4403
Epoch 41 | Train L1: 0.2349 | Val Cheap L1: 0.2691
Epoch 42 | Train L1: 0.2346 | Val Cheap L1: 0.2684
Epoch 43 | Train L1: 0.2341 | Val Cheap L1: 0.2678
Epoch 44 | Train L1: 0.2338 | Val Cheap L1: 0.2680
Epoch 45 | Train L1: 0.2332 | Val Cheap L1: 0.2683 | Val TACOs L1: 0.4394
Epoch 46 | Train L1: 0.2332 | Val Cheap L1: 0.2685
Epoch 47 | Train L1: 0.2332 | Val Cheap L1: 0.2686
Epoch 48 | Train L1: 0.2332 | Val Cheap L1: 0.2679
Epoch 49 | Train L1: 0.2331 | Val Cheap L1: 0.2709
Epoch 50 | Train L1: 0.2330 | Val Cheap L1: 0.2688 | Val TACOs L1: 0.4390
Loading ArcFace embeddings for one_shot evaluation...
Loading weights from experiments/asymmetric_z1_spherical_alpha_55_real_noSlerp/checkpoints/best.pt...

--- Evaluation Results (Dominant z1 Target Tracking): ONE_SHOT ---
Run Name: asymmetric_z1_spherical_alpha_55_real_noSlerp
Validation Pairs: 10,000
Terminal Alpha Config: 0.55
----------------------------------------
L1 Distance (Scaled space): 0.435447
L1 Distance (Raw ArcFace):  0.020113
Cosine Similarity:          0.825852

Saved evaluation results to experiments/asymmetric_z1_spherical_alpha_55_real_noSlerp/eval_one_shot.txt
Loading ArcFace embeddings for iterative evaluation...
Loading weights from experiments/asymmetric_z1_spherical_alpha_55_real_noSlerp/checkpoints/best.pt...

--- Evaluation Results (Dominant z1 Target Tracking): ITERATIVE ---
Run Name: asymmetric_z1_spherical_alpha_55_real_noSlerp
Validation Pairs: 10,000
Terminal Alpha Config: 0.55
----------------------------------------
L1 Distance (Scaled space): 0.441987
L1 Distance (Raw ArcFace):  0.020224
Cosine Similarity:          0.822702

Saved evaluation results to experiments/asymmetric_z1_spherical_alpha_55_real_noSlerp/eval_iterative.txt
