Loading ArcFace embeddings...
--> Saved new best checkpoint based on Cheap Val to experiments/asymmetric_arcface_z1_alpha_60/checkpoints/best.pt
Epoch 1 | Train L1: 0.3996 | Val Cheap L1: 0.2750
--> Saved new best checkpoint based on Cheap Val to experiments/asymmetric_arcface_z1_alpha_60/checkpoints/best.pt
Epoch 2 | Train L1: 0.2653 | Val Cheap L1: 0.2625
--> Saved new best checkpoint based on Cheap Val to experiments/asymmetric_arcface_z1_alpha_60/checkpoints/best.pt
Epoch 3 | Train L1: 0.2585 | Val Cheap L1: 0.2534
--> Saved new best checkpoint based on Cheap Val to experiments/asymmetric_arcface_z1_alpha_60/checkpoints/best.pt
Epoch 4 | Train L1: 0.2528 | Val Cheap L1: 0.2526
--> Saved new best checkpoint based on Cheap Val to experiments/asymmetric_arcface_z1_alpha_60/checkpoints/best.pt
Epoch 5 | Train L1: 0.2507 | Val Cheap L1: 0.2499 | Val TACOs L1: 0.3020
--> Saved new best checkpoint based on Cheap Val to experiments/asymmetric_arcface_z1_alpha_60/checkpoints/best.pt
Epoch 6 | Train L1: 0.2477 | Val Cheap L1: 0.2463
--> Saved new best checkpoint based on Cheap Val to experiments/asymmetric_arcface_z1_alpha_60/checkpoints/best.pt
Epoch 7 | Train L1: 0.2434 | Val Cheap L1: 0.2446
--> Saved new best checkpoint based on Cheap Val to experiments/asymmetric_arcface_z1_alpha_60/checkpoints/best.pt
Epoch 8 | Train L1: 0.2393 | Val Cheap L1: 0.2413
--> Saved new best checkpoint based on Cheap Val to experiments/asymmetric_arcface_z1_alpha_60/checkpoints/best.pt
Epoch 9 | Train L1: 0.2358 | Val Cheap L1: 0.2405
--> Saved new best checkpoint based on Cheap Val to experiments/asymmetric_arcface_z1_alpha_60/checkpoints/best.pt
Epoch 10 | Train L1: 0.2333 | Val Cheap L1: 0.2368 | Val TACOs L1: 0.2842
Epoch 11 | Train L1: 0.2306 | Val Cheap L1: 0.2368
--> Saved new best checkpoint based on Cheap Val to experiments/asymmetric_arcface_z1_alpha_60/checkpoints/best.pt
Epoch 12 | Train L1: 0.2283 | Val Cheap L1: 0.2337
Epoch 13 | Train L1: 0.2258 | Val Cheap L1: 0.2368
Epoch 14 | Train L1: 0.2238 | Val Cheap L1: 0.2361
Epoch 15 | Train L1: 0.2222 | Val Cheap L1: 0.2350 | Val TACOs L1: 0.2773
Epoch 16 | Train L1: 0.2206 | Val Cheap L1: 0.2356
Epoch 17 | Train L1: 0.2189 | Val Cheap L1: 0.2355
--> Saved new best checkpoint based on Cheap Val to experiments/asymmetric_arcface_z1_alpha_60/checkpoints/best.pt
Epoch 18 | Train L1: 0.2175 | Val Cheap L1: 0.2303
Epoch 19 | Train L1: 0.2161 | Val Cheap L1: 0.2328
--> Saved new best checkpoint based on Cheap Val to experiments/asymmetric_arcface_z1_alpha_60/checkpoints/best.pt
Epoch 20 | Train L1: 0.2146 | Val Cheap L1: 0.2297 | Val TACOs L1: 0.2723
Epoch 21 | Train L1: 0.2132 | Val Cheap L1: 0.2306
Epoch 22 | Train L1: 0.2119 | Val Cheap L1: 0.2313
Epoch 23 | Train L1: 0.2103 | Val Cheap L1: 0.2316
Epoch 24 | Train L1: 0.2095 | Val Cheap L1: 0.2304
Epoch 25 | Train L1: 0.2082 | Val Cheap L1: 0.2332 | Val TACOs L1: 0.2710
Epoch 26 | Train L1: 0.2068 | Val Cheap L1: 0.2322
Epoch 27 | Train L1: 0.2059 | Val Cheap L1: 0.2310
Epoch 28 | Train L1: 0.2050 | Val Cheap L1: 0.2360
Epoch 29 | Train L1: 0.2037 | Val Cheap L1: 0.2333
Epoch 30 | Train L1: 0.2030 | Val Cheap L1: 0.2351 | Val TACOs L1: 0.2708
Epoch 31 | Train L1: 0.2016 | Val Cheap L1: 0.2359
Epoch 32 | Train L1: 0.2010 | Val Cheap L1: 0.2339
Epoch 33 | Train L1: 0.1998 | Val Cheap L1: 0.2329
Epoch 34 | Train L1: 0.1987 | Val Cheap L1: 0.2307
Epoch 35 | Train L1: 0.1978 | Val Cheap L1: 0.2365 | Val TACOs L1: 0.2725
Epoch 36 | Train L1: 0.1973 | Val Cheap L1: 0.2338
Epoch 37 | Train L1: 0.1964 | Val Cheap L1: 0.2339
Epoch 38 | Train L1: 0.1951 | Val Cheap L1: 0.2363
Epoch 39 | Train L1: 0.1950 | Val Cheap L1: 0.2366
Epoch 40 | Train L1: 0.1941 | Val Cheap L1: 0.2339 | Val TACOs L1: 0.2710
Epoch 41 | Train L1: 0.1927 | Val Cheap L1: 0.2346
Epoch 42 | Train L1: 0.1921 | Val Cheap L1: 0.2365
Epoch 43 | Train L1: 0.1914 | Val Cheap L1: 0.2366
Epoch 44 | Train L1: 0.1904 | Val Cheap L1: 0.2374
Epoch 45 | Train L1: 0.1896 | Val Cheap L1: 0.2380 | Val TACOs L1: 0.2740
Epoch 46 | Train L1: 0.1888 | Val Cheap L1: 0.2364
Epoch 47 | Train L1: 0.1879 | Val Cheap L1: 0.2389
Epoch 48 | Train L1: 0.1876 | Val Cheap L1: 0.2371
Epoch 49 | Train L1: 0.1867 | Val Cheap L1: 0.2386
Epoch 50 | Train L1: 0.1859 | Val Cheap L1: 0.2425 | Val TACOs L1: 0.2773
Loading ArcFace embeddings for one_shot evaluation...
Loading weights from experiments/asymmetric_arcface_z1_alpha_60/checkpoints/best.pt...

--- Evaluation Results (Dominant z1 Target Tracking): ONE_SHOT ---
Run Name: asymmetric_arcface_z1_alpha_60
Validation Pairs: 10,000
Terminal Alpha Config: 0.60
----------------------------------------
L1 Distance (Scaled space): 0.371928
L1 Distance (Raw ArcFace):  0.016956
Cosine Similarity:          0.878869

Saved evaluation results to experiments/asymmetric_arcface_z1_alpha_60/eval_one_shot.txt
Loading ArcFace embeddings for iterative evaluation...
Loading weights from experiments/asymmetric_arcface_z1_alpha_60/checkpoints/best.pt...

--- Evaluation Results (Dominant z1 Target Tracking): ITERATIVE ---
Run Name: asymmetric_arcface_z1_alpha_60
Validation Pairs: 10,000
Terminal Alpha Config: 0.60
----------------------------------------
L1 Distance (Scaled space): 0.272317
L1 Distance (Raw ArcFace):  0.012229
Cosine Similarity:          0.937140

Saved evaluation results to experiments/asymmetric_arcface_z1_alpha_60/eval_iterative.txt
