Epoch 1 | Train Loss: 1.4522 | Val Cheap Loss: 1.3103 | Val Last-T Loss: 1.3351
Epoch 2 | Train Loss: 1.2291 | Val Cheap Loss: 1.1822 | Val Last-T Loss: 1.2277
Epoch 3 | Train Loss: 1.1512 | Val Cheap Loss: 1.1291 | Val Last-T Loss: 1.1904
Epoch 4 | Train Loss: 1.1241 | Val Cheap Loss: 1.1270 | Val Last-T Loss: 1.1833
Epoch 5 | Train Loss: 1.1124 | Val Cheap Loss: 1.1082 | Val Last-T Loss: 1.1692
Epoch 6 | Train Loss: 1.1059 | Val Cheap Loss: 1.1053 | Val Last-T Loss: 1.1661
Epoch 7 | Train Loss: 1.1011 | Val Cheap Loss: 1.1000 | Val Last-T Loss: 1.1613
Epoch 8 | Train Loss: 1.0980 | Val Cheap Loss: 1.0923 | Val Last-T Loss: 1.1582
Epoch 9 | Train Loss: 1.0942 | Val Cheap Loss: 1.0903 | Val Last-T Loss: 1.1554
Epoch 10 | Train Loss: 1.0891 | Val Cheap Loss: 1.0894 | Val Last-T Loss: 1.1535
Epoch 11 | Train Loss: 1.0843 | Val Cheap Loss: 1.0853 | Val Last-T Loss: 1.1496
Epoch 12 | Train Loss: 1.0804 | Val Cheap Loss: 1.0823 | Val Last-T Loss: 1.1455
Epoch 13 | Train Loss: 1.0754 | Val Cheap Loss: 1.0794 | Val Last-T Loss: 1.1459
Epoch 14 | Train Loss: 1.0706 | Val Cheap Loss: 1.0749 | Val Last-T Loss: 1.1416
Epoch 15 | Train Loss: 1.0656 | Val Cheap Loss: 1.0711 | Val Last-T Loss: 1.1377
Epoch 16 | Train Loss: 1.0611 | Val Cheap Loss: 1.0682 | Val Last-T Loss: 1.1369
Epoch 17 | Train Loss: 1.0567 | Val Cheap Loss: 1.0631 | Val Last-T Loss: 1.1339
Epoch 18 | Train Loss: 1.0517 | Val Cheap Loss: 1.0649 | Val Last-T Loss: 1.1323
 EarlyStopping Counter: 1 out of 20
Epoch 19 | Train Loss: 1.0474 | Val Cheap Loss: 1.0582 | Val Last-T Loss: 1.1293
Epoch 20 | Train Loss: 1.0435 | Val Cheap Loss: 1.0597 | Val Last-T Loss: 1.1283
 EarlyStopping Counter: 1 out of 20
Epoch 21 | Train Loss: 1.0395 | Val Cheap Loss: 1.0601 | Val Last-T Loss: 1.1275
 EarlyStopping Counter: 2 out of 20
Epoch 22 | Train Loss: 1.0362 | Val Cheap Loss: 1.0586 | Val Last-T Loss: 1.1256
 EarlyStopping Counter: 3 out of 20
Epoch 23 | Train Loss: 1.0316 | Val Cheap Loss: 1.0584 | Val Last-T Loss: 1.1233
 EarlyStopping Counter: 4 out of 20
Epoch 24 | Train Loss: 1.0274 | Val Cheap Loss: 1.0580 | Val Last-T Loss: 1.1250
Epoch 25 | Train Loss: 1.0242 | Val Cheap Loss: 1.0538 | Val Last-T Loss: 1.1226 | Val TACOs L1: 1.1077
Epoch 26 | Train Loss: 1.0205 | Val Cheap Loss: 1.0543 | Val Last-T Loss: 1.1211
 EarlyStopping Counter: 1 out of 20
Epoch 27 | Train Loss: 1.0161 | Val Cheap Loss: 1.0561 | Val Last-T Loss: 1.1208
 EarlyStopping Counter: 2 out of 20
Epoch 28 | Train Loss: 1.0137 | Val Cheap Loss: 1.0542 | Val Last-T Loss: 1.1187
 EarlyStopping Counter: 3 out of 20
Epoch 29 | Train Loss: 1.0107 | Val Cheap Loss: 1.0533 | Val Last-T Loss: 1.1190
Epoch 30 | Train Loss: 1.0065 | Val Cheap Loss: 1.0487 | Val Last-T Loss: 1.1175
Epoch 31 | Train Loss: 1.0034 | Val Cheap Loss: 1.0513 | Val Last-T Loss: 1.1159
 EarlyStopping Counter: 1 out of 20
Epoch 32 | Train Loss: 1.0009 | Val Cheap Loss: 1.0509 | Val Last-T Loss: 1.1157
 EarlyStopping Counter: 2 out of 20
Epoch 33 | Train Loss: 0.9972 | Val Cheap Loss: 1.0496 | Val Last-T Loss: 1.1153
 EarlyStopping Counter: 3 out of 20
Epoch 34 | Train Loss: 0.9945 | Val Cheap Loss: 1.0541 | Val Last-T Loss: 1.1154
 EarlyStopping Counter: 4 out of 20
Epoch 35 | Train Loss: 0.9908 | Val Cheap Loss: 1.0534 | Val Last-T Loss: 1.1154
 EarlyStopping Counter: 5 out of 20
Epoch 36 | Train Loss: 0.9887 | Val Cheap Loss: 1.0556 | Val Last-T Loss: 1.1143
 EarlyStopping Counter: 6 out of 20
Epoch 37 | Train Loss: 0.9862 | Val Cheap Loss: 1.0484 | Val Last-T Loss: 1.1130
Epoch 38 | Train Loss: 0.9833 | Val Cheap Loss: 1.0529 | Val Last-T Loss: 1.1135
 EarlyStopping Counter: 1 out of 20
Epoch 39 | Train Loss: 0.9808 | Val Cheap Loss: 1.0514 | Val Last-T Loss: 1.1140
 EarlyStopping Counter: 2 out of 20
Epoch 40 | Train Loss: 0.9775 | Val Cheap Loss: 1.0530 | Val Last-T Loss: 1.1120
 EarlyStopping Counter: 3 out of 20
Epoch 41 | Train Loss: 0.9762 | Val Cheap Loss: 1.0510 | Val Last-T Loss: 1.1121
 EarlyStopping Counter: 4 out of 20
Epoch 42 | Train Loss: 0.9732 | Val Cheap Loss: 1.0514 | Val Last-T Loss: 1.1115
 EarlyStopping Counter: 5 out of 20
Epoch 43 | Train Loss: 0.9707 | Val Cheap Loss: 1.0515 | Val Last-T Loss: 1.1119
 EarlyStopping Counter: 6 out of 20
Epoch 44 | Train Loss: 0.9681 | Val Cheap Loss: 1.0537 | Val Last-T Loss: 1.1104
 EarlyStopping Counter: 7 out of 20
Epoch 45 | Train Loss: 0.9655 | Val Cheap Loss: 1.0543 | Val Last-T Loss: 1.1121
 EarlyStopping Counter: 8 out of 20
Epoch 46 | Train Loss: 0.9643 | Val Cheap Loss: 1.0549 | Val Last-T Loss: 1.1123
 EarlyStopping Counter: 9 out of 20
Epoch 47 | Train Loss: 0.9610 | Val Cheap Loss: 1.0531 | Val Last-T Loss: 1.1114
 EarlyStopping Counter: 10 out of 20
Epoch 48 | Train Loss: 0.9592 | Val Cheap Loss: 1.0555 | Val Last-T Loss: 1.1110
 EarlyStopping Counter: 11 out of 20
Epoch 49 | Train Loss: 0.9567 | Val Cheap Loss: 1.0518 | Val Last-T Loss: 1.1104
 EarlyStopping Counter: 12 out of 20
Epoch 50 | Train Loss: 0.9552 | Val Cheap Loss: 1.0529 | Val Last-T Loss: 1.1093 | Val TACOs L1: 1.0931
 EarlyStopping Counter: 13 out of 20
Epoch 51 | Train Loss: 0.9530 | Val Cheap Loss: 1.0541 | Val Last-T Loss: 1.1113
 EarlyStopping Counter: 14 out of 20
Epoch 52 | Train Loss: 0.9507 | Val Cheap Loss: 1.0527 | Val Last-T Loss: 1.1093
 EarlyStopping Counter: 15 out of 20
Epoch 53 | Train Loss: 0.9484 | Val Cheap Loss: 1.0565 | Val Last-T Loss: 1.1111
 EarlyStopping Counter: 16 out of 20
Epoch 54 | Train Loss: 0.9469 | Val Cheap Loss: 1.0588 | Val Last-T Loss: 1.1105
 EarlyStopping Counter: 17 out of 20
Epoch 55 | Train Loss: 0.9450 | Val Cheap Loss: 1.0549 | Val Last-T Loss: 1.1095
 EarlyStopping Counter: 18 out of 20
Epoch 56 | Train Loss: 0.9426 | Val Cheap Loss: 1.0575 | Val Last-T Loss: 1.1098
 EarlyStopping Counter: 19 out of 20
Epoch 57 | Train Loss: 0.9410 | Val Cheap Loss: 1.0578 | Val Last-T Loss: 1.1095
 EarlyStopping Counter: 20 out of 20

[EARLY STOPPING TRIGGERED] Validation profile plateaued for 20 epochs. Terminating run.

--- Evaluation Results: ONE_SHOT ---
Run Name: diffae_smallMag
----------------------------------------
[1. Prediction to Ground-Truth Alignment]
  - Embedding 1 -> L1 Distance: 0.670721 | Cosine Similarity: 0.544264
  - Embedding 2 -> L1 Distance: 0.670721 | Cosine Similarity: 0.586590

[2. Proximity to True Average Mixture (c)]
  - Predicted 1 to c -> L1 Distance: 0.267347 | Cosine Similarity: 0.893553
  - Baseline GT 1 to c -> L1 Distance: 0.562880 | Cosine Similarity: 0.675151
  - Predicted 2 to c -> L1 Distance: 0.267347 | Cosine Similarity: 0.890719
  - Baseline GT 2 to c -> L1 Distance: 0.562880 | Cosine Similarity: 0.734268

[3. Predicted Outputs Inter-Relationship / Spread]
  - Inter-Predicted (p1 vs p2) -> L1: 0.534695 | Cosine Similarity: 0.615200
  - Inter-Ground-Truth (z1 vs z2) -> L1: 1.125759 | Cosine Similarity: -0.002203


--- Evaluation Results: ITERATIVE ---
Run Name: diffae_smallMag
----------------------------------------
[1. Prediction to Ground-Truth Alignment]
  - Embedding 1 -> L1 Distance: 0.713073 | Cosine Similarity: 0.503219
  - Embedding 2 -> L1 Distance: 0.713073 | Cosine Similarity: 0.535221

[2. Proximity to True Average Mixture (c)]
  - Predicted 1 to c -> L1 Distance: 0.334586 | Cosine Similarity: 0.869579
  - Baseline GT 1 to c -> L1 Distance: 0.562880 | Cosine Similarity: 0.675151
  - Predicted 2 to c -> L1 Distance: 0.334586 | Cosine Similarity: 0.840797
  - Baseline GT 2 to c -> L1 Distance: 0.562880 | Cosine Similarity: 0.734268

[3. Predicted Outputs Inter-Relationship / Spread]
  - Inter-Predicted (p1 vs p2) -> L1: 0.669172 | Cosine Similarity: 0.485412
  - Inter-Ground-Truth (z1 vs z2) -> L1: 1.125759 | Cosine Similarity: -0.002203

