
--- Evaluation Results: ONE_SHOT ---
Run Name: diffae_sorted_pc3
Sorted via PC Component Index: 3
----------------------------------------
[1. Prediction to Ground-Truth Alignment]
  - Embedding 1 -> L1 Distance: 0.543175 | Cosine Similarity: 0.738712
  - Embedding 2 -> L1 Distance: 0.543175 | Cosine Similarity: 0.718852

[2. Proximity to True Average Mixture (c)]
  - Predicted 1 to c -> L1 Distance: 0.190316 | Cosine Similarity: 0.955586
  - Baseline GT 1 to c -> L1 Distance: 0.562880 | Cosine Similarity: 0.716313
  - Predicted 2 to c -> L1 Distance: 0.190316 | Cosine Similarity: 0.940266
  - Baseline GT 2 to c -> L1 Distance: 0.562880 | Cosine Similarity: 0.693106

[3. Predicted Outputs Inter-Relationship / Spread]
  - Inter-Predicted (p1 vs p2) -> L1: 0.380633 | Cosine Similarity: 0.801017
  - Inter-Ground-Truth (z1 vs z2) -> L1: 1.125759 | Cosine Similarity: -0.002203

[4. Success Rate of Reversal (%S)]
  - Embedding 1 -> %S1: 0.00%
  - Embedding 2 -> %S2: 0.00%
  - Combined Total -> %S: 0.00%


--- Evaluation Results: ITERATIVE ---
Run Name: diffae_sorted_pc3
Sorted via PC Component Index: 3
----------------------------------------
[1. Prediction to Ground-Truth Alignment]
  - Embedding 1 -> L1 Distance: 0.553250 | Cosine Similarity: 0.735213
  - Embedding 2 -> L1 Distance: 0.553250 | Cosine Similarity: 0.711204

[2. Proximity to True Average Mixture (c)]
  - Predicted 1 to c -> L1 Distance: 0.248939 | Cosine Similarity: 0.940724
  - Baseline GT 1 to c -> L1 Distance: 0.562880 | Cosine Similarity: 0.716313
  - Predicted 2 to c -> L1 Distance: 0.248939 | Cosine Similarity: 0.904415
  - Baseline GT 2 to c -> L1 Distance: 0.562880 | Cosine Similarity: 0.693106

[3. Predicted Outputs Inter-Relationship / Spread]
  - Inter-Predicted (p1 vs p2) -> L1: 0.497879 | Cosine Similarity: 0.714528
  - Inter-Ground-Truth (z1 vs z2) -> L1: 1.125759 | Cosine Similarity: -0.002203

[4. Success Rate of Reversal (%S)]
  - Embedding 1 -> %S1: 0.00%
  - Embedding 2 -> %S2: 0.30%
  - Combined Total -> %S: 0.15%

