--- Initializing Data Loaders on cuda ---
Epoch 01/50 | Train Loss: 0.6697 | Val Loss: 0.5701
Epoch 02/50 | Train Loss: 0.5482 | Val Loss: 0.5166
Epoch 03/50 | Train Loss: 0.5067 | Val Loss: 0.4865
Epoch 04/50 | Train Loss: 0.4782 | Val Loss: 0.4638
Epoch 05/50 | Train Loss: 0.4568 | Val Loss: 0.4478
Epoch 06/50 | Train Loss: 0.4415 | Val Loss: 0.4370
Epoch 07/50 | Train Loss: 0.4297 | Val Loss: 0.4291
Epoch 08/50 | Train Loss: 0.4203 | Val Loss: 0.4230
Epoch 09/50 | Train Loss: 0.4127 | Val Loss: 0.4180
Epoch 10/50 | Train Loss: 0.4059 | Val Loss: 0.4140
Epoch 11/50 | Train Loss: 0.4000 | Val Loss: 0.4110
Epoch 12/50 | Train Loss: 0.3948 | Val Loss: 0.4082
Epoch 13/50 | Train Loss: 0.3901 | Val Loss: 0.4059
Epoch 14/50 | Train Loss: 0.3860 | Val Loss: 0.4041
Epoch 15/50 | Train Loss: 0.3820 | Val Loss: 0.4024
Epoch 16/50 | Train Loss: 0.3785 | Val Loss: 0.4009
Epoch 17/50 | Train Loss: 0.3751 | Val Loss: 0.3997
Epoch 18/50 | Train Loss: 0.3721 | Val Loss: 0.3986
Epoch 19/50 | Train Loss: 0.3690 | Val Loss: 0.3979
Epoch 20/50 | Train Loss: 0.3664 | Val Loss: 0.3974
Epoch 21/50 | Train Loss: 0.3637 | Val Loss: 0.3967
Epoch 22/50 | Train Loss: 0.3615 | Val Loss: 0.3960
Epoch 23/50 | Train Loss: 0.3588 | Val Loss: 0.3958
Epoch 24/50 | Train Loss: 0.3568 | Val Loss: 0.3955
Epoch 25/50 | Train Loss: 0.3545 | Val Loss: 0.3954
Epoch 26/50 | Train Loss: 0.3524 | Val Loss: 0.3952
Epoch 27/50 | Train Loss: 0.3507 | Val Loss: 0.3950
Epoch 28/50 | Train Loss: 0.3487 | Val Loss: 0.3945
Epoch 29/50 | Train Loss: 0.3468 | Val Loss: 0.3947
Epoch 30/50 | Train Loss: 0.3449 | Val Loss: 0.3947
Epoch 31/50 | Train Loss: 0.3434 | Val Loss: 0.3946
Epoch 32/50 | Train Loss: 0.3416 | Val Loss: 0.3949
Epoch 33/50 | Train Loss: 0.3401 | Val Loss: 0.3950
Epoch 34/50 | Train Loss: 0.3384 | Val Loss: 0.3951
Epoch 35/50 | Train Loss: 0.3370 | Val Loss: 0.3952
Epoch 36/50 | Train Loss: 0.3355 | Val Loss: 0.3955
Epoch 37/50 | Train Loss: 0.3341 | Val Loss: 0.3957
Epoch 38/50 | Train Loss: 0.3325 | Val Loss: 0.3960
Epoch 39/50 | Train Loss: 0.3314 | Val Loss: 0.3961
Epoch 40/50 | Train Loss: 0.3302 | Val Loss: 0.3962
Epoch 41/50 | Train Loss: 0.3287 | Val Loss: 0.3964
Epoch 42/50 | Train Loss: 0.3273 | Val Loss: 0.3966
Epoch 43/50 | Train Loss: 0.3262 | Val Loss: 0.3969
Epoch 44/50 | Train Loss: 0.3251 | Val Loss: 0.3970
Epoch 45/50 | Train Loss: 0.3238 | Val Loss: 0.3975
Epoch 46/50 | Train Loss: 0.3228 | Val Loss: 0.3975
Epoch 47/50 | Train Loss: 0.3216 | Val Loss: 0.3982
Epoch 48/50 | Train Loss: 0.3204 | Val Loss: 0.3985
Epoch 49/50 | Train Loss: 0.3195 | Val Loss: 0.3988
Epoch 50/50 | Train Loss: 0.3184 | Val Loss: 0.3992

--- Training Complete in 1.28 minutes ---

--- Running Final Evaluation on Isolated Test Set ---
====================================================
           LATENT MAPPER EVALUATION REPORT          
====================================================

Model Architecture: MLP (512 -> 1024 -> 1024 -> 512)
Normalization:      Input Z-Score | Output L2 Normalization
Loss Function:      Cosine Embedding Loss
Test Set Size:      7000 samples

--- METRICS ---
Average Cosine Similarity:  0.6052 (Closer to 1.0 is better)
Minimum Cosine Similarity:  -0.0371 (Worst-case translation)
Average Mean Squared Error: 0.001542 (Closer to 0.0 is better)

====================================================

[SUCCESS] Report saved to: evaluation_report.txt
