Epoch 1 | Train Loss: 1.4461 | Val Cheap Loss: 1.2942 | Val Last-T Loss: 1.3270
Epoch 2 | Train Loss: 1.2006 | Val Cheap Loss: 1.1409 | Val Last-T Loss: 1.2140
Epoch 3 | Train Loss: 1.1098 | Val Cheap Loss: 1.0907 | Val Last-T Loss: 1.1809
Epoch 4 | Train Loss: 1.0786 | Val Cheap Loss: 1.0766 | Val Last-T Loss: 1.1676
Epoch 5 | Train Loss: 1.0663 | Val Cheap Loss: 1.0658 | Val Last-T Loss: 1.1616
Epoch 6 | Train Loss: 1.0595 | Val Cheap Loss: 1.0622 | Val Last-T Loss: 1.1603
Epoch 7 | Train Loss: 1.0559 | Val Cheap Loss: 1.0690 | Val Last-T Loss: 1.1603
 EarlyStopping Counter: 1 out of 20
Epoch 8 | Train Loss: 1.0527 | Val Cheap Loss: 1.0502 | Val Last-T Loss: 1.1509
Epoch 9 | Train Loss: 1.0500 | Val Cheap Loss: 1.0598 | Val Last-T Loss: 1.1523
 EarlyStopping Counter: 1 out of 20
Epoch 10 | Train Loss: 1.0461 | Val Cheap Loss: 1.0481 | Val Last-T Loss: 1.1495
Epoch 11 | Train Loss: 1.0418 | Val Cheap Loss: 1.0447 | Val Last-T Loss: 1.1483
Epoch 12 | Train Loss: 1.0377 | Val Cheap Loss: 1.0412 | Val Last-T Loss: 1.1453
Epoch 13 | Train Loss: 1.0329 | Val Cheap Loss: 1.0387 | Val Last-T Loss: 1.1430
Epoch 14 | Train Loss: 1.0289 | Val Cheap Loss: 1.0400 | Val Last-T Loss: 1.1424
 EarlyStopping Counter: 1 out of 20
Epoch 15 | Train Loss: 1.0245 | Val Cheap Loss: 1.0402 | Val Last-T Loss: 1.1420
 EarlyStopping Counter: 2 out of 20
Epoch 16 | Train Loss: 1.0203 | Val Cheap Loss: 1.0417 | Val Last-T Loss: 1.1413
 EarlyStopping Counter: 3 out of 20
Epoch 17 | Train Loss: 1.0174 | Val Cheap Loss: 1.0336 | Val Last-T Loss: 1.1358
Epoch 18 | Train Loss: 1.0133 | Val Cheap Loss: 1.0322 | Val Last-T Loss: 1.1355
Epoch 19 | Train Loss: 1.0081 | Val Cheap Loss: 1.0298 | Val Last-T Loss: 1.1330
Epoch 20 | Train Loss: 1.0048 | Val Cheap Loss: 1.0387 | Val Last-T Loss: 1.1332
 EarlyStopping Counter: 1 out of 20
Epoch 21 | Train Loss: 1.0006 | Val Cheap Loss: 1.0316 | Val Last-T Loss: 1.1317
 EarlyStopping Counter: 2 out of 20
Epoch 22 | Train Loss: 0.9968 | Val Cheap Loss: 1.0284 | Val Last-T Loss: 1.1292
Epoch 23 | Train Loss: 0.9926 | Val Cheap Loss: 1.0328 | Val Last-T Loss: 1.1298
 EarlyStopping Counter: 1 out of 20
Epoch 24 | Train Loss: 0.9894 | Val Cheap Loss: 1.0286 | Val Last-T Loss: 1.1291
 EarlyStopping Counter: 2 out of 20
Epoch 25 | Train Loss: 0.9853 | Val Cheap Loss: 1.0276 | Val Last-T Loss: 1.1258 | Val TACOs L1: 1.1137
Epoch 26 | Train Loss: 0.9821 | Val Cheap Loss: 1.0315 | Val Last-T Loss: 1.1268
 EarlyStopping Counter: 1 out of 20
Epoch 27 | Train Loss: 0.9784 | Val Cheap Loss: 1.0330 | Val Last-T Loss: 1.1269
 EarlyStopping Counter: 2 out of 20
Epoch 28 | Train Loss: 0.9756 | Val Cheap Loss: 1.0335 | Val Last-T Loss: 1.1252
 EarlyStopping Counter: 3 out of 20
Epoch 29 | Train Loss: 0.9726 | Val Cheap Loss: 1.0297 | Val Last-T Loss: 1.1239
 EarlyStopping Counter: 4 out of 20
Epoch 30 | Train Loss: 0.9678 | Val Cheap Loss: 1.0297 | Val Last-T Loss: 1.1232
 EarlyStopping Counter: 5 out of 20
Epoch 31 | Train Loss: 0.9663 | Val Cheap Loss: 1.0299 | Val Last-T Loss: 1.1218
 EarlyStopping Counter: 6 out of 20
Epoch 32 | Train Loss: 0.9626 | Val Cheap Loss: 1.0357 | Val Last-T Loss: 1.1229
 EarlyStopping Counter: 7 out of 20
Epoch 33 | Train Loss: 0.9587 | Val Cheap Loss: 1.0347 | Val Last-T Loss: 1.1217
 EarlyStopping Counter: 8 out of 20
Epoch 34 | Train Loss: 0.9571 | Val Cheap Loss: 1.0330 | Val Last-T Loss: 1.1211
 EarlyStopping Counter: 9 out of 20
Epoch 35 | Train Loss: 0.9539 | Val Cheap Loss: 1.0346 | Val Last-T Loss: 1.1212
 EarlyStopping Counter: 10 out of 20
Epoch 36 | Train Loss: 0.9502 | Val Cheap Loss: 1.0358 | Val Last-T Loss: 1.1211
 EarlyStopping Counter: 11 out of 20
Epoch 37 | Train Loss: 0.9482 | Val Cheap Loss: 1.0323 | Val Last-T Loss: 1.1203
 EarlyStopping Counter: 12 out of 20
Epoch 38 | Train Loss: 0.9455 | Val Cheap Loss: 1.0398 | Val Last-T Loss: 1.1222
 EarlyStopping Counter: 13 out of 20
Epoch 39 | Train Loss: 0.9423 | Val Cheap Loss: 1.0351 | Val Last-T Loss: 1.1214
 EarlyStopping Counter: 14 out of 20
Epoch 40 | Train Loss: 0.9397 | Val Cheap Loss: 1.0386 | Val Last-T Loss: 1.1196
 EarlyStopping Counter: 15 out of 20
Epoch 41 | Train Loss: 0.9373 | Val Cheap Loss: 1.0392 | Val Last-T Loss: 1.1204
 EarlyStopping Counter: 16 out of 20
Epoch 42 | Train Loss: 0.9344 | Val Cheap Loss: 1.0401 | Val Last-T Loss: 1.1208
 EarlyStopping Counter: 17 out of 20
Epoch 43 | Train Loss: 0.9317 | Val Cheap Loss: 1.0436 | Val Last-T Loss: 1.1206
 EarlyStopping Counter: 18 out of 20
Epoch 44 | Train Loss: 0.9300 | Val Cheap Loss: 1.0399 | Val Last-T Loss: 1.1187
 EarlyStopping Counter: 19 out of 20
Epoch 45 | Train Loss: 0.9272 | Val Cheap Loss: 1.0371 | Val Last-T Loss: 1.1182
 EarlyStopping Counter: 20 out of 20

[EARLY STOPPING TRIGGERED] Validation profile plateaued for 20 epochs. Terminating run.

--- Evaluation Results: ONE_SHOT ---
Run Name: diffae_bigMag
----------------------------------------
[1. Prediction to Ground-Truth Alignment]
  - Embedding 1 -> L1 Distance: 0.661143 | Cosine Similarity: 0.602578
  - Embedding 2 -> L1 Distance: 0.661143 | Cosine Similarity: 0.555641

[2. Proximity to True Average Mixture (c)]
  - Predicted 1 to c -> L1 Distance: 0.261108 | Cosine Similarity: 0.912321
  - Baseline GT 1 to c -> L1 Distance: 0.562880 | Cosine Similarity: 0.734268
  - Predicted 2 to c -> L1 Distance: 0.261108 | Cosine Similarity: 0.896984
  - Baseline GT 2 to c -> L1 Distance: 0.562880 | Cosine Similarity: 0.675151

[3. Predicted Outputs Inter-Relationship / Spread]
  - Inter-Predicted (p1 vs p2) -> L1: 0.522217 | Cosine Similarity: 0.661759
  - Inter-Ground-Truth (z1 vs z2) -> L1: 1.125759 | Cosine Similarity: -0.002203


--- Evaluation Results: ITERATIVE ---
Run Name: diffae_bigMag
----------------------------------------
[1. Prediction to Ground-Truth Alignment]
  - Embedding 1 -> L1 Distance: 0.676173 | Cosine Similarity: 0.591448
  - Embedding 2 -> L1 Distance: 0.676173 | Cosine Similarity: 0.538744

[2. Proximity to True Average Mixture (c)]
  - Predicted 1 to c -> L1 Distance: 0.318614 | Cosine Similarity: 0.900873
  - Baseline GT 1 to c -> L1 Distance: 0.562880 | Cosine Similarity: 0.734268
  - Predicted 2 to c -> L1 Distance: 0.318614 | Cosine Similarity: 0.856877
  - Baseline GT 2 to c -> L1 Distance: 0.562880 | Cosine Similarity: 0.675151

[3. Predicted Outputs Inter-Relationship / Spread]
  - Inter-Predicted (p1 vs p2) -> L1: 0.637229 | Cosine Similarity: 0.574892
  - Inter-Ground-Truth (z1 vs z2) -> L1: 1.125759 | Cosine Similarity: -0.002203

