Epoch 1 | Train Loss: 0.4640 | Val Cheap Loss: 0.2953
Epoch 2 | Train Loss: 0.2466 | Val Cheap Loss: 0.2181
Epoch 3 | Train Loss: 0.2077 | Val Cheap Loss: 0.1982
Epoch 4 | Train Loss: 0.1958 | Val Cheap Loss: 0.1896
Epoch 5 | Train Loss: 0.1905 | Val Cheap Loss: 0.1887 | Val TACOs L1: 1.1535
Epoch 6 | Train Loss: 0.1879 | Val Cheap Loss: 0.1877
Epoch 7 | Train Loss: 0.1861 | Val Cheap Loss: 0.1877
Epoch 8 | Train Loss: 0.1852 | Val Cheap Loss: 0.1861
Epoch 9 | Train Loss: 0.1842 | Val Cheap Loss: 0.1857
Epoch 10 | Train Loss: 0.1834 | Val Cheap Loss: 0.1848 | Val TACOs L1: 1.1502
Epoch 11 | Train Loss: 0.1828 | Val Cheap Loss: 0.1822
Epoch 12 | Train Loss: 0.1826 | Val Cheap Loss: 0.1830
Epoch 13 | Train Loss: 0.1822 | Val Cheap Loss: 0.1828
Epoch 14 | Train Loss: 0.1817 | Val Cheap Loss: 0.1827
Epoch 15 | Train Loss: 0.1814 | Val Cheap Loss: 0.1844 | Val TACOs L1: 1.1438
Epoch 16 | Train Loss: 0.1815 | Val Cheap Loss: 0.1834
Epoch 17 | Train Loss: 0.1813 | Val Cheap Loss: 0.1806
Epoch 18 | Train Loss: 0.1809 | Val Cheap Loss: 0.1830
Epoch 19 | Train Loss: 0.1807 | Val Cheap Loss: 0.1804
Epoch 20 | Train Loss: 0.1804 | Val Cheap Loss: 0.1825 | Val TACOs L1: 1.1436
Epoch 21 | Train Loss: 0.1799 | Val Cheap Loss: 0.1825
Epoch 22 | Train Loss: 0.1793 | Val Cheap Loss: 0.1821
Epoch 23 | Train Loss: 0.1788 | Val Cheap Loss: 0.1804
Epoch 24 | Train Loss: 0.1781 | Val Cheap Loss: 0.1798
Epoch 25 | Train Loss: 0.1774 | Val Cheap Loss: 0.1786 | Val TACOs L1: 1.1320
Epoch 26 | Train Loss: 0.1769 | Val Cheap Loss: 0.1796
Epoch 27 | Train Loss: 0.1760 | Val Cheap Loss: 0.1780
Epoch 28 | Train Loss: 0.1755 | Val Cheap Loss: 0.1776
Epoch 29 | Train Loss: 0.1747 | Val Cheap Loss: 0.1764
Epoch 30 | Train Loss: 0.1738 | Val Cheap Loss: 0.1764 | Val TACOs L1: 1.1188
Epoch 31 | Train Loss: 0.1729 | Val Cheap Loss: 0.1762
Epoch 32 | Train Loss: 0.1728 | Val Cheap Loss: 0.1749
Epoch 33 | Train Loss: 0.1718 | Val Cheap Loss: 0.1758
Epoch 34 | Train Loss: 0.1712 | Val Cheap Loss: 0.1759
Epoch 35 | Train Loss: 0.1706 | Val Cheap Loss: 0.1727 | Val TACOs L1: 1.1056
Epoch 36 | Train Loss: 0.1697 | Val Cheap Loss: 0.1734
Epoch 37 | Train Loss: 0.1692 | Val Cheap Loss: 0.1742
Epoch 38 | Train Loss: 0.1687 | Val Cheap Loss: 0.1728
Epoch 39 | Train Loss: 0.1679 | Val Cheap Loss: 0.1732
Epoch 40 | Train Loss: 0.1676 | Val Cheap Loss: 0.1727 | Val TACOs L1: 1.0966
Epoch 41 | Train Loss: 0.1670 | Val Cheap Loss: 0.1725
Epoch 42 | Train Loss: 0.1664 | Val Cheap Loss: 0.1735
Epoch 43 | Train Loss: 0.1661 | Val Cheap Loss: 0.1730
Epoch 44 | Train Loss: 0.1656 | Val Cheap Loss: 0.1726
Epoch 45 | Train Loss: 0.1647 | Val Cheap Loss: 0.1698 | Val TACOs L1: 1.0868
Epoch 46 | Train Loss: 0.1643 | Val Cheap Loss: 0.1721
Epoch 47 | Train Loss: 0.1640 | Val Cheap Loss: 0.1724
Epoch 48 | Train Loss: 0.1635 | Val Cheap Loss: 0.1719
Epoch 49 | Train Loss: 0.1629 | Val Cheap Loss: 0.1746
Epoch 50 | Train Loss: 0.1625 | Val Cheap Loss: 0.1719 | Val TACOs L1: 1.0797

--- Evaluation Results: ONE_SHOT ---
Run Name: diffae_hybrid_pit
----------------------------------------
Base Reference Angular Properties:
  - CosSim(True Baseline z1, True Baseline z2): 0.000302
  - CosSim(True Baseline z1, Average mixture c): 0.705793
  - CosSim(True Baseline z2, Average mixture c): 0.705320

[Embedding 1 Performance Alignment]
  - L1 Distance:                       0.526805
  - Cosine Similarity to Target:       0.746209

[Embedding 2 Performance Alignment]
  - L1 Distance:                       0.526805
  - Cosine Similarity to Target:       0.745768

Generated Outputs Inter-Relationship:
  - CosSim(Aligned Pred z1, Aligned Pred z2):  0.766134


--- Evaluation Results: ITERATIVE ---
Run Name: diffae_hybrid_pit
----------------------------------------
Base Reference Angular Properties:
  - CosSim(True Baseline z1, True Baseline z2): 0.000302
  - CosSim(True Baseline z1, Average mixture c): 0.705793
  - CosSim(True Baseline z2, Average mixture c): 0.705320

[Embedding 1 Performance Alignment]
  - L1 Distance:                       0.542819
  - Cosine Similarity to Target:       0.737153

[Embedding 2 Performance Alignment]
  - L1 Distance:                       0.542819
  - Cosine Similarity to Target:       0.736591

Generated Outputs Inter-Relationship:
  - CosSim(Aligned Pred z1, Aligned Pred z2):  0.784453

