Generating 1000000 unique, order-agnostic training pairs...
Dataset pairs generated successfully.
Generating 10000 unique, order-agnostic training pairs...
Dataset pairs generated successfully.
Epoch 1 | Train Loss: 1.3817 | Val Loss: 1.2491
Epoch 2 | Train Loss: 1.1912 | Val Loss: 1.1639
Epoch 3 | Train Loss: 1.1387 | Val Loss: 1.1352
Epoch 4 | Train Loss: 1.1147 | Val Loss: 1.1183
Epoch 5 | Train Loss: 1.0987 | Val Loss: 1.1077
Epoch 6 | Train Loss: 1.0854 | Val Loss: 1.0983
Epoch 7 | Train Loss: 1.0734 | Val Loss: 1.0920
Epoch 8 | Train Loss: 1.0628 | Val Loss: 1.0881
Epoch 9 | Train Loss: 1.0534 | Val Loss: 1.0840
Epoch 10 | Train Loss: 1.0434 | Val Loss: 1.0806
Epoch 11 | Train Loss: 1.0352 | Val Loss: 1.0775
Epoch 12 | Train Loss: 1.0277 | Val Loss: 1.0765
Epoch 13 | Train Loss: 1.0199 | Val Loss: 1.0748
Epoch 14 | Train Loss: 1.0122 | Val Loss: 1.0750
Epoch 15 | Train Loss: 1.0055 | Val Loss: 1.0730
Epoch 16 | Train Loss: 0.9995 | Val Loss: 1.0727
Epoch 17 | Train Loss: 0.9928 | Val Loss: 1.0724
Epoch 18 | Train Loss: 0.9871 | Val Loss: 1.0716
Epoch 19 | Train Loss: 0.9812 | Val Loss: 1.0724
Epoch 20 | Train Loss: 0.9756 | Val Loss: 1.0718
Epoch 21 | Train Loss: 0.9712 | Val Loss: 1.0711
Epoch 22 | Train Loss: 0.9654 | Val Loss: 1.0711
Epoch 23 | Train Loss: 0.9606 | Val Loss: 1.0709
Epoch 24 | Train Loss: 0.9558 | Val Loss: 1.0725
Epoch 25 | Train Loss: 0.9520 | Val Loss: 1.0710
Epoch 26 | Train Loss: 0.9470 | Val Loss: 1.0726
Epoch 27 | Train Loss: 0.9426 | Val Loss: 1.0735
Epoch 28 | Train Loss: 0.9393 | Val Loss: 1.0736
Epoch 29 | Train Loss: 0.9348 | Val Loss: 1.0736
Epoch 30 | Train Loss: 0.9306 | Val Loss: 1.0737
Epoch 31 | Train Loss: 0.9270 | Val Loss: 1.0746
Epoch 32 | Train Loss: 0.9231 | Val Loss: 1.0741
Epoch 33 | Train Loss: 0.9201 | Val Loss: 1.0741
Epoch 34 | Train Loss: 0.9164 | Val Loss: 1.0770
Epoch 35 | Train Loss: 0.9124 | Val Loss: 1.0764
Epoch 36 | Train Loss: 0.9094 | Val Loss: 1.0758
Epoch 37 | Train Loss: 0.9077 | Val Loss: 1.0748
Epoch 38 | Train Loss: 0.9028 | Val Loss: 1.0781
Epoch 39 | Train Loss: 0.9005 | Val Loss: 1.0792
Epoch 40 | Train Loss: 0.8974 | Val Loss: 1.0791
Epoch 41 | Train Loss: 0.8938 | Val Loss: 1.0801
Epoch 42 | Train Loss: 0.8924 | Val Loss: 1.0780
Epoch 43 | Train Loss: 0.8879 | Val Loss: 1.0807
Epoch 44 | Train Loss: 0.8890 | Val Loss: 1.0798
Epoch 45 | Train Loss: 0.8818 | Val Loss: 1.0824
Epoch 46 | Train Loss: 0.8813 | Val Loss: 1.0807
Epoch 47 | Train Loss: 0.8777 | Val Loss: 1.0824
Epoch 48 | Train Loss: 0.8748 | Val Loss: 1.0839
Epoch 49 | Train Loss: 0.8735 | Val Loss: 1.0826
Epoch 50 | Train Loss: 0.8706 | Val Loss: 1.0833
Generating 10000 unique, order-agnostic training pairs...
Dataset pairs generated successfully.

--- Evaluation Results: BASELINE (NO COND) ---
Run Name: diffae_oneshot_baseline
----------------------------------------
Base Reference Angular Properties:
  - CosSim(True Baseline z1, True Baseline z2): 0.000105

[Embedding 1 Performance Alignment]
  - L1 Distance:                       0.532838
  - Cosine Similarity to Target:       0.739795

[Embedding 2 Performance Alignment]
  - L1 Distance:                       0.532995
  - Cosine Similarity to Target:       0.739510

Generated Outputs Inter-Relationship:
  - CosSim(Aligned Pred z1, Aligned Pred z2):  0.612986

