Size of test: 1000 source images, 1000 pairs
Setting up [LPIPS] perceptual loss: trunk [alex], v[0.1], spatial [off]
Loading model from: /nas-ctm01/homes/dacordeiro/.conda/envs/test/lib/python3.10/site-packages/lpips/weights/v0.1/alex.pth

--- Iterative Evaluation Metrics (Entire Validation Set) ---
Total Evaluated: 1000
LPIPS Alignment Swap Rate: 36.10%
SSIM Bright: 0.5364
SSIM Dark: 0.4586
PSNR Bright: 15.9856
PSNR Dark: 15.8258
LPIPS Bright: 0.1896
LPIPS Dark: 0.2228

Size of test: 1000 source images, 1000 pairs
Setting up [LPIPS] perceptual loss: trunk [alex], v[0.1], spatial [off]
Loading model from: /nas-ctm01/homes/dacordeiro/.conda/envs/test/lib/python3.10/site-packages/lpips/weights/v0.1/alex.pth

--- One-Shot Evaluation Metrics (Entire Validation Set) ---
Total Evaluated: 1000
LPIPS Alignment Swap Rate: 35.60%
SSIM Bright: 0.5799
SSIM Dark: 0.5092
PSNR Bright: 16.6179
PSNR Dark: 16.4418
LPIPS Bright: 0.1849
LPIPS Dark: 0.2054

