Loading ArcFace embeddings...
--> Saved new best checkpoint based on Cheap Val to experiments/asymmetric_z1_alpha_60_real/checkpoints/best.pt
Epoch 1 | Train L1: 0.4078 | Val Cheap L1: 0.3027
--> Saved new best checkpoint based on Cheap Val to experiments/asymmetric_z1_alpha_60_real/checkpoints/best.pt
Epoch 2 | Train L1: 0.2965 | Val Cheap L1: 0.2944
Epoch 3 | Train L1: 0.2891 | Val Cheap L1: 0.2945
--> Saved new best checkpoint based on Cheap Val to experiments/asymmetric_z1_alpha_60_real/checkpoints/best.pt
Epoch 4 | Train L1: 0.2862 | Val Cheap L1: 0.2862
--> Saved new best checkpoint based on Cheap Val to experiments/asymmetric_z1_alpha_60_real/checkpoints/best.pt
Epoch 5 | Train L1: 0.2812 | Val Cheap L1: 0.2791 | Val TACOs L1: 0.3079
--> Saved new best checkpoint based on Cheap Val to experiments/asymmetric_z1_alpha_60_real/checkpoints/best.pt
Epoch 6 | Train L1: 0.2770 | Val Cheap L1: 0.2760
--> Saved new best checkpoint based on Cheap Val to experiments/asymmetric_z1_alpha_60_real/checkpoints/best.pt
Epoch 7 | Train L1: 0.2722 | Val Cheap L1: 0.2725
Epoch 8 | Train L1: 0.2672 | Val Cheap L1: 0.2742
--> Saved new best checkpoint based on Cheap Val to experiments/asymmetric_z1_alpha_60_real/checkpoints/best.pt
Epoch 9 | Train L1: 0.2637 | Val Cheap L1: 0.2719
--> Saved new best checkpoint based on Cheap Val to experiments/asymmetric_z1_alpha_60_real/checkpoints/best.pt
Epoch 10 | Train L1: 0.2608 | Val Cheap L1: 0.2680 | Val TACOs L1: 0.2972
--> Saved new best checkpoint based on Cheap Val to experiments/asymmetric_z1_alpha_60_real/checkpoints/best.pt
Epoch 11 | Train L1: 0.2582 | Val Cheap L1: 0.2673
Epoch 12 | Train L1: 0.2557 | Val Cheap L1: 0.2694
Epoch 13 | Train L1: 0.2533 | Val Cheap L1: 0.2673
--> Saved new best checkpoint based on Cheap Val to experiments/asymmetric_z1_alpha_60_real/checkpoints/best.pt
Epoch 14 | Train L1: 0.2507 | Val Cheap L1: 0.2665
--> Saved new best checkpoint based on Cheap Val to experiments/asymmetric_z1_alpha_60_real/checkpoints/best.pt
Epoch 15 | Train L1: 0.2489 | Val Cheap L1: 0.2613 | Val TACOs L1: 0.2944
Epoch 16 | Train L1: 0.2465 | Val Cheap L1: 0.2643
--> Saved new best checkpoint based on Cheap Val to experiments/asymmetric_z1_alpha_60_real/checkpoints/best.pt
Epoch 17 | Train L1: 0.2445 | Val Cheap L1: 0.2612
Epoch 18 | Train L1: 0.2426 | Val Cheap L1: 0.2630
--> Saved new best checkpoint based on Cheap Val to experiments/asymmetric_z1_alpha_60_real/checkpoints/best.pt
Epoch 19 | Train L1: 0.2417 | Val Cheap L1: 0.2608
--> Saved new best checkpoint based on Cheap Val to experiments/asymmetric_z1_alpha_60_real/checkpoints/best.pt
Epoch 20 | Train L1: 0.2393 | Val Cheap L1: 0.2604 | Val TACOs L1: 0.2917
--> Saved new best checkpoint based on Cheap Val to experiments/asymmetric_z1_alpha_60_real/checkpoints/best.pt
Epoch 21 | Train L1: 0.2380 | Val Cheap L1: 0.2588
Epoch 22 | Train L1: 0.2364 | Val Cheap L1: 0.2593
--> Saved new best checkpoint based on Cheap Val to experiments/asymmetric_z1_alpha_60_real/checkpoints/best.pt
Epoch 23 | Train L1: 0.2350 | Val Cheap L1: 0.2575
--> Saved new best checkpoint based on Cheap Val to experiments/asymmetric_z1_alpha_60_real/checkpoints/best.pt
Epoch 24 | Train L1: 0.2333 | Val Cheap L1: 0.2567
Epoch 25 | Train L1: 0.2320 | Val Cheap L1: 0.2569 | Val TACOs L1: 0.2884
Epoch 26 | Train L1: 0.2307 | Val Cheap L1: 0.2590
Epoch 27 | Train L1: 0.2295 | Val Cheap L1: 0.2590
Epoch 28 | Train L1: 0.2282 | Val Cheap L1: 0.2577
Epoch 29 | Train L1: 0.2272 | Val Cheap L1: 0.2598
Epoch 30 | Train L1: 0.2258 | Val Cheap L1: 0.2593 | Val TACOs L1: 0.2891
Epoch 31 | Train L1: 0.2247 | Val Cheap L1: 0.2603
Epoch 32 | Train L1: 0.2237 | Val Cheap L1: 0.2588
Epoch 33 | Train L1: 0.2231 | Val Cheap L1: 0.2614
Epoch 34 | Train L1: 0.2220 | Val Cheap L1: 0.2600
Epoch 35 | Train L1: 0.2210 | Val Cheap L1: 0.2594 | Val TACOs L1: 0.2898
Epoch 36 | Train L1: 0.2203 | Val Cheap L1: 0.2588
Epoch 37 | Train L1: 0.2197 | Val Cheap L1: 0.2597
Epoch 38 | Train L1: 0.2190 | Val Cheap L1: 0.2591
Epoch 39 | Train L1: 0.2182 | Val Cheap L1: 0.2581
Epoch 40 | Train L1: 0.2177 | Val Cheap L1: 0.2604 | Val TACOs L1: 0.2898
Epoch 41 | Train L1: 0.2173 | Val Cheap L1: 0.2608
Epoch 42 | Train L1: 0.2171 | Val Cheap L1: 0.2587
Epoch 43 | Train L1: 0.2166 | Val Cheap L1: 0.2612
Epoch 44 | Train L1: 0.2163 | Val Cheap L1: 0.2596
Epoch 45 | Train L1: 0.2159 | Val Cheap L1: 0.2605 | Val TACOs L1: 0.2905
Epoch 46 | Train L1: 0.2158 | Val Cheap L1: 0.2615
Epoch 47 | Train L1: 0.2155 | Val Cheap L1: 0.2609
Epoch 48 | Train L1: 0.2154 | Val Cheap L1: 0.2613
Epoch 49 | Train L1: 0.2153 | Val Cheap L1: 0.2608
Epoch 50 | Train L1: 0.2155 | Val Cheap L1: 0.2596 | Val TACOs L1: 0.2906
Loading ArcFace embeddings for one_shot evaluation...
Loading weights from experiments/asymmetric_z1_alpha_60_real/checkpoints/best.pt...

--- Evaluation Results (Dominant z1 Target Tracking): ONE_SHOT ---
Run Name: asymmetric_z1_alpha_60_real
Validation Pairs: 10,000
Terminal Alpha Config: 0.60
----------------------------------------
L1 Distance (Scaled space): 0.391674
L1 Distance (Raw ArcFace):  0.017913
Cosine Similarity:          0.863153

Saved evaluation results to experiments/asymmetric_z1_alpha_60_real/eval_one_shot.txt
Loading ArcFace embeddings for iterative evaluation...
Loading weights from experiments/asymmetric_z1_alpha_60_real/checkpoints/best.pt...

--- Evaluation Results (Dominant z1 Target Tracking): ITERATIVE ---
Run Name: asymmetric_z1_alpha_60_real
Validation Pairs: 10,000
Terminal Alpha Config: 0.60
----------------------------------------
L1 Distance (Scaled space): 0.289962
L1 Distance (Raw ArcFace):  0.012646
Cosine Similarity:          0.931426

Saved evaluation results to experiments/asymmetric_z1_alpha_60_real/eval_iterative.txt
