--- Initializing Data Loaders on cuda ---
Epoch 01/50 | LR: 1.00e-04 | Train MSE: 0.002759 | Val MSE: 0.002358
Epoch 02/50 | LR: 9.99e-05 | Train MSE: 0.002312 | Val MSE: 0.002112
Epoch 03/50 | LR: 9.96e-05 | Train MSE: 0.002139 | Val MSE: 0.001997
Epoch 04/50 | LR: 9.91e-05 | Train MSE: 0.002038 | Val MSE: 0.001913
Epoch 05/50 | LR: 9.84e-05 | Train MSE: 0.001960 | Val MSE: 0.001843
Epoch 06/50 | LR: 9.76e-05 | Train MSE: 0.001898 | Val MSE: 0.001792
Epoch 07/50 | LR: 9.65e-05 | Train MSE: 0.001851 | Val MSE: 0.001752
Epoch 08/50 | LR: 9.52e-05 | Train MSE: 0.001813 | Val MSE: 0.001723
Epoch 09/50 | LR: 9.38e-05 | Train MSE: 0.001784 | Val MSE: 0.001700
Epoch 10/50 | LR: 9.22e-05 | Train MSE: 0.001760 | Val MSE: 0.001681
Epoch 11/50 | LR: 9.05e-05 | Train MSE: 0.001739 | Val MSE: 0.001665
Epoch 12/50 | LR: 8.85e-05 | Train MSE: 0.001722 | Val MSE: 0.001652
Epoch 13/50 | LR: 8.64e-05 | Train MSE: 0.001706 | Val MSE: 0.001640
Epoch 14/50 | LR: 8.42e-05 | Train MSE: 0.001694 | Val MSE: 0.001630
Epoch 15/50 | LR: 8.19e-05 | Train MSE: 0.001680 | Val MSE: 0.001621
Epoch 16/50 | LR: 7.94e-05 | Train MSE: 0.001670 | Val MSE: 0.001614
Epoch 17/50 | LR: 7.68e-05 | Train MSE: 0.001661 | Val MSE: 0.001606
Epoch 18/50 | LR: 7.41e-05 | Train MSE: 0.001651 | Val MSE: 0.001600
Epoch 19/50 | LR: 7.13e-05 | Train MSE: 0.001643 | Val MSE: 0.001594
Epoch 20/50 | LR: 6.84e-05 | Train MSE: 0.001635 | Val MSE: 0.001589
Epoch 21/50 | LR: 6.55e-05 | Train MSE: 0.001629 | Val MSE: 0.001585
Epoch 22/50 | LR: 6.24e-05 | Train MSE: 0.001623 | Val MSE: 0.001580
Epoch 23/50 | LR: 5.94e-05 | Train MSE: 0.001617 | Val MSE: 0.001577
Epoch 24/50 | LR: 5.63e-05 | Train MSE: 0.001612 | Val MSE: 0.001573
Epoch 25/50 | LR: 5.31e-05 | Train MSE: 0.001607 | Val MSE: 0.001570
Epoch 26/50 | LR: 5.00e-05 | Train MSE: 0.001603 | Val MSE: 0.001567
Epoch 27/50 | LR: 4.69e-05 | Train MSE: 0.001598 | Val MSE: 0.001565
Epoch 28/50 | LR: 4.37e-05 | Train MSE: 0.001594 | Val MSE: 0.001563
Epoch 29/50 | LR: 4.06e-05 | Train MSE: 0.001590 | Val MSE: 0.001561
Epoch 30/50 | LR: 3.76e-05 | Train MSE: 0.001587 | Val MSE: 0.001559
Epoch 31/50 | LR: 3.45e-05 | Train MSE: 0.001584 | Val MSE: 0.001557
Epoch 32/50 | LR: 3.16e-05 | Train MSE: 0.001581 | Val MSE: 0.001556
Epoch 33/50 | LR: 2.87e-05 | Train MSE: 0.001580 | Val MSE: 0.001554
Epoch 34/50 | LR: 2.59e-05 | Train MSE: 0.001576 | Val MSE: 0.001553
Epoch 35/50 | LR: 2.32e-05 | Train MSE: 0.001573 | Val MSE: 0.001552
Epoch 36/50 | LR: 2.06e-05 | Train MSE: 0.001571 | Val MSE: 0.001551
Epoch 37/50 | LR: 1.81e-05 | Train MSE: 0.001570 | Val MSE: 0.001550
Epoch 38/50 | LR: 1.58e-05 | Train MSE: 0.001569 | Val MSE: 0.001550
Epoch 39/50 | LR: 1.36e-05 | Train MSE: 0.001567 | Val MSE: 0.001549
Epoch 40/50 | LR: 1.15e-05 | Train MSE: 0.001566 | Val MSE: 0.001548
Epoch 41/50 | LR: 9.55e-06 | Train MSE: 0.001565 | Val MSE: 0.001548
Epoch 42/50 | LR: 7.78e-06 | Train MSE: 0.001565 | Val MSE: 0.001547
Epoch 43/50 | LR: 6.18e-06 | Train MSE: 0.001563 | Val MSE: 0.001547
Epoch 44/50 | LR: 4.76e-06 | Train MSE: 0.001562 | Val MSE: 0.001547
Epoch 45/50 | LR: 3.51e-06 | Train MSE: 0.001562 | Val MSE: 0.001547
Epoch 46/50 | LR: 2.45e-06 | Train MSE: 0.001563 | Val MSE: 0.001547
Epoch 47/50 | LR: 1.57e-06 | Train MSE: 0.001561 | Val MSE: 0.001547
Epoch 48/50 | LR: 8.86e-07 | Train MSE: 0.001562 | Val MSE: 0.001547
Epoch 49/50 | LR: 3.94e-07 | Train MSE: 0.001561 | Val MSE: 0.001547
Epoch 50/50 | LR: 9.87e-08 | Train MSE: 0.001562 | Val MSE: 0.001547

--- Training Complete in 1.10 minutes ---

--- Running Final Evaluation on Isolated Test Set ---
====================================================
           LATENT MAPPER EVALUATION REPORT          
====================================================

Model Architecture: MLP (512 -> 1024 -> 1024 -> 512)
Normalization:      Input Z-Score | Output L2 Normalization
Regularization:     Dropout 0.3 | Weight Decay 1e-3 | Cosine Annealing
Loss Function:      Mean Squared Error (MSE)
Test Set Size:      7000 samples

--- METRICS ---
Average Cosine Similarity:  0.6045 (Closer to 1.0 is better)
Minimum Cosine Similarity:  -0.0039 (Worst-case translation)
Average Mean Squared Error: 0.001545 (Closer to 0.0 is better)

====================================================

[SUCCESS] Report saved to: evaluation_report_mse_reg.txt
