Loading ArcFace embeddings...
--> Saved new best checkpoint based on Cheap Val to experiments/avg_arcface_50_50_pit_25ts/checkpoints/best.pt
Epoch 1 | Train L1: 0.4223 | Val Cheap L1: 0.2884
--> Saved new best checkpoint based on Cheap Val to experiments/avg_arcface_50_50_pit_25ts/checkpoints/best.pt
Epoch 2 | Train L1: 0.2816 | Val Cheap L1: 0.2752
Epoch 3 | Train L1: 0.2741 | Val Cheap L1: 0.2820
--> Saved new best checkpoint based on Cheap Val to experiments/avg_arcface_50_50_pit_25ts/checkpoints/best.pt
Epoch 4 | Train L1: 0.2710 | Val Cheap L1: 0.2716
--> Saved new best checkpoint based on Cheap Val to experiments/avg_arcface_50_50_pit_25ts/checkpoints/best.pt
Epoch 5 | Train L1: 0.2678 | Val Cheap L1: 0.2676 | Val TACOs L1: 0.5364
--> Saved new best checkpoint based on Cheap Val to experiments/avg_arcface_50_50_pit_25ts/checkpoints/best.pt
Epoch 6 | Train L1: 0.2652 | Val Cheap L1: 0.2658
--> Saved new best checkpoint based on Cheap Val to experiments/avg_arcface_50_50_pit_25ts/checkpoints/best.pt
Epoch 7 | Train L1: 0.2622 | Val Cheap L1: 0.2625
--> Saved new best checkpoint based on Cheap Val to experiments/avg_arcface_50_50_pit_25ts/checkpoints/best.pt
Epoch 8 | Train L1: 0.2592 | Val Cheap L1: 0.2620
--> Saved new best checkpoint based on Cheap Val to experiments/avg_arcface_50_50_pit_25ts/checkpoints/best.pt
Epoch 9 | Train L1: 0.2563 | Val Cheap L1: 0.2595
--> Saved new best checkpoint based on Cheap Val to experiments/avg_arcface_50_50_pit_25ts/checkpoints/best.pt
Epoch 10 | Train L1: 0.2531 | Val Cheap L1: 0.2560 | Val TACOs L1: 0.5078
--> Saved new best checkpoint based on Cheap Val to experiments/avg_arcface_50_50_pit_25ts/checkpoints/best.pt
Epoch 11 | Train L1: 0.2505 | Val Cheap L1: 0.2512
--> Saved new best checkpoint based on Cheap Val to experiments/avg_arcface_50_50_pit_25ts/checkpoints/best.pt
Epoch 12 | Train L1: 0.2482 | Val Cheap L1: 0.2508
--> Saved new best checkpoint based on Cheap Val to experiments/avg_arcface_50_50_pit_25ts/checkpoints/best.pt
Epoch 13 | Train L1: 0.2460 | Val Cheap L1: 0.2506
--> Saved new best checkpoint based on Cheap Val to experiments/avg_arcface_50_50_pit_25ts/checkpoints/best.pt
Epoch 14 | Train L1: 0.2439 | Val Cheap L1: 0.2475
--> Saved new best checkpoint based on Cheap Val to experiments/avg_arcface_50_50_pit_25ts/checkpoints/best.pt
Epoch 15 | Train L1: 0.2429 | Val Cheap L1: 0.2443 | Val TACOs L1: 0.4844
Epoch 16 | Train L1: 0.2409 | Val Cheap L1: 0.2462
Epoch 17 | Train L1: 0.2394 | Val Cheap L1: 0.2454
Epoch 18 | Train L1: 0.2381 | Val Cheap L1: 0.2451
Epoch 19 | Train L1: 0.2368 | Val Cheap L1: 0.2444
--> Saved new best checkpoint based on Cheap Val to experiments/avg_arcface_50_50_pit_25ts/checkpoints/best.pt
Epoch 20 | Train L1: 0.2352 | Val Cheap L1: 0.2436 | Val TACOs L1: 0.4741
Epoch 21 | Train L1: 0.2341 | Val Cheap L1: 0.2445
Epoch 22 | Train L1: 0.2326 | Val Cheap L1: 0.2436
--> Saved new best checkpoint based on Cheap Val to experiments/avg_arcface_50_50_pit_25ts/checkpoints/best.pt
Epoch 23 | Train L1: 0.2324 | Val Cheap L1: 0.2409
Epoch 24 | Train L1: 0.2312 | Val Cheap L1: 0.2426
Epoch 25 | Train L1: 0.2306 | Val Cheap L1: 0.2426 | Val TACOs L1: 0.4697
--> Saved new best checkpoint based on Cheap Val to experiments/avg_arcface_50_50_pit_25ts/checkpoints/best.pt
Epoch 26 | Train L1: 0.2296 | Val Cheap L1: 0.2390
--> Saved new best checkpoint based on Cheap Val to experiments/avg_arcface_50_50_pit_25ts/checkpoints/best.pt
Epoch 27 | Train L1: 0.2286 | Val Cheap L1: 0.2390
--> Saved new best checkpoint based on Cheap Val to experiments/avg_arcface_50_50_pit_25ts/checkpoints/best.pt
Epoch 28 | Train L1: 0.2278 | Val Cheap L1: 0.2381
Epoch 29 | Train L1: 0.2268 | Val Cheap L1: 0.2397
Epoch 30 | Train L1: 0.2262 | Val Cheap L1: 0.2392 | Val TACOs L1: 0.4625
--> Saved new best checkpoint based on Cheap Val to experiments/avg_arcface_50_50_pit_25ts/checkpoints/best.pt
Epoch 31 | Train L1: 0.2255 | Val Cheap L1: 0.2365
Epoch 32 | Train L1: 0.2248 | Val Cheap L1: 0.2404
Epoch 33 | Train L1: 0.2244 | Val Cheap L1: 0.2377
Epoch 34 | Train L1: 0.2233 | Val Cheap L1: 0.2373
Epoch 35 | Train L1: 0.2227 | Val Cheap L1: 0.2396 | Val TACOs L1: 0.4541
--> Saved new best checkpoint based on Cheap Val to experiments/avg_arcface_50_50_pit_25ts/checkpoints/best.pt
Epoch 36 | Train L1: 0.2218 | Val Cheap L1: 0.2363
--> Saved new best checkpoint based on Cheap Val to experiments/avg_arcface_50_50_pit_25ts/checkpoints/best.pt
Epoch 37 | Train L1: 0.2215 | Val Cheap L1: 0.2353
Epoch 38 | Train L1: 0.2212 | Val Cheap L1: 0.2357
--> Saved new best checkpoint based on Cheap Val to experiments/avg_arcface_50_50_pit_25ts/checkpoints/best.pt
Epoch 39 | Train L1: 0.2204 | Val Cheap L1: 0.2350
Epoch 40 | Train L1: 0.2194 | Val Cheap L1: 0.2396 | Val TACOs L1: 0.4621
Epoch 41 | Train L1: 0.2196 | Val Cheap L1: 0.2373
Epoch 42 | Train L1: 0.2186 | Val Cheap L1: 0.2362
Epoch 43 | Train L1: 0.2185 | Val Cheap L1: 0.2352
Epoch 44 | Train L1: 0.2177 | Val Cheap L1: 0.2379
Epoch 45 | Train L1: 0.2165 | Val Cheap L1: 0.2375 | Val TACOs L1: 0.4535
Epoch 46 | Train L1: 0.2162 | Val Cheap L1: 0.2373
Epoch 47 | Train L1: 0.2160 | Val Cheap L1: 0.2393
Epoch 48 | Train L1: 0.2153 | Val Cheap L1: 0.2361
Epoch 49 | Train L1: 0.2156 | Val Cheap L1: 0.2359
Epoch 50 | Train L1: 0.2144 | Val Cheap L1: 0.2375 | Val TACOs L1: 0.4482
Loading ArcFace embeddings for one_shot evaluation...
Loading weights from experiments/avg_arcface_50_50_pit_25ts/checkpoints/best.pt...

--- Evaluation Results (Permutation Invariant & Fixed TACOs): ONE_SHOT ---
Run Name: avg_arcface_50_50_pit_25ts
Validation Pairs: 10,000
----------------------------------------
L1 Distance (Scaled space): 0.433545
L1 Distance (Raw ArcFace):  0.020024
Cosine Similarity:          0.831384

Saved evaluation results to experiments/avg_arcface_50_50_pit_25ts/eval_one_shot.txt
Loading ArcFace embeddings for iterative evaluation...
Loading weights from experiments/avg_arcface_50_50_pit_25ts/checkpoints/best.pt...

--- Evaluation Results (Permutation Invariant & Fixed TACOs): ITERATIVE ---
Run Name: avg_arcface_50_50_pit_25ts
Validation Pairs: 10,000
----------------------------------------
L1 Distance (Scaled space): 0.450527
L1 Distance (Raw ArcFace):  0.020565
Cosine Similarity:          0.821988

Saved evaluation results to experiments/avg_arcface_50_50_pit_25ts/eval_iterative.txt
