Epoch 1 | Train x0 L1: 1.2782 | Val x0 L1: 0.9790
Epoch 2 | Train x0 L1: 0.8661 | Val x0 L1: 0.7906
Epoch 3 | Train x0 L1: 0.7581 | Val x0 L1: 0.7302
Epoch 4 | Train x0 L1: 0.7215 | Val x0 L1: 0.7151
Epoch 5 | Train x0 L1: 0.7063 | Val x0 L1: 0.7016 | Val TACOs L1: 1.2697
Epoch 6 | Train x0 L1: 0.6983 | Val x0 L1: 0.6958
Epoch 7 | Train x0 L1: 0.6924 | Val x0 L1: 0.6959
Epoch 8 | Train x0 L1: 0.6873 | Val x0 L1: 0.6862
Epoch 9 | Train x0 L1: 0.6840 | Val x0 L1: 0.6854
Epoch 10 | Train x0 L1: 0.6811 | Val x0 L1: 0.6813 | Val TACOs L1: 1.2628
Epoch 11 | Train x0 L1: 0.6784 | Val x0 L1: 0.6858
Epoch 12 | Train x0 L1: 0.6765 | Val x0 L1: 0.6794
Epoch 13 | Train x0 L1: 0.6738 | Val x0 L1: 0.6726
Epoch 14 | Train x0 L1: 0.6730 | Val x0 L1: 0.6797
Epoch 15 | Train x0 L1: 0.6706 | Val x0 L1: 0.6739 | Val TACOs L1: 1.2617
Epoch 16 | Train x0 L1: 0.6691 | Val x0 L1: 0.6698
Epoch 17 | Train x0 L1: 0.6672 | Val x0 L1: 0.6673
Epoch 18 | Train x0 L1: 0.6660 | Val x0 L1: 0.6726
Epoch 19 | Train x0 L1: 0.6647 | Val x0 L1: 0.6648
Epoch 20 | Train x0 L1: 0.6626 | Val x0 L1: 0.6686 | Val TACOs L1: 1.2595
Epoch 21 | Train x0 L1: 0.6621 | Val x0 L1: 0.6689
Epoch 22 | Train x0 L1: 0.6610 | Val x0 L1: 0.6600
Epoch 23 | Train x0 L1: 0.6601 | Val x0 L1: 0.6667
Epoch 24 | Train x0 L1: 0.6589 | Val x0 L1: 0.6628
Epoch 25 | Train x0 L1: 0.6573 | Val x0 L1: 0.6601 | Val TACOs L1: 1.2585
Epoch 26 | Train x0 L1: 0.6571 | Val x0 L1: 0.6638
Epoch 27 | Train x0 L1: 0.6562 | Val x0 L1: 0.6582
Epoch 28 | Train x0 L1: 0.6547 | Val x0 L1: 0.6602
Epoch 29 | Train x0 L1: 0.6540 | Val x0 L1: 0.6635
Epoch 30 | Train x0 L1: 0.6528 | Val x0 L1: 0.6580 | Val TACOs L1: 1.2588
Epoch 31 | Train x0 L1: 0.6520 | Val x0 L1: 0.6529
Epoch 32 | Train x0 L1: 0.6516 | Val x0 L1: 0.6562
Epoch 33 | Train x0 L1: 0.6512 | Val x0 L1: 0.6600
Epoch 34 | Train x0 L1: 0.6498 | Val x0 L1: 0.6538
Epoch 35 | Train x0 L1: 0.6492 | Val x0 L1: 0.6608 | Val TACOs L1: 1.2578
Epoch 36 | Train x0 L1: 0.6475 | Val x0 L1: 0.6580
Epoch 37 | Train x0 L1: 0.6471 | Val x0 L1: 0.6503
Epoch 38 | Train x0 L1: 0.6470 | Val x0 L1: 0.6494
Epoch 39 | Train x0 L1: 0.6461 | Val x0 L1: 0.6470
Epoch 40 | Train x0 L1: 0.6452 | Val x0 L1: 0.6539 | Val TACOs L1: 1.2572
Epoch 41 | Train x0 L1: 0.6446 | Val x0 L1: 0.6510
Epoch 42 | Train x0 L1: 0.6435 | Val x0 L1: 0.6464
Epoch 43 | Train x0 L1: 0.6432 | Val x0 L1: 0.6521
Epoch 44 | Train x0 L1: 0.6430 | Val x0 L1: 0.6438
Epoch 45 | Train x0 L1: 0.6425 | Val x0 L1: 0.6480 | Val TACOs L1: 1.2571
Epoch 46 | Train x0 L1: 0.6417 | Val x0 L1: 0.6443
Epoch 47 | Train x0 L1: 0.6413 | Val x0 L1: 0.6431
Epoch 48 | Train x0 L1: 0.6401 | Val x0 L1: 0.6489
Epoch 49 | Train x0 L1: 0.6396 | Val x0 L1: 0.6512
Epoch 50 | Train x0 L1: 0.6393 | Val x0 L1: 0.6478 | Val TACOs L1: 1.2556

--- Evaluation Results: Mixed TACOs (50 Steps) ---
Run Name: diffae_mixed_hot_cold_v2
----------------------------------------
[Embedding 1 Performance Alignment]
  - L1 Distance:                       0.627315
  - Cosine Similarity to Target:       0.622279

[Embedding 2 Performance Alignment]
  - L1 Distance:                       0.626585
  - Cosine Similarity to Target:       0.623140

